<!DOCTYPE HTML PUBLIC "-//W3C//DTD HTML 4.01 Transitional//EN">
<HTML>
 <HEAD>
   <TITLE> Broadcom card wont pickup access point signal
   </TITLE>
   <LINK REL="Index" HREF="http://lists.berlios.de/pipermail/bcm43xx-dev/2008-August/index.html" >
   <LINK REL="made" HREF="mailto:bcm43xx-dev%40lists.berlios.de?Subject=Re%3A%20Broadcom%20card%20wont%20pickup%20access%20point%20signal&In-Reply-To=%3CBAY131-W2D0DB5F6073D518843613B7740%40phx.gbl%3E">
   <META NAME="robots" CONTENT="index,nofollow">
   <style type="text/css">
       pre {
           white-space: pre-wrap;       /* css-2.1, curent FF, Opera, Safari */
           }
   </style>
   <META http-equiv="Content-Type" content="text/html; charset=us-ascii">
   <LINK REL="Previous"  HREF="004459.html">
   <LINK REL="Next"  HREF="004461.html">
 </HEAD>
 <BODY BGCOLOR="#ffffff">
   <H1>Broadcom card wont pickup access point signal</H1>
    <B>Max Siegel</B> 
    <A HREF="mailto:bcm43xx-dev%40lists.berlios.de?Subject=Re%3A%20Broadcom%20card%20wont%20pickup%20access%20point%20signal&In-Reply-To=%3CBAY131-W2D0DB5F6073D518843613B7740%40phx.gbl%3E"
       TITLE="Broadcom card wont pickup access point signal">max8455 at hotmail.com
       </A><BR>
    <I>Sat Aug  9 01:44:37 CEST 2008</I>
    <P><UL>
        <LI>Previous message: <A HREF="004459.html">Performance issue
</A></li>
        <LI>Next message: <A HREF="004461.html">Broadcom card wont pickup access point signal
</A></li>
         <LI> <B>Messages sorted by:</B> 
              <a href="date.html#4460">[ date ]</a>
              <a href="thread.html#4460">[ thread ]</a>
              <a href="subject.html#4460">[ subject ]</a>
              <a href="author.html#4460">[ author ]</a>
         </LI>
       </UL>
    <HR>  
<!--beginarticle-->
<PRE>I can't get my card to stay turned on and even if it's on it won't have a signal more than 1mb/s and can't connect to the access point which is in the same room.  The network has a non broadcasting ssid and wep password, but even with that stuff turned off it still won't connect.  Also, I tried using the fwcutter but the commands sudo and make returned &quot;command not found&quot;.  I am a linux novice at best, this is my first time using it and I just want wireless to work.  Thanks for any advice.




[slax-Fri Aug 08-19:35:16]
root-pt1
~ $&gt; uname -a
Linux slax 2.6.21.5 #1 SMP Mon Jun 18 09:45:53 GMT 2007 i686 AMD Turion(tm) 64 X2 Mobile Technology TL-52 AuthenticAMD GNU/Linux
[slax-Fri Aug 08-19:35:18]
root-pt1
~ $&gt; lspci -vvn|grep 43 -A7
00:12.0 0106: 1002:4380 (prog-if 01 [AHCI 1.0])
        Subsystem: 1002:4380
        Control: I/O+ Mem+ BusMaster+ SpecCycle- MemWINV- VGASnoop- ParErr- Stepping- SERR- FastB2B-
        Status: Cap+ 66MHz+ UDF- FastB2B- ParErr- DEVSEL=medium &gt;TAbort- &lt;TAbort- &lt;MAbort- &gt;SERR- &lt;PERR-
        Latency: 64, Cache Line Size: 64 bytes
        Interrupt: pin A routed to IRQ 18
        Region 0: I/O ports at 9000 [size=8]
        Region 1: I/O ports at 9008 [size=4]
        Region 2: I/O ports at 9010 [size=8]
--
00:13.0 0c03: 1002:4387 (prog-if 10 [OHCI])
        Subsystem: 103c:30c2
        Control: I/O+ Mem+ BusMaster+ SpecCycle- MemWINV- VGASnoop- ParErr- Stepping- SERR- FastB2B-
        Status: Cap- 66MHz+ UDF- FastB2B+ ParErr- DEVSEL=medium &gt;TAbort- &lt;TAbort- &lt;MAbort- &gt;SERR- &lt;PERR-
        Latency: 64, Cache Line Size: 64 bytes
        Interrupt: pin A routed to IRQ 19
        Region 0: Memory at d0601000 (32-bit, non-prefetchable) [size=4K]

00:13.1 0c03: 1002:4388 (prog-if 10 [OHCI])
        Subsystem: 103c:30c2
        Control: I/O+ Mem+ BusMaster+ SpecCycle- MemWINV- VGASnoop- ParErr- Stepping- SERR- FastB2B-
        Status: Cap- 66MHz+ UDF- FastB2B+ ParErr- DEVSEL=medium &gt;TAbort- &lt;TAbort- &lt;MAbort- &gt;SERR- &lt;PERR-
        Latency: 64, Cache Line Size: 64 bytes
        Interrupt: pin B routed to IRQ 20
        Region 0: Memory at d0602000 (32-bit, non-prefetchable) [size=4K]

00:13.2 0c03: 1002:4389 (prog-if 10 [OHCI])
        Subsystem: 103c:30c2
        Control: I/O+ Mem+ BusMaster+ SpecCycle- MemWINV- VGASnoop- ParErr- Stepping- SERR- FastB2B-
        Status: Cap- 66MHz+ UDF- FastB2B+ ParErr- DEVSEL=medium &gt;TAbort- &lt;TAbort- &lt;MAbort- &gt;SERR- &lt;PERR-
        Latency: 64, Cache Line Size: 64 bytes
        Interrupt: pin C routed to IRQ 20
        Region 0: Memory at d0603000 (32-bit, non-prefetchable) [size=4K]

00:13.3 0c03: 1002:438a (prog-if 10 [OHCI])
        Subsystem: 103c:30c2
        Control: I/O+ Mem+ BusMaster+ SpecCycle- MemWINV- VGASnoop- ParErr- Stepping- SERR- FastB2B-
        Status: Cap- 66MHz+ UDF- FastB2B+ ParErr- DEVSEL=medium &gt;TAbort- &lt;TAbort- &lt;MAbort- &gt;SERR- &lt;PERR-
        Latency: 64, Cache Line Size: 64 bytes
        Interrupt: pin B routed to IRQ 20
        Region 0: Memory at d0604000 (32-bit, non-prefetchable) [size=4K]

00:13.4 0c03: 1002:438b (prog-if 10 [OHCI])
        Subsystem: 103c:30c2
        Control: I/O+ Mem+ BusMaster+ SpecCycle- MemWINV- VGASnoop- ParErr- Stepping- SERR- FastB2B-
        Status: Cap- 66MHz+ UDF- FastB2B+ ParErr- DEVSEL=medium &gt;TAbort- &lt;TAbort- &lt;MAbort- &gt;SERR- &lt;PERR-
        Latency: 64, Cache Line Size: 64 bytes
        Interrupt: pin C routed to IRQ 20
        Region 0: Memory at d0605000 (32-bit, non-prefetchable) [size=4K]

00:13.5 0c03: 1002:4386 (prog-if 20 [EHCI])
        Subsystem: 103c:30c2
        Control: I/O+ Mem+ BusMaster+ SpecCycle- MemWINV+ VGASnoop- ParErr- Stepping- SERR- FastB2B-
        Status: Cap+ 66MHz+ UDF- FastB2B+ ParErr- DEVSEL=medium &gt;TAbort- &lt;TAbort- &lt;MAbort- &gt;SERR- &lt;PERR-
        Latency: 64, Cache Line Size: 64 bytes
        Interrupt: pin D routed to IRQ 19
        Region 0: Memory at d0606000 (32-bit, non-prefetchable) [size=256]
        Capabilities: [c0] Power Management version 2
--
00:14.0 0c05: 1002:4385 (rev 14)
        Subsystem: 103c:30c2
        Control: I/O+ Mem+ BusMaster- SpecCycle- MemWINV- VGASnoop- ParErr- Stepping- SERR- FastB2B-
        Status: Cap+ 66MHz+ UDF- FastB2B- ParErr- DEVSEL=medium &gt;TAbort- &lt;TAbort- &lt;MAbort- &gt;SERR- &lt;PERR-
        Region 0: I/O ports at 8200 [size=16]
        Capabilities: [b0] HyperTransport: MSI Mapping

00:14.1 0101: 1002:438c (prog-if 82 [Master PriP])
        Subsystem: 103c:30c2
        Control: I/O+ Mem- BusMaster+ SpecCycle- MemWINV- VGASnoop- ParErr- Stepping- SERR- FastB2B-
        Status: Cap- 66MHz+ UDF- FastB2B- ParErr- DEVSEL=medium &gt;TAbort- &lt;TAbort- &lt;MAbort- &gt;SERR- &lt;PERR-
        Latency: 64, Cache Line Size: 64 bytes
        Interrupt: pin A routed to IRQ 18
        Region 0: I/O ports at 01f0 [size=8]
        Region 1: I/O ports at 03f4 [size=1]
--
00:14.2 0403: 1002:4383
        Subsystem: 103c:30c2
        Control: I/O- Mem+ BusMaster+ SpecCycle- MemWINV- VGASnoop- ParErr- Stepping- SERR- FastB2B-
        Status: Cap+ 66MHz- UDF- FastB2B- ParErr- DEVSEL=slow &gt;TAbort- &lt;TAbort- &lt;MAbort- &gt;SERR- &lt;PERR-
        Latency: 64, Cache Line Size: 64 bytes
        Interrupt: pin ? routed to IRQ 18
        Region 0: Memory at 54000000 (64-bit, non-prefetchable) [size=16K]
        Capabilities: [50] Power Management version 2
--
00:14.3 0601: 1002:438d
        Subsystem: 103c:30c2
        Control: I/O+ Mem+ BusMaster+ SpecCycle+ MemWINV- VGASnoop- ParErr- Stepping- SERR- FastB2B-
        Status: Cap- 66MHz+ UDF- FastB2B- ParErr- DEVSEL=medium &gt;TAbort- &lt;TAbort- &lt;MAbort- &gt;SERR- &lt;PERR-
        Latency: 0

00:14.4 0604: 1002:4384 (prog-if 01 [Subtractive decode])
        Control: I/O+ Mem+ BusMaster+ SpecCycle- MemWINV- VGASnoop+ ParErr- Stepping- SERR- FastB2B-
        Status: Cap- 66MHz+ UDF- FastB2B+ ParErr- DEVSEL=medium &gt;TAbort- &lt;TAbort- &lt;MAbort- &gt;SERR- &lt;PERR-
        Latency: 64
        Bus: primary=00, secondary=02, subordinate=06, sec-latency=64
        I/O behind bridge: 00001000-00001fff
        Memory behind bridge: d0100000-d03fffff
        Prefetchable memory behind bridge: 50000000-53ffffff
--
30:00.0 0280: 14e4:4312 (rev 02)
        Subsystem: 103c:1370
        Control: I/O- Mem+ BusMaster+ SpecCycle- MemWINV- VGASnoop- ParErr- Stepping- SERR- FastB2B-
        Status: Cap+ 66MHz- UDF- FastB2B- ParErr- DEVSEL=fast &gt;TAbort- &lt;TAbort- &lt;MAbort- &gt;SERR- &lt;PERR-
        Latency: 0, Cache Line Size: 64 bytes
        Interrupt: pin A routed to IRQ 21
        Region 0: Memory at c8000000 (64-bit, non-prefetchable) [size=16K]
        Capabilities: [40] Power Management version 3
[slax-Fri Aug 08-19:35:33]
root-pt1
~ $&gt; dmesg
Linux version 2.6.21.5 (<A HREF="https://lists.berlios.de/mailman/listinfo/bcm43xx-dev">root at slax</A>) (gcc version 4.1.2) #1 SMP Mon Jun 18 09:45:53 GMT 2007
BIOS-provided physical RAM map:
sanitize start
sanitize end
copy_e820_map() start: 0000000000000000 size: 000000000009fc00 end: 000000000009fc00 type: 1
copy_e820_map() type is E820_RAM
copy_e820_map() start: 000000000009fc00 size: 0000000000000400 end: 00000000000a0000 type: 2
copy_e820_map() start: 00000000000e0000 size: 0000000000020000 end: 0000000000100000 type: 2
copy_e820_map() start: 0000000000100000 size: 0000000037eb0000 end: 0000000037fb0000 type: 1
copy_e820_map() type is E820_RAM
copy_e820_map() start: 0000000037fb0000 size: 0000000000018000 end: 0000000037fc8000 type: 2
copy_e820_map() start: 0000000037fc8000 size: 000000000001ffb8 end: 0000000037fe7fb8 type: 4
copy_e820_map() start: 0000000037fe7fb8 size: 0000000008018048 end: 0000000040000000 type: 2
copy_e820_map() start: 00000000e0000000 size: 0000000010000000 end: 00000000f0000000 type: 2
copy_e820_map() start: 00000000fec00000 size: 0000000000002000 end: 00000000fec02000 type: 2
copy_e820_map() start: 00000000ffbc0000 size: 0000000000100000 end: 00000000ffcc0000 type: 2
copy_e820_map() start: 00000000fff00000 size: 0000000000100000 end: 0000000100000000 type: 2
 BIOS-e820: 0000000000000000 - 000000000009fc00 (usable)
 BIOS-e820: 000000000009fc00 - 00000000000a0000 (reserved)
 BIOS-e820: 00000000000e0000 - 0000000000100000 (reserved)
 BIOS-e820: 0000000000100000 - 0000000037fb0000 (usable)
 BIOS-e820: 0000000037fb0000 - 0000000037fc8000 (reserved)
 BIOS-e820: 0000000037fc8000 - 0000000037fe7fb8 (ACPI NVS)
 BIOS-e820: 0000000037fe7fb8 - 0000000040000000 (reserved)
 BIOS-e820: 00000000e0000000 - 00000000f0000000 (reserved)
 BIOS-e820: 00000000fec00000 - 00000000fec02000 (reserved)
 BIOS-e820: 00000000ffbc0000 - 00000000ffcc0000 (reserved)
 BIOS-e820: 00000000fff00000 - 0000000100000000 (reserved)
0MB HIGHMEM available.
895MB LOWMEM available.
Entering add_active_range(0, 0, 229296) 0 entries of 256 used
Zone PFN ranges:
  DMA             0 -&gt;     4096
  Normal       4096 -&gt;   229296
  HighMem    229296 -&gt;   229296
early_node_map[1] active PFN ranges
    0:        0 -&gt;   229296
On node 0 totalpages: 229296
  DMA zone: 32 pages used for memmap
  DMA zone: 0 pages reserved
  DMA zone: 4064 pages, LIFO batch:0
  Normal zone: 1759 pages used for memmap
  Normal zone: 223441 pages, LIFO batch:31
  HighMem zone: 0 pages used for memmap
DMI 2.4 present.
ACPI: RSDP 000FE0B0, 0024 (r2 HP    )
ACPI: XSDT 37FC81BC, 0064 (r1 HPQOEM SLIC-MPC        1 HP          1)
ACPI: FACP 37FC8084, 00F4 (r4 HP     0944            3 HP          1)
ACPI Error (tbfadt-0445): 32/64X address mismatch in &quot;Pm2ControlBlock&quot;: [00008800] [0000000000008100], using 64X [20070126]
ACPI: DSDT 37FC84A4, 11437 (r1 HP        SB400    10000 MSFT  3000001)
ACPI: FACS 37FE7D80, 0040
ACPI: SLIC 37FC8220, 0176 (r1 HPQOEM SLIC-MPC        1 HP          1)
ACPI: EPTH 37FC8398, 0038 (r1 HP     0944            1 HP          1)
ACPI: APIC 37FC83D0, 0062 (r1 HP     0944            1 HP          1)
ACPI: MCFG 37FC8434, 003C (r1 HP     0944            1 HP          1)
ACPI: TCPA 37FC8470, 0032 (r2 HP     0944            1 HP          1)
ACPI: SSDT 37FD98DB, 0059 (r1 HP       HPQNLP        1 MSFT  3000001)
ACPI: SSDT 37FD9934, 0182 (r1 HP     PSSTBLID        1 HP          1)
ATI board detected. Disabling timer routing over 8254.
ACPI: PM-Timer IO Port: 0x8008
ACPI: Local APIC address 0xfee00000
ACPI: LAPIC (acpi_id[0x01] lapic_id[0x00] enabled)
Processor #0 15:8 APIC version 16
ACPI: LAPIC (acpi_id[0x02] lapic_id[0x01] enabled)
Processor #1 15:8 APIC version 16
ACPI: LAPIC_NMI (acpi_id[0x01] high edge lint[0x1])
ACPI: IOAPIC (id[0x02] address[0xfec00000] gsi_base[0])
IOAPIC[0]: apic_id 2, version 33, address 0xfec00000, GSI 0-23
ACPI: INT_SRC_OVR (bus 0 bus_irq 0 global_irq 2 dfl dfl)
ACPI: INT_SRC_OVR (bus 0 bus_irq 9 global_irq 9 low level)
ACPI: IRQ0 used by override.
ACPI: IRQ2 used by override.
ACPI: IRQ9 used by override.
Enabling APIC mode:  Flat.  Using 1 I/O APICs
Using ACPI (MADT) for SMP configuration information
Allocating PCI resources starting at 50000000 (gap: 40000000:a0000000)
Built 1 zonelists.  Total pages: 227505
Kernel command line: vga=791 initrd=/boot/slax/initrd.gz ramdisk_size=6666 root=/dev/ram0 rw autoexec=xcfbdev;kdm toram changes=slax.dat BOOT_IMAGE=/boot/slax/vmlinuz
mapped APIC to ffffd000 (fee00000)
mapped IOAPIC to ffffc000 (fec00000)
Enabling fast FPU save and restore... done.
Enabling unmasked SIMD FPU exception support... done.
Initializing CPU#0
PID hash table entries: 4096 (order: 12, 16384 bytes)
Detected 1596.163 MHz processor.
Console: colour dummy device 80x25
Dentry cache hash table entries: 131072 (order: 7, 524288 bytes)
Inode-cache hash table entries: 65536 (order: 6, 262144 bytes)
Memory: 897632k/917184k available (5990k kernel code, 19076k reserved, 1918k data, 616k init, 0k highmem)
virtual kernel memory layout:
    fixmap  : 0xffe16000 - 0xfffff000   (1956 kB)
    pkmap   : 0xff800000 - 0xffc00000   (4096 kB)
    vmalloc : 0xf8800000 - 0xff7fe000   ( 111 MB)
    lowmem  : 0xc0000000 - 0xf7fb0000   ( 895 MB)
      .init : 0xc08c2000 - 0xc095c000   ( 616 kB)
      .data : 0xc06d980d - 0xc08b93cc   (1918 kB)
      .text : 0xc0100000 - 0xc06d980d   (5990 kB)
Checking if this processor honours the WP bit even in supervisor mode... Ok.
Calibrating delay using timer specific routine.. 3200.39 BogoMIPS (lpj=6400788)
Security Framework v1.0.0 initialized
Mount-cache hash table entries: 512
CPU: After generic identify, caps: 178bfbff ebd3fbff 00000000 00000000 00002001 00000000 0000001f
CPU: L1 I Cache: 64K (64 bytes/line), D cache 64K (64 bytes/line)
CPU: L2 Cache: 512K (64 bytes/line)
CPU 0(2) -&gt; Core 0
CPU: After all inits, caps: 178bfbff ebd3fbff 00000000 00004410 00002001 00000000 0000001f
Intel machine check architecture supported.
Intel machine check reporting enabled on CPU#0.
Compat vDSO mapped to ffffe000.
Checking 'hlt' instruction... OK.
Freeing SMP alternatives: 23k freed
ACPI: Core revision 20070126
CPU0: AMD Turion(tm) 64 X2 Mobile Technology TL-52 stepping 02
Booting processor 1/1 eip 2000
Initializing CPU#1
Calibrating delay using timer specific routine.. 3192.24 BogoMIPS (lpj=6384486)
CPU: After generic identify, caps: 178bfbff ebd3fbff 00000000 00000000 00002001 00000000 0000001f
CPU: L1 I Cache: 64K (64 bytes/line), D cache 64K (64 bytes/line)
CPU: L2 Cache: 512K (64 bytes/line)
CPU 1(2) -&gt; Core 1
CPU: After all inits, caps: 178bfbff ebd3fbff 00000000 00004410 00002001 00000000 0000001f
Intel machine check architecture supported.
Intel machine check reporting enabled on CPU#1.
CPU1: AMD Turion(tm) 64 X2 Mobile Technology TL-52 stepping 02
Total of 2 processors activated (6392.63 BogoMIPS).
ENABLING IO-APIC IRQs
..TIMER: vector=0x31 apic1=0 pin1=2 apic2=-1 pin2=-1
..MP-BIOS bug: 8254 timer not connected to IO-APIC
...trying to set up timer (IRQ0) through the 8259A ...  failed.
...trying to set up timer as Virtual Wire IRQ... works.
Brought up 2 CPUs
migration_cost=4000
HP Compaq Laptop series board detected. Selecting BIOS-method for reboots.
NET: Registered protocol family 16
No dock devices found.
ACPI: bus type pci registered
PCI: Using MMCONFIG
PCI: No mmconfig possible on device 00:18
Setting up standard PCI resources
ACPI: Interpreter enabled
ACPI: Using IOAPIC for interrupt routing
ACPI: PCI Root Bridge [C08B] (0000:00)
PCI: Probing PCI hardware (bus 00)
Boot video device is 0000:01:05.0
PCI: Transparent bridge - 0000:00:14.4
PCI: Bus #03 (-#06) is hidden behind transparent bridge #02 (-#03) (try 'pci=assign-busses')
Please report the result to linux-kernel to fix this permanently
ACPI: PCI Interrupt Routing Table [\_SB_.C08B._PRT]
ACPI: PCI Interrupt Routing Table [\_SB_.C08B.C08C._PRT]
ACPI: PCI Interrupt Routing Table [\_SB_.C08B.C0FC._PRT]
ACPI: PCI Interrupt Link [C145] (IRQs 10 11) *0, disabled.
ACPI: PCI Interrupt Link [C146] (IRQs 10 11) *0, disabled.
ACPI: PCI Interrupt Link [C147] (IRQs 10 11) *0, disabled.
ACPI: PCI Interrupt Link [C148] (IRQs 10 11) *0, disabled.
ACPI: PCI Interrupt Link [C149] (IRQs 10 11) *0, disabled.
ACPI: PCI Interrupt Link [C14A] (IRQs 9) *0, disabled.
ACPI: PCI Interrupt Link [C14B] (IRQs 10 11) *0, disabled.
ACPI: PCI Interrupt Link [C14C] (IRQs 10 11) *0, disabled.
ACPI: Power Resource [C171] (off)
ACPI: Power Resource [C230] (off)
ACPI: Power Resource [C24C] (on)
ACPI: Power Resource [C395] (off)
ACPI: Power Resource [C396] (off)
ACPI: Power Resource [C397] (off)
ACPI: Power Resource [C398] (off)
Linux Plug and Play Support v0.97 (c) Adam Belay
pnp: PnP ACPI init
pnp: PnP ACPI: found 14 devices
SCSI subsystem initialized
libata version 2.20 loaded.
usbcore: registered new interface driver usbfs
usbcore: registered new interface driver hub
usbcore: registered new device driver usb
PCI: Using ACPI for IRQ routing
PCI: If a device doesn't work, try &quot;pci=routeirq&quot;.  If it helps, post a report
PCI: Cannot allocate resource region 0 of device 0000:00:14.2
pnp: 00:00: iomem range 0x0-0x9ffff could not be reserved
pnp: 00:00: iomem range 0xe0000-0xfffff could not be reserved
pnp: 00:00: iomem range 0x100000-0xffffffff could not be reserved
pnp: 00:0a: ioport range 0x40b-0x40b has been reserved
pnp: 00:0a: ioport range 0x4d0-0x4d1 has been reserved
pnp: 00:0a: iomem range 0xffb00000-0xffbfffff could not be reserved
pnp: 00:0a: iomem range 0xfff00000-0xffffffff could not be reserved
pnp: 00:0c: ioport range 0x8000-0x802f has been reserved
pnp: 00:0c: ioport range 0x8100-0x811f has been reserved
pnp: 00:0c: iomem range 0xe0000000-0xefffffff could not be reserved
pnp: 00:0c: iomem range 0xfec00000-0xfec000ff could not be reserved
pnp: 00:0c: iomem range 0xfed45000-0xfed8ffff has been reserved
pnp: 00:0d: iomem range 0xcd400-0xcffff has been reserved
pnp: 00:0d: iomem range 0xd2a00-0xd2fff has been reserved
pnp: 00:0d: iomem range 0x0-0x7ffffff could not be reserved
pnp: 00:0d: iomem range 0xfee00000-0xfee00fff has been reserved
ieee1394: Initialized config rom entry `ip1394'
ACPI: PCI Interrupt 0000:02:04.1[B] -&gt; GSI 21 (level, low) -&gt; IRQ 16
ohci1394: fw-host0: OHCI-1394 1.1 (PCI): IRQ=[16]  MMIO=[d0101000-d01017ff]  Max Packet=[2048]  IR/IT contexts=[4/4]
PCI: Ignore bogus resource 6 [0:0] of 0000:01:05.0
PCI: Bridge: 0000:00:01.0
  IO window: 4000-4fff
  MEM window: d0400000-d05fffff
  PREFETCH window: c0000000-c7ffffff
PCI: Bridge: 0000:00:04.0
  IO window: disabled.
  MEM window: d0000000-d00fffff
  PREFETCH window: disabled.
PCI: Bridge: 0000:00:05.0
  IO window: 2000-3fff
  MEM window: cc000000-cfffffff
  PREFETCH window: disabled.
PCI: Bridge: 0000:00:06.0
  IO window: disabled.
  MEM window: c8000000-c80fffff
  PREFETCH window: disabled.
PCI: Bus 3, cardbus bridge: 0000:02:04.0
  IO window: 00001000-000010ff
  IO window: 00001400-000014ff
  PREFETCH window: 50000000-53ffffff
  MEM window: 58000000-5bffffff
PCI: Bridge: 0000:00:14.4
  IO window: 1000-1fff
  MEM window: d0100000-d03fffff
  PREFETCH window: 50000000-53ffffff
PCI: Setting latency timer of device 0000:00:04.0 to 64
PCI: Setting latency timer of device 0000:00:05.0 to 64
PCI: Setting latency timer of device 0000:00:06.0 to 64
ACPI: PCI Interrupt 0000:02:04.0[A] -&gt; GSI 20 (level, low) -&gt; IRQ 17
NET: Registered protocol family 2
Time: acpi_pm clocksource has been installed.
IP route cache hash table entries: 32768 (order: 5, 131072 bytes)
TCP established hash table entries: 131072 (order: 8, 1572864 bytes)
TCP bind hash table entries: 65536 (order: 7, 524288 bytes)
TCP: Hash tables configured (established 131072 bind 65536)
TCP reno registered
checking if image is initramfs...it isn't (no cpio magic); looks like an initrd
Freeing initrd memory: 1912k freed
apm: BIOS not found.
VFS: Disk quotas dquot_6.5.1
Dquot-cache hash table entries: 1024 (order 0, 4096 bytes)
NTFS driver 2.1.28 [Flags: R/O].
JFS: nTxBlock = 7028, nTxLock = 56228
SGI XFS with ACLs, security attributes, large block numbers, no debug enabled
SGI XFS Quota Management subsystem
OCFS2 1.3.3
OCFS2 Node Manager 1.3.3
OCFS2 DLM 1.3.3
OCFS2 DLMFS 1.3.3
OCFS2 User DLM kernel interface loaded
GFS2 (built Jun 18 2007 09:35:27) installed
io scheduler noop registered
io scheduler anticipatory registered
io scheduler deadline registered
io scheduler cfq registered (default)
PCI: Setting latency timer of device 0000:00:04.0 to 64
assign_interrupt_mode Found MSI capability
Allocate Port Service[0000:00:04.0:pcie00]
Allocate Port Service[0000:00:04.0:pcie03]
PCI: Setting latency timer of device 0000:00:05.0 to 64
assign_interrupt_mode Found MSI capability
Allocate Port Service[0000:00:05.0:pcie00]
Allocate Port Service[0000:00:05.0:pcie03]
PCI: Setting latency timer of device 0000:00:06.0 to 64
assign_interrupt_mode Found MSI capability
Allocate Port Service[0000:00:06.0:pcie00]
Allocate Port Service[0000:00:06.0:pcie03]
pci_hotplug: PCI Hot Plug PCI Core version: 0.5
vesafb: framebuffer at 0xc0000000, mapped to 0xf8c80000, using 3072k, total 16384k
vesafb: mode is 1024x768x16, linelength=2048, pages=9
vesafb: protected mode interface info at c000:9f30
vesafb: pmi: set display start = c00c9fba, set palette = c00ca078
vesafb: scrolling: redraw
vesafb: Truecolor: size=0:5:6:5, shift=0:11:5:0
Console: switching to colour frame buffer device 128x48
fb0: VESA VGA frame buffer device
ACPI: AC Adapter [C1EB] (on-line)
ACPI: Battery Slot [C1ED] (battery present)
ACPI: Battery Slot [C1EC] (battery absent)
input: Power Button (FF) as /class/input/input0
ACPI: Power Button (FF) [PWRF]
input: Sleep Button (CM) as /class/input/input1
ACPI: Sleep Button (CM) [C28D]
input: Lid Switch as /class/input/input2
ACPI: Lid Switch [C265]
ACPI: Transitioning device [C399] to D3
ACPI: Transitioning device [C399] to D3
ACPI: Fan [C399] (off)
ACPI: Transitioning device [C39A] to D3
ACPI: Transitioning device [C39A] to D3
ACPI: Fan [C39A] (off)
ACPI: Transitioning device [C39B] to D3
ACPI: Transitioning device [C39B] to D3
ACPI: Fan [C39B] (off)
ACPI: Transitioning device [C39C] to D3
ACPI: Transitioning device [C39C] to D3
ACPI: Fan [C39C] (off)
set_level status: 0
ACPI: Video Device [C08D] (multi-head: yes  rom: no  post: no)
ACPI: Processor [C000] (supports 8 throttling states)
ACPI: Processor [C001] (supports 8 throttling states)
ACPI: Thermal Zone [TZ1] (50 C)
isapnp: Scanning for PnP cards...
isapnp: No Plug &amp; Play device found
Real Time Clock Driver v1.12ac
Serial: 8250/16550 driver $Revision: 1.90 $ 4 ports, IRQ sharing enabled
Floppy drive(s): fd0 is 1.44M
ieee1394: Host added: ID:BUS[0-00:1023]  GUID[00023f99297d330e]
floppy0: no floppy controllers found
RAMDISK driver initialized: 16 RAM disks of 6666K size 1024 blocksize
loop: module loaded
Compaq SMART2 Driver (v 2.6.0)
HP CISS Driver (v 3.6.14)
input: Macintosh mouse button emulation as /class/input/input3
Uniform Multi-Platform E-IDE driver Revision: 7.00alpha2
ide: Assuming 33MHz system bus speed for PIO modes; override with idebus=xx
SB600_PATA: IDE controller at PCI slot 0000:00:14.1
ACPI: PCI Interrupt 0000:00:14.1[A] -&gt; GSI 16 (level, low) -&gt; IRQ 18
SB600_PATA: chipset revision 0
SB600_PATA: not 100% native mode: will probe irqs later
    ide0: BM-DMA at 0x5040-0x5047, BIOS settings: hda:DMA, hdb:pio
Probing IDE interface ide0...
hda: HL-DT-ST DVDRAM GSA-T20L, ATAPI CD/DVD-ROM drive
ide0 at 0x1f0-0x1f7,0x3f6 on irq 14
Probing IDE interface ide1...
hda: ATAPI 24X DVD-ROM DVD-R-RAM CD-R/RW drive, 2048kB Cache, DMA
Uniform CD-ROM driver Revision: 3.20
ide-floppy driver 0.99.newide
Loading iSCSI transport class v2.0-724.
iscsi: registered transport (tcp)
Loading Adaptec I2O RAID: Version 2.4 Build 5go
Detecting Adaptec I2O RAID controllers...
Adaptec aacraid driver (1.1-5[2423]-mh3)
aic94xx: Adaptec aic94xx SAS/SATA driver version 1.0.3 loaded
scsi: &lt;fdomain&gt; Detection failed (no card)
sym53c416.c: Version 1.0.0-ac
qlogicfas: no cards were found, please specify I/O address and IRQ using iobase= and irq= options&lt;6&gt;QLogic Fibre Channel HBA Driver
iscsi: registered transport (qla4xxx)
QLogic iSCSI HBA Driver
Emulex LightPulse Fibre Channel SCSI driver 8.1.11
Copyright(c) 2004-2006 Emulex.  All rights reserved.
seagate: ST0x/TMC-8xx not detected.
Failed initialization of WD-7000 SCSI card!
DC390: clustering now enabled by default. If you get problems load
        with &quot;disable_clustering=1&quot; and report to maintainers
megaraid cmm: 2.20.2.7 (Release Date: Sun Jul 16 00:01:03 EST 2006)
megaraid: 2.20.5.1 (Release Date: Thu Nov 16 15:32:35 EST 2006)
megasas: 00.00.03.10-rc1 Wed Feb 14 10:14:25 PST 2007
GDT-HA: Storage RAID Controller Driver. Version: 3.05
GDT-HA: Found 0 PCI Storage RAID Controllers
3ware Storage Controller device driver for Linux v1.26.02.002.
3ware 9000 Storage Controller device driver for Linux v2.26.02.008.
nsp32: loading...
ipr: IBM Power RAID SCSI Device Driver version: 2.3.1 (January 23, 2007)
RocketRAID 3xxx SATA Controller driver v1.0 (060426)
st: Version 20070203, fixed bufsize 32768, s/g segs 256
ahci 0000:00:12.0: version 2.1
ACPI: PCI Interrupt 0000:00:12.0[A] -&gt; GSI 16 (level, low) -&gt; IRQ 18
ahci 0000:00:12.0: controller can't do 64bit DMA, forcing 32bit
ahci 0000:00:12.0: AHCI 0001.0100 32 slots 4 ports 3 Gbps 0x1 impl SATA mode
ahci 0000:00:12.0: flags: 64bit ncq ilck pm led clo pio slum part
ata1: SATA max UDMA/133 cmd 0xf8f9c100 ctl 0x00000000 bmdma 0x00000000 irq 18
ata2: SATA max UDMA/133 cmd 0xf8f9c180 ctl 0x00000000 bmdma 0x00000000 irq 18
ata3: SATA max UDMA/133 cmd 0xf8f9c200 ctl 0x00000000 bmdma 0x00000000 irq 18
ata4: SATA max UDMA/133 cmd 0xf8f9c280 ctl 0x00000000 bmdma 0x00000000 irq 18
scsi2 : ahci
ata1: SATA link up 1.5 Gbps (SStatus 113 SControl 300)
ata1.00: ATA-7: Hitachi HTS541612J9SA00, SBDOC7BP, max UDMA/100
ata1.00: 234441648 sectors, multi 16: LBA48
ata1.00: configured for UDMA/100
scsi3 : ahci
ata2: SATA link down (SStatus 0 SControl 0)
scsi4 : ahci
ata3: SATA link down (SStatus 0 SControl 0)
scsi5 : ahci
ata4: SATA link down (SStatus 0 SControl 0)
scsi 2:0:0:0: Direct-Access     ATA      Hitachi HTS54161 SBDO PQ: 0 ANSI: 5
SCSI device sda: 234441648 512-byte hdwr sectors (120034 MB)
sda: Write Protect is off
sda: Mode Sense: 00 3a 00 00
SCSI device sda: write cache: enabled, read cache: enabled, doesn't support DPO or FUA
SCSI device sda: 234441648 512-byte hdwr sectors (120034 MB)
sda: Write Protect is off
sda: Mode Sense: 00 3a 00 00
SCSI device sda: write cache: enabled, read cache: enabled, doesn't support DPO or FUA
 sda: sda1 sda2
sd 2:0:0:0: Attached scsi disk sda
I2O subsystem v1.325
i2o: max drivers = 8
I2O Configuration OSM v1.323
I2O Bus Adapter OSM v1.317
I2O Block Device OSM v1.325
I2O SCSI Peripheral OSM v1.316
I2O ProcFS OSM v1.316
Fusion MPT base driver 3.04.04
Copyright (c) 1999-2007 LSI Logic Corporation
Fusion MPT SPI Host driver 3.04.04
Fusion MPT FC Host driver 3.04.04
Fusion MPT SAS Host driver 3.04.04
usbmon: debugfs is not available
ACPI: PCI Interrupt 0000:00:13.5[D] -&gt; GSI 23 (level, low) -&gt; IRQ 19
ehci_hcd 0000:00:13.5: EHCI Host Controller
ehci_hcd 0000:00:13.5: new USB bus registered, assigned bus number 1
ehci_hcd 0000:00:13.5: debug port 1
ehci_hcd 0000:00:13.5: irq 19, io mem 0xd0606000
ehci_hcd 0000:00:13.5: USB 2.0 started, EHCI 1.00, driver 10 Dec 2004
usb usb1: configuration #1 chosen from 1 choice
hub 1-0:1.0: USB hub found
hub 1-0:1.0: 10 ports detected
116x: driver isp116x-hcd, 03 Nov 2005
ohci_hcd: 2006 August 04 USB 1.1 'Open' Host Controller (OHCI) Driver
ACPI: PCI Interrupt 0000:00:13.0[A] -&gt; GSI 23 (level, low) -&gt; IRQ 19
ohci_hcd 0000:00:13.0: OHCI Host Controller
ohci_hcd 0000:00:13.0: new USB bus registered, assigned bus number 2
ohci_hcd 0000:00:13.0: irq 19, io mem 0xd0601000
usb usb2: configuration #1 chosen from 1 choice
hub 2-0:1.0: USB hub found
hub 2-0:1.0: 2 ports detected
ACPI: PCI Interrupt 0000:00:13.1[B] -&gt; GSI 17 (level, low) -&gt; IRQ 20
ohci_hcd 0000:00:13.1: OHCI Host Controller
ohci_hcd 0000:00:13.1: new USB bus registered, assigned bus number 3
ohci_hcd 0000:00:13.1: irq 20, io mem 0xd0602000
usb usb3: configuration #1 chosen from 1 choice
hub 3-0:1.0: USB hub found
hub 3-0:1.0: 2 ports detected
ACPI: PCI Interrupt 0000:00:13.2[C] -&gt; GSI 17 (level, low) -&gt; IRQ 20
ohci_hcd 0000:00:13.2: OHCI Host Controller
ohci_hcd 0000:00:13.2: new USB bus registered, assigned bus number 4
ohci_hcd 0000:00:13.2: irq 20, io mem 0xd0603000
usb usb4: configuration #1 chosen from 1 choice
hub 4-0:1.0: USB hub found
hub 4-0:1.0: 2 ports detected
ACPI: PCI Interrupt 0000:00:13.3[B] -&gt; GSI 17 (level, low) -&gt; IRQ 20
ohci_hcd 0000:00:13.3: OHCI Host Controller
ohci_hcd 0000:00:13.3: new USB bus registered, assigned bus number 5
ohci_hcd 0000:00:13.3: irq 20, io mem 0xd0604000
usb usb5: configuration #1 chosen from 1 choice
hub 5-0:1.0: USB hub found
hub 5-0:1.0: 2 ports detected
ACPI: PCI Interrupt 0000:00:13.4[C] -&gt; GSI 17 (level, low) -&gt; IRQ 20
ohci_hcd 0000:00:13.4: OHCI Host Controller
ohci_hcd 0000:00:13.4: new USB bus registered, assigned bus number 6
ohci_hcd 0000:00:13.4: irq 20, io mem 0xd0605000
usb usb6: configuration #1 chosen from 1 choice
hub 6-0:1.0: USB hub found
hub 6-0:1.0: 2 ports detected
usb 4-1: new full speed USB device using ohci_hcd and address 2
USB Universal Host Controller Interface driver v3.0
sl811: driver sl811-hcd, 19 May 2005
Initializing USB Mass Storage driver...
usb 4-1: configuration #1 chosen from 1 choice
usbcore: registered new interface driver usb-storage
USB Mass Storage support registered.
usbcore: registered new interface driver hiddev
usbcore: registered new interface driver usbhid
drivers/usb/input/hid-core.c: v2.6:USB HID core driver
PNP: PS/2 Controller [PNP0303:C249,PNP0f13:C24A] at 0x60,0x64 irq 1,12
i8042.c: Detected active multiplexing controller, rev 1.1.
serio: i8042 KBD port at 0x60,0x64 irq 1
serio: i8042 AUX0 port at 0x60,0x64 irq 12
serio: i8042 AUX1 port at 0x60,0x64 irq 12
serio: i8042 AUX2 port at 0x60,0x64 irq 12
serio: i8042 AUX3 port at 0x60,0x64 irq 12
mice: PS/2 mouse device common for all mice
md: linear personality registered for level -1
md: raid0 personality registered for level 0
md: raid1 personality registered for level 1
md: raid10 personality registered for level 10
input: AT Translated Set 2 keyboard as /class/input/input4
raid6: int32x1    707 MB/s
raid6: int32x2    610 MB/s
raid6: int32x4    537 MB/s
raid6: int32x8    375 MB/s
raid6: mmxx1     1294 MB/s
raid6: mmxx2     2443 MB/s
raid6: sse1x1    1291 MB/s
raid6: sse1x2    2146 MB/s
raid6: sse2x1    2210 MB/s
raid6: sse2x2    2984 MB/s
raid6: using algorithm sse2x2 (2984 MB/s)
md: raid6 personality registered for level 6
md: raid5 personality registered for level 5
md: raid4 personality registered for level 4
raid5: automatically using best checksumming function: pIII_sse
   pIII_sse  :  4865.000 MB/sec
raid5: using function: pIII_sse (4865.000 MB/sec)
md: multipath personality registered for level -4
device-mapper: ioctl: 4.11.0-ioctl (2006-10-12) initialised: <A HREF="https://lists.berlios.de/mailman/listinfo/bcm43xx-dev">dm-devel at redhat.com</A>
TCP cubic registered
Initializing XFRM netlink socket
NET: Registered protocol family 1
NET: Registered protocol family 17
Starting balanced_irq
Using IPI Shortcut mode
md: Autodetecting RAID arrays.
md: autorun ...
md: ... autorun DONE.
RAMDISK: Compressed image found at block 0
VFS: Mounted root (ext2 filesystem).
Freeing unused kernel memory: 616k freed
squashfs: version 3.2-r2 (2007/01/15) Phillip Lougher
squashfs: LZMA suppport for slax.org by jro
aufs 20070723
fuse init (API version 7.8)
Yenta: CardBus bridge found at 0000:02:04.0 [103c:30c2]
Yenta: ISA IRQ mask 0x0cb8, PCI irq 17
Socket status: 30000006
Yenta: Raising subordinate bus# of parent bus (#02) from #03 to #06
pcmcia: parent PCI bridge I/O window: 0x1000 - 0x1fff
cs: IO port probe 0x1000-0x1fff: clean.
pcmcia: parent PCI bridge Memory window: 0xd0100000 - 0xd03fffff
pcmcia: parent PCI bridge Memory window: 0x50000000 - 0x53ffffff
MINIX-fs: blocksize too small for device
ISO 9660 Extensions: Microsoft Joliet Level 3
ISOFS: changing to secondary root
MINIX-fs: blocksize too small for device
ISO 9660 Extensions: Microsoft Joliet Level 3
ISOFS: changing to secondary root
UDF-fs: No partition found (1)
(1802,0):ocfs2_fill_super:561 ERROR: superblock probe failed!
GFS2: Unrecognized block device or mount point /dev/sda
GFS2: gfs2 mount does not exist
UDF-fs: No partition found (1)
(1824,0):ocfs2_fill_super:561 ERROR: superblock probe failed!
GFS2: Unrecognized block device or mount point /dev/sda
GFS2: gfs2 mount does not exist
fuse exit
GFS2: path_lookup on memory/boot returned error
GFS2: gfs2 mount does not exist
Linux agpgart interface v0.102 (c) Dave Jones
shpchp: Standard Hot Plug PCI Controller Driver version: 0.4
sd 2:0:0:0: Attached scsi generic sg0 type 0
ieee80211_crypt: registered algorithm 'NULL'
ieee80211: 802.11 data/management/control stack, git-1.1.13
ieee80211: Copyright (C) 2004-2005 Intel Corporation &lt;<A HREF="https://lists.berlios.de/mailman/listinfo/bcm43xx-dev">jketreno at linux.intel.com</A>&gt;
piix4_smbus 0000:00:14.0: Found 0000:00:14.0 device
tg3.c:v3.75.2 (June 5, 2007)
ACPI: PCI Interrupt 0000:10:00.0[A] -&gt; GSI 16 (level, low) -&gt; IRQ 18
PCI: Setting latency timer of device 0000:10:00.0 to 64
bcm43xx driver
eth0: Tigon3 [partno(none) rev b002 PHY(5787)] (PCI Express) 10/100/1000Base-T Ethernet 00:1a:4b:62:74:12
eth0: RXcsums[1] LinkChgREG[0] MIirq[0] ASF[0] WireSpeed[1] TSOcap[1]
eth0: dma_rwctrl[76180000] dma_mask[64-bit]
ACPI: PCI Interrupt 0000:30:00.0[A] -&gt; GSI 18 (level, low) -&gt; IRQ 21
PCI: Setting latency timer of device 0000:30:00.0 to 64
bcm43xx: Chip ID 0x4311, rev 0x2
bcm43xx: Number of cores: 4
bcm43xx: Core 0: ID 0x800, rev 0x13, vendor 0x4243
bcm43xx: Core 1: ID 0x812, rev 0xd, vendor 0x4243
bcm43xx: Unsupported 80211 core revision 13
bcm43xx: Core 2: ID 0x817, rev 0x4, vendor 0x4243
bcm43xx: Core 3: ID 0x820, rev 0x5, vendor 0x4243
bcm43xx: PHY connected
bcm43xx: Detected PHY: Analog: 4, Type 2, Revision 9
bcm43xx: Invalid PHY Revision 9
bcm43xx: Detected Radio: ID: 2205017f (Manuf: 17f Ver: 2050 Rev: 2)
bcm43xx: Radio turned off
bcm43xx: Radio turned off
ACPI: PCI Interrupt 0000:00:14.2[A] -&gt; GSI 16 (level, low) -&gt; IRQ 18
si3054: cannot initialize. EXT MID = 0000
Yenta: CardBus bridge found at 0000:02:04.0 [103c:30c2]
Yenta: ISA IRQ mask 0x0cb8, PCI irq 17
Socket status: 30000006
pcmcia: parent PCI bridge I/O window: 0x1000 - 0x1fff
cs: IO port probe 0x1000-0x1fff: clean.
pcmcia: parent PCI bridge Memory window: 0xd0100000 - 0xd03fffff
pcmcia: parent PCI bridge Memory window: 0x50000000 - 0x53ffffff
cs: IO port probe 0xc00-0xcff: excluding 0xc00-0xc07 0xc10-0xc17 0xc50-0xc57 0xc68-0xc6f 0xcd0-0xcdf
cs: IO port probe 0x820-0x8ff: clean.
cs: IO port probe 0x100-0x3af: clean.
cs: IO port probe 0xa00-0xaff: clean.
input: PC Speaker as /class/input/input5
input: ImPS/2 Synaptics TouchPad as /class/input/input6
pnp: Device 00:02 activated.
parport: PnPBIOS parport detected.
pnp: Device 00:02 disabled.
lp: driver loaded but no devices found
fuse init (API version 7.8)
Capability LSM initialized
bcm43xx: PHY connected
bcm43xx: Microcode rev 0x123, pl 0x23 (2005-03-22  00:11:18)
bcm43xx: Radio turned on
bcm43xx: Radio enabled by hardware
bcm43xx: Chip initialized
bcm43xx: 64-bit DMA initialized
bcm43xx: Keys cleared
bcm43xx: Selected 802.11 core (phytype 2)
bcm43xx: FATAL ERROR: BCM43xx_IRQ_XMIT_ERROR
hda-intel: Invalid position buffer, using LPIB read method instead.
tg3: eth0: Link is up at 100 Mbps, full duplex.
tg3: eth0: Flow control is off for TX and off for RX.
tg3: eth0: Link is down.
tg3: eth0: Link is up at 100 Mbps, full duplex.
tg3: eth0: Flow control is off for TX and off for RX.
bcm43xx: Radio turned off
bcm43xx: DMA-64 0x0200 (RX) max used slots: 0/64
bcm43xx: DMA-64 0x0340 (TX) max used slots: 0/512
bcm43xx: DMA-64 0x0300 (TX) max used slots: 0/512
bcm43xx: DMA-64 0x02C0 (TX) max used slots: 0/512
bcm43xx: DMA-64 0x0280 (TX) max used slots: 0/512
bcm43xx: DMA-64 0x0240 (TX) max used slots: 0/512
bcm43xx: DMA-64 0x0200 (TX) max used slots: 0/512
tg3: eth0: Link is up at 100 Mbps, full duplex.
tg3: eth0: Flow control is off for TX and off for RX.
tg3: eth0: Link is up at 100 Mbps, full duplex.
tg3: eth0: Flow control is off for TX and off for RX.
bcm43xx: IRQ_READY timeout
bcm43xx: core_up for active 802.11 core failed (-19)
tg3: eth0: Link is up at 100 Mbps, full duplex.
tg3: eth0: Flow control is off for TX and off for RX.
tg3: eth0: Link is down.
tg3: eth0: Link is up at 100 Mbps, full duplex.
tg3: eth0: Flow control is off for TX and off for RX.
[slax-Fri Aug 08-19:35:46]
root-pt1
~ $&gt;


_________________________________________________________________
Your PC, mobile phone, and online services work together like never before.
<A HREF="http://clk.atdmt.com/MRT/go/108587394/direct/01/">http://clk.atdmt.com/MRT/go/108587394/direct/01/</A>
-------------- next part --------------
An HTML attachment was scrubbed...
URL: &lt;<A HREF="https://lists.berlios.de/pipermail/bcm43xx-dev/attachments/20080808/4b3af525/attachment.html">https://lists.berlios.de/pipermail/bcm43xx-dev/attachments/20080808/4b3af525/attachment.html</A>&gt;
</PRE>

<!--endarticle-->
    <HR>
    <P><UL>
        <!--threads-->
	<LI>Previous message: <A HREF="004459.html">Performance issue
</A></li>
	<LI>Next message: <A HREF="004461.html">Broadcom card wont pickup access point signal
</A></li>
         <LI> <B>Messages sorted by:</B> 
              <a href="date.html#4460">[ date ]</a>
              <a href="thread.html#4460">[ thread ]</a>
              <a href="subject.html#4460">[ subject ]</a>
              <a href="author.html#4460">[ author ]</a>
         </LI>
       </UL>

<hr>
<a href="https://lists.berlios.de/mailman/listinfo/bcm43xx-dev">More information about the Bcm43xx-dev
mailing list</a><br>
</body></html>
