<!DOCTYPE HTML PUBLIC "-//W3C//DTD HTML 4.01 Transitional//EN">
<HTML>
 <HEAD>
   <TITLE> Wireless Problems - Ubuntu 8.04
   </TITLE>
   <LINK REL="Index" HREF="http://lists.berlios.de/pipermail/bcm43xx-dev/2008-August/index.html" >
   <LINK REL="made" HREF="mailto:bcm43xx-dev%40lists.berlios.de?Subject=Re%3A%20Wireless%20Problems%20-%20Ubuntu%208.04&In-Reply-To=%3Cb81ef96c0808280444g2be951efxe9c6704db7f1f4fc%40mail.gmail.com%3E">
   <META NAME="robots" CONTENT="index,nofollow">
   <style type="text/css">
       pre {
           white-space: pre-wrap;       /* css-2.1, curent FF, Opera, Safari */
           }
   </style>
   <META http-equiv="Content-Type" content="text/html; charset=us-ascii">
   <LINK REL="Previous"  HREF="004519.html">
   <LINK REL="Next"  HREF="004522.html">
 </HEAD>
 <BODY BGCOLOR="#ffffff">
   <H1>Wireless Problems - Ubuntu 8.04</H1>
    <B>Susan Higashi</B> 
    <A HREF="mailto:bcm43xx-dev%40lists.berlios.de?Subject=Re%3A%20Wireless%20Problems%20-%20Ubuntu%208.04&In-Reply-To=%3Cb81ef96c0808280444g2be951efxe9c6704db7f1f4fc%40mail.gmail.com%3E"
       TITLE="Wireless Problems - Ubuntu 8.04">susanhigashi at gmail.com
       </A><BR>
    <I>Thu Aug 28 13:44:57 CEST 2008</I>
    <P><UL>
        <LI>Previous message: <A HREF="004519.html">Wireless Problems - Ubuntu 8.04
</A></li>
        <LI>Next message: <A HREF="004522.html">Wireless Problems - Ubuntu 8.04
</A></li>
         <LI> <B>Messages sorted by:</B> 
              <a href="date.html#4521">[ date ]</a>
              <a href="thread.html#4521">[ thread ]</a>
              <a href="subject.html#4521">[ subject ]</a>
              <a href="author.html#4521">[ author ]</a>
         </LI>
       </UL>
    <HR>  
<!--beginarticle-->
<PRE>I tried &quot;dmesg | grep b43&quot; as Rafa&#322; Mi&#322;ecki told me but nothing was
returned.
Here is what Thomas Ilnseher asked:

<A HREF="https://lists.berlios.de/mailman/listinfo/bcm43xx-dev">root at su-laptop</A>:/home/su# *lspci*
00:00.0 Host bridge: Intel Corporation Mobile 915GM/PM/GMS/910GML Express
Processor to DRAM Controller (rev 03)
00:02.0 VGA compatible controller: Intel Corporation Mobile 915GM/GMS/910GML
Express Graphics Controller (rev 03)
00:02.1 Display controller: Intel Corporation Mobile 915GM/GMS/910GML
Express Graphics Controller (rev 03)
00:1c.0 PCI bridge: Intel Corporation 82801FB/FBM/FR/FW/FRW (ICH6 Family)
PCI Express Port 1 (rev 03)
00:1d.0 USB Controller: Intel Corporation 82801FB/FBM/FR/FW/FRW (ICH6
Family) USB UHCI #1 (rev 03)
00:1d.1 USB Controller: Intel Corporation 82801FB/FBM/FR/FW/FRW (ICH6
Family) USB UHCI #2 (rev 03)
00:1d.2 USB Controller: Intel Corporation 82801FB/FBM/FR/FW/FRW (ICH6
Family) USB UHCI #3 (rev 03)
00:1d.3 USB Controller: Intel Corporation 82801FB/FBM/FR/FW/FRW (ICH6
Family) USB UHCI #4 (rev 03)
00:1d.7 USB Controller: Intel Corporation 82801FB/FBM/FR/FW/FRW (ICH6
Family) USB2 EHCI Controller (rev 03)
00:1e.0 PCI bridge: Intel Corporation 82801 Mobile PCI Bridge (rev d3)
00:1e.2 Multimedia audio controller: Intel Corporation 82801FB/FBM/FR/FW/FRW
(ICH6 Family) AC'97 Audio Controller (rev 03)
00:1e.3 Modem: Intel Corporation 82801FB/FBM/FR/FW/FRW (ICH6 Family) AC'97
Modem Controller (rev 03)
00:1f.0 ISA bridge: Intel Corporation 82801FBM (ICH6M) LPC Interface Bridge
(rev 03)
00:1f.2 IDE interface: Intel Corporation 82801FBM (ICH6M) SATA Controller
(rev 03)
00:1f.3 SMBus: Intel Corporation 82801FB/FBM/FR/FW/FRW (ICH6 Family) SMBus
Controller (rev 03)
02:00.0 Ethernet controller: Marvell Technology Group Ltd. 88E8036 PCI-E
Fast Ethernet Controller (rev 10)
06:04.0 CardBus bridge: Texas Instruments PCIxx21/x515 Cardbus Controller
06:04.2 FireWire (IEEE 1394): Texas Instruments OHCI Compliant IEEE 1394
Host Controller
06:04.3 Mass storage controller: Texas Instruments PCIxx21 Integrated
FlashMedia Controller
06:04.4 SD Host controller: Texas Instruments
PCI6411/6421/6611/6621/7411/7421/7611/7621 Secure Digital Controller
07:00.0 Ethernet controller: Realtek Semiconductor Co., Ltd. RTL8180L
802.11b MAC (rev 20)
================================================================
<A HREF="https://lists.berlios.de/mailman/listinfo/bcm43xx-dev">root at su-laptop</A>:/home/su# *lsmod*
Module                  Size  Used by
ipv6                  267780  8
i915                   32512  2
drm                    82580  3 i915
rfcomm                 41744  2
l2cap                  25728  13 rfcomm
bluetooth              61156  4 rfcomm,l2cap
ppdev                  10372  0
cpufreq_stats           7104  0
cpufreq_powersave       2688  0
cpufreq_userspace       5284  0
cpufreq_conservative     8712  0
cpufreq_ondemand        9740  0
freq_table              5536  2 cpufreq_stats,cpufreq_ondemand
sbs                    15112  0
sbshc                   7680  1 sbs
dock                   11280  0
iptable_filter          3840  0
ip_tables              14820  1 iptable_filter
x_tables               16132  1 ip_tables
nls_iso8859_1           4992  1
nls_cp437               6656  1
vfat                   14464  1
fat                    54556  1 vfat
af_packet              23812  0
sbp2                   24072  0
lp                     12324  0
joydev                 13120  0
pcmcia                 40876  0
evdev                  13056  7
parport_pc             36260  1
parport                37832  3 ppdev,lp,parport_pc
snd_intel8x0           35356  3
snd_ac97_codec        101028  1 snd_intel8x0
ac97_bus                3072  1 snd_ac97_codec
psmouse                40336  0
snd_pcm_oss            42144  0
snd_mixer_oss          17920  1 snd_pcm_oss
serio_raw               7940  0
tifm_7xx1               8576  0
sdhci                  19076  0
yenta_socket           27276  2
rsrc_nonstatic         13696  1 yenta_socket
tifm_core              11012  1 tifm_7xx1
mmc_core               51460  1 sdhci
pcmcia_core            40596  3 pcmcia,yenta_socket,rsrc_nonstatic
snd_pcm                78596  3 snd_intel8x0,snd_ac97_codec,snd_pcm_oss
sky2                   47492  0
snd_seq_dummy           4868  0
battery                14212  0
container               5632  0
ac                      6916  0
video                  19856  0
output                  4736  1 video
snd_seq_oss            35584  0
snd_seq_midi            9376  0
snd_rawmidi            25760  1 snd_seq_midi
pcspkr                  4224  0
snd_seq_midi_event      8320  2 snd_seq_oss,snd_seq_midi
snd_seq                54224  6
snd_seq_dummy,snd_seq_oss,snd_seq_midi,snd_seq_midi_event
snd_timer              24836  2 snd_pcm,snd_seq
snd_seq_device          9612  5
snd_seq_dummy,snd_seq_oss,snd_seq_midi,snd_rawmidi,snd_seq
iTCO_wdt               13092  0
iTCO_vendor_support     4868  1 iTCO_wdt
snd                    56996  17
snd_intel8x0,snd_ac97_codec,snd_pcm_oss,snd_mixer_oss,snd_pcm,snd_seq_dummy,snd_seq_oss,snd_rawmidi,snd_seq,snd_timer,snd_seq_device
button                  9232  0
soundcore               8800  1 snd
snd_page_alloc         11400  2 snd_intel8x0,snd_pcm
shpchp                 34452  0
pci_hotplug            30880  1 shpchp
intel_agp              25492  1
agpgart                34760  3 drm,intel_agp
ext3                  136712  1
jbd                    48404  1 ext3
mbcache                 9600  1 ext3
usbhid                 31872  0
hid                    38784  1 usbhid
sg                     36880  0
sr_mod                 17956  0
cdrom                  37408  1 sr_mod
sd_mod                 30720  4
pata_acpi               8320  0
ahci                   28420  0
ata_piix               19588  3
ata_generic             8324  0
libata                159344  4 pata_acpi,ahci,ata_piix,ata_generic
scsi_mod              151436  5 sbp2,sg,sr_mod,sd_mod,libata
ohci1394               33584  0
ieee1394               93752  2 sbp2,ohci1394
ehci_hcd               37900  0
uhci_hcd               27024  0
usbcore               146028  4 usbhid,ehci_hcd,uhci_hcd
thermal                16796  0
processor              36872  2 thermal
fan                     5636  0
fbcon                  42912  0
tileblit                3456  1 fbcon
font                    9472  1 fbcon
bitblit                 6784  1 fbcon
softcursor              3072  1 bitblit
fuse                   50580  3
================================================================
<A HREF="https://lists.berlios.de/mailman/listinfo/bcm43xx-dev">root at su-laptop</A>:/home/su# *dmesg *
[    0.000000] Linux version 2.6.24-16-generic (<A HREF="https://lists.berlios.de/mailman/listinfo/bcm43xx-dev">buildd at palmer</A>) (gcc version
4.2.3 (Ubuntu 4.2.3-2ubuntu7)) #1 SMP Thu Apr 10 13:23:42 UTC 2008 (Ubuntu
2.6.24-16.30-generic)
[    0.000000] BIOS-provided physical RAM map:
[    0.000000]  BIOS-e820: 0000000000000000 - 000000000009f800 (usable)
[    0.000000]  BIOS-e820: 000000000009f800 - 00000000000a0000 (reserved)
[    0.000000]  BIOS-e820: 00000000000dc000 - 0000000000100000 (reserved)
[    0.000000]  BIOS-e820: 0000000000100000 - 000000001f6e0000 (usable)
[    0.000000]  BIOS-e820: 000000001f6e0000 - 000000001f6ea000 (ACPI data)
[    0.000000]  BIOS-e820: 000000001f6ea000 - 000000001f700000 (ACPI NVS)
[    0.000000]  BIOS-e820: 000000001f700000 - 0000000020000000 (reserved)
[    0.000000]  BIOS-e820: 00000000e0000000 - 00000000f0006000 (reserved)
[    0.000000]  BIOS-e820: 00000000f0008000 - 00000000f000c000 (reserved)
[    0.000000]  BIOS-e820: 00000000fed20000 - 00000000fed90000 (reserved)
[    0.000000]  BIOS-e820: 00000000ff000000 - 0000000100000000 (reserved)
[    0.000000] 0MB HIGHMEM available.
[    0.000000] 502MB LOWMEM available.
[    0.000000] Entering add_active_range(0, 0, 128736) 0 entries of 256 used
[    0.000000] Zone PFN ranges:
[    0.000000]   DMA             0 -&gt;     4096
[    0.000000]   Normal       4096 -&gt;   128736
[    0.000000]   HighMem    128736 -&gt;   128736
[    0.000000] Movable zone start PFN for each node
[    0.000000] early_node_map[1] active PFN ranges
[    0.000000]     0:        0 -&gt;   128736
[    0.000000] On node 0 totalpages: 128736
[    0.000000]   DMA zone: 32 pages used for memmap
[    0.000000]   DMA zone: 0 pages reserved
[    0.000000]   DMA zone: 4064 pages, LIFO batch:0
[    0.000000]   Normal zone: 973 pages used for memmap
[    0.000000]   Normal zone: 123667 pages, LIFO batch:31
[    0.000000]   HighMem zone: 0 pages used for memmap
[    0.000000]   Movable zone: 0 pages used for memmap
[    0.000000] DMI present.
[    0.000000] ACPI: RSDP signature @ 0xC00F69D0 checksum 0
[    0.000000] ACPI: RSDP 000F69D0, 0014 (r0 TOSCPL)
[    0.000000] ACPI: RSDT 1F6E25A5, 0044 (r1 TOSCPL   RSDT    6040000
LTP        0)
[    0.000000] ACPI: APIC 1F6E9E88, 0068 (r1 INTEL  ALVISO    6040000
LOHR       5F)
[    0.000000] ACPI: FACP 1F6E9EF0, 0074 (r1 TOSCPL ALVISO    6040000
LOHR       32)
[    0.000000] ACPI: DSDT 1F6E36C5, 67C3 (r1 TOSCPL ALVISO    6040000 MSFT
100000E)
[    0.000000] ACPI: FACS 1F6FAFC0, 0040
[    0.000000] ACPI: BOOT 1F6E9FD8, 0028 (r1 PTLTD  $SBFTBL$  6040000
LTP        1)
[    0.000000] ACPI: MCFG 1F6E9F9C, 003C (r1 INTEL  ALVISO    6040000
LOHR       5F)
[    0.000000] ACPI: SSDT 1F6E3072, 064F (r1 SataRe  SataPri     1000 INTL
20030224)
[    0.000000] ACPI: SSDT 1F6E29E0, 0692 (r1 SataRe  SataSec     1000 INTL
20030224)
[    0.000000] ACPI: SSDT 1F6E2802, 01DE (r1  PmRef  Cpu0Cst     3001 INTL
20030224)
[    0.000000] ACPI: SSDT 1F6E25E9, 0219 (r1  PmRef    CpuPm     3000 INTL
20030224)
[    0.000000] ACPI: DMI detected: Toshiba
[    0.000000] ACPI: PM-Timer IO Port: 0x1008
[    0.000000] ACPI: Local APIC address 0xfee00000
[    0.000000] ACPI: LAPIC (acpi_id[0x00] lapic_id[0x00] enabled)
[    0.000000] Processor #0 6:13 APIC version 20
[    0.000000] ACPI: LAPIC (acpi_id[0x01] lapic_id[0x01] disabled)
[    0.000000] ACPI: LAPIC_NMI (acpi_id[0x00] high edge lint[0x1])
[    0.000000] ACPI: LAPIC_NMI (acpi_id[0x01] high edge lint[0x1])
[    0.000000] ACPI: IOAPIC (id[0x01] address[0xfec00000] gsi_base[0])
[    0.000000] IOAPIC[0]: apic_id 1, version 32, address 0xfec00000, GSI
0-23
[    0.000000] ACPI: INT_SRC_OVR (bus 0 bus_irq 0 global_irq 2 dfl dfl)
[    0.000000] ACPI: INT_SRC_OVR (bus 0 bus_irq 9 global_irq 9 high level)
[    0.000000] ACPI: IRQ0 used by override.
[    0.000000] ACPI: IRQ2 used by override.
[    0.000000] ACPI: IRQ9 used by override.
[    0.000000] Enabling APIC mode:  Flat.  Using 1 I/O APICs
[    0.000000] Using ACPI (MADT) for SMP configuration information
[    0.000000] Allocating PCI resources starting at 30000000 (gap:
20000000:c0000000)
[    0.000000] swsusp: Registered nosave memory region: 000000000009f000 -
00000000000a0000
[    0.000000] swsusp: Registered nosave memory region: 00000000000a0000 -
00000000000dc000
[    0.000000] swsusp: Registered nosave memory region: 00000000000dc000 -
0000000000100000
[    0.000000] Built 1 zonelists in Zone order, mobility grouping on.  Total
pages: 127731
[    0.000000] Kernel command line:
root=UUID=8d4fb767-94fa-47a7-a269-e0d865c8a089 ro quiet splash
[    0.000000] mapped APIC to ffffb000 (fee00000)
[    0.000000] mapped IOAPIC to ffffa000 (fec00000)
[    0.000000] Enabling fast FPU save and restore... done.
[    0.000000] Enabling unmasked SIMD FPU exception support... done.
[    0.000000] Initializing CPU#0
[    0.000000] PID hash table entries: 2048 (order: 11, 8192 bytes)
[    0.000000] Detected 1396.536 MHz processor.
[   11.023143] Console: colour VGA+ 80x25
[   11.023151] console [tty0] enabled
[   11.023372] Dentry cache hash table entries: 65536 (order: 6, 262144
bytes)
[   11.023649] Inode-cache hash table entries: 32768 (order: 5, 131072
bytes)
[   11.038541] Memory: 498084k/514944k available (2157k kernel code, 16244k
reserved, 998k data, 364k init, 0k highmem)
[   11.038551] virtual kernel memory layout:
[   11.038552]     fixmap  : 0xfff4b000 - 0xfffff000   ( 720 kB)
[   11.038554]     pkmap   : 0xff800000 - 0xffc00000   (4096 kB)
[   11.038555]     vmalloc : 0xe0000000 - 0xff7fe000   ( 503 MB)
[   11.038557]     lowmem  : 0xc0000000 - 0xdf6e0000   ( 502 MB)
[   11.038558]       .init : 0xc041b000 - 0xc0476000   ( 364 kB)
[   11.038560]       .data : 0xc031b5a4 - 0xc0414dc4   ( 998 kB)
[   11.038561]       .text : 0xc0100000 - 0xc031b5a4   (2157 kB)
[   11.038565] Checking if this processor honours the WP bit even in
supervisor mode... Ok.
[   11.038609] SLUB: Genslabs=11, HWalign=64, Order=0-1, MinObjects=4,
CPUs=1, Nodes=1
[   11.118612] Calibrating delay using timer specific routine.. 2796.37
BogoMIPS (lpj=5592755)
[   11.118643] Security Framework initialized
[   11.118652] SELinux:  Disabled at boot.
[   11.118669] AppArmor: AppArmor initialized
[   11.118674] Failure registering capabilities with primary security
module.
[   11.118686] Mount-cache hash table entries: 512
[   11.118840] CPU: After generic identify, caps: afe9fbff 00000000 00000000
00000000 00000000 00000000 00000000 00000000
[   11.118857] CPU: L1 I cache: 32K, L1 D cache: 32K
[   11.118860] CPU: L2 cache: 1024K
[   11.118864] CPU: After all inits, caps: afe9fbff 00000000 00000000
00002040 00000000 00000000 00000000 00000000
[   11.118874] Compat vDSO mapped to ffffe000.
[   11.118888] Checking 'hlt' instruction... OK.
[   11.135075] SMP alternatives: switching to UP code
[   11.137381] Freeing SMP alternatives: 11k freed
[   11.137510] Early unpacking initramfs... done
[   11.595890] ACPI: Core revision 20070126
[   11.595989] ACPI: Looking for DSDT in initramfs... error, file /DSDT.aml
not found.
[   11.632456] CPU0: Intel(R) Celeron(R) M processor         1.40GHz
stepping 08
[   11.632484] Total of 1 processors activated (2796.37 BogoMIPS).
[   11.632680] ENABLING IO-APIC IRQs
[   11.632883] ..TIMER: vector=0x31 apic1=0 pin1=2 apic2=-1 pin2=-1
[   11.778478] Brought up 1 CPUs
[   11.778509] CPU0 attaching sched-domain:
[   11.778512]  domain 0: span 01
[   11.778514]   groups: 01
[   11.778725] net_namespace: 64 bytes
[   11.778735] Booting paravirtualized kernel on bare hardware
[   11.779319] Time:  8:31:26  Date: 08/28/08
[   11.779350] NET: Registered protocol family 16
[   11.779584] EISA bus registered
[   11.779613] ACPI: bus type pci registered
[   11.780205] PCI: PCI BIOS revision 2.10 entry at 0xfd944, last bus=7
[   11.780211] PCI: Using configuration type 1
[   11.780213] Setting up standard PCI resources
[   11.785016] ACPI: EC: Look up EC in DSDT
[   11.800525] ACPI: Interpreter enabled
[   11.800529] ACPI: (supports S0 S3 S4 S5)
[   11.800544] ACPI: Using IOAPIC for interrupt routing
[   11.847204] ACPI: EC: GPE = 0x1d, I/O: command/status = 0x66, data = 0x62
[   11.847208] ACPI: EC: driver started in poll mode
[   11.847255] ACPI: PCI Root Bridge [PCI0] (0000:00)
[   11.848073] Force enabled HPET at base address 0xfed00000
[   11.848083] PCI quirk: region 1000-107f claimed by ICH6 ACPI/GPIO/TCO
[   11.848088] PCI quirk: region 1180-11bf claimed by ICH6 GPIO
[   11.848865] PCI: Transparent bridge - 0000:00:1e.0
[   11.848953] ACPI: PCI Interrupt Routing Table [\_SB_.PCI0._PRT]
[   11.849289] ACPI: PCI Interrupt Routing Table [\_SB_.PCI0.RP01._PRT]
[   11.849462] ACPI: PCI Interrupt Routing Table [\_SB_.PCI0.PCIB._PRT]
[   11.856891] ACPI: PCI Interrupt Link [LNKA] (IRQs 1 3 4 5 6 7 *10 12 14
15)
[   11.857011] ACPI: PCI Interrupt Link [LNKB] (IRQs 1 3 4 5 6 7 11 12 14
15) *10
[   11.857127] ACPI: PCI Interrupt Link [LNKC] (IRQs 1 3 4 5 6 7 10 12 14
15) *11
[   11.857242] ACPI: PCI Interrupt Link [LNKD] (IRQs 1 3 4 5 6 7 *11 12 14
15)
[   11.857357] ACPI: PCI Interrupt Link [LNKE] (IRQs 1 3 4 5 6 7 10 12 14
15) *11
[   11.857475] ACPI: PCI Interrupt Link [LNKF] (IRQs 1 3 4 5 6 7 11 12 14
15) *0, disabled.
[   11.857590] ACPI: PCI Interrupt Link [LNKG] (IRQs 1 3 4 5 6 7 10 12 14
15) *0, disabled.
[   11.857707] ACPI: PCI Interrupt Link [LNKH] (IRQs 1 3 4 5 6 7 *11 12 14
15)
[   11.857858] Linux Plug and Play Support v0.97 (c) Adam Belay
[   11.857896] pnp: PnP ACPI init
[   11.857908] ACPI: bus type pnp registered
[   11.882643] pnp: PnP ACPI: found 11 devices
[   11.882646] ACPI: ACPI bus type pnp unregistered
[   11.882651] PnPBIOS: Disabled by ACPI PNP
[   11.882906] PCI: Using ACPI for IRQ routing
[   11.882910] PCI: If a device doesn't work, try &quot;pci=routeirq&quot;.  If it
helps, post a report
[   11.918396] NET: Registered protocol family 8
[   11.918399] NET: Registered protocol family 20
[   11.918596] hpet clockevent registered
[   11.918603] hpet0: at MMIO 0xfed00000, IRQs 2, 8, 0
[   11.918608] hpet0: 3 64-bit timers, 14318180 Hz
[   11.919661] AppArmor: AppArmor Filesystem Enabled
[   11.922386] Time: tsc clocksource has been installed.
[   11.930427] system 00:01: ioport range 0xfe00-0xfe7f has been reserved
[   11.930431] system 00:01: ioport range 0xfe80-0xfeff has been reserved
[   11.930434] system 00:01: ioport range 0xff00-0xff7f has been reserved
[   11.930438] system 00:01: iomem range 0xe0000000-0xefffffff could not be
reserved
[   11.930442] system 00:01: iomem range 0xf0000000-0xf0003fff could not be
reserved
[   11.930446] system 00:01: iomem range 0xf0004000-0xf0004fff could not be
reserved
[   11.930450] system 00:01: iomem range 0xf0005000-0xf0005fff could not be
reserved
[   11.930454] system 00:01: iomem range 0xf0008000-0xf000bfff could not be
reserved
[   11.930458] system 00:01: iomem range 0xfed20000-0xfed8ffff could not be
reserved
[   11.930467] system 00:05: ioport range 0x800-0x80f has been reserved
[   11.930471] system 00:05: ioport range 0x1000-0x107f has been reserved
[   11.930474] system 00:05: ioport range 0x1180-0x11bf has been reserved
[   11.930478] system 00:05: ioport range 0x1640-0x164f has been reserved
[   11.960969] PCI: Bridge: 0000:00:1c.0
[   11.960973]   IO window: 3000-3fff
[   11.960980]   MEM window: b4000000-b7ffffff
[   11.960985]   PREFETCH window: d0000000-d3ffffff
[   11.960997] PCI: Bus 7, cardbus bridge: 0000:06:04.0
[   11.961000]   IO window: 00001400-000014ff
[   11.961006]   IO window: 00002800-000028ff
[   11.961012]   PREFETCH window: 34000000-37ffffff
[   11.961018]   MEM window: 38000000-3bffffff
[   11.961023] PCI: Bridge: 0000:00:1e.0
[   11.961025]   IO window: disabled.
[   11.961031]   MEM window: b8000000-b80fffff
[   11.961036]   PREFETCH window: disabled.
[   11.961071] ACPI: PCI Interrupt 0000:00:1c.0[A] -&gt; GSI 17 (level, low) -&gt;
IRQ 16
[   11.961081] PCI: Setting latency timer of device 0000:00:1c.0 to 64
[   11.961095] PCI: Setting latency timer of device 0000:00:1e.0 to 64
[   11.961114] ACPI: PCI Interrupt 0000:06:04.0[A] -&gt; GSI 16 (level, low) -&gt;
IRQ 17
[   11.961131] NET: Registered protocol family 2
[   11.998441] IP route cache hash table entries: 4096 (order: 2, 16384
bytes)
[   11.998675] TCP established hash table entries: 16384 (order: 5, 131072
bytes)
[   11.998806] TCP bind hash table entries: 16384 (order: 5, 131072 bytes)
[   11.998935] TCP: Hash tables configured (established 16384 bind 16384)
[   11.998938] TCP reno registered
[   12.010507] checking if image is initramfs...&lt;7&gt;Switched to high
resolution mode on CPU 0
[   12.442042]  it is
[   12.908373] Freeing initrd memory: 7700k freed
[   12.908639] Simple Boot Flag at 0x36 set to 0x1
[   12.909151] audit: initializing netlink socket (disabled)
[   12.909171] audit(1219912286.732:1): initialized
[   12.911707] VFS: Disk quotas dquot_6.5.1
[   12.911808] Dquot-cache hash table entries: 1024 (order 0, 4096 bytes)
[   12.911991] io scheduler noop registered
[   12.911994] io scheduler anticipatory registered
[   12.911997] io scheduler deadline registered
[   12.912011] io scheduler cfq registered (default)
[   12.912026] Boot video device is 0000:00:02.0
[   12.912262] PCI: Setting latency timer of device 0000:00:1c.0 to 64
[   12.912319] assign_interrupt_mode Found MSI capability
[   12.912373] Allocate Port Service[0000:00:1c.0:pcie00]
[   12.912418] Allocate Port Service[0000:00:1c.0:pcie02]
[   12.912720] isapnp: Scanning for PnP cards...
[   13.266980] isapnp: No Plug &amp; Play device found
[   13.302323] Real Time Clock Driver v1.12ac
[   13.302460] Serial: 8250/16550 driver $Revision: 1.90 $ 4 ports, IRQ
sharing enabled
[   13.302621] serial8250: ttyS0 at I/O 0x3f8 (irq = 4) is a 16550A
[   13.303461] 00:07: ttyS0 at I/O 0x3f8 (irq = 4) is a 16550A
[   13.303700] ACPI: PCI Interrupt 0000:00:1e.3[B] -&gt; GSI 20 (level, low) -&gt;
IRQ 18
[   13.303710] ACPI: PCI interrupt for device 0000:00:1e.3 disabled
[   13.304472] RAMDISK driver initialized: 16 RAM disks of 65536K size 1024
blocksize
[   13.304568] input: Macintosh mouse button emulation as
/devices/virtual/input/input0
[   13.304687] PNP: PS/2 Controller [PNP0303:PS2K,PNP0f13:PS2M] at 0x60,0x64
irq 1,12
[   13.305031] i8042.c: Detected active multiplexing controller, rev 1.1.
[   13.305103] serio: i8042 KBD port at 0x60,0x64 irq 1
[   13.305108] serio: i8042 AUX0 port at 0x60,0x64 irq 12
[   13.305111] serio: i8042 AUX1 port at 0x60,0x64 irq 12
[   13.305114] serio: i8042 AUX2 port at 0x60,0x64 irq 12
[   13.305117] serio: i8042 AUX3 port at 0x60,0x64 irq 12
[   13.310031] mice: PS/2 mouse device common for all mice
[   13.310171] EISA: Probing bus 0 at eisa.0
[   13.310178] Cannot allocate resource for EISA slot 1
[   13.310181] Cannot allocate resource for EISA slot 2
[   13.310184] Cannot allocate resource for EISA slot 3
[   13.310207] EISA: Detected 0 cards.
[   13.310210] cpuidle: using governor ladder
[   13.310213] cpuidle: using governor menu
[   13.310330] NET: Registered protocol family 1
[   13.310364] Using IPI No-Shortcut mode
[   13.310410] registered taskstats version 1
[   13.310557]   Magic number: 4:441:524
[   13.310702] BIOS EDD facility v0.16 2004-Jun-25, 0 devices found
[   13.310705] EDD information not available.
[   13.310938] Freeing unused kernel memory: 364k freed
[   13.313403] input: AT Translated Set 2 keyboard as
/devices/platform/i8042/serio0/input/input1
[   14.574466] fuse init (API version 7.9)
[   14.594913] ACPI: CPU0 (power states: C1[C1] C2[C2] C3[C3])
[   14.594933] ACPI Exception (processor_core-0816): AE_NOT_FOUND, Processor
Device is not present [20070126]
[   15.333136] usbcore: registered new interface driver usbfs
[   15.333167] usbcore: registered new interface driver hub
[   15.345101] usbcore: registered new device driver usb
[   15.361084] USB Universal Host Controller Interface driver v3.0
[   15.361169] ACPI: PCI Interrupt 0000:00:1d.0[A] -&gt; GSI 23 (level, low) -&gt;
IRQ 19
[   15.361184] PCI: Setting latency timer of device 0000:00:1d.0 to 64
[   15.361189] uhci_hcd 0000:00:1d.0: UHCI Host Controller
[   15.361613] uhci_hcd 0000:00:1d.0: new USB bus registered, assigned bus
number 1
[   15.361651] uhci_hcd 0000:00:1d.0: irq 19, io base 0x00001820
[   15.361826] usb usb1: configuration #1 chosen from 1 choice
[   15.361856] hub 1-0:1.0: USB hub found
[   15.361863] hub 1-0:1.0: 2 ports detected
[   15.465170] ACPI: PCI Interrupt 0000:00:1d.1[B] -&gt; GSI 19 (level, low) -&gt;
IRQ 20
[   15.465186] PCI: Setting latency timer of device 0000:00:1d.1 to 64
[   15.465192] uhci_hcd 0000:00:1d.1: UHCI Host Controller
[   15.465221] uhci_hcd 0000:00:1d.1: new USB bus registered, assigned bus
number 2
[   15.465257] uhci_hcd 0000:00:1d.1: irq 20, io base 0x00001840
[   15.465395] usb usb2: configuration #1 chosen from 1 choice
[   15.465427] hub 2-0:1.0: USB hub found
[   15.465434] hub 2-0:1.0: 2 ports detected
[   15.569109] ACPI: PCI Interrupt 0000:00:1d.2[C] -&gt; GSI 18 (level, low) -&gt;
IRQ 21
[   15.569126] PCI: Setting latency timer of device 0000:00:1d.2 to 64
[   15.569132] uhci_hcd 0000:00:1d.2: UHCI Host Controller
[   15.569160] uhci_hcd 0000:00:1d.2: new USB bus registered, assigned bus
number 3
[   15.569195] uhci_hcd 0000:00:1d.2: irq 21, io base 0x00001860
[   15.569333] usb usb3: configuration #1 chosen from 1 choice
[   15.569362] hub 3-0:1.0: USB hub found
[   15.569369] hub 3-0:1.0: 2 ports detected
[   15.593284] SCSI subsystem initialized
[   15.667998] libata version 3.00 loaded.
[   15.673042] ACPI: PCI Interrupt 0000:00:1d.3[D] -&gt; GSI 16 (level, low) -&gt;
IRQ 17
[   15.673056] PCI: Setting latency timer of device 0000:00:1d.3 to 64
[   15.673062] uhci_hcd 0000:00:1d.3: UHCI Host Controller
[   15.673090] uhci_hcd 0000:00:1d.3: new USB bus registered, assigned bus
number 4
[   15.673127] uhci_hcd 0000:00:1d.3: irq 17, io base 0x00001880
[   15.673263] usb usb4: configuration #1 chosen from 1 choice
[   15.673300] hub 4-0:1.0: USB hub found
[   15.673306] hub 4-0:1.0: 2 ports detected
[   15.704943] usb 1-2: new low speed USB device using uhci_hcd and address
2
[   15.777149] ACPI: PCI Interrupt 0000:00:1d.7[A] -&gt; GSI 23 (level, low) -&gt;
IRQ 19
[   15.777168] PCI: Setting latency timer of device 0000:00:1d.7 to 64
[   15.777173] ehci_hcd 0000:00:1d.7: EHCI Host Controller
[   15.777203] ehci_hcd 0000:00:1d.7: new USB bus registered, assigned bus
number 5
[   15.781121] ehci_hcd 0000:00:1d.7: debug port 1
[   15.781129] PCI: cache line size of 32 is not supported by device
0000:00:1d.7
[   15.781138] ehci_hcd 0000:00:1d.7: irq 19, io mem 0xb0040000
[   15.832884] ehci_hcd 0000:00:1d.7: USB 2.0 started, EHCI 1.00, driver 10
Dec 2004
[   15.833040] usb usb5: configuration #1 chosen from 1 choice
[   15.833071] hub 5-0:1.0: USB hub found
[   15.833079] hub 5-0:1.0: 8 ports detected
[   15.937145] ACPI: PCI Interrupt 0000:06:04.2[C] -&gt; GSI 18 (level, low) -&gt;
IRQ 21
[   15.986968] ohci1394: fw-host0: OHCI-1394 1.1 (PCI): IRQ=[21]
MMIO=[b8007000-b80077ff]  Max Packet=[2048]  IR/IT contexts=[4/8]
[   15.995000] ata_piix 0000:00:1f.2: version 2.12
[   15.995010] ata_piix 0000:00:1f.2: MAP [ P0 P2 IDE IDE ]
[   15.995049] ACPI: PCI Interrupt 0000:00:1f.2[B] -&gt; GSI 19 (level, low) -&gt;
IRQ 20
[   15.995092] PCI: Setting latency timer of device 0000:00:1f.2 to 64
[   15.996048] scsi0 : ata_piix
[   15.996682] scsi1 : ata_piix
[   15.997807] ata1: SATA max UDMA/133 cmd 0x1f0 ctl 0x3f6 bmdma 0x18b0 irq
14
[   15.997811] ata2: PATA max UDMA/100 cmd 0x170 ctl 0x376 bmdma 0x18b8 irq
15
[   16.161273] ata1.00: ATA-6: HTS541060G9AT00, MB3OA60A, max UDMA/100
[   16.161281] ata1.00: 117210240 sectors, multi 16: LBA48
[   16.161285] ata1.00: applying bridge limits
[   16.177274] ata1.00: configured for UDMA/100
[   16.228716] usb 1-2: device not accepting address 2, error -71
[   16.416637] Clocksource tsc unstable (delta = -699119011 ns)
[   16.421070] Time: hpet clocksource has been installed.
[   16.429922] ata2.00: ATAPI: DV-W28EAT, 1.9B, max UDMA/33
[   16.450465] ata2.00: configured for UDMA/33
[   16.450616] scsi 0:0:0:0: Direct-Access     ATA      HTS541060G9AT00
MB3O PQ: 0 ANSI: 5
[   16.452177] scsi 1:0:0:0: CD-ROM            TEAC     DV-W28EAT
1.9B PQ: 0 ANSI: 5
[   16.472542] Driver 'sd' needs updating - please use bus_type methods
[   16.472651] sd 0:0:0:0: [sda] 117210240 512-byte hardware sectors (60012
MB)
[   16.472667] sd 0:0:0:0: [sda] Write Protect is off
[   16.472671] sd 0:0:0:0: [sda] Mode Sense: 00 3a 00 00
[   16.472691] sd 0:0:0:0: [sda] Write cache: enabled, read cache: enabled,
doesn't support DPO or FUA
[   16.472747] sd 0:0:0:0: [sda] 117210240 512-byte hardware sectors (60012
MB)
[   16.472759] sd 0:0:0:0: [sda] Write Protect is off
[   16.472762] sd 0:0:0:0: [sda] Mode Sense: 00 3a 00 00
[   16.472780] sd 0:0:0:0: [sda] Write cache: enabled, read cache: enabled,
doesn't support DPO or FUA
[   16.472784]  sda:&lt;4&gt;Driver 'sr' needs updating - please use bus_type
methods
[   16.489500] usb 1-2: new low speed USB device using uhci_hcd and address
4
[   16.493301]  sda1 &lt; sda5 sda6 &gt; sda2 sda3
[   16.522652] sd 0:0:0:0: [sda] Attached SCSI disk
[   16.530342] sd 0:0:0:0: Attached scsi generic sg0 type 0
[   16.530368] sr 1:0:0:0: Attached scsi generic sg1 type 5
[   16.577498] sr0: scsi3-mmc drive: 24x/24x writer dvd-ram cd/rw xa/form2
cdda tray
[   16.577506] Uniform CD-ROM driver Revision: 3.20
[   16.577576] sr 1:0:0:0: Attached scsi CD-ROM sr0
[   16.667579] usb 1-2: configuration #1 chosen from 1 choice
[   16.695994] usbcore: registered new interface driver hiddev
[   16.708840] input: Logitech Logitech USB Optical Mouse as
/devices/pci0000:00/0000:00:1d.0/usb1/1-2/1-2:1.0/input/input2
[   16.713487] input,hidraw0: USB HID v1.11 Mouse [Logitech Logitech USB
Optical Mouse] on usb-0000:00:1d.0-2
[   16.713508] usbcore: registered new interface driver usbhid
[   16.713513] /build/buildd/linux-2.6.24/drivers/hid/usbhid/hid-core.c:
v2.6:USB HID core driver
[   16.894078] Attempting manual resume
[   16.894083] swsusp: Resume From Partition 8:6
[   16.894086] PM: Checking swsusp image.
[   16.894294] PM: Resume from disk failed.
[   16.933259] kjournald starting.  Commit interval 5 seconds
[   16.933276] EXT3-fs: mounted filesystem with ordered data mode.
[   24.756000] Linux agpgart interface v0.102
[   24.823250] agpgart: Detected an Intel 915GM Chipset.
[   24.823549] agpgart: Detected 7932K stolen memory.
[   24.900716] pci_hotplug: PCI Hot Plug PCI Core version: 0.5
[   25.007975] agpgart: AGP aperture is 256M @ 0xc0000000
[   25.008012] shpchp: Standard Hot Plug PCI Controller Driver version: 0.4
[   25.455603] intel_rng: FWH not detected
[   25.555771] input: Power Button (FF) as /devices/virtual/input/input3
[   25.571476] ACPI: Power Button (FF) [PWRF]
[   25.571835] input: Lid Switch as /devices/virtual/input/input4
[   25.571925] ACPI: Lid Switch [LID0]
[   25.571998] input: Power Button (CM) as /devices/virtual/input/input5
[   25.583525] ACPI: Power Button (CM) [PWRB]
[   25.771505] iTCO_vendor_support: vendor-support=0
[   25.827459] iTCO_wdt: Intel TCO WatchDog Timer Driver v1.02 (26-Jul-2007)
[   25.827577] iTCO_wdt: Found a ICH6-M TCO device (Version=2,
TCOBASE=0x1060)
[   25.827617] iTCO_wdt: initialized. heartbeat=30 sec (nowayout=0)
[   26.526183] input: PC Speaker as /devices/platform/pcspkr/input/input6
[   27.343528] input: Video Bus as
/devices/LNXSYSTM:00/device:00/PNP0A08:00/device:01/LNXVIDEO:00/input/input7
[   27.354802] ACPI: Video Device [VGA] (multi-head: yes  rom: no  post: no)
[   27.355271] input: Video Bus as
/devices/LNXSYSTM:00/device:00/PNP0A08:00/LNXVIDEO:01/input/input8
[   27.370791] ACPI: Video Device [GFX0] (multi-head: yes  rom: yes  post:
no)
[   27.511162] ACPI: AC Adapter [ACAD] (on-line)
[   28.111205] ACPI: Battery Slot [BAT1] (battery present)
[   28.606530] ACPI: PCI Interrupt 0000:02:00.0[A] -&gt; GSI 16 (level, low) -&gt;
IRQ 17
[   28.606548] PCI: Setting latency timer of device 0000:02:00.0 to 64
[   28.606591] sky2 0000:02:00.0: v1.20 addr 0xb4000000 irq 17 Yukon-FE
(0xb7) rev 1
[   28.607083] sky2 eth0: addr 00:0f:b0:d9:42:04
[   29.350076] Yenta: CardBus bridge found at 0000:06:04.0 [1179:ff00]
[   29.350101] Yenta: Enabling burst memory read transactions
[   29.350108] Yenta: Using CSCINT to route CSC interrupts to PCI
[   29.350110] Yenta: Routing CardBus interrupts to PCI
[   29.350117] Yenta TI: socket 0000:06:04.0, mfunc 0x10aa1b22, devctl 0x66
[   29.379191] sdhci: Secure Digital Host Controller Interface driver
[   29.379197] sdhci: Copyright(c) Pierre Ossman
[   29.582695] Yenta: ISA IRQ mask 0x0cf8, PCI irq 17
[   29.582701] Socket status: 30000820
[   29.582704] Yenta: Raising subordinate bus# of parent bus (#06) from #07
to #0a
[   29.582711] pcmcia: parent PCI bridge Memory window: 0xb8000000 -
0xb80fffff
[   29.630133] sdhci: SDHCI controller found at 0000:06:04.4 [104c:8034]
(rev 0)
[   29.630160] ACPI: PCI Interrupt 0000:06:04.4[D] -&gt; GSI 19 (level, low) -&gt;
IRQ 20
[   29.630189] sdhci:slot0: Will use DMA mode even though HW doesn't fully
claim to support it.
[   29.630238] mmc0: SDHCI at 0xb8008000 irq 20 DMA
[   29.630250] sdhci:slot1: Will use DMA mode even though HW doesn't fully
claim to support it.
[   29.630283] mmc1: SDHCI at 0xb8007c00 irq 20 DMA
[   29.630294] sdhci:slot2: Will use DMA mode even though HW doesn't fully
claim to support it.
[   29.630325] mmc2: SDHCI at 0xb8007800 irq 20 DMA
[   29.630367] ACPI: PCI Interrupt 0000:06:04.3[B] -&gt; GSI 17 (level, low) -&gt;
IRQ 16
[   29.827889] ACPI: PCI Interrupt 0000:00:1e.2[A] -&gt; GSI 17 (level, low) -&gt;
IRQ 16
[   29.827925] PCI: Setting latency timer of device 0000:00:1e.2 to 64
[   29.979857] input: PS/2 Mouse as /devices/virtual/input/input9
[   30.005473] input: AlpsPS/2 ALPS GlidePoint as
/devices/platform/i8042/serio4/input/input10
[   30.020539] parport_pc 00:08: reported by Plug and Play ACPI
[   30.020611] parport0: PC-style at 0x378 (0x778), irq 7, dma 1
[PCSPP,TRISTATE,COMPAT,ECP,DMA]
[   30.277612] pccard: CardBus card inserted into slot 0
[   30.653445] intel8x0_measure_ac97_clock: measured 55395 usecs
[   30.653451] intel8x0: clocking to 48000
[   31.918565] sky2 eth0: enabling interface
[   32.434373] cs: IO port probe 0x100-0x3af: clean.
[   32.436086] cs: IO port probe 0x3e0-0x4ff: excluding 0x4d0-0x4d7
[   32.436828] cs: IO port probe 0x820-0x8ff: clean.
[   32.437430] cs: IO port probe 0xc00-0xcf7: clean.
[   32.438208] cs: IO port probe 0xa00-0xaff: clean.
[   32.649690] lp0: using parport0 (interrupt-driven).
[   32.727767] Adding 1831336k swap on /dev/sda6.  Priority:-1 extents:1
across:1831336k
[   33.336617] NET: Registered protocol family 17
[   33.348230] EXT3 FS on sda3, internal journal
[   33.467204] sky2 eth0: Link is up at 100 Mbps, full duplex, flow control
both
[   34.604003] ip_tables: (C) 2000-2006 Netfilter Core Team
[   35.058493] No dock devices found.
[   36.243515] apm: BIOS version 1.2 Flags 0x03 (Driver version 1.16ac)
[   36.243522] apm: overridden by ACPI.
[   36.390126] ppdev: user-space parallel port driver
[   36.539384] audit(1219923112.454:2): type=1503
operation=&quot;inode_permission&quot; requested_mask=&quot;a::&quot; denied_mask=&quot;a::&quot;
name=&quot;/dev/tty&quot; pid=4968 profile=&quot;/usr/sbin/cupsd&quot; namespace=&quot;default&quot;
[   37.655012] Bluetooth: Core ver 2.11
[   37.655955] NET: Registered protocol family 31
[   37.655959] Bluetooth: HCI device and connection manager initialized
[   37.655965] Bluetooth: HCI socket layer initialized
[   37.679360] Bluetooth: L2CAP ver 2.9
[   37.679365] Bluetooth: L2CAP socket layer initialized
[   37.742319] Bluetooth: RFCOMM socket layer initialized
[   37.742342] Bluetooth: RFCOMM TTY layer initialized
[   37.742344] Bluetooth: RFCOMM ver 1.8
[   40.321368] [drm] Initialized drm 1.1.0 20060810
[   40.325431] ACPI: PCI Interrupt 0000:00:02.0[A] -&gt; GSI 16 (level, low) -&gt;
IRQ 17
[   40.325443] PCI: Setting latency timer of device 0000:00:02.0 to 64
[   40.325541] [drm] Initialized i915 1.6.0 20060119 on minor 0
[   67.974272] NET: Registered protocol family 10
[   67.975009] lo: Disabled Privacy Extensions
[   73.875386] eth0: no IPv6 routers present
[  114.537884] ACPI: EC: non-query interrupt received, switching to
interrupt mode
[  177.299813] sky2 eth0: disabling interface
[  177.401511] sky2 eth0: enabling interface
[  177.404350] ADDRCONF(NETDEV_UP): eth0: link is not ready
[  178.597503] sky2 eth0: Link is up at 100 Mbps, full duplex, flow control
both
[  178.597753] ADDRCONF(NETDEV_CHANGE): eth0: link becomes ready
[  182.273466] eth0: no IPv6 routers present
-------------- next part --------------
An HTML attachment was scrubbed...
URL: &lt;<A HREF="https://lists.berlios.de/pipermail/bcm43xx-dev/attachments/20080828/c19dddb1/attachment.html">https://lists.berlios.de/pipermail/bcm43xx-dev/attachments/20080828/c19dddb1/attachment.html</A>&gt;
</PRE>

<!--endarticle-->
    <HR>
    <P><UL>
        <!--threads-->
	<LI>Previous message: <A HREF="004519.html">Wireless Problems - Ubuntu 8.04
</A></li>
	<LI>Next message: <A HREF="004522.html">Wireless Problems - Ubuntu 8.04
</A></li>
         <LI> <B>Messages sorted by:</B> 
              <a href="date.html#4521">[ date ]</a>
              <a href="thread.html#4521">[ thread ]</a>
              <a href="subject.html#4521">[ subject ]</a>
              <a href="author.html#4521">[ author ]</a>
         </LI>
       </UL>

<hr>
<a href="https://lists.berlios.de/mailman/listinfo/bcm43xx-dev">More information about the Bcm43xx-dev
mailing list</a><br>
</body></html>
