<!DOCTYPE HTML PUBLIC "-//W3C//DTD HTML 4.01 Transitional//EN">
<HTML>
 <HEAD>
   <TITLE> BCM4312: Not Creating Interface in Gentoo Linux (2.6.29)
   </TITLE>
   <LINK REL="Index" HREF="http://lists.berlios.de/pipermail/bcm43xx-dev/2009-July/index.html" >
   <LINK REL="made" HREF="mailto:bcm43xx-dev%40lists.berlios.de?Subject=Re%3A%20BCM4312%3A%20Not%20Creating%20Interface%20in%20Gentoo%20Linux%20%282.6.29%29&In-Reply-To=%3C4fddc9c90907091050r3553f682m4a3eca9ae322a635%40mail.gmail.com%3E">
   <META NAME="robots" CONTENT="index,nofollow">
   <style type="text/css">
       pre {
           white-space: pre-wrap;       /* css-2.1, curent FF, Opera, Safari */
           }
   </style>
   <META http-equiv="Content-Type" content="text/html; charset=us-ascii">
   <LINK REL="Previous"  HREF="005585.html">
   <LINK REL="Next"  HREF="005587.html">
 </HEAD>
 <BODY BGCOLOR="#ffffff">
   <H1>BCM4312: Not Creating Interface in Gentoo Linux (2.6.29)</H1>
    <B>Jesse Taylor</B> 
    <A HREF="mailto:bcm43xx-dev%40lists.berlios.de?Subject=Re%3A%20BCM4312%3A%20Not%20Creating%20Interface%20in%20Gentoo%20Linux%20%282.6.29%29&In-Reply-To=%3C4fddc9c90907091050r3553f682m4a3eca9ae322a635%40mail.gmail.com%3E"
       TITLE="BCM4312: Not Creating Interface in Gentoo Linux (2.6.29)">jrtayloriv at gmail.com
       </A><BR>
    <I>Thu Jul  9 19:50:16 CEST 2009</I>
    <P><UL>
        <LI>Previous message: <A HREF="005585.html">Ask for help about openChrome killing Broadcom
</A></li>
        <LI>Next message: <A HREF="005587.html">BCM4312: Not Creating Interface in Gentoo Linux (2.6.29)
</A></li>
         <LI> <B>Messages sorted by:</B> 
              <a href="date.html#5586">[ date ]</a>
              <a href="thread.html#5586">[ thread ]</a>
              <a href="subject.html#5586">[ subject ]</a>
              <a href="author.html#5586">[ author ]</a>
         </LI>
       </UL>
    <HR>  
<!--beginarticle-->
<PRE>I am having trouble getting my BCM4312 card working in Gentoo Linux.

I followed all of the instructions at
<A HREF="http://wireless.kernel.org/en/users/Drivers/b43">http://wireless.kernel.org/en/users/Drivers/b43</A> , and did not run into any
errors during the install process outlined there.

'dmesg' seems to show that the module is loading up fine at boot (&quot;Broadcom
43xx driver loaded [ Features: PL, Firmware-ID: FW13 ]&quot;), and I get the same
message when I 'rmmod b43; modprobe b43; dmesg' ...

However, 'ifconfig -a' is not showing a wireless interface for it, and lspci
-k is saying that there is no kernel driver in use for the BCM4312. Any idea
what I should do next? I have b43 debugging enabled in the kernel, so if
there is anything I can provide from there, please let me know.

Thanks,
Jesse Taylor
(<A HREF="https://lists.berlios.de/mailman/listinfo/bcm43xx-dev">jrtayloriv at gmail.com</A>)

Here is the output from the commands requested in the guide:

# uname -a
Linux localhost 2.6.29-gentoo-r5 #6 Thu Jul 9 16:34:43 PDT 2009 i686 Genuine
Intel(R) CPU 585 @ 2.16GHz GenuineIntel GNU/Linux

#lspci -vvn|grep 43 -A7
0c:00.0 0280: 14e4:4315 (rev 01)
        Subsystem: 1028:000c
        Control: I/O- Mem+ BusMaster+ SpecCycle- MemWINV- VGASnoop- ParErr-
Stepping- SERR+ FastB2B- DisINTx-
        Status: Cap+ 66MHz- UDF- FastB2B- ParErr- DEVSEL=fast &gt;TAbort-
&lt;TAbort- &lt;MAbort- &gt;SERR- &lt;PERR- INTx-
        Latency: 0, Cache Line Size: 64 bytes
        Interrupt: pin A routed to IRQ 4
        Region 0: Memory at f69fc000 (64-bit, non-prefetchable) [size=16K]
        Capabilities: [40] Power Management version 3

#dmesg
Linux version 2.6.29-gentoo-r5 (<A HREF="https://lists.berlios.de/mailman/listinfo/bcm43xx-dev">root at localhost</A>) (gcc version 4.3.2 (Gentoo
4.3.2-r3 p1.6, pie-10.1.5) ) #6 Thu Jul 9 16:34:43 PDT 2009
KERNEL supported cpus:
  Intel GenuineIntel
  AMD AuthenticAMD
  NSC Geode by NSC
  Cyrix CyrixInstead
  Centaur CentaurHauls
  Transmeta GenuineTMx86
  Transmeta TransmetaCPU
  UMC UMC UMC UMC
BIOS-provided physical RAM map:
 BIOS-e820: 0000000000000000 - 000000000009f000 (usable)
 BIOS-e820: 000000000009f000 - 00000000000a0000 (reserved)
 BIOS-e820: 0000000000100000 - 000000007dabf400 (usable)
 BIOS-e820: 000000007dabf400 - 000000007dac1400 (ACPI NVS)
 BIOS-e820: 000000007dac1400 - 0000000080000000 (reserved)
 BIOS-e820: 00000000f8000000 - 00000000fc000000 (reserved)
 BIOS-e820: 00000000fec00000 - 00000000fec10000 (reserved)
 BIOS-e820: 00000000fed18000 - 00000000fed1c000 (reserved)
 BIOS-e820: 00000000fed20000 - 00000000fed90000 (reserved)
 BIOS-e820: 00000000feda0000 - 00000000feda6000 (reserved)
 BIOS-e820: 00000000fee00000 - 00000000fee10000 (reserved)
 BIOS-e820: 00000000ffe00000 - 0000000100000000 (reserved)
DMI 2.4 present.
last_pfn = 0x7dabf max_arch_pfn = 0x100000
x86 PAT enabled: cpu 0, old 0x7040600070406, new 0x7010600070106
Scanning 1 areas for low memory corruption
modified physical RAM map:
 modified: 0000000000000000 - 0000000000001000 (usable)
 modified: 0000000000001000 - 0000000000010000 (reserved)
 modified: 0000000000010000 - 0000000000090000 (usable)
 modified: 000000000009f000 - 00000000000a0000 (reserved)
 modified: 0000000000100000 - 000000007dabf400 (usable)
 modified: 000000007dabf400 - 000000007dac1400 (ACPI NVS)
 modified: 000000007dac1400 - 0000000080000000 (reserved)
 modified: 00000000f8000000 - 00000000fc000000 (reserved)
 modified: 00000000fec00000 - 00000000fec10000 (reserved)
 modified: 00000000fed18000 - 00000000fed1c000 (reserved)
 modified: 00000000fed20000 - 00000000fed90000 (reserved)
 modified: 00000000feda0000 - 00000000feda6000 (reserved)
 modified: 00000000fee00000 - 00000000fee10000 (reserved)
 modified: 00000000ffe00000 - 0000000100000000 (reserved)
kernel direct mapping tables up to 377fe000 @ 10000-15000
ACPI: RSDP 000FBDD0, 0024 (r2 DELL  )
ACPI: XSDT 7DAC3E00, 0064 (r1 DELL    M09     27D90219 ASL        61)
ACPI: FACP 7DAC3C9C, 00F4 (r4 DELL    M09     27D90219 ASL        61)
ACPI Warning (tbfadt-0568): 32/64X length mismatch in Gpe0Block: 128/64
[20081204]
FADT: X_PM1a_EVT_BLK.bit_width (16) does not match PM1_EVT_LEN (4)
ACPI: DSDT 7DAC4400, 5170 (r2 INT430 SYSFexxx     1001 INTL 20050624)
ACPI: FACS 7DAD2C00, 0040
ACPI: HPET 7DAC3F00, 0038 (r1 DELL    M09            1 ASL        61)
ACPI: APIC 7DAC4000, 0068 (r1 DELL    M09     27D90219 ASL        47)
ACPI: MCFG 7DAC3FC0, 003E (r16 DELL    M09     27D90219 ASL        61)
ACPI: SLIC 7DAC409C, 0024 (r1 DELL    M09     27D90219 ASL        61)
ACPI: SSDT 7DAC2E72, 05C6 (r1  PmRef   BspCst     3001 INTL 20050624)
ACPI: SSDT 7DAC2BF1, 0281 (r1  PmRef   BspIst     3000 INTL 20050624)
ACPI: SSDT 7DAC2585, 066C (r1  PmRef    CpuPm     3000 INTL 20050624)
ACPI: Local APIC address 0xfee00000
1122MB HIGHMEM available.
887MB LOWMEM available.
  mapped low ram: 0 - 377fe000
  low ram: 00000000 - 377fe000
  bootmap 00011000 - 00017f00
(6 early reservations) ==&gt; bootmem [0000000000 - 00377fe000]
  #0 [0000000000 - 0000001000]   BIOS data page ==&gt; [0000000000 -
0000001000]
  #1 [0001000000 - 00014b9680]    TEXT DATA BSS ==&gt; [0001000000 -
00014b9680]
  #2 [00014ba000 - 00014c1000]    INIT_PG_TABLE ==&gt; [00014ba000 -
00014c1000]
  #3 [000009f000 - 0000100000]    BIOS reserved ==&gt; [000009f000 -
0000100000]
  #4 [0000010000 - 0000011000]          PGTABLE ==&gt; [0000010000 -
0000011000]
  #5 [0000011000 - 0000018000]          BOOTMAP ==&gt; [0000011000 -
0000018000]
Zone PFN ranges:
  DMA      0x00000000 -&gt; 0x00001000
  Normal   0x00001000 -&gt; 0x000377fe
  HighMem  0x000377fe -&gt; 0x0007dabf
Movable zone start PFN for each node
early_node_map[3] active PFN ranges
    0: 0x00000000 -&gt; 0x00000001
    0: 0x00000010 -&gt; 0x00000090
    0: 0x00000100 -&gt; 0x0007dabf
On node 0 totalpages: 514624
free_area_init_node: node 0, pgdat c13f8050, node_mem_map c14c1000
  DMA zone: 32 pages used for memmap
  DMA zone: 0 pages reserved
  DMA zone: 3937 pages, LIFO batch:0
  Normal zone: 1744 pages used for memmap
  Normal zone: 221486 pages, LIFO batch:31
  HighMem zone: 2246 pages used for memmap
  HighMem zone: 285179 pages, LIFO batch:31
ACPI: PM-Timer IO Port: 0x1008
ACPI: Local APIC address 0xfee00000
ACPI: LAPIC (acpi_id[0x00] lapic_id[0x00] enabled)
ACPI: LAPIC (acpi_id[0x01] lapic_id[0x01] disabled)
ACPI: LAPIC_NMI (acpi_id[0x00] high edge lint[0x1])
ACPI: LAPIC_NMI (acpi_id[0x01] high edge lint[0x1])
ACPI: IOAPIC (id[0x01] address[0xfec00000] gsi_base[0])
IOAPIC[0]: apic_id 1, version 32, address 0xfec00000, GSI 0-23
ACPI: INT_SRC_OVR (bus 0 bus_irq 0 global_irq 2 dfl dfl)
ACPI: INT_SRC_OVR (bus 0 bus_irq 9 global_irq 9 high level)
ACPI: IRQ0 used by override.
ACPI: IRQ2 used by override.
ACPI: IRQ9 used by override.
Enabling APIC mode:  Flat.  Using 1 I/O APICs
Using ACPI (MADT) for SMP configuration information
ACPI: HPET id: 0x8086a201 base: 0xfed00000
nr_irqs_gsi: 24
PM: Registered nosave memory: 0000000000001000 - 0000000000010000
PM: Registered nosave memory: 0000000000090000 - 000000000009f000
PM: Registered nosave memory: 000000000009f000 - 00000000000a0000
PM: Registered nosave memory: 00000000000a0000 - 0000000000100000
Allocating PCI resources starting at 88000000 (gap: 80000000:78000000)
Built 1 zonelists in Zone order, mobility grouping on.  Total pages: 510602
Kernel command line: root=/dev/sda3 video=vesafb:mtrr:3,ywrap
Enabling fast FPU save and restore... done.
Enabling unmasked SIMD FPU exception support... done.
Initializing CPU#0
Experimental hierarchical RCU implementation.
Experimental hierarchical RCU init done.
PID hash table entries: 4096 (order: 12, 16384 bytes)
Extended CMOS year: 2000
Fast TSC calibration using PIT
Detected 2161.270 MHz processor.
Console: colour VGA+ 80x25
console [tty0] enabled
Dentry cache hash table entries: 131072 (order: 7, 524288 bytes)
Inode-cache hash table entries: 65536 (order: 6, 262144 bytes)
Memory: 2035616k/2059004k available (2821k kernel code, 21932k reserved,
1282k data, 288k init, 1149700k highmem)
virtual kernel memory layout:
    fixmap  : 0xfffac000 - 0xfffff000   ( 332 kB)
    pkmap   : 0xff800000 - 0xffc00000   (4096 kB)
    vmalloc : 0xf7ffe000 - 0xff7fe000   ( 120 MB)
    lowmem  : 0xc0000000 - 0xf77fe000   ( 887 MB)
      .init : 0xc1404000 - 0xc144c000   ( 288 kB)
      .data : 0xc12c1735 - 0xc1401f58   (1282 kB)
      .text : 0xc1000000 - 0xc12c1735   (2821 kB)
Checking if this processor honours the WP bit even in supervisor mode...Ok.
SLUB: Genslabs=12, HWalign=64, Order=0-3, MinObjects=0, CPUs=1, Nodes=1
hpet clockevent registered
Calibrating delay loop (skipped), value calculated using timer frequency..
4322.54 BogoMIPS (lpj=2161270)
Mount-cache hash table entries: 512
CPU: L1 I cache: 32K, L1 D cache: 32K
CPU: L2 cache: 1024K
Intel machine check architecture supported.
Intel machine check reporting enabled on CPU#0.
using mwait in idle threads.
CPU: Genuine Intel(R) CPU             585  @ 2.16GHz stepping 0d
Checking 'hlt' instruction... OK.
Freeing SMP alternatives: 0k freed
ACPI: Core revision 20081204
..TIMER: vector=0x30 apic1=0 pin1=2 apic2=-1 pin2=-1
net_namespace: 524 bytes
Time: 16:39:40  Date: 07/09/09
NET: Registered protocol family 16
ACPI: bus type pci registered
PCI: MCFG configuration 0: base f8000000 segment 0 buses 0 - 63
PCI: MCFG area at f8000000 reserved in E820
PCI: Using MMCONFIG for extended config space
PCI: Using configuration type 1 for base access
bio: create slab &lt;bio-0&gt; at 0
ACPI: EC: Look up EC in DSDT
ACPI: BIOS _OSI(Linux) query ignored
ACPI: Interpreter enabled
ACPI: (supports S0 S3 S4 S5)
ACPI: Using IOAPIC for interrupt routing
ACPI: No dock devices found.
ACPI: PCI Root Bridge [PCI0] (0000:00)
pci 0000:00:02.0: reg 10 64bit mmio: [0xf6c00000-0xf6ffffff]
pci 0000:00:02.0: reg 18 64bit mmio: [0xe0000000-0xefffffff]
pci 0000:00:02.0: reg 20 io port: [0xefe8-0xefef]
pci 0000:00:02.1: reg 10 64bit mmio: [0xf6b00000-0xf6bfffff]
pci 0000:00:1a.0: reg 20 io port: [0x6f60-0x6f7f]
pci 0000:00:1a.1: reg 20 io port: [0x6f80-0x6f9f]
pci 0000:00:1a.2: reg 20 io port: [0x6fa0-0x6fbf]
pci 0000:00:1a.7: reg 10 32bit mmio: [0xfed1c400-0xfed1c7ff]
pci 0000:00:1a.7: PME# supported from D0 D3hot D3cold
pci 0000:00:1a.7: PME# disabled
pci 0000:00:1b.0: reg 10 64bit mmio: [0xf6afc000-0xf6afffff]
pci 0000:00:1b.0: PME# supported from D0 D3hot D3cold
pci 0000:00:1b.0: PME# disabled
pci 0000:00:1c.0: PME# supported from D0 D3hot D3cold
pci 0000:00:1c.0: PME# disabled
pci 0000:00:1c.1: PME# supported from D0 D3hot D3cold
pci 0000:00:1c.1: PME# disabled
pci 0000:00:1c.2: PME# supported from D0 D3hot D3cold
pci 0000:00:1c.2: PME# disabled
pci 0000:00:1c.4: PME# supported from D0 D3hot D3cold
pci 0000:00:1c.4: PME# disabled
pci 0000:00:1d.0: reg 20 io port: [0x6f00-0x6f1f]
pci 0000:00:1d.1: reg 20 io port: [0x6f20-0x6f3f]
pci 0000:00:1d.2: reg 20 io port: [0x6f40-0x6f5f]
pci 0000:00:1d.7: reg 10 32bit mmio: [0xfed1c000-0xfed1c3ff]
pci 0000:00:1d.7: PME# supported from D0 D3hot D3cold
pci 0000:00:1d.7: PME# disabled
pci 0000:00:1f.2: reg 10 io port: [0x6e70-0x6e77]
pci 0000:00:1f.2: reg 14 io port: [0x6e78-0x6e7b]
pci 0000:00:1f.2: reg 18 io port: [0x6e80-0x6e87]
pci 0000:00:1f.2: reg 1c io port: [0x6e88-0x6e8b]
pci 0000:00:1f.2: reg 20 io port: [0x6ea0-0x6ebf]
pci 0000:00:1f.2: reg 24 32bit mmio: [0xfed1c800-0xfed1cfff]
pci 0000:00:1f.2: PME# supported from D3hot
pci 0000:00:1f.2: PME# disabled
pci 0000:00:1f.3: reg 10 64bit mmio: [0xf6afbf00-0xf6afbfff]
pci 0000:00:1f.3: reg 20 io port: [0x1100-0x111f]
pci 0000:0c:00.0: reg 10 64bit mmio: [0xf69fc000-0xf69fffff]
pci 0000:0c:00.0: supports D1 D2
pci 0000:0c:00.0: PME# supported from D0 D3hot D3cold
pci 0000:0c:00.0: PME# disabled
pci 0000:00:1c.1: bridge 32bit mmio: [0xf6900000-0xf69fffff]
pci 0000:09:00.0: reg 10 64bit mmio: [0xf68fc000-0xf68fffff]
pci 0000:09:00.0: reg 18 io port: [0xde00-0xdeff]
pci 0000:09:00.0: supports D1 D2
pci 0000:09:00.0: PME# supported from D0 D1 D2 D3hot D3cold
pci 0000:09:00.0: PME# disabled
pci 0000:00:1c.2: bridge io port: [0xd000-0xdfff]
pci 0000:00:1c.2: bridge 32bit mmio: [0xf6800000-0xf68fffff]
pci 0000:00:1c.4: bridge io port: [0xc000-0xcfff]
pci 0000:00:1c.4: bridge 32bit mmio: [0xf6600000-0xf67fffff]
pci 0000:00:1c.4: bridge 64bit mmio pref: [0xf0000000-0xf01fffff]
pci 0000:00:1e.0: transparent bridge
pci_bus 0000:00: on NUMA node 0
ACPI: PCI Interrupt Routing Table [\_SB_.PCI0._PRT]
ACPI: PCI Interrupt Routing Table [\_SB_.PCI0.PCIE._PRT]
ACPI: PCI Interrupt Routing Table [\_SB_.PCI0.RP01._PRT]
ACPI: PCI Interrupt Routing Table [\_SB_.PCI0.RP02._PRT]
ACPI: PCI Interrupt Routing Table [\_SB_.PCI0.RP03._PRT]
ACPI: PCI Interrupt Routing Table [\_SB_.PCI0.RP05._PRT]
ACPI: PCI Interrupt Link [LNKA] (IRQs *10 11)
ACPI: PCI Interrupt Link [LNKB] (IRQs 5 7) *4
ACPI: PCI Interrupt Link [LNKC] (IRQs *10 11)
ACPI: PCI Interrupt Link [LNKD] (IRQs 5 7 10 11) *0, disabled.
ACPI: PCI Interrupt Link [LNKE] (IRQs 3 4 5 6 7 10 *11 12 14 15)
ACPI: PCI Interrupt Link [LNKF] (IRQs 3 4 5 6 *7 10 11 12 14 15)
ACPI: PCI Interrupt Link [LNKG] (IRQs 3 4 *5 6 7 10 11 12 14 15)
ACPI: PCI Interrupt Link [LNKH] (IRQs 3 4 5 6 7 10 11 12 14 15) *0,
disabled.
SCSI subsystem initialized
libata version 3.00 loaded.
usbcore: registered new interface driver usbfs
usbcore: registered new interface driver hub
usbcore: registered new device driver usb
PCI: Using ACPI for IRQ routing
cfg80211: Calling CRDA to update world regulatory domain
cfg80211: calling CRDA failed - unable to update world regulatory domain,
using static definition
hpet0: at MMIO 0xfed00000, IRQs 2, 8, 0, 0
hpet0: 4 comparators, 64-bit 14.318180 MHz counter
pnp: PnP ACPI init
ACPI: bus type pnp registered
pnp: PnP ACPI: found 12 devices
ACPI: ACPI bus type pnp unregistered
system 00:08: iomem range 0xfed00000-0xfed003ff has been reserved
system 00:09: ioport range 0x900-0x97f has been reserved
system 00:09: ioport range 0x4d0-0x4d1 has been reserved
system 00:09: ioport range 0x1000-0x1005 has been reserved
system 00:09: ioport range 0x1008-0x100f has been reserved
system 00:0a: ioport range 0xf400-0xf4fe has been reserved
system 00:0a: ioport range 0x1006-0x1007 has been reserved
system 00:0a: ioport range 0x100a-0x1059 could not be reserved
system 00:0a: ioport range 0x1060-0x107f has been reserved
system 00:0a: ioport range 0x1080-0x10bf has been reserved
system 00:0a: ioport range 0x1100-0x111f has been reserved
system 00:0a: ioport range 0x1010-0x102f has been reserved
system 00:0a: ioport range 0x809-0x809 has been reserved
system 00:0b: iomem range 0x0-0x9efff could not be reserved
system 00:0b: iomem range 0x9f000-0x9ffff could not be reserved
system 00:0b: iomem range 0xc0000-0xcffff could not be reserved
system 00:0b: iomem range 0xe0000-0xfffff could not be reserved
system 00:0b: iomem range 0x100000-0x7dabf3ff could not be reserved
system 00:0b: iomem range 0x7dabf400-0x7dafffff could not be reserved
system 00:0b: iomem range 0x7db00000-0x7dbfffff has been reserved
system 00:0b: iomem range 0xffe00000-0xffffffff has been reserved
system 00:0b: iomem range 0xffa00000-0xffbfffff has been reserved
system 00:0b: iomem range 0xfec00000-0xfec0ffff has been reserved
system 00:0b: iomem range 0xfee00000-0xfee0ffff has been reserved
system 00:0b: iomem range 0xfed20000-0xfed8ffff has been reserved
system 00:0b: iomem range 0xfeda0000-0xfeda3fff has been reserved
system 00:0b: iomem range 0xfeda4000-0xfeda4fff has been reserved
system 00:0b: iomem range 0xfeda5000-0xfeda5fff has been reserved
system 00:0b: iomem range 0xfeda6000-0xfeda6fff has been reserved
system 00:0b: iomem range 0xfed1c800-0xfed1cfff has been reserved
system 00:0b: iomem range 0xfed18000-0xfed1bfff has been reserved
system 00:0b: iomem range 0xf8000000-0xfbffffff has been reserved
pci 0000:00:1c.0: PCI bridge, secondary bus 0000:0b
pci 0000:00:1c.0:   IO window: disabled
pci 0000:00:1c.0:   MEM window: disabled
pci 0000:00:1c.0:   PREFETCH window: disabled
pci 0000:00:1c.1: PCI bridge, secondary bus 0000:0c
pci 0000:00:1c.1:   IO window: disabled
pci 0000:00:1c.1:   MEM window: 0xf6900000-0xf69fffff
pci 0000:00:1c.1:   PREFETCH window: disabled
pci 0000:00:1c.2: PCI bridge, secondary bus 0000:09
pci 0000:00:1c.2:   IO window: 0xd000-0xdfff
pci 0000:00:1c.2:   MEM window: 0xf6800000-0xf68fffff
pci 0000:00:1c.2:   PREFETCH window: disabled
pci 0000:00:1c.4: PCI bridge, secondary bus 0000:0d
pci 0000:00:1c.4:   IO window: 0xc000-0xcfff
pci 0000:00:1c.4:   MEM window: 0xf6600000-0xf67fffff
pci 0000:00:1c.4:   PREFETCH window: 0x000000f0000000-0x000000f01fffff
pci 0000:00:1e.0: PCI bridge, secondary bus 0000:03
pci 0000:00:1e.0:   IO window: disabled
pci 0000:00:1e.0:   MEM window: disabled
pci 0000:00:1e.0:   PREFETCH window: disabled
pci 0000:00:1c.0: PCI INT A -&gt; GSI 16 (level, low) -&gt; IRQ 16
pci 0000:00:1c.0: setting latency timer to 64
pci 0000:00:1c.1: PCI INT B -&gt; GSI 17 (level, low) -&gt; IRQ 17
pci 0000:00:1c.1: setting latency timer to 64
pci 0000:00:1c.2: PCI INT C -&gt; GSI 18 (level, low) -&gt; IRQ 18
pci 0000:00:1c.2: setting latency timer to 64
pci 0000:00:1c.4: PCI INT A -&gt; GSI 16 (level, low) -&gt; IRQ 16
pci 0000:00:1c.4: setting latency timer to 64
pci 0000:00:1e.0: setting latency timer to 64
pci_bus 0000:00: resource 0 io:  [0x00-0xffff]
pci_bus 0000:00: resource 1 mem: [0x000000-0xffffffff]
pci_bus 0000:0b: resource 0 mem: [0x0-0x0]
pci_bus 0000:0b: resource 1 mem: [0x0-0x0]
pci_bus 0000:0b: resource 2 mem: [0x0-0x0]
pci_bus 0000:0b: resource 3 mem: [0x0-0x0]
pci_bus 0000:0c: resource 0 mem: [0x0-0x0]
pci_bus 0000:0c: resource 1 mem: [0xf6900000-0xf69fffff]
pci_bus 0000:0c: resource 2 mem: [0x0-0x0]
pci_bus 0000:0c: resource 3 mem: [0x0-0x0]
pci_bus 0000:09: resource 0 io:  [0xd000-0xdfff]
pci_bus 0000:09: resource 1 mem: [0xf6800000-0xf68fffff]
pci_bus 0000:09: resource 2 mem: [0x0-0x0]
pci_bus 0000:09: resource 3 mem: [0x0-0x0]
pci_bus 0000:0d: resource 0 io:  [0xc000-0xcfff]
pci_bus 0000:0d: resource 1 mem: [0xf6600000-0xf67fffff]
pci_bus 0000:0d: resource 2 mem: [0xf0000000-0xf01fffff]
pci_bus 0000:0d: resource 3 mem: [0x0-0x0]
pci_bus 0000:03: resource 0 mem: [0x0-0x0]
pci_bus 0000:03: resource 1 mem: [0x0-0x0]
pci_bus 0000:03: resource 2 mem: [0x0-0x0]
pci_bus 0000:03: resource 3 io:  [0x00-0xffff]
pci_bus 0000:03: resource 4 mem: [0x000000-0xffffffff]
NET: Registered protocol family 2
IP route cache hash table entries: 32768 (order: 5, 131072 bytes)
TCP established hash table entries: 131072 (order: 8, 1048576 bytes)
TCP bind hash table entries: 65536 (order: 6, 262144 bytes)
TCP: Hash tables configured (established 131072 bind 65536)
TCP reno registered
NET: Registered protocol family 1
Microcode Update Driver: v2.00 &lt;<A HREF="https://lists.berlios.de/mailman/listinfo/bcm43xx-dev">tigran at aivazian.fsnet.co.uk</A>&gt;, Peter Oruba
Scanning for low memory corruption every 60 seconds
highmem bounce pool size: 64 pages
NTFS driver 2.1.29 [Flags: R/W].
msgmni has been set to 1732
alg: No test for stdrng (krng)
io scheduler noop registered
io scheduler anticipatory registered
io scheduler deadline registered
io scheduler cfq registered (default)
pci 0000:00:02.0: Boot video device
pci 0000:00:1a.0: uhci_check_and_reset_hc: cmd = 0x0080
pci 0000:00:1a.0: Performing full reset
pci 0000:00:1a.1: uhci_check_and_reset_hc: cmd = 0x0080
pci 0000:00:1a.1: Performing full reset
pci 0000:00:1a.2: uhci_check_and_reset_hc: cmd = 0x0080
pci 0000:00:1a.2: Performing full reset
pci 0000:00:1d.0: uhci_check_and_reset_hc: cmd = 0x0080
pci 0000:00:1d.0: Performing full reset
pci 0000:00:1d.1: uhci_check_and_reset_hc: cmd = 0x0080
pci 0000:00:1d.1: Performing full reset
pci 0000:00:1d.2: uhci_check_and_reset_hc: cmd = 0x0080
pci 0000:00:1d.2: Performing full reset
pcieport-driver 0000:00:1c.0: setting latency timer to 64
pcieport-driver 0000:00:1c.1: setting latency timer to 64
pcieport-driver 0000:00:1c.2: setting latency timer to 64
pcieport-driver 0000:00:1c.4: setting latency timer to 64
Non-volatile memory driver v1.3
Linux agpgart interface v0.103
agpgart-intel 0000:00:00.0: Intel Mobile Intel&#194;&#174; GM45 Express Chipset
agpgart-intel 0000:00:00.0: detected 32764K stolen memory
agpgart-intel 0000:00:00.0: AGP aperture is 256M @ 0xe0000000
ACPI: AC Adapter [AC] (on-line)
ACPI: Battery Slot [BAT0] (battery present)
input: Lid Switch as /devices/LNXSYSTM:00/device:00/PNP0C0D:00/input/input0
ACPI: Lid Switch [LID]
input: Power Button (CM) as
/devices/LNXSYSTM:00/device:00/PNP0C0C:00/input/input1
ACPI: Power Button (CM) [PBTN]
input: Sleep Button (CM) as
/devices/LNXSYSTM:00/device:00/PNP0C0E:00/input/input2
ACPI: Sleep Button (CM) [SBTN]
Monitor-Mwait will be used to enter C-1 state
Monitor-Mwait will be used to enter C-2 state
ACPI: CPU0 (power states: C1[C1] C2[C2])
processor ACPI_CPU:00: registered as cooling_device0
ACPI: Processor [CPU0] (supports 8 throttling states)
thermal LNXTHERM:01: registered as thermal_zone0
ACPI: Thermal Zone [THM] (60 C)
[drm] Initialized drm 1.1.0 20060810
pci 0000:00:02.0: PCI INT A -&gt; GSI 16 (level, low) -&gt; IRQ 16
pci 0000:00:02.0: setting latency timer to 64
mtrr: type mismatch for e0000000,10000000 old: write-back new:
write-combining
[drm] MTRR allocation failed.  Graphics performance may suffer.
[drm] Initialized i915 1.6.0 20080730 on minor 0
Serial: 8250/16550 driver, 4 ports, IRQ sharing enabled
loop: module loaded
e100: Intel(R) PRO/100 Network Driver, 3.5.23-k6-NAPI
e100: Copyright(c) 1999-2006 Intel Corporation
sky2 driver version 1.22
sky2 0000:09:00.0: PCI INT A -&gt; GSI 18 (level, low) -&gt; IRQ 18
sky2 0000:09:00.0: setting latency timer to 64
sky2 0000:09:00.0: Yukon-2 FE+ chip revision 0
sky2 eth0: addr 00:23:ae:33:bf:88
Driver 'sd' needs updating - please use bus_type methods
Driver 'sr' needs updating - please use bus_type methods
ahci 0000:00:1f.2: version 3.0
ahci 0000:00:1f.2: PCI INT C -&gt; GSI 18 (level, low) -&gt; IRQ 18
ahci: SSS flag set, parallel bus scan disabled
ahci 0000:00:1f.2: AHCI 0001.0200 32 slots 4 ports 3 Gbps 0x33 impl SATA
mode
ahci 0000:00:1f.2: flags: 64bit ncq sntf stag pm led clo pio slum part ems
ahci 0000:00:1f.2: setting latency timer to 64
scsi0 : ahci
scsi1 : ahci
scsi2 : ahci
scsi3 : ahci
scsi4 : ahci
scsi5 : ahci
ata1: SATA max UDMA/133 abar <A HREF="https://lists.berlios.de/mailman/listinfo/bcm43xx-dev">m2048 at 0xfed1c800</A> port 0xfed1c900 irq 18
ata2: SATA max UDMA/133 abar <A HREF="https://lists.berlios.de/mailman/listinfo/bcm43xx-dev">m2048 at 0xfed1c800</A> port 0xfed1c980 irq 18
ata3: DUMMY
ata4: DUMMY
ata5: SATA max UDMA/133 abar <A HREF="https://lists.berlios.de/mailman/listinfo/bcm43xx-dev">m2048 at 0xfed1c800</A> port 0xfed1cb00 irq 18
ata6: SATA max UDMA/133 abar <A HREF="https://lists.berlios.de/mailman/listinfo/bcm43xx-dev">m2048 at 0xfed1c800</A> port 0xfed1cb80 irq 18
Switched to high resolution mode on CPU 0
ata1: SATA link up 3.0 Gbps (SStatus 123 SControl 300)
ata1.00: ATA-8: WDC WD1600BEVT-75ZCT2, 11.01A11, max UDMA/133
ata1.00: 312581808 sectors, multi 8: LBA48 NCQ (depth 31/32)
ata1.00: configured for UDMA/133
scsi 0:0:0:0: Direct-Access     ATA      WDC WD1600BEVT-7 11.0 PQ: 0 ANSI: 5
sd 0:0:0:0: [sda] 312581808 512-byte hardware sectors: (160 GB/149 GiB)
sd 0:0:0:0: [sda] Write Protect is off
sd 0:0:0:0: [sda] Mode Sense: 00 3a 00 00
sd 0:0:0:0: [sda] Write cache: enabled, read cache: enabled, doesn't support
DPO or FUA
sd 0:0:0:0: [sda] 312581808 512-byte hardware sectors: (160 GB/149 GiB)
sd 0:0:0:0: [sda] Write Protect is off
sd 0:0:0:0: [sda] Mode Sense: 00 3a 00 00
sd 0:0:0:0: [sda] Write cache: enabled, read cache: enabled, doesn't support
DPO or FUA
 sda: sda1 sda2 sda3
sd 0:0:0:0: [sda] Attached SCSI disk
sd 0:0:0:0: Attached scsi generic sg0 type 0
ata2: SATA link up 1.5 Gbps (SStatus 113 SControl 300)
ata2.00: ATAPI: HL-DT-ST DVD+/-RW GT10N, A105, max UDMA/100
ata2.00: configured for UDMA/100
scsi 1:0:0:0: CD-ROM            HL-DT-ST DVD+-RW GT10N    A105 PQ: 0 ANSI: 5
sr0: scsi3-mmc drive: 24x/24x writer dvd-ram cd/rw xa/form2 cdda tray
Uniform CD-ROM driver Revision: 3.20
sr 1:0:0:0: Attached scsi CD-ROM sr0
sr 1:0:0:0: Attached scsi generic sg1 type 5
drivers/usb/core/inode.c: creating file '001'
usbcore: registered new interface driver usblp
Initializing USB Mass Storage driver...
usbcore: registered new interface driver usb-storage
USB Mass Storage support registered.
PNP: PS/2 Controller [PNP0303:KBC,PNP0f13:PS2M] at 0x60,0x64 irq 1,12
i8042.c: Detected active multiplexing controller, rev 1.1.
serio: i8042 KBD port at 0x60,0x64 irq 1
serio: i8042 AUX0 port at 0x60,0x64 irq 12
serio: i8042 AUX1 port at 0x60,0x64 irq 12
serio: i8042 AUX2 port at 0x60,0x64 irq 12
serio: i8042 AUX3 port at 0x60,0x64 irq 12
mice: PS/2 mouse device common for all mice
rtc_cmos 00:03: RTC can wake from S4
rtc_cmos 00:03: rtc core: registered rtc_cmos as rtc0
rtc0: alarms up to one month, y3k, 114 bytes nvram, hpet irqs
i801_smbus 0000:00:1f.3: PCI INT B -&gt; GSI 18 (level, low) -&gt; IRQ 18
EDAC MC: Ver: 2.1.0 Jul  9 2009
cpuidle: using governor ladder
cpuidle: using governor menu
sdhci: Secure Digital Host Controller Interface driver
sdhci: Copyright(c) Pierre Ossman
ricoh-mmc: Ricoh MMC Controller disabling driver
ricoh-mmc: Copyright(c) Philip Langdale
usbcore: registered new interface driver hiddev
usbcore: registered new interface driver usbhid
usbhid: v2.6:USB HID core driver
Advanced Linux Sound Architecture Driver Version 1.0.18a.
HDA Intel 0000:00:1b.0: PCI INT A -&gt; GSI 21 (level, low) -&gt; IRQ 21
HDA Intel 0000:00:1b.0: setting latency timer to 64
Marking TSC unstable due to TSC halts in idle
ehci_hcd 0000:00:1a.7: GetStatus port 5 status 001803 POWER sig=j CSC
CONNECT
hub 1-0:1.0: port 5: status 0501 change 0001
ALSA device list:
  #0: HDA Intel at 0xf6afc000 irq 21
TCP cubic registered
Initializing XFRM netlink socket
NET: Registered protocol family 17
NET: Registered protocol family 15
lib80211: common routines for IEEE802.11 drivers
lib80211_crypt: registered algorithm 'NULL'
ehci_hcd 0000:00:1d.7: GetStatus port 3 status 001403 POWER sig=k CSC
CONNECT
hub 2-0:1.0: port 3: status 0501 change 0001
uhci_hcd 0000:00:1a.2: port 1 portsc 0082,00
uhci_hcd 0000:00:1d.1: port 1 portsc 008a,00
hub 3-0:1.0: state 7 ports 2 chg 0000 evt 0000
hub 4-0:1.0: state 7 ports 2 chg 0000 evt 0000
hub 6-0:1.0: state 7 ports 2 chg 0000 evt 0000
Using IPI Shortcut mode
  Magic number: 1:511:691
sound timer: hash matches
hub 8-0:1.0: state 7 ports 2 chg 0000 evt 0000
hub 1-0:1.0: state 7 ports 6 chg 0020 evt 0000
hub 1-0:1.0: port 5, status 0501, change 0000, 480 Mb/s
ehci_hcd 0000:00:1a.7: port 5 high speed
ehci_hcd 0000:00:1a.7: GetStatus port 5 status 001005 POWER sig=se0 PE
CONNECT
input: AT Translated Set 2 keyboard as
/devices/platform/i8042/serio0/input/input3
usb 1-5: new high speed USB device using ehci_hcd and address 2
Clocksource tsc unstable (delta = -202086657 ns)
input: PS/2 Mouse as /devices/platform/i8042/serio2/input/input5
input: AlpsPS/2 ALPS GlidePoint as
/devices/platform/i8042/serio2/input/input6
usb usb5: suspend_rh (auto-stop)
kjournald starting.  Commit interval 5 seconds
EXT3-fs: mounted filesystem with ordered data mode.
VFS: Mounted root (ext3 filesystem) readonly on device 8:3.
Freeing unused kernel memory: 288k freed
input: PS/2 Mouse as /devices/platform/i8042/serio2/input/input7
input: AlpsPS/2 ALPS GlidePoint as
/devices/platform/i8042/serio2/input/input8
udev: starting version 141
EXT3 FS on sda3, internal journal
Broadcom 43xx driver loaded [ Features: PL, Firmware-ID: FW13 ]
..
-------------- next part --------------
An HTML attachment was scrubbed...
URL: &lt;<A HREF="https://lists.berlios.de/pipermail/bcm43xx-dev/attachments/20090709/4c33c156/attachment.html">https://lists.berlios.de/pipermail/bcm43xx-dev/attachments/20090709/4c33c156/attachment.html</A>&gt;
</PRE>

<!--endarticle-->
    <HR>
    <P><UL>
        <!--threads-->
	<LI>Previous message: <A HREF="005585.html">Ask for help about openChrome killing Broadcom
</A></li>
	<LI>Next message: <A HREF="005587.html">BCM4312: Not Creating Interface in Gentoo Linux (2.6.29)
</A></li>
         <LI> <B>Messages sorted by:</B> 
              <a href="date.html#5586">[ date ]</a>
              <a href="thread.html#5586">[ thread ]</a>
              <a href="subject.html#5586">[ subject ]</a>
              <a href="author.html#5586">[ author ]</a>
         </LI>
       </UL>

<hr>
<a href="https://lists.berlios.de/mailman/listinfo/bcm43xx-dev">More information about the Bcm43xx-dev
mailing list</a><br>
</body></html>
