<!DOCTYPE HTML PUBLIC "-//W3C//DTD HTML 4.01 Transitional//EN">
<HTML>
 <HEAD>
   <TITLE> b43: does not connect with essid=any
   </TITLE>
   <LINK REL="Index" HREF="http://lists.berlios.de/pipermail/bcm43xx-dev/2009-July/index.html" >
   <LINK REL="made" HREF="mailto:bcm43xx-dev%40lists.berlios.de?Subject=Re%3A%20b43%3A%20does%20not%20connect%20with%20essid%3Dany&In-Reply-To=%3C20090702215833.GA16327%40math.berkeley.edu%3E">
   <META NAME="robots" CONTENT="index,nofollow">
   <style type="text/css">
       pre {
           white-space: pre-wrap;       /* css-2.1, curent FF, Opera, Safari */
           }
   </style>
   <META http-equiv="Content-Type" content="text/html; charset=us-ascii">
   <LINK REL="Previous"  HREF="005575.html">
   <LINK REL="Next"  HREF="005574.html">
 </HEAD>
 <BODY BGCOLOR="#ffffff">
   <H1>b43: does not connect with essid=any</H1>
    <B>Paul Vojta</B> 
    <A HREF="mailto:bcm43xx-dev%40lists.berlios.de?Subject=Re%3A%20b43%3A%20does%20not%20connect%20with%20essid%3Dany&In-Reply-To=%3C20090702215833.GA16327%40math.berkeley.edu%3E"
       TITLE="b43: does not connect with essid=any">vojta at math.berkeley.edu
       </A><BR>
    <I>Thu Jul  2 23:58:33 CEST 2009</I>
    <P><UL>
        <LI>Previous message: <A HREF="005575.html">b43: does not connect with essid=any
</A></li>
        <LI>Next message: <A HREF="005574.html">b43: does not connect with essid=any
</A></li>
         <LI> <B>Messages sorted by:</B> 
              <a href="date.html#5573">[ date ]</a>
              <a href="thread.html#5573">[ thread ]</a>
              <a href="subject.html#5573">[ subject ]</a>
              <a href="author.html#5573">[ author ]</a>
         </LI>
       </UL>
    <HR>  
<!--beginarticle-->
<PRE>Oops, I forgot to attach the files.

--Paul Vojta


On Thu, Jul 02, 2009 at 02:48:24PM -0700, Paul Vojta wrote:
&gt;<i> Folks:
</I>&gt;<i> 
</I>&gt;<i> In recent kernels (2.6.30 and 2.6.31-rc1-git8, but not 2.6.29) I am no longer
</I>&gt;<i> able to connect to a wireless access point with essid=any.  ...
</I>-------------- next part --------------
_~# uname -a
Linux xps 2.6.30 #2 SMP Sat Jun 13 22:33:55 PDT 2009 x86_64 GNU/Linux
_~# lspci -vvn | grep 43 -A7
03:01.2 0880: 1180:0843 (rev 12)
	Subsystem: 1028:0209
	Control: I/O- Mem+ BusMaster+ SpecCycle- MemWINV- VGASnoop- ParErr- Stepping- SERR+ FastB2B- DisINTx-
	Status: Cap+ 66MHz- UDF- FastB2B- ParErr- DEVSEL=medium &gt;TAbort- &lt;TAbort- &lt;MAbort- &gt;SERR- &lt;PERR- INTx-
	Latency: 64, Cache Line Size: 64 bytes
	Interrupt: pin B routed to IRQ 4
	Region 0: Memory at f1aff500 (32-bit, non-prefetchable) [size=256]
	Capabilities: [80] Power Management version 2
--
0c:00.0 0280: 14e4:4311 (rev 01)
	Subsystem: 1028:0007
	Control: I/O+ Mem+ BusMaster+ SpecCycle- MemWINV- VGASnoop- ParErr- Stepping- SERR+ FastB2B- DisINTx-
	Status: Cap+ 66MHz- UDF- FastB2B- ParErr- DEVSEL=fast &gt;TAbort- &lt;TAbort- &lt;MAbort- &gt;SERR- &lt;PERR- INTx-
	Latency: 0, Cache Line Size: 64 bytes
	Interrupt: pin A routed to IRQ 17
	Region 0: Memory at f1ffc000 (32-bit, non-prefetchable) [size=16K]
	Capabilities: [40] Power Management version 2
--
	Kernel driver in use: b43-pci-bridge

_~# dmesg
Linux version 2.6.30 (<A HREF="https://lists.berlios.de/mailman/listinfo/bcm43xx-dev">vojta at xps</A>) (gcc version 4.3.3 (Debian 4.3.3-10) ) #2 SMP Sat Jun 13 22:33:55 PDT 2009
Command line: BOOT_IMAGE=6 ro root=805
KERNEL supported cpus:
  Intel GenuineIntel
  AMD AuthenticAMD
  Centaur CentaurHauls
BIOS-provided physical RAM map:
 BIOS-e820: 0000000000000000 - 000000000009f000 (usable)
 BIOS-e820: 000000000009f000 - 00000000000a0000 (reserved)
 BIOS-e820: 0000000000100000 - 000000007fe6d800 (usable)
 BIOS-e820: 000000007fe6d800 - 0000000080000000 (reserved)
 BIOS-e820: 00000000f8000000 - 00000000fc000000 (reserved)
 BIOS-e820: 00000000fec00000 - 00000000fec10000 (reserved)
 BIOS-e820: 00000000fed18000 - 00000000fed1c000 (reserved)
 BIOS-e820: 00000000fed20000 - 00000000fed90000 (reserved)
 BIOS-e820: 00000000feda0000 - 00000000feda6000 (reserved)
 BIOS-e820: 00000000fee00000 - 00000000fee10000 (reserved)
 BIOS-e820: 00000000ffe00000 - 0000000100000000 (reserved)
DMI 2.4 present.
last_pfn = 0x7fe6d max_arch_pfn = 0x100000000
MTRR default type: uncachable
MTRR fixed ranges enabled:
  00000-9FFFF write-back
  A0000-BFFFF uncachable
  C0000-CFFFF write-protect
  D0000-EFFFF uncachable
  F0000-FFFFF write-protect
MTRR variable ranges enabled:
  0 base 000000000 mask F80000000 write-back
  1 base 07FF00000 mask FFFF00000 uncachable
  2 disabled
  3 disabled
  4 disabled
  5 disabled
  6 disabled
  7 disabled
init_memory_mapping: 0000000000000000-000000007fe6d000
 0000000000 - 007fe00000 page 2M
 007fe00000 - 007fe6d000 page 4k
kernel direct mapping tables up to 7fe6d000 @ 8000-c000
ACPI: RSDP 00000000000fbc00 00024 (v02 DELL  )
ACPI: XSDT 000000007fe6f200 0005C (v01 DELL    M08     27D80B13 ASL  00000061)
ACPI: FACP 000000007fe6f09c 000F4 (v04 DELL    M08     27D80B13 ASL  00000061)
ACPI: DSDT 000000007fe6f800 05733 (v02 INT430 SYSFexxx 00001001 INTL 20050624)
ACPI: FACS 000000007fe7e000 00040
ACPI: HPET 000000007fe6f300 00038 (v01 DELL    M08     00000001 ASL  00000061)
ACPI: APIC 000000007fe6f400 00068 (v01 DELL    M08     27D80B13 ASL  00000047)
ACPI: MCFG 000000007fe6f3c0 0003E (v16 DELL    M08     27D80B13 ASL  00000061)
ACPI: SLIC 000000007fe6f49c 00176 (v01 DELL    M08     27D80B13 ASL  00000061)
ACPI: BOOT 000000007fe6efc0 00028 (v01 DELL    M08     27D80B13 ASL  00000061)
ACPI: SSDT 000000007fe6da82 004CC (v01  PmRef    CpuPm 00003000 INTL 20050624)
ACPI: Local APIC address 0xfee00000
(6 early reservations) ==&gt; bootmem [0000000000 - 007fe6d000]
  #0 [0000000000 - 0000001000]   BIOS data page ==&gt; [0000000000 - 0000001000]
  #1 [0000006000 - 0000008000]       TRAMPOLINE ==&gt; [0000006000 - 0000008000]
  #2 [0000200000 - 0000791b80]    TEXT DATA BSS ==&gt; [0000200000 - 0000791b80]
  #3 [000009f000 - 0000100000]    BIOS reserved ==&gt; [000009f000 - 0000100000]
  #4 [0000792000 - 00007921ec]              BRK ==&gt; [0000792000 - 00007921ec]
  #5 [0000008000 - 000000a000]          PGTABLE ==&gt; [0000008000 - 000000a000]
 [ffffe20000000000-ffffe20001bfffff] PMD -&gt; [ffff880001200000-ffff880002dfffff] on node 0
Zone PFN ranges:
  DMA      0x00000000 -&gt; 0x00001000
  DMA32    0x00001000 -&gt; 0x00100000
  Normal   0x00100000 -&gt; 0x00100000
Movable zone start PFN for each node
early_node_map[2] active PFN ranges
    0: 0x00000000 -&gt; 0x0000009f
    0: 0x00000100 -&gt; 0x0007fe6d
On node 0 totalpages: 523788
  DMA zone: 56 pages used for memmap
  DMA zone: 1527 pages reserved
  DMA zone: 2416 pages, LIFO batch:0
  DMA32 zone: 7107 pages used for memmap
  DMA32 zone: 512682 pages, LIFO batch:31
ACPI: PM-Timer IO Port: 0x1008
ACPI: Local APIC address 0xfee00000
ACPI: LAPIC (acpi_id[0x00] lapic_id[0x00] enabled)
ACPI: LAPIC (acpi_id[0x01] lapic_id[0x01] enabled)
ACPI: LAPIC_NMI (acpi_id[0x00] high edge lint[0x1])
ACPI: LAPIC_NMI (acpi_id[0x01] high edge lint[0x1])
ACPI: IOAPIC (id[0x02] address[0xfec00000] gsi_base[0])
IOAPIC[0]: apic_id 2, version 0, address 0xfec00000, GSI 0-23
ACPI: INT_SRC_OVR (bus 0 bus_irq 0 global_irq 2 dfl dfl)
ACPI: INT_SRC_OVR (bus 0 bus_irq 9 global_irq 9 high level)
ACPI: IRQ0 used by override.
ACPI: IRQ2 used by override.
ACPI: IRQ9 used by override.
Using ACPI (MADT) for SMP configuration information
ACPI: HPET id: 0x8086a201 base: 0xfed00000
SMP: Allowing 2 CPUs, 0 hotplug CPUs
nr_irqs_gsi: 24
Allocating PCI resources starting at 88000000 (gap: 80000000:78000000)
NR_CPUS:2 nr_cpumask_bits:2 nr_cpu_ids:2 nr_node_ids:1
PERCPU: Embedded 24 pages at ffff880001010000, static data 69600 bytes
Built 1 zonelists in Zone order, mobility grouping on.  Total pages: 515098
Kernel command line: BOOT_IMAGE=6 ro root=805
Initializing CPU#0
NR_IRQS:320
PID hash table entries: 4096 (order: 12, 32768 bytes)
Extended CMOS year: 2000
Fast TSC calibration using PIT
Detected 1496.173 MHz processor.
Console: colour VGA+ 80x25
console [tty0] enabled
Dentry cache hash table entries: 262144 (order: 9, 2097152 bytes)
Inode-cache hash table entries: 131072 (order: 8, 1048576 bytes)
Checking aperture...
No AGP bridge found
Memory: 2056716k/2095540k available (3562k kernel code, 388k absent, 37796k reserved, 1392k data, 340k init)
SLUB: Genslabs=13, HWalign=64, Order=0-3, MinObjects=0, CPUs=2, Nodes=1
hpet clockevent registered
Calibrating delay loop (skipped), value calculated using timer frequency.. 2992.34 BogoMIPS (lpj=5984692)
Mount-cache hash table entries: 256
CPU: L1 I cache: 32K, L1 D cache: 32K
CPU: L2 cache: 2048K
CPU: Physical Processor ID: 0
CPU: Processor Core ID: 0
CPU0: Thermal monitoring enabled (TM2)
using mwait in idle threads.
ACPI: Core revision 20090320
Setting APIC routing to flat
..TIMER: vector=0x30 apic1=0 pin1=2 apic2=-1 pin2=-1
CPU0: Intel(R) Core(TM)2 Duo CPU     T5250  @ 1.50GHz stepping 0d
Booting processor 1 APIC 0x1 ip 0x6000
Initializing CPU#1
Calibrating delay using timer specific routine.. 2992.50 BogoMIPS (lpj=5985009)
CPU: L1 I cache: 32K, L1 D cache: 32K
CPU: L2 cache: 2048K
CPU: Physical Processor ID: 0
CPU: Processor Core ID: 1
CPU1: Thermal monitoring enabled (TM2)
CPU1: Intel(R) Core(TM)2 Duo CPU     T5250  @ 1.50GHz stepping 0d
checking TSC synchronization [CPU#0 -&gt; CPU#1]: passed.
Brought up 2 CPUs
Total of 2 processors activated (5984.85 BogoMIPS).
net_namespace: 560 bytes
NET: Registered protocol family 16
ACPI: bus type pci registered
PCI: MCFG configuration 0: base f8000000 segment 0 buses 0 - 63
PCI: MCFG area at f8000000 reserved in E820
PCI: Using MMCONFIG at f8000000 - fbffffff
PCI: Using configuration type 1 for base access
bio: create slab &lt;bio-0&gt; at 0
ACPI: EC: Look up EC in DSDT
ACPI: SSDT 000000007fe7e080 00043 (v01  LMPWR  DELLLOM 00001001 INTL 20050624)
ACPI: Interpreter enabled
ACPI: (supports S0 S3 S5)
ACPI: Using IOAPIC for interrupt routing
ACPI: PCI Root Bridge [PCI0] (0000:00)
pci 0000:00:01.0: PME# supported from D0 D3hot D3cold
pci 0000:00:01.0: PME# disabled
pci 0000:00:1a.0: reg 20 io port: [0x6f20-0x6f3f]
pci 0000:00:1a.1: reg 20 io port: [0x6f00-0x6f1f]
pci 0000:00:1a.7: reg 10 32bit mmio: [0xfed1c400-0xfed1c7ff]
pci 0000:00:1a.7: PME# supported from D0 D3hot D3cold
pci 0000:00:1a.7: PME# disabled
pci 0000:00:1b.0: reg 10 64bit mmio: [0xf6ffc000-0xf6ffffff]
pci 0000:00:1b.0: PME# supported from D0 D3hot D3cold
pci 0000:00:1b.0: PME# disabled
pci 0000:00:1c.0: PME# supported from D0 D3hot D3cold
pci 0000:00:1c.0: PME# disabled
pci 0000:00:1c.1: PME# supported from D0 D3hot D3cold
pci 0000:00:1c.1: PME# disabled
pci 0000:00:1c.3: PME# supported from D0 D3hot D3cold
pci 0000:00:1c.3: PME# disabled
pci 0000:00:1c.5: PME# supported from D0 D3hot D3cold
pci 0000:00:1c.5: PME# disabled
pci 0000:00:1d.0: reg 20 io port: [0x6f80-0x6f9f]
pci 0000:00:1d.1: reg 20 io port: [0x6f60-0x6f7f]
pci 0000:00:1d.2: reg 20 io port: [0x6f40-0x6f5f]
pci 0000:00:1d.7: reg 10 32bit mmio: [0xfed1c000-0xfed1c3ff]
pci 0000:00:1d.7: PME# supported from D0 D3hot D3cold
pci 0000:00:1d.7: PME# disabled
pci 0000:00:1f.0: quirk: region 1000-107f claimed by ICH6 ACPI/GPIO/TCO
pci 0000:00:1f.0: quirk: region 1080-10bf claimed by ICH6 GPIO
pci 0000:00:1f.0: ICH7 LPC Generic IO decode 1 PIO at 0900 (mask 007f)
pci 0000:00:1f.0: ICH7 LPC Generic IO decode 3 PIO at 0c80 (mask 003f)
pci 0000:00:1f.1: reg 10 io port: [0x1f0-0x1f7]
pci 0000:00:1f.1: reg 14 io port: [0x3f4-0x3f7]
pci 0000:00:1f.1: reg 18 io port: [0x170-0x177]
pci 0000:00:1f.1: reg 1c io port: [0x374-0x377]
pci 0000:00:1f.1: reg 20 io port: [0x6fa0-0x6faf]
pci 0000:00:1f.2: reg 10 io port: [0x6eb0-0x6eb7]
pci 0000:00:1f.2: reg 14 io port: [0x6eb8-0x6ebb]
pci 0000:00:1f.2: reg 18 io port: [0x6ec0-0x6ec7]
pci 0000:00:1f.2: reg 1c io port: [0x6ec8-0x6ecb]
pci 0000:00:1f.2: reg 20 io port: [0x6ee0-0x6eff]
pci 0000:00:1f.2: reg 24 32bit mmio: [0xf6ffb800-0xf6ffbfff]
pci 0000:00:1f.2: PME# supported from D3hot
pci 0000:00:1f.2: PME# disabled
pci 0000:00:1f.3: reg 10 32bit mmio: [0xf6ffb700-0xf6ffb7ff]
pci 0000:00:1f.3: reg 20 io port: [0x10c0-0x10df]
pci 0000:01:00.0: reg 10 32bit mmio: [0xf5000000-0xf5ffffff]
pci 0000:01:00.0: reg 14 64bit mmio: [0xe0000000-0xefffffff]
pci 0000:01:00.0: reg 1c 64bit mmio: [0xf2000000-0xf3ffffff]
pci 0000:01:00.0: reg 24 io port: [0xef00-0xef7f]
pci 0000:01:00.0: reg 30 32bit mmio: [0x000000-0x01ffff]
pci 0000:00:01.0: bridge io port: [0xe000-0xefff]
pci 0000:00:01.0: bridge 32bit mmio: [0xf2000000-0xf6efffff]
pci 0000:00:01.0: bridge 64bit mmio pref: [0xe0000000-0xefffffff]
pci 0000:0c:00.0: reg 10 32bit mmio: [0xf1ffc000-0xf1ffffff]
pci 0000:0c:00.0: supports D1 D2
pci 0000:00:1c.1: bridge 32bit mmio: [0xf1f00000-0xf1ffffff]
pci 0000:00:1c.3: bridge io port: [0xd000-0xdfff]
pci 0000:00:1c.3: bridge 32bit mmio: [0xf1c00000-0xf1efffff]
pci 0000:00:1c.3: bridge 64bit mmio pref: [0xf0000000-0xf01fffff]
pci 0000:09:00.0: reg 10 64bit mmio: [0xf1bf0000-0xf1bfffff]
pci 0000:09:00.0: PME# supported from D3hot D3cold
pci 0000:09:00.0: PME# disabled
pci 0000:00:1c.5: bridge 32bit mmio: [0xf1b00000-0xf1bfffff]
pci 0000:03:01.0: reg 10 32bit mmio: [0xf1aff800-0xf1afffff]
pci 0000:03:01.0: supports D1 D2
pci 0000:03:01.0: PME# supported from D0 D1 D2 D3hot D3cold
pci 0000:03:01.0: PME# disabled
pci 0000:03:01.1: reg 10 32bit mmio: [0xf1aff400-0xf1aff4ff]
pci 0000:03:01.1: supports D1 D2
pci 0000:03:01.1: PME# supported from D0 D1 D2 D3hot D3cold
pci 0000:03:01.1: PME# disabled
pci 0000:03:01.2: reg 10 32bit mmio: [0xf1aff500-0xf1aff5ff]
pci 0000:03:01.2: supports D1 D2
pci 0000:03:01.2: PME# supported from D0 D1 D2 D3hot D3cold
pci 0000:03:01.2: PME# disabled
pci 0000:03:01.3: reg 10 32bit mmio: [0xf1aff600-0xf1aff6ff]
pci 0000:03:01.3: supports D1 D2
pci 0000:03:01.3: PME# supported from D0 D1 D2 D3hot D3cold
pci 0000:03:01.3: PME# disabled
pci 0000:03:01.4: reg 10 32bit mmio: [0xf1aff700-0xf1aff7ff]
pci 0000:03:01.4: supports D1 D2
pci 0000:03:01.4: PME# supported from D0 D1 D2 D3hot D3cold
pci 0000:03:01.4: PME# disabled
pci 0000:00:1e.0: transparent bridge
pci 0000:00:1e.0: bridge 32bit mmio: [0xf1a00000-0xf1afffff]
pci_bus 0000:00: on NUMA node 0
ACPI: PCI Interrupt Routing Table [\_SB_.PCI0._PRT]
ACPI: PCI Interrupt Routing Table [\_SB_.PCI0.PCIE._PRT]
ACPI: PCI Interrupt Routing Table [\_SB_.PCI0.AGP_._PRT]
ACPI: PCI Interrupt Routing Table [\_SB_.PCI0.RP01._PRT]
ACPI: PCI Interrupt Routing Table [\_SB_.PCI0.RP02._PRT]
ACPI: PCI Interrupt Routing Table [\_SB_.PCI0.RP04._PRT]
ACPI: PCI Interrupt Routing Table [\_SB_.PCI0.RP06._PRT]
ACPI: PCI Interrupt Link [LNKA] (IRQs 9 10 11) *7
ACPI: PCI Interrupt Link [LNKB] (IRQs 5 7) *10
ACPI: PCI Interrupt Link [LNKC] (IRQs 9 10 11) *4
ACPI: PCI Interrupt Link [LNKD] (IRQs *5 7 9 10 11)
ACPI: PCI Interrupt Link [LNKE] (IRQs 3 4 5 6 7 9 10 *11 12 14 15)
ACPI: PCI Interrupt Link [LNKF] (IRQs 3 4 5 6 7 9 *10 11 12 14 15)
ACPI: PCI Interrupt Link [LNKG] (IRQs 3 4 5 6 7 *9 10 11 12 14 15)
ACPI: PCI Interrupt Link [LNKH] (IRQs 3 4 5 6 7 9 10 11 12 14 15) *0, disabled.
SCSI subsystem initialized
libata version 3.00 loaded.
usbcore: registered new interface driver usbfs
usbcore: registered new interface driver hub
usbcore: registered new device driver usb
PCI: Using ACPI for IRQ routing
cfg80211: Using static regulatory domain info
cfg80211: Regulatory domain: US
	(start_freq - end_freq @ bandwidth), (max_antenna_gain, max_eirp)
	(2402000 KHz - 2472000 KHz @ 40000 KHz), (600 mBi, 2700 mBm)
	(5170000 KHz - 5190000 KHz @ 40000 KHz), (600 mBi, 2300 mBm)
	(5190000 KHz - 5210000 KHz @ 40000 KHz), (600 mBi, 2300 mBm)
	(5210000 KHz - 5230000 KHz @ 40000 KHz), (600 mBi, 2300 mBm)
	(5230000 KHz - 5330000 KHz @ 40000 KHz), (600 mBi, 2300 mBm)
	(5735000 KHz - 5835000 KHz @ 40000 KHz), (600 mBi, 3000 mBm)
cfg80211: Calling CRDA for country: US
hpet0: at MMIO 0xfed00000, IRQs 2, 8, 0
hpet0: 3 comparators, 64-bit 14.318180 MHz counter
pnp: PnP ACPI init
ACPI: bus type pnp registered
pnp 00:09: io resource (0x1000-0x1005) overlaps 0000:00:1f.0 BAR 7 (0x1000-0x107f), disabling
pnp 00:09: io resource (0x1008-0x100f) overlaps 0000:00:1f.0 BAR 7 (0x1000-0x107f), disabling
pnp 00:0a: io resource (0x1006-0x1007) overlaps 0000:00:1f.0 BAR 7 (0x1000-0x107f), disabling
pnp 00:0a: io resource (0x100a-0x1059) overlaps 0000:00:1f.0 BAR 7 (0x1000-0x107f), disabling
pnp 00:0a: io resource (0x1060-0x107f) overlaps 0000:00:1f.0 BAR 7 (0x1000-0x107f), disabling
pnp 00:0a: io resource (0x1010-0x102f) overlaps 0000:00:1f.0 BAR 7 (0x1000-0x107f), disabling
pnp: PnP ACPI: found 12 devices
ACPI: ACPI bus type pnp unregistered
system 00:05: ioport range 0xc80-0xcff could not be reserved
system 00:08: iomem range 0xfed00000-0xfed003ff has been reserved
system 00:09: ioport range 0x900-0x97f has been reserved
system 00:09: ioport range 0x4d0-0x4d1 has been reserved
system 00:0a: ioport range 0xf400-0xf4fe has been reserved
system 00:0a: ioport range 0x1080-0x10bf has been reserved
system 00:0a: ioport range 0x10c0-0x10df has been reserved
system 00:0a: ioport range 0x809-0x809 has been reserved
system 00:0b: iomem range 0x0-0x9efff could not be reserved
system 00:0b: iomem range 0x9f000-0x9ffff could not be reserved
system 00:0b: iomem range 0xc0000-0xcffff has been reserved
system 00:0b: iomem range 0xe0000-0xfffff has been reserved
system 00:0b: iomem range 0x100000-0x7fe6d7ff could not be reserved
system 00:0b: iomem range 0x7fe6d800-0x7fefffff has been reserved
system 00:0b: iomem range 0x7ff00000-0x7fffffff has been reserved
system 00:0b: iomem range 0x7ff00000-0x806fffff could not be reserved
system 00:0b: iomem range 0xffe00000-0xffffffff has been reserved
system 00:0b: iomem range 0xffa00000-0xffbfffff has been reserved
system 00:0b: iomem range 0xfec00000-0xfec0ffff has been reserved
system 00:0b: iomem range 0xfee00000-0xfee0ffff has been reserved
system 00:0b: iomem range 0xfed20000-0xfed8ffff has been reserved
system 00:0b: iomem range 0xfeda0000-0xfeda3fff has been reserved
system 00:0b: iomem range 0xfeda4000-0xfeda4fff has been reserved
system 00:0b: iomem range 0xfeda5000-0xfeda5fff has been reserved
system 00:0b: iomem range 0xfeda6000-0xfeda6fff has been reserved
system 00:0b: iomem range 0xfed18000-0xfed1bfff has been reserved
system 00:0b: iomem range 0xf8000000-0xfbffffff has been reserved
b43-pci-bridge 0000:0c:00.0: PCI INT A -&gt; GSI 17 (level, low) -&gt; IRQ 17
b43-pci-bridge 0000:0c:00.0: setting latency timer to 64
ssb: Sonics Silicon Backplane found on PCI device 0000:0c:00.0
pci 0000:00:01.0: PCI bridge, secondary bus 0000:01
pci 0000:00:01.0:   IO window: 0xe000-0xefff
pci 0000:00:01.0:   MEM window: 0xf2000000-0xf6efffff
pci 0000:00:01.0:   PREFETCH window: 0x000000e0000000-0x000000efffffff
pci 0000:00:1c.0: PCI bridge, secondary bus 0000:0b
pci 0000:00:1c.0:   IO window: disabled
pci 0000:00:1c.0:   MEM window: disabled
pci 0000:00:1c.0:   PREFETCH window: disabled
pci 0000:00:1c.1: PCI bridge, secondary bus 0000:0c
pci 0000:00:1c.1:   IO window: disabled
pci 0000:00:1c.1:   MEM window: 0xf1f00000-0xf1ffffff
pci 0000:00:1c.1:   PREFETCH window: disabled
pci 0000:00:1c.3: PCI bridge, secondary bus 0000:0d
pci 0000:00:1c.3:   IO window: 0xd000-0xdfff
pci 0000:00:1c.3:   MEM window: 0xf1c00000-0xf1efffff
pci 0000:00:1c.3:   PREFETCH window: 0x000000f0000000-0x000000f01fffff
pci 0000:00:1c.5: PCI bridge, secondary bus 0000:09
pci 0000:00:1c.5:   IO window: disabled
pci 0000:00:1c.5:   MEM window: 0xf1b00000-0xf1bfffff
pci 0000:00:1c.5:   PREFETCH window: disabled
pci 0000:00:1e.0: PCI bridge, secondary bus 0000:03
pci 0000:00:1e.0:   IO window: disabled
pci 0000:00:1e.0:   MEM window: 0xf1a00000-0xf1afffff
pci 0000:00:1e.0:   PREFETCH window: disabled
pci 0000:00:01.0: PCI INT A -&gt; GSI 16 (level, low) -&gt; IRQ 16
pci 0000:00:01.0: setting latency timer to 64
pci 0000:00:1c.0: PCI INT A -&gt; GSI 16 (level, low) -&gt; IRQ 16
pci 0000:00:1c.0: setting latency timer to 64
pci 0000:00:1c.1: PCI INT B -&gt; GSI 17 (level, low) -&gt; IRQ 17
pci 0000:00:1c.1: setting latency timer to 64
pci 0000:00:1c.3: PCI INT D -&gt; GSI 19 (level, low) -&gt; IRQ 19
pci 0000:00:1c.3: setting latency timer to 64
pci 0000:00:1c.5: PCI INT B -&gt; GSI 17 (level, low) -&gt; IRQ 17
pci 0000:00:1c.5: setting latency timer to 64
pci 0000:00:1e.0: setting latency timer to 64
pci_bus 0000:00: resource 0 io:  [0x00-0xffff]
pci_bus 0000:00: resource 1 mem: [0x000000-0xffffffffffffffff]
pci_bus 0000:01: resource 0 io:  [0xe000-0xefff]
pci_bus 0000:01: resource 1 mem: [0xf2000000-0xf6efffff]
pci_bus 0000:01: resource 2 pref mem [0xe0000000-0xefffffff]
pci_bus 0000:0c: resource 1 mem: [0xf1f00000-0xf1ffffff]
pci_bus 0000:0d: resource 0 io:  [0xd000-0xdfff]
pci_bus 0000:0d: resource 1 mem: [0xf1c00000-0xf1efffff]
pci_bus 0000:0d: resource 2 pref mem [0xf0000000-0xf01fffff]
pci_bus 0000:09: resource 1 mem: [0xf1b00000-0xf1bfffff]
pci_bus 0000:03: resource 1 mem: [0xf1a00000-0xf1afffff]
pci_bus 0000:03: resource 3 io:  [0x00-0xffff]
pci_bus 0000:03: resource 4 mem: [0x000000-0xffffffffffffffff]
NET: Registered protocol family 2
IP route cache hash table entries: 65536 (order: 7, 524288 bytes)
TCP established hash table entries: 262144 (order: 10, 4194304 bytes)
TCP bind hash table entries: 65536 (order: 8, 1048576 bytes)
TCP: Hash tables configured (established 262144 bind 65536)
TCP reno registered
NET: Registered protocol family 1
Simple Boot Flag at 0x79 set to 0x1
NTFS driver 2.1.29 [Flags: R/O].
msgmni has been set to 4018
alg: No test for stdrng (krng)
io scheduler noop registered
io scheduler anticipatory registered
io scheduler deadline registered
io scheduler cfq registered (default)
pci 0000:01:00.0: Boot video device
ACPI: AC Adapter [AC] (on-line)
input: Lid Switch as /devices/LNXSYSTM:00/device:00/PNP0C0D:00/input/input0
ACPI: Lid Switch [LID]
input: Power Button as /devices/LNXSYSTM:00/device:00/PNP0C0C:00/input/input1
ACPI: Power Button [PBTN]
input: Sleep Button as /devices/LNXSYSTM:00/device:00/PNP0C0E:00/input/input2
ACPI: Sleep Button [SBTN]
ACPI: SSDT 000000007fe6e5b8 001C0 (v01  PmRef  Cpu0Ist 00003000 INTL 20050624)
ACPI: SSDT 000000007fe6df4e 005E5 (v01  PmRef  Cpu0Cst 00003001 INTL 20050624)
Monitor-Mwait will be used to enter C-1 state
Monitor-Mwait will be used to enter C-2 state
Monitor-Mwait will be used to enter C-3 state
Marking TSC unstable due to TSC halts in idle
ACPI: CPU0 (power states: C1[C1] C2[C2] C3[C3])
processor ACPI_CPU:00: registered as cooling_device0
ACPI: Processor [CPU0] (supports 8 throttling states)
ACPI: SSDT 000000007fe6e778 000C4 (v01  PmRef  Cpu1Ist 00003000 INTL 20050624)
ACPI: SSDT 000000007fe6e533 00085 (v01  PmRef  Cpu1Cst 00003000 INTL 20050624)
ACPI: CPU1 (power states: C1[C1] C2[C2] C3[C3])
processor ACPI_CPU:01: registered as cooling_device1
ACPI: Processor [CPU1] (supports 8 throttling states)
thermal LNXTHERM:01: registered as thermal_zone0
ACPI: Thermal Zone [THM] (48 C)
Linux agpgart interface v0.103
loop: module loaded
Uniform Multi-Platform E-IDE driver
piix 0000:00:1f.1: IDE controller (0x8086:0x2850 rev 0x02)
PIIX_IDE 0000:00:1f.1: PCI INT A -&gt; GSI 16 (level, low) -&gt; IRQ 16
piix 0000:00:1f.1: IDE port disabled
piix 0000:00:1f.1: not 100% native mode: will probe irqs later
    ide0: BM-DMA at 0x6fa0-0x6fa7
Probing IDE interface ide0...
ACPI: Battery Slot [BAT0] (battery present)
hda: MATSHITA DVD+/-RW UJ-857G, ATAPI CD/DVD-ROM drive
hda: host max PIO4 wanted PIO255(auto-tune) selected PIO4
hda: UDMA/33 mode selected
ide0 at 0x1f0-0x1f7,0x3f6 on irq 14
ide-gd driver 1.18
ide-cd driver 5.00
ide-cd: hda: ATAPI 24X DVD-ROM DVD-R CD-R/RW drive, 2048kB Cache
Uniform CD-ROM driver Revision: 3.20
Driver 'sd' needs updating - please use bus_type methods
ahci 0000:00:1f.2: version 3.0
ahci 0000:00:1f.2: PCI INT B -&gt; GSI 17 (level, low) -&gt; IRQ 17
ahci 0000:00:1f.2: AHCI 0001.0100 32 slots 3 ports 3 Gbps 0x5 impl SATA mode
ahci 0000:00:1f.2: flags: 64bit ncq sntf pm led clo pio slum part ems 
ahci 0000:00:1f.2: setting latency timer to 64
scsi0 : ahci
scsi1 : ahci
scsi2 : ahci
ata1: SATA max UDMA/133 irq_stat 0x00400040, connection status changed irq 17
ata2: DUMMY
ata3: SATA max UDMA/133 abar <A HREF="https://lists.berlios.de/mailman/listinfo/bcm43xx-dev">m2048 at 0xf6ffb800</A> port 0xf6ffba00 irq 17
tg3.c:v3.98 (February 25, 2009)
tg3 0000:09:00.0: PCI INT A -&gt; GSI 17 (level, low) -&gt; IRQ 17
tg3 0000:09:00.0: setting latency timer to 64
tg3 0000:09:00.0: PME# disabled
ata3: SATA link down (SStatus 0 SControl 300)
eth0: Tigon3 [partno(BCM95906) rev c002] (PCI Express) MAC address 00:23:ae:29:78:d9
eth0: attached PHY is 5906 (10/100Base-TX Ethernet) (WireSpeed[0])
eth0: RXcsums[1] LinkChgREG[0] MIirq[0] ASF[0] TSOcap[0]
eth0: dma_rwctrl[76180000] dma_mask[64-bit]
PPP generic driver version 2.4.2
b43-phy0: Broadcom 4311 WLAN found (core revision 10)
b43-phy0 debug: Found PHY: Analog 4, Type 2, Revision 8
b43-phy0 debug: Found Radio: Manuf 0x17F, Version 0x2050, Revision 2
b43-phy0 debug: DebugFS (CONFIG_DEBUG_FS) not enabled in kernel config
phy0: Selected rate control algorithm 'minstrel'
Broadcom 43xx driver loaded [ Features: P, Firmware-ID: FW13 ]
ehci_hcd: USB 2.0 'Enhanced' Host Controller (EHCI) Driver
ehci_hcd 0000:00:1a.7: PCI INT C -&gt; GSI 22 (level, low) -&gt; IRQ 22
ehci_hcd 0000:00:1a.7: setting latency timer to 64
ehci_hcd 0000:00:1a.7: EHCI Host Controller
ehci_hcd 0000:00:1a.7: new USB bus registered, assigned bus number 1
ehci_hcd 0000:00:1a.7: debug port 1
ehci_hcd 0000:00:1a.7: cache line size of 32 is not supported
ehci_hcd 0000:00:1a.7: irq 22, io mem 0xfed1c400
ehci_hcd 0000:00:1a.7: USB 2.0 started, EHCI 1.00
usb usb1: configuration #1 chosen from 1 choice
hub 1-0:1.0: USB hub found
hub 1-0:1.0: 4 ports detected
ehci_hcd 0000:00:1d.7: PCI INT A -&gt; GSI 20 (level, low) -&gt; IRQ 20
ehci_hcd 0000:00:1d.7: setting latency timer to 64
ehci_hcd 0000:00:1d.7: EHCI Host Controller
ehci_hcd 0000:00:1d.7: new USB bus registered, assigned bus number 2
ehci_hcd 0000:00:1d.7: debug port 1
ehci_hcd 0000:00:1d.7: cache line size of 32 is not supported
ehci_hcd 0000:00:1d.7: irq 20, io mem 0xfed1c000
ehci_hcd 0000:00:1d.7: USB 2.0 started, EHCI 1.00
usb usb2: configuration #1 chosen from 1 choice
hub 2-0:1.0: USB hub found
hub 2-0:1.0: 6 ports detected
uhci_hcd: USB Universal Host Controller Interface driver
uhci_hcd 0000:00:1a.0: PCI INT A -&gt; GSI 20 (level, low) -&gt; IRQ 20
uhci_hcd 0000:00:1a.0: setting latency timer to 64
uhci_hcd 0000:00:1a.0: UHCI Host Controller
uhci_hcd 0000:00:1a.0: new USB bus registered, assigned bus number 3
uhci_hcd 0000:00:1a.0: irq 20, io base 0x00006f20
usb usb3: configuration #1 chosen from 1 choice
hub 3-0:1.0: USB hub found
hub 3-0:1.0: 2 ports detected
uhci_hcd 0000:00:1a.1: PCI INT B -&gt; GSI 21 (level, low) -&gt; IRQ 21
uhci_hcd 0000:00:1a.1: setting latency timer to 64
uhci_hcd 0000:00:1a.1: UHCI Host Controller
uhci_hcd 0000:00:1a.1: new USB bus registered, assigned bus number 4
uhci_hcd 0000:00:1a.1: irq 21, io base 0x00006f00
usb usb4: configuration #1 chosen from 1 choice
hub 4-0:1.0: USB hub found
hub 4-0:1.0: 2 ports detected
uhci_hcd 0000:00:1d.0: PCI INT A -&gt; GSI 20 (level, low) -&gt; IRQ 20
uhci_hcd 0000:00:1d.0: setting latency timer to 64
uhci_hcd 0000:00:1d.0: UHCI Host Controller
uhci_hcd 0000:00:1d.0: new USB bus registered, assigned bus number 5
uhci_hcd 0000:00:1d.0: irq 20, io base 0x00006f80
usb usb5: configuration #1 chosen from 1 choice
hub 5-0:1.0: USB hub found
hub 5-0:1.0: 2 ports detected
uhci_hcd 0000:00:1d.1: PCI INT B -&gt; GSI 21 (level, low) -&gt; IRQ 21
uhci_hcd 0000:00:1d.1: setting latency timer to 64
uhci_hcd 0000:00:1d.1: UHCI Host Controller
uhci_hcd 0000:00:1d.1: new USB bus registered, assigned bus number 6
uhci_hcd 0000:00:1d.1: irq 21, io base 0x00006f60
usb usb6: configuration #1 chosen from 1 choice
hub 6-0:1.0: USB hub found
hub 6-0:1.0: 2 ports detected
uhci_hcd 0000:00:1d.2: PCI INT C -&gt; GSI 22 (level, low) -&gt; IRQ 22
uhci_hcd 0000:00:1d.2: setting latency timer to 64
uhci_hcd 0000:00:1d.2: UHCI Host Controller
uhci_hcd 0000:00:1d.2: new USB bus registered, assigned bus number 7
uhci_hcd 0000:00:1d.2: irq 22, io base 0x00006f40
usb usb7: configuration #1 chosen from 1 choice
hub 7-0:1.0: USB hub found
hub 7-0:1.0: 2 ports detected
Initializing USB Mass Storage driver...
usbcore: registered new interface driver usb-storage
USB Mass Storage support registered.
usbcore: registered new interface driver usbserial
usbserial: USB Serial Driver core
USB Serial support registered for Handspring Visor / Palm OS
USB Serial support registered for Sony Clie 3.5
USB Serial support registered for Sony Clie 5.0
usbcore: registered new interface driver visor
visor: USB HandSpring Visor / Palm OS driver
PNP: PS/2 Controller [PNP0303:KBC,PNP0f13:PS2M] at 0x60,0x64 irq 1,12
serio: i8042 KBD port at 0x60,0x64 irq 1
serio: i8042 AUX port at 0x60,0x64 irq 12
mice: PS/2 mouse device common for all mice
rtc_cmos 00:03: RTC can wake from S4
rtc_cmos 00:03: rtc core: registered rtc_cmos as rtc0
rtc0: alarms up to one month, y3k, 114 bytes nvram, hpet irqs
cpuidle: using governor ladder
sdhci: Secure Digital Host Controller Interface driver
sdhci: Copyright(c) Pierre Ossman
sdhci-pci 0000:03:01.1: SDHCI controller found [1180:0822] (rev 22)
sdhci-pci 0000:03:01.1: PCI INT B -&gt; GSI 18 (level, low) -&gt; IRQ 18
mmc0: SDHCI controller on PCI [0000:03:01.1] using DMA
input: AT Translated Set 2 keyboard as /devices/platform/i8042/serio0/input/input3
usbcore: registered new interface driver hiddev
usbcore: registered new interface driver usbhid
usbhid: v2.6:USB HID core driver
Advanced Linux Sound Architecture Driver Version 1.0.20.
HDA Intel 0000:00:1b.0: PCI INT A -&gt; GSI 21 (level, low) -&gt; IRQ 21
HDA Intel 0000:00:1b.0: setting latency timer to 64
input: HDA Digital PCBeep as /devices/pci0000:00/0000:00:1b.0/input/input4
ata1: SATA link up 1.5 Gbps (SStatus 113 SControl 300)
ata1.00: ATA-8: SAMSUNG HM121HI, LZ100-10, max UDMA7
ata1.00: 234441648 sectors, multi 8: LBA48 NCQ (depth 31/32)
ata1.00: configured for UDMA/133
scsi 0:0:0:0: Direct-Access     ATA      SAMSUNG HM121HI  LZ10 PQ: 0 ANSI: 5
sd 0:0:0:0: [sda] 234441648 512-byte hardware sectors: (120 GB/111 GiB)
sd 0:0:0:0: [sda] Write Protect is off
sd 0:0:0:0: [sda] Mode Sense: 00 3a 00 00
sd 0:0:0:0: [sda] Write cache: enabled, read cache: enabled, doesn't support DPO or FUA
 sda:&lt;6&gt;usb 2-6: new high speed USB device using ehci_hcd and address 2
 sda1 sda2 sda3 &lt;&lt;4&gt;Clocksource tsc unstable (delta = -167101793 ns)
 sda5&lt;6&gt;input: HDA Intel Mic at Ext Front Jack as /devices/pci0000:00/0000:00:1b.0/input/input5
input: HDA Intel HP Out at Ext Front Jack as /devices/pci0000:00/0000:00:1b.0/input/input6
input: HDA Intel HP Out at Ext Front Jack as /devices/pci0000:00/0000:00:1b.0/input/input7
 sda6 &gt;
sd 0:0:0:0: [sda] Attached SCSI disk
ALSA device list:
  #0: HDA Intel at 0xf6ffc000 irq 21
TCP cubic registered
NET: Registered protocol family 17
usb 2-6: configuration #1 chosen from 1 choice
Synaptics Touchpad, model: 1, fw: 6.3, id: 0x1c0b1, caps: 0xa04753/0x200000
input: SynPS/2 Synaptics TouchPad as /devices/platform/i8042/serio1/input/input8
kjournald starting.  Commit interval 5 seconds
EXT3-fs: mounted filesystem with writeback data mode.
VFS: Mounted root (ext3 filesystem) readonly on device 8:5.
Freeing unused kernel memory: 340k freed
EXT3 FS on sda5, internal journal
NTFS volume version 3.1.
b43 ssb0:0: firmware: requesting b43/ucode5.fw
b43 ssb0:0: firmware: requesting b43/pcm5.fw
b43 ssb0:0: firmware: requesting b43/b0g0initvals5.fw
b43 ssb0:0: firmware: requesting b43/b0g0bsinitvals5.fw
b43-phy0: Loading firmware version 410.2160 (2007-05-26 15:32:10)
b43-phy0 debug: Chip initialized
b43-phy0 debug: 32-bit DMA initialized
b43-phy0 debug: Wireless interface started
b43-phy0 debug: Adding Interface type 2
b43-phy0: Radio turned on by software
wlan0: authenticate with AP 00:13:5f:55:d3:c0
wlan0: authenticated
wlan0: associate with AP 00:13:5f:55:d3:c0
wlan0: associate with AP 00:13:5f:55:d3:c0
wlan0: deauthenticated (Reason: 2)
wlan0: direct probe to AP 00:13:5f:55:d3:c0 try 1
wlan0 direct probe responded
wlan0: authenticate with AP 00:13:5f:55:d3:c0
wlan0: authenticated
wlan0: associate with AP 00:13:5f:55:d3:c0
wlan0: association with AP 00:13:5f:55:d3:c0 timed out
-------------- next part --------------
_~# uname -a
Linux xps 2.6.29 #4 SMP Sat Jun 6 00:40:15 PDT 2009 x86_64 GNU/Linux
_~# lspci -vvn | grep 43 -A7
03:01.2 0880: 1180:0843 (rev 12)
	Subsystem: 1028:0209
	Control: I/O- Mem+ BusMaster+ SpecCycle- MemWINV- VGASnoop- ParErr- Stepping- SERR+ FastB2B- DisINTx-
	Status: Cap+ 66MHz- UDF- FastB2B- ParErr- DEVSEL=medium &gt;TAbort- &lt;TAbort- &lt;MAbort- &gt;SERR- &lt;PERR- INTx-
	Latency: 64, Cache Line Size: 64 bytes
	Interrupt: pin B routed to IRQ 4
	Region 0: Memory at f1aff500 (32-bit, non-prefetchable) [size=256]
	Capabilities: [80] Power Management version 2
--
0c:00.0 0280: 14e4:4311 (rev 01)
	Subsystem: 1028:0007
	Control: I/O+ Mem+ BusMaster+ SpecCycle- MemWINV- VGASnoop- ParErr- Stepping- SERR+ FastB2B- DisINTx-
	Status: Cap+ 66MHz- UDF- FastB2B- ParErr- DEVSEL=fast &gt;TAbort- &lt;TAbort- &lt;MAbort- &gt;SERR- &lt;PERR- INTx-
	Latency: 0, Cache Line Size: 64 bytes
	Interrupt: pin A routed to IRQ 17
	Region 0: Memory at f1ffc000 (32-bit, non-prefetchable) [size=16K]
	Capabilities: [40] Power Management version 2
--
	Kernel driver in use: b43-pci-bridge

_~# dmesg
Linux version 2.6.29 (<A HREF="https://lists.berlios.de/mailman/listinfo/bcm43xx-dev">vojta at xps</A>) (gcc version 4.3.3 (Debian 4.3.3-10) ) #4 SMP Sat Jun 6 00:40:15 PDT 2009
Command line: BOOT_IMAGE=p ro root=805
KERNEL supported cpus:
  Intel GenuineIntel
  AMD AuthenticAMD
  Centaur CentaurHauls
BIOS-provided physical RAM map:
 BIOS-e820: 0000000000000000 - 000000000009f000 (usable)
 BIOS-e820: 000000000009f000 - 00000000000a0000 (reserved)
 BIOS-e820: 0000000000100000 - 000000007fe6d800 (usable)
 BIOS-e820: 000000007fe6d800 - 0000000080000000 (reserved)
 BIOS-e820: 00000000f8000000 - 00000000fc000000 (reserved)
 BIOS-e820: 00000000fec00000 - 00000000fec10000 (reserved)
 BIOS-e820: 00000000fed18000 - 00000000fed1c000 (reserved)
 BIOS-e820: 00000000fed20000 - 00000000fed90000 (reserved)
 BIOS-e820: 00000000feda0000 - 00000000feda6000 (reserved)
 BIOS-e820: 00000000fee00000 - 00000000fee10000 (reserved)
 BIOS-e820: 00000000ffe00000 - 0000000100000000 (reserved)
DMI 2.4 present.
last_pfn = 0x7fe6d max_arch_pfn = 0x100000000
init_memory_mapping: 0000000000000000-000000007fe6d000
 0000000000 - 007fe00000 page 2M
 007fe00000 - 007fe6d000 page 4k
kernel direct mapping tables up to 7fe6d000 @ 8000-c000
last_map_addr: 7fe6d000 end: 7fe6d000
ACPI: RSDP 000FBC00, 0024 (r2 DELL  )
ACPI: XSDT 7FE6F200, 005C (r1 DELL    M08     27D80B13 ASL        61)
ACPI: FACP 7FE6F09C, 00F4 (r4 DELL    M08     27D80B13 ASL        61)
FADT: X_PM1a_EVT_BLK.bit_width (16) does not match PM1_EVT_LEN (4)
ACPI: DSDT 7FE6F800, 5733 (r2 INT430 SYSFexxx     1001 INTL 20050624)
ACPI: FACS 7FE7E000, 0040
ACPI: HPET 7FE6F300, 0038 (r1 DELL    M08            1 ASL        61)
ACPI: APIC 7FE6F400, 0068 (r1 DELL    M08     27D80B13 ASL        47)
ACPI: MCFG 7FE6F3C0, 003E (r16 DELL    M08     27D80B13 ASL        61)
ACPI: SLIC 7FE6F49C, 0176 (r1 DELL    M08     27D80B13 ASL        61)
ACPI: BOOT 7FE6EFC0, 0028 (r1 DELL    M08     27D80B13 ASL        61)
ACPI: SSDT 7FE6DA82, 04CC (r1  PmRef    CpuPm     3000 INTL 20050624)
ACPI: Local APIC address 0xfee00000
(5 early reservations) ==&gt; bootmem [0000000000 - 007fe6d000]
  #0 [0000000000 - 0000001000]   BIOS data page ==&gt; [0000000000 - 0000001000]
  #1 [0000006000 - 0000008000]       TRAMPOLINE ==&gt; [0000006000 - 0000008000]
  #2 [0000200000 - 0000781c84]    TEXT DATA BSS ==&gt; [0000200000 - 0000781c84]
  #3 [000009f000 - 0000100000]    BIOS reserved ==&gt; [000009f000 - 0000100000]
  #4 [0000008000 - 000000a000]          PGTABLE ==&gt; [0000008000 - 000000a000]
 [ffffe20000000000-ffffe20001bfffff] PMD -&gt; [ffff880001200000-ffff880002dfffff] on node 0
Zone PFN ranges:
  DMA      0x00000000 -&gt; 0x00001000
  DMA32    0x00001000 -&gt; 0x00100000
  Normal   0x00100000 -&gt; 0x00100000
Movable zone start PFN for each node
early_node_map[2] active PFN ranges
    0: 0x00000000 -&gt; 0x0000009f
    0: 0x00000100 -&gt; 0x0007fe6d
On node 0 totalpages: 523788
  DMA zone: 56 pages used for memmap
  DMA zone: 1511 pages reserved
  DMA zone: 2432 pages, LIFO batch:0
  DMA32 zone: 7107 pages used for memmap
  DMA32 zone: 512682 pages, LIFO batch:31
ACPI: PM-Timer IO Port: 0x1008
ACPI: Local APIC address 0xfee00000
ACPI: LAPIC (acpi_id[0x00] lapic_id[0x00] enabled)
ACPI: LAPIC (acpi_id[0x01] lapic_id[0x01] enabled)
ACPI: LAPIC_NMI (acpi_id[0x00] high edge lint[0x1])
ACPI: LAPIC_NMI (acpi_id[0x01] high edge lint[0x1])
ACPI: IOAPIC (id[0x02] address[0xfec00000] gsi_base[0])
IOAPIC[0]: apic_id 2, version 0, address 0xfec00000, GSI 0-23
ACPI: INT_SRC_OVR (bus 0 bus_irq 0 global_irq 2 dfl dfl)
ACPI: INT_SRC_OVR (bus 0 bus_irq 9 global_irq 9 high level)
ACPI: IRQ0 used by override.
ACPI: IRQ2 used by override.
ACPI: IRQ9 used by override.
Using ACPI (MADT) for SMP configuration information
ACPI: HPET id: 0x8086a201 base: 0xfed00000
SMP: Allowing 2 CPUs, 0 hotplug CPUs
nr_irqs_gsi: 24
Allocating PCI resources starting at 88000000 (gap: 80000000:78000000)
NR_CPUS:2 nr_cpumask_bits:2 nr_cpu_ids:2 nr_node_ids:1
PERCPU: Allocating 45056 bytes of per cpu data
Built 1 zonelists in Zone order, mobility grouping on.  Total pages: 515114
Kernel command line: BOOT_IMAGE=p ro root=805
Initializing CPU#0
PID hash table entries: 4096 (order: 12, 32768 bytes)
Extended CMOS year: 2000
Fast TSC calibration using PIT
Detected 1496.101 MHz processor.
Console: colour VGA+ 80x25
console [tty0] enabled
Dentry cache hash table entries: 262144 (order: 9, 2097152 bytes)
Inode-cache hash table entries: 131072 (order: 8, 1048576 bytes)
Checking aperture...
No AGP bridge found
Memory: 2057040k/2095540k available (3520k kernel code, 388k absent, 37624k reserved, 1383k data, 304k init)
SLUB: Genslabs=12, HWalign=64, Order=0-3, MinObjects=0, CPUs=2, Nodes=1
hpet clockevent registered
Calibrating delay loop (skipped), value calculated using timer frequency.. 2992.20 BogoMIPS (lpj=5984404)
Mount-cache hash table entries: 256
CPU: L1 I cache: 32K, L1 D cache: 32K
CPU: L2 cache: 2048K
[ds] using Core 2/Atom configuration
CPU: Physical Processor ID: 0
CPU: Processor Core ID: 0
CPU0: Thermal monitoring enabled (TM2)
using mwait in idle threads.
ACPI: Core revision 20081204
Setting APIC routing to flat
..TIMER: vector=0x30 apic1=0 pin1=2 apic2=-1 pin2=-1
CPU0: Intel(R) Core(TM)2 Duo CPU     T5250  @ 1.50GHz stepping 0d
Booting processor 1 APIC 0x1 ip 0x6000
Initializing CPU#1
Calibrating delay using timer specific routine.. 2992.45 BogoMIPS (lpj=5984901)
CPU: L1 I cache: 32K, L1 D cache: 32K
CPU: L2 cache: 2048K
[ds] using Core 2/Atom configuration
CPU: Physical Processor ID: 0
CPU: Processor Core ID: 1
CPU1: Thermal monitoring enabled (TM2)
CPU1: Intel(R) Core(TM)2 Duo CPU     T5250  @ 1.50GHz stepping 0d
checking TSC synchronization [CPU#0 -&gt; CPU#1]: passed.
Brought up 2 CPUs
Total of 2 processors activated (5984.65 BogoMIPS).
net_namespace: 560 bytes
NET: Registered protocol family 16
ACPI: bus type pci registered
PCI: MCFG configuration 0: base f8000000 segment 0 buses 0 - 63
PCI: MCFG area at f8000000 reserved in E820
PCI: Using MMCONFIG at f8000000 - fbffffff
PCI: Using configuration type 1 for base access
bio: create slab &lt;bio-0&gt; at 0
ACPI: EC: Look up EC in DSDT
ACPI: SSDT 7FE7E080, 0043 (r1  LMPWR  DELLLOM     1001 INTL 20050624)
ACPI: Interpreter enabled
ACPI: (supports S0 S3 S5)
ACPI: Using IOAPIC for interrupt routing
ACPI: PCI Root Bridge [PCI0] (0000:00)
pci 0000:00:01.0: PME# supported from D0 D3hot D3cold
pci 0000:00:01.0: PME# disabled
pci 0000:00:1a.0: reg 20 io port: [0x6f20-0x6f3f]
pci 0000:00:1a.1: reg 20 io port: [0x6f00-0x6f1f]
pci 0000:00:1a.7: reg 10 32bit mmio: [0xfed1c400-0xfed1c7ff]
pci 0000:00:1a.7: PME# supported from D0 D3hot D3cold
pci 0000:00:1a.7: PME# disabled
pci 0000:00:1b.0: reg 10 64bit mmio: [0xf6ffc000-0xf6ffffff]
pci 0000:00:1b.0: PME# supported from D0 D3hot D3cold
pci 0000:00:1b.0: PME# disabled
pci 0000:00:1c.0: PME# supported from D0 D3hot D3cold
pci 0000:00:1c.0: PME# disabled
pci 0000:00:1c.1: PME# supported from D0 D3hot D3cold
pci 0000:00:1c.1: PME# disabled
pci 0000:00:1c.3: PME# supported from D0 D3hot D3cold
pci 0000:00:1c.3: PME# disabled
pci 0000:00:1c.5: PME# supported from D0 D3hot D3cold
pci 0000:00:1c.5: PME# disabled
pci 0000:00:1d.0: reg 20 io port: [0x6f80-0x6f9f]
pci 0000:00:1d.1: reg 20 io port: [0x6f60-0x6f7f]
pci 0000:00:1d.2: reg 20 io port: [0x6f40-0x6f5f]
pci 0000:00:1d.7: reg 10 32bit mmio: [0xfed1c000-0xfed1c3ff]
pci 0000:00:1d.7: PME# supported from D0 D3hot D3cold
pci 0000:00:1d.7: PME# disabled
pci 0000:00:1f.0: quirk: region 1000-107f claimed by ICH6 ACPI/GPIO/TCO
pci 0000:00:1f.0: quirk: region 1080-10bf claimed by ICH6 GPIO
pci 0000:00:1f.0: ICH7 LPC Generic IO decode 1 PIO at 0900 (mask 007f)
pci 0000:00:1f.0: ICH7 LPC Generic IO decode 3 PIO at 0c80 (mask 003f)
pci 0000:00:1f.1: reg 10 io port: [0x1f0-0x1f7]
pci 0000:00:1f.1: reg 14 io port: [0x3f4-0x3f7]
pci 0000:00:1f.1: reg 18 io port: [0x170-0x177]
pci 0000:00:1f.1: reg 1c io port: [0x374-0x377]
pci 0000:00:1f.1: reg 20 io port: [0x6fa0-0x6faf]
pci 0000:00:1f.2: reg 10 io port: [0x6eb0-0x6eb7]
pci 0000:00:1f.2: reg 14 io port: [0x6eb8-0x6ebb]
pci 0000:00:1f.2: reg 18 io port: [0x6ec0-0x6ec7]
pci 0000:00:1f.2: reg 1c io port: [0x6ec8-0x6ecb]
pci 0000:00:1f.2: reg 20 io port: [0x6ee0-0x6eff]
pci 0000:00:1f.2: reg 24 32bit mmio: [0xf6ffb800-0xf6ffbfff]
pci 0000:00:1f.2: PME# supported from D3hot
pci 0000:00:1f.2: PME# disabled
pci 0000:00:1f.3: reg 10 32bit mmio: [0xf6ffb700-0xf6ffb7ff]
pci 0000:00:1f.3: reg 20 io port: [0x10c0-0x10df]
pci 0000:01:00.0: reg 10 32bit mmio: [0xf5000000-0xf5ffffff]
pci 0000:01:00.0: reg 14 64bit mmio: [0xe0000000-0xefffffff]
pci 0000:01:00.0: reg 1c 64bit mmio: [0xf2000000-0xf3ffffff]
pci 0000:01:00.0: reg 24 io port: [0xef00-0xef7f]
pci 0000:01:00.0: reg 30 32bit mmio: [0x000000-0x01ffff]
pci 0000:00:01.0: bridge io port: [0xe000-0xefff]
pci 0000:00:01.0: bridge 32bit mmio: [0xf2000000-0xf6efffff]
pci 0000:00:01.0: bridge 64bit mmio pref: [0xe0000000-0xefffffff]
pci 0000:0c:00.0: reg 10 32bit mmio: [0xf1ffc000-0xf1ffffff]
pci 0000:0c:00.0: supports D1 D2
pci 0000:00:1c.1: bridge 32bit mmio: [0xf1f00000-0xf1ffffff]
pci 0000:00:1c.3: bridge io port: [0xd000-0xdfff]
pci 0000:00:1c.3: bridge 32bit mmio: [0xf1c00000-0xf1efffff]
pci 0000:00:1c.3: bridge 64bit mmio pref: [0xf0000000-0xf01fffff]
pci 0000:09:00.0: reg 10 64bit mmio: [0xf1bf0000-0xf1bfffff]
pci 0000:09:00.0: PME# supported from D3hot D3cold
pci 0000:09:00.0: PME# disabled
pci 0000:00:1c.5: bridge 32bit mmio: [0xf1b00000-0xf1bfffff]
pci 0000:03:01.0: reg 10 32bit mmio: [0xf1aff800-0xf1afffff]
pci 0000:03:01.0: supports D1 D2
pci 0000:03:01.0: PME# supported from D0 D1 D2 D3hot D3cold
pci 0000:03:01.0: PME# disabled
pci 0000:03:01.1: reg 10 32bit mmio: [0xf1aff400-0xf1aff4ff]
pci 0000:03:01.1: supports D1 D2
pci 0000:03:01.1: PME# supported from D0 D1 D2 D3hot D3cold
pci 0000:03:01.1: PME# disabled
pci 0000:03:01.2: reg 10 32bit mmio: [0xf1aff500-0xf1aff5ff]
pci 0000:03:01.2: supports D1 D2
pci 0000:03:01.2: PME# supported from D0 D1 D2 D3hot D3cold
pci 0000:03:01.2: PME# disabled
pci 0000:03:01.3: reg 10 32bit mmio: [0xf1aff600-0xf1aff6ff]
pci 0000:03:01.3: supports D1 D2
pci 0000:03:01.3: PME# supported from D0 D1 D2 D3hot D3cold
pci 0000:03:01.3: PME# disabled
pci 0000:03:01.4: reg 10 32bit mmio: [0xf1aff700-0xf1aff7ff]
pci 0000:03:01.4: supports D1 D2
pci 0000:03:01.4: PME# supported from D0 D1 D2 D3hot D3cold
pci 0000:03:01.4: PME# disabled
pci 0000:00:1e.0: transparent bridge
pci 0000:00:1e.0: bridge 32bit mmio: [0xf1a00000-0xf1afffff]
pci_bus 0000:00: on NUMA node 0
ACPI: PCI Interrupt Routing Table [\_SB_.PCI0._PRT]
ACPI: PCI Interrupt Routing Table [\_SB_.PCI0.PCIE._PRT]
ACPI: PCI Interrupt Routing Table [\_SB_.PCI0.AGP_._PRT]
ACPI: PCI Interrupt Routing Table [\_SB_.PCI0.RP01._PRT]
ACPI: PCI Interrupt Routing Table [\_SB_.PCI0.RP02._PRT]
ACPI: PCI Interrupt Routing Table [\_SB_.PCI0.RP04._PRT]
ACPI: PCI Interrupt Routing Table [\_SB_.PCI0.RP06._PRT]
ACPI: PCI Interrupt Link [LNKA] (IRQs 9 10 11) *7
ACPI: PCI Interrupt Link [LNKB] (IRQs 5 7) *10
ACPI: PCI Interrupt Link [LNKC] (IRQs 9 10 11) *4
ACPI: PCI Interrupt Link [LNKD] (IRQs *5 7 9 10 11)
ACPI: PCI Interrupt Link [LNKE] (IRQs 3 4 5 6 7 9 10 *11 12 14 15)
ACPI: PCI Interrupt Link [LNKF] (IRQs 3 4 5 6 7 9 *10 11 12 14 15)
ACPI: PCI Interrupt Link [LNKG] (IRQs 3 4 5 6 7 *9 10 11 12 14 15)
ACPI: PCI Interrupt Link [LNKH] (IRQs 3 4 5 6 7 9 10 11 12 14 15) *0, disabled.
SCSI subsystem initialized
libata version 3.00 loaded.
usbcore: registered new interface driver usbfs
usbcore: registered new interface driver hub
usbcore: registered new device driver usb
PCI: Using ACPI for IRQ routing
cfg80211: Using static regulatory domain info
cfg80211: Regulatory domain: US
	(start_freq - end_freq @ bandwidth), (max_antenna_gain, max_eirp)
	(2402000 KHz - 2472000 KHz @ 40000 KHz), (600 mBi, 2700 mBm)
	(5170000 KHz - 5190000 KHz @ 40000 KHz), (600 mBi, 2300 mBm)
	(5190000 KHz - 5210000 KHz @ 40000 KHz), (600 mBi, 2300 mBm)
	(5210000 KHz - 5230000 KHz @ 40000 KHz), (600 mBi, 2300 mBm)
	(5230000 KHz - 5330000 KHz @ 40000 KHz), (600 mBi, 2300 mBm)
	(5735000 KHz - 5835000 KHz @ 40000 KHz), (600 mBi, 3000 mBm)
cfg80211: Calling CRDA for country: US
hpet0: at MMIO 0xfed00000, IRQs 2, 8, 0
hpet0: 3 comparators, 64-bit 14.318180 MHz counter
pnp: PnP ACPI init
ACPI: bus type pnp registered
pnp 00:09: io resource (0x1000-0x1005) overlaps 0000:00:1f.0 BAR 7 (0x1000-0x107f), disabling
pnp 00:09: io resource (0x1008-0x100f) overlaps 0000:00:1f.0 BAR 7 (0x1000-0x107f), disabling
pnp 00:0a: io resource (0x1006-0x1007) overlaps 0000:00:1f.0 BAR 7 (0x1000-0x107f), disabling
pnp 00:0a: io resource (0x100a-0x1059) overlaps 0000:00:1f.0 BAR 7 (0x1000-0x107f), disabling
pnp 00:0a: io resource (0x1060-0x107f) overlaps 0000:00:1f.0 BAR 7 (0x1000-0x107f), disabling
pnp 00:0a: io resource (0x1010-0x102f) overlaps 0000:00:1f.0 BAR 7 (0x1000-0x107f), disabling
pnp: PnP ACPI: found 12 devices
ACPI: ACPI bus type pnp unregistered
system 00:05: ioport range 0xc80-0xcff could not be reserved
system 00:08: iomem range 0xfed00000-0xfed003ff has been reserved
system 00:09: ioport range 0x900-0x97f has been reserved
system 00:09: ioport range 0x4d0-0x4d1 has been reserved
system 00:0a: ioport range 0xf400-0xf4fe has been reserved
system 00:0a: ioport range 0x1080-0x10bf has been reserved
system 00:0a: ioport range 0x10c0-0x10df has been reserved
system 00:0a: ioport range 0x809-0x809 has been reserved
system 00:0b: iomem range 0x0-0x9efff could not be reserved
system 00:0b: iomem range 0x9f000-0x9ffff could not be reserved
system 00:0b: iomem range 0xc0000-0xcffff has been reserved
system 00:0b: iomem range 0xe0000-0xfffff has been reserved
system 00:0b: iomem range 0x100000-0x7fe6d7ff could not be reserved
system 00:0b: iomem range 0x7fe6d800-0x7fefffff has been reserved
system 00:0b: iomem range 0x7ff00000-0x7fffffff has been reserved
system 00:0b: iomem range 0x7ff00000-0x806fffff could not be reserved
system 00:0b: iomem range 0xffe00000-0xffffffff has been reserved
system 00:0b: iomem range 0xffa00000-0xffbfffff has been reserved
system 00:0b: iomem range 0xfec00000-0xfec0ffff has been reserved
system 00:0b: iomem range 0xfee00000-0xfee0ffff has been reserved
system 00:0b: iomem range 0xfed20000-0xfed8ffff has been reserved
system 00:0b: iomem range 0xfeda0000-0xfeda3fff has been reserved
system 00:0b: iomem range 0xfeda4000-0xfeda4fff has been reserved
system 00:0b: iomem range 0xfeda5000-0xfeda5fff has been reserved
system 00:0b: iomem range 0xfeda6000-0xfeda6fff has been reserved
system 00:0b: iomem range 0xfed18000-0xfed1bfff has been reserved
system 00:0b: iomem range 0xf8000000-0xfbffffff has been reserved
b43-pci-bridge 0000:0c:00.0: PCI INT A -&gt; GSI 17 (level, low) -&gt; IRQ 17
b43-pci-bridge 0000:0c:00.0: setting latency timer to 64
ssb: Sonics Silicon Backplane found on PCI device 0000:0c:00.0
pci 0000:00:01.0: PCI bridge, secondary bus 0000:01
pci 0000:00:01.0:   IO window: 0xe000-0xefff
pci 0000:00:01.0:   MEM window: 0xf2000000-0xf6efffff
pci 0000:00:01.0:   PREFETCH window: 0x000000e0000000-0x000000efffffff
pci 0000:00:1c.0: PCI bridge, secondary bus 0000:0b
pci 0000:00:1c.0:   IO window: disabled
pci 0000:00:1c.0:   MEM window: disabled
pci 0000:00:1c.0:   PREFETCH window: disabled
pci 0000:00:1c.1: PCI bridge, secondary bus 0000:0c
pci 0000:00:1c.1:   IO window: disabled
pci 0000:00:1c.1:   MEM window: 0xf1f00000-0xf1ffffff
pci 0000:00:1c.1:   PREFETCH window: disabled
pci 0000:00:1c.3: PCI bridge, secondary bus 0000:0d
pci 0000:00:1c.3:   IO window: 0xd000-0xdfff
pci 0000:00:1c.3:   MEM window: 0xf1c00000-0xf1efffff
pci 0000:00:1c.3:   PREFETCH window: 0x000000f0000000-0x000000f01fffff
pci 0000:00:1c.5: PCI bridge, secondary bus 0000:09
pci 0000:00:1c.5:   IO window: disabled
pci 0000:00:1c.5:   MEM window: 0xf1b00000-0xf1bfffff
pci 0000:00:1c.5:   PREFETCH window: disabled
pci 0000:00:1e.0: PCI bridge, secondary bus 0000:03
pci 0000:00:1e.0:   IO window: disabled
pci 0000:00:1e.0:   MEM window: 0xf1a00000-0xf1afffff
pci 0000:00:1e.0:   PREFETCH window: disabled
pci 0000:00:01.0: PCI INT A -&gt; GSI 16 (level, low) -&gt; IRQ 16
pci 0000:00:01.0: setting latency timer to 64
pci 0000:00:1c.0: PCI INT A -&gt; GSI 16 (level, low) -&gt; IRQ 16
pci 0000:00:1c.0: setting latency timer to 64
pci 0000:00:1c.1: PCI INT B -&gt; GSI 17 (level, low) -&gt; IRQ 17
pci 0000:00:1c.1: setting latency timer to 64
pci 0000:00:1c.3: PCI INT D -&gt; GSI 19 (level, low) -&gt; IRQ 19
pci 0000:00:1c.3: setting latency timer to 64
pci 0000:00:1c.5: PCI INT B -&gt; GSI 17 (level, low) -&gt; IRQ 17
pci 0000:00:1c.5: setting latency timer to 64
pci 0000:00:1e.0: setting latency timer to 64
pci_bus 0000:00: resource 0 io:  [0x00-0xffff]
pci_bus 0000:00: resource 1 mem: [0x000000-0xffffffffffffffff]
pci_bus 0000:01: resource 0 io:  [0xe000-0xefff]
pci_bus 0000:01: resource 1 mem: [0xf2000000-0xf6efffff]
pci_bus 0000:01: resource 2 mem: [0xe0000000-0xefffffff]
pci_bus 0000:01: resource 3 mem: [0x0-0x0]
pci_bus 0000:0b: resource 0 mem: [0x0-0x0]
pci_bus 0000:0b: resource 1 mem: [0x0-0x0]
pci_bus 0000:0b: resource 2 mem: [0x0-0x0]
pci_bus 0000:0b: resource 3 mem: [0x0-0x0]
pci_bus 0000:0c: resource 0 mem: [0x0-0x0]
pci_bus 0000:0c: resource 1 mem: [0xf1f00000-0xf1ffffff]
pci_bus 0000:0c: resource 2 mem: [0x0-0x0]
pci_bus 0000:0c: resource 3 mem: [0x0-0x0]
pci_bus 0000:0d: resource 0 io:  [0xd000-0xdfff]
pci_bus 0000:0d: resource 1 mem: [0xf1c00000-0xf1efffff]
pci_bus 0000:0d: resource 2 mem: [0xf0000000-0xf01fffff]
pci_bus 0000:0d: resource 3 mem: [0x0-0x0]
pci_bus 0000:09: resource 0 mem: [0x0-0x0]
pci_bus 0000:09: resource 1 mem: [0xf1b00000-0xf1bfffff]
pci_bus 0000:09: resource 2 mem: [0x0-0x0]
pci_bus 0000:09: resource 3 mem: [0x0-0x0]
pci_bus 0000:03: resource 0 mem: [0x0-0x0]
pci_bus 0000:03: resource 1 mem: [0xf1a00000-0xf1afffff]
pci_bus 0000:03: resource 2 mem: [0x0-0x0]
pci_bus 0000:03: resource 3 io:  [0x00-0xffff]
pci_bus 0000:03: resource 4 mem: [0x000000-0xffffffffffffffff]
NET: Registered protocol family 2
IP route cache hash table entries: 65536 (order: 7, 524288 bytes)
TCP established hash table entries: 262144 (order: 10, 4194304 bytes)
TCP bind hash table entries: 65536 (order: 8, 1048576 bytes)
TCP: Hash tables configured (established 262144 bind 65536)
TCP reno registered
NET: Registered protocol family 1
Simple Boot Flag at 0x79 set to 0x1
NTFS driver 2.1.29 [Flags: R/O].
msgmni has been set to 4018
alg: No test for stdrng (krng)
io scheduler noop registered
io scheduler anticipatory registered
io scheduler deadline registered
io scheduler cfq registered (default)
pci 0000:01:00.0: Boot video device
ACPI: AC Adapter [AC] (on-line)
ACPI: Battery Slot [BAT0] (battery present)
input: Lid Switch as /devices/LNXSYSTM:00/device:00/PNP0C0D:00/input/input0
ACPI: Lid Switch [LID]
input: Power Button (CM) as /devices/LNXSYSTM:00/device:00/PNP0C0C:00/input/input1
ACPI: Power Button (CM) [PBTN]
input: Sleep Button (CM) as /devices/LNXSYSTM:00/device:00/PNP0C0E:00/input/input2
ACPI: Sleep Button (CM) [SBTN]
ACPI: SSDT 7FE6E5B8, 01C0 (r1  PmRef  Cpu0Ist     3000 INTL 20050624)
ACPI: SSDT 7FE6DF4E, 05E5 (r1  PmRef  Cpu0Cst     3001 INTL 20050624)
Monitor-Mwait will be used to enter C-1 state
Monitor-Mwait will be used to enter C-2 state
Monitor-Mwait will be used to enter C-3 state
ACPI: CPU0 (power states: C1[C1] C2[C2] C3[C3])
processor ACPI_CPU:00: registered as cooling_device0
ACPI: Processor [CPU0] (supports 8 throttling states)
ACPI: SSDT 7FE6E778, 00C4 (r1  PmRef  Cpu1Ist     3000 INTL 20050624)
ACPI: SSDT 7FE6E533, 0085 (r1  PmRef  Cpu1Cst     3000 INTL 20050624)
ACPI: CPU1 (power states: C1[C1] C2[C2] C3[C3])
processor ACPI_CPU:01: registered as cooling_device1
ACPI: Processor [CPU1] (supports 8 throttling states)
thermal LNXTHERM:01: registered as thermal_zone0
ACPI: Thermal Zone [THM] (32 C)
Linux agpgart interface v0.103
loop: module loaded
tg3.c:v3.97 (December 10, 2008)
tg3 0000:09:00.0: PCI INT A -&gt; GSI 17 (level, low) -&gt; IRQ 17
tg3 0000:09:00.0: setting latency timer to 64
tg3 0000:09:00.0: PME# disabled
eth0: Tigon3 [partno(BCM95906) rev c002] (PCI Express) MAC address 00:23:ae:29:78:d9
eth0: attached PHY is 5906 (10/100Base-TX Ethernet) (WireSpeed[0])
eth0: RXcsums[1] LinkChgREG[0] MIirq[0] ASF[0] TSOcap[0]
eth0: dma_rwctrl[76180000] dma_mask[64-bit]
PPP generic driver version 2.4.2
b43-phy0: Broadcom 4311 WLAN found
b43-phy0 debug: Found PHY: Analog 4, Type 2, Revision 8
b43-phy0 debug: Found Radio: Manuf 0x17F, Version 0x2050, Revision 2
b43-phy0 debug: DebugFS (CONFIG_DEBUG_FS) not enabled in kernel config
wmaster0 (b43): not using net_device_ops yet
phy0: Selected rate control algorithm 'minstrel'
wlan0 (b43): not using net_device_ops yet
Broadcom 43xx driver loaded [ Features: P, Firmware-ID: FW13 ]
Uniform Multi-Platform E-IDE driver
piix 0000:00:1f.1: IDE controller (0x8086:0x2850 rev 0x02)
PIIX_IDE 0000:00:1f.1: PCI INT A -&gt; GSI 16 (level, low) -&gt; IRQ 16
piix 0000:00:1f.1: IDE port disabled
piix 0000:00:1f.1: not 100% native mode: will probe irqs later
    ide0: BM-DMA at 0x6fa0-0x6fa7
Probing IDE interface ide0...
hda: MATSHITA DVD+/-RW UJ-857G, ATAPI CD/DVD-ROM drive
hda: host max PIO4 wanted PIO255(auto-tune) selected PIO4
hda: UDMA/33 mode selected
ide0 at 0x1f0-0x1f7,0x3f6 on irq 14
ide-gd driver 1.18
ide-cd driver 5.00
ide-cd: hda: ATAPI 24X DVD-ROM DVD-R CD-R/RW drive, 2048kB Cache
Uniform CD-ROM driver Revision: 3.20
Driver 'sd' needs updating - please use bus_type methods
ahci 0000:00:1f.2: version 3.0
ahci 0000:00:1f.2: PCI INT B -&gt; GSI 17 (level, low) -&gt; IRQ 17
ahci 0000:00:1f.2: AHCI 0001.0100 32 slots 3 ports 3 Gbps 0x5 impl SATA mode
ahci 0000:00:1f.2: flags: 64bit ncq sntf pm led clo pio slum part ems 
ahci 0000:00:1f.2: setting latency timer to 64
scsi0 : ahci
scsi1 : ahci
scsi2 : ahci
ata1: SATA max UDMA/133 irq_stat 0x00000040, connection status changed irq 17
ata2: DUMMY
ata3: SATA max UDMA/133 abar <A HREF="https://lists.berlios.de/mailman/listinfo/bcm43xx-dev">m2048 at 0xf6ffb800</A> port 0xf6ffba00 irq 17
ata1: SATA link up 1.5 Gbps (SStatus 113 SControl 300)
ata1.00: ATA-8: SAMSUNG HM121HI, LZ100-10, max UDMA7
ata1.00: 234441648 sectors, multi 8: LBA48 NCQ (depth 31/32)
ata1.00: configured for UDMA/133
scsi 0:0:0:0: Direct-Access     ATA      SAMSUNG HM121HI  LZ10 PQ: 0 ANSI: 5
sd 0:0:0:0: [sda] 234441648 512-byte hardware sectors: (120 GB/111 GiB)
sd 0:0:0:0: [sda] Write Protect is off
sd 0:0:0:0: [sda] Mode Sense: 00 3a 00 00
sd 0:0:0:0: [sda] Write cache: enabled, read cache: enabled, doesn't support DPO or FUA
sd 0:0:0:0: [sda] 234441648 512-byte hardware sectors: (120 GB/111 GiB)
sd 0:0:0:0: [sda] Write Protect is off
sd 0:0:0:0: [sda] Mode Sense: 00 3a 00 00
sd 0:0:0:0: [sda] Write cache: enabled, read cache: enabled, doesn't support DPO or FUA
 sda: sda1 sda2 sda3 &lt; sda5 sda6 &gt;
sd 0:0:0:0: [sda] Attached SCSI disk
ata3: SATA link down (SStatus 0 SControl 300)
ehci_hcd: USB 2.0 'Enhanced' Host Controller (EHCI) Driver
ehci_hcd 0000:00:1a.7: PCI INT C -&gt; GSI 22 (level, low) -&gt; IRQ 22
ehci_hcd 0000:00:1a.7: setting latency timer to 64
ehci_hcd 0000:00:1a.7: EHCI Host Controller
ehci_hcd 0000:00:1a.7: new USB bus registered, assigned bus number 1
ehci_hcd 0000:00:1a.7: debug port 1
ehci_hcd 0000:00:1a.7: cache line size of 32 is not supported
ehci_hcd 0000:00:1a.7: irq 22, io mem 0xfed1c400
ehci_hcd 0000:00:1a.7: USB 2.0 started, EHCI 1.00
usb usb1: configuration #1 chosen from 1 choice
hub 1-0:1.0: USB hub found
hub 1-0:1.0: 4 ports detected
ehci_hcd 0000:00:1d.7: PCI INT A -&gt; GSI 20 (level, low) -&gt; IRQ 20
ehci_hcd 0000:00:1d.7: setting latency timer to 64
ehci_hcd 0000:00:1d.7: EHCI Host Controller
ehci_hcd 0000:00:1d.7: new USB bus registered, assigned bus number 2
ehci_hcd 0000:00:1d.7: debug port 1
ehci_hcd 0000:00:1d.7: cache line size of 32 is not supported
ehci_hcd 0000:00:1d.7: irq 20, io mem 0xfed1c000
ehci_hcd 0000:00:1d.7: USB 2.0 started, EHCI 1.00
usb usb2: configuration #1 chosen from 1 choice
hub 2-0:1.0: USB hub found
hub 2-0:1.0: 6 ports detected
uhci_hcd: USB Universal Host Controller Interface driver
uhci_hcd 0000:00:1a.0: PCI INT A -&gt; GSI 20 (level, low) -&gt; IRQ 20
uhci_hcd 0000:00:1a.0: setting latency timer to 64
uhci_hcd 0000:00:1a.0: UHCI Host Controller
uhci_hcd 0000:00:1a.0: new USB bus registered, assigned bus number 3
uhci_hcd 0000:00:1a.0: irq 20, io base 0x00006f20
usb usb3: configuration #1 chosen from 1 choice
hub 3-0:1.0: USB hub found
hub 3-0:1.0: 2 ports detected
uhci_hcd 0000:00:1a.1: PCI INT B -&gt; GSI 21 (level, low) -&gt; IRQ 21
uhci_hcd 0000:00:1a.1: setting latency timer to 64
uhci_hcd 0000:00:1a.1: UHCI Host Controller
uhci_hcd 0000:00:1a.1: new USB bus registered, assigned bus number 4
uhci_hcd 0000:00:1a.1: irq 21, io base 0x00006f00
usb usb4: configuration #1 chosen from 1 choice
hub 4-0:1.0: USB hub found
hub 4-0:1.0: 2 ports detected
uhci_hcd 0000:00:1d.0: PCI INT A -&gt; GSI 20 (level, low) -&gt; IRQ 20
uhci_hcd 0000:00:1d.0: setting latency timer to 64
uhci_hcd 0000:00:1d.0: UHCI Host Controller
uhci_hcd 0000:00:1d.0: new USB bus registered, assigned bus number 5
uhci_hcd 0000:00:1d.0: irq 20, io base 0x00006f80
usb usb5: configuration #1 chosen from 1 choice
hub 5-0:1.0: USB hub found
hub 5-0:1.0: 2 ports detected
uhci_hcd 0000:00:1d.1: PCI INT B -&gt; GSI 21 (level, low) -&gt; IRQ 21
uhci_hcd 0000:00:1d.1: setting latency timer to 64
uhci_hcd 0000:00:1d.1: UHCI Host Controller
uhci_hcd 0000:00:1d.1: new USB bus registered, assigned bus number 6
uhci_hcd 0000:00:1d.1: irq 21, io base 0x00006f60
usb usb6: configuration #1 chosen from 1 choice
hub 6-0:1.0: USB hub found
hub 6-0:1.0: 2 ports detected
uhci_hcd 0000:00:1d.2: PCI INT C -&gt; GSI 22 (level, low) -&gt; IRQ 22
uhci_hcd 0000:00:1d.2: setting latency timer to 64
uhci_hcd 0000:00:1d.2: UHCI Host Controller
uhci_hcd 0000:00:1d.2: new USB bus registered, assigned bus number 7
uhci_hcd 0000:00:1d.2: irq 22, io base 0x00006f40
usb usb7: configuration #1 chosen from 1 choice
hub 7-0:1.0: USB hub found
hub 7-0:1.0: 2 ports detected
Initializing USB Mass Storage driver...
usbcore: registered new interface driver usb-storage
USB Mass Storage support registered.
usbcore: registered new interface driver usbserial
usbserial: USB Serial Driver core
USB Serial support registered for Handspring Visor / Palm OS
USB Serial support registered for Sony Clie 3.5
USB Serial support registered for Sony Clie 5.0
usbcore: registered new interface driver visor
visor: USB HandSpring Visor / Palm OS driver
PNP: PS/2 Controller [PNP0303:KBC,PNP0f13:PS2M] at 0x60,0x64 irq 1,12
serio: i8042 KBD port at 0x60,0x64 irq 1
serio: i8042 AUX port at 0x60,0x64 irq 12
mice: PS/2 mouse device common for all mice
input: PC Speaker as /devices/platform/pcspkr/input/input3
input: AT Translated Set 2 keyboard as /devices/platform/i8042/serio0/input/input4
rtc_cmos 00:03: RTC can wake from S4
rtc_cmos 00:03: rtc core: registered rtc_cmos as rtc0
rtc0: alarms up to one month, y3k, 114 bytes nvram, hpet irqs
cpuidle: using governor ladder
sdhci: Secure Digital Host Controller Interface driver
sdhci: Copyright(c) Pierre Ossman
sdhci-pci 0000:03:01.1: SDHCI controller found [1180:0822] (rev 22)
sdhci-pci 0000:03:01.1: PCI INT B -&gt; GSI 18 (level, low) -&gt; IRQ 18
mmc0: SDHCI controller on PCI [0000:03:01.1] using DMA
Marking TSC unstable due to TSC halts in idle
usbcore: registered new interface driver hiddev
usbcore: registered new interface driver usbhid
usbhid: v2.6:USB HID core driver
Advanced Linux Sound Architecture Driver Version 1.0.18a.
HDA Intel 0000:00:1b.0: PCI INT A -&gt; GSI 21 (level, low) -&gt; IRQ 21
HDA Intel 0000:00:1b.0: setting latency timer to 64
input: HDA Digital PCBeep as /devices/pci0000:00/0000:00:1b.0/input/input5
usb 2-6: new high speed USB device using ehci_hcd and address 2
usb 2-6: configuration #1 chosen from 1 choice
input: HDA Intel Mic at Ext Front Jack as /devices/pci0000:00/0000:00:1b.0/input/input6
input: HDA Intel HP Out at Ext Front Jack as /devices/pci0000:00/0000:00:1b.0/input/input7
input: HDA Intel HP Out at Ext Front Jack as /devices/pci0000:00/0000:00:1b.0/input/input8
ALSA device list:
  #0: HDA Intel at 0xf6ffc000 irq 21
TCP cubic registered
NET: Registered protocol family 17
Clocksource tsc unstable (delta = -215558766 ns)
Synaptics Touchpad, model: 1, fw: 6.3, id: 0x1c0b1, caps: 0xa04753/0x200000
input: SynPS/2 Synaptics TouchPad as /devices/platform/i8042/serio1/input/input9
kjournald starting.  Commit interval 5 seconds
EXT3-fs: mounted filesystem with ordered data mode.
VFS: Mounted root (ext3 filesystem) readonly on device 8:5.
Freeing unused kernel memory: 304k freed
EXT3 FS on sda5, internal journal
NTFS volume version 3.1.
b43 ssb0:0: firmware: requesting b43/ucode5.fw
b43 ssb0:0: firmware: requesting b43/pcm5.fw
b43 ssb0:0: firmware: requesting b43/b0g0initvals5.fw
b43 ssb0:0: firmware: requesting b43/b0g0bsinitvals5.fw
b43-phy0: Loading firmware version 410.2160 (2007-05-26 15:32:10)
b43-phy0 debug: Chip initialized
b43-phy0 debug: 32-bit DMA initialized
b43-phy0 debug: Wireless interface started
b43-phy0 debug: Adding Interface type 2
b43-phy0: Radio turned on by software
wlan0: authenticate with AP 00:13:5f:55:d3:c0
wlan0: authenticated
wlan0: associate with AP 00:13:5f:55:d3:c0
wlan0: RX AssocResp from 00:13:5f:55:d3:c0 (capab=0x421 status=0 aid=93)
wlan0: associated
</PRE>

<!--endarticle-->
    <HR>
    <P><UL>
        <!--threads-->
	<LI>Previous message: <A HREF="005575.html">b43: does not connect with essid=any
</A></li>
	<LI>Next message: <A HREF="005574.html">b43: does not connect with essid=any
</A></li>
         <LI> <B>Messages sorted by:</B> 
              <a href="date.html#5573">[ date ]</a>
              <a href="thread.html#5573">[ thread ]</a>
              <a href="subject.html#5573">[ subject ]</a>
              <a href="author.html#5573">[ author ]</a>
         </LI>
       </UL>

<hr>
<a href="https://lists.berlios.de/mailman/listinfo/bcm43xx-dev">More information about the Bcm43xx-dev
mailing list</a><br>
</body></html>
