From dodofxp at gmail.com  Sat Aug  2 16:15:01 2008
From: dodofxp at gmail.com (Felipe Sere)
Date: Sat, 2 Aug 2008 16:15:01 +0200
Subject: b43 in MacBook Pro not showing interface
Message-ID: <da38d7b90808020715s2fa297bbnc262a28c4fa0464d@mail.gmail.com>

Hi everyone,

I am new to this list, so please be gentle :-) I am also no kernel developer.

My problem is the following:
even though I have extracted the firmware for the bcm from a file from
the inet (wl_apasta.o or so) to /lib/firmware and the module loads
without any errors when I do a modprobe b43, ifconfig -a does not show
any new interface...
I think the problem lies with the PCIID of my wireless chip.
Here is the output of lspci -nnv concerning the Broadcome BCM43xx chip.
0b:00.0 Network controller [0280]: Broadcom Corporation BCM4328
802.11a/b/g/n [14e4:4328] (rev 05)
	Subsystem: Apple Computer Inc. Unknown device [106b:008c]
	Flags: bus master, fast devsel, latency 0, IRQ 16
	Memory at 97300000 (64-bit, non-prefetchable) [size=16K]
	Capabilities: [40] Power Management version 3
	Capabilities: [58] Vendor Specific Information <?>
	Capabilities: [e8] Message Signalled Interrupts: Mask- 64bit+ Queue=0/0 Enable-
	Capabilities: [d0] Express Endpoint, MSI 00
	Kernel driver in use: b43-pci-bridge
	Kernel modules: ssb

I am willing to give any other needed information and help with
testing some patches.

Cheers

-- 
Felipe Sere


From netrolller.3d at gmail.com  Sat Aug  2 17:01:12 2008
From: netrolller.3d at gmail.com (=?ISO-8859-1?Q?Stefanik_G=E1bor?=)
Date: Sat, 2 Aug 2008 17:01:12 +0200
Subject: b43 in MacBook Pro not showing interface
In-Reply-To: <da38d7b90808020715s2fa297bbnc262a28c4fa0464d@mail.gmail.com>
References: <da38d7b90808020715s2fa297bbnc262a28c4fa0464d@mail.gmail.com>
Message-ID: <69e28c910808020801o4b51bb0et184e9903d31c2ef8@mail.gmail.com>

On Sat, Aug 2, 2008 at 4:15 PM, Felipe Sere <dodofxp at gmail.com> wrote:
> Hi everyone,
>
> I am new to this list, so please be gentle :-) I am also no kernel developer.
>
> My problem is the following:
> even though I have extracted the firmware for the bcm from a file from
> the inet (wl_apasta.o or so) to /lib/firmware and the module loads
> without any errors when I do a modprobe b43, ifconfig -a does not show
> any new interface...
> I think the problem lies with the PCIID of my wireless chip.
> Here is the output of lspci -nnv concerning the Broadcome BCM43xx chip.
> 0b:00.0 Network controller [0280]: Broadcom Corporation BCM4328
> 802.11a/b/g/n [14e4:4328] (rev 05)
>        Subsystem: Apple Computer Inc. Unknown device [106b:008c]
>        Flags: bus master, fast devsel, latency 0, IRQ 16
>        Memory at 97300000 (64-bit, non-prefetchable) [size=16K]
>        Capabilities: [40] Power Management version 3
>        Capabilities: [58] Vendor Specific Information <?>
>        Capabilities: [e8] Message Signalled Interrupts: Mask- 64bit+ Queue=0/0 Enable-
>        Capabilities: [d0] Express Endpoint, MSI 00
>        Kernel driver in use: b43-pci-bridge
>        Kernel modules: ssb
>
> I am willing to give any other needed information and help with
> testing some patches.
>
> Cheers
>
> --
> Felipe Sere

BCM4328 and other N-PHY/Intensi-Fi cards are not yet supported, and
there is nothing that can be done about it.

-- 
Vista: [V]iruses, [I]ntruders, [S]pyware, [T]rojans and [A]dware. :-)


From Larry.Finger at lwfinger.net  Sat Aug  2 17:14:15 2008
From: Larry.Finger at lwfinger.net (Larry Finger)
Date: Sat, 02 Aug 2008 10:14:15 -0500
Subject: b43 in MacBook Pro not showing interface
In-Reply-To: <da38d7b90808020715s2fa297bbnc262a28c4fa0464d@mail.gmail.com>
References: <da38d7b90808020715s2fa297bbnc262a28c4fa0464d@mail.gmail.com>
Message-ID: <489479C7.3060706@lwfinger.net>

Felipe Sere wrote:
> Hi everyone,
> 
> I am new to this list, so please be gentle :-) I am also no kernel developer.
> 
> My problem is the following:
> even though I have extracted the firmware for the bcm from a file from
> the inet (wl_apasta.o or so) to /lib/firmware and the module loads
> without any errors when I do a modprobe b43, ifconfig -a does not show
> any new interface...
> I think the problem lies with the PCIID of my wireless chip.
> Here is the output of lspci -nnv concerning the Broadcome BCM43xx chip.
> 0b:00.0 Network controller [0280]: Broadcom Corporation BCM4328
> 802.11a/b/g/n [14e4:4328] (rev 05)
> 	Subsystem: Apple Computer Inc. Unknown device [106b:008c]
> 	Flags: bus master, fast devsel, latency 0, IRQ 16
> 	Memory at 97300000 (64-bit, non-prefetchable) [size=16K]
> 	Capabilities: [40] Power Management version 3
> 	Capabilities: [58] Vendor Specific Information <?>
> 	Capabilities: [e8] Message Signalled Interrupts: Mask- 64bit+ Queue=0/0 Enable-
> 	Capabilities: [d0] Express Endpoint, MSI 00
> 	Kernel driver in use: b43-pci-bridge
> 	Kernel modules: ssb
> 
> I am willing to give any other needed information and help with
> testing some patches.

At the moment, the BCM4328 is not supported by any b43 driver. The reverse 
engineering for this chip is in progress, but we cannot promise a date at which 
the driver will support this chip.

Larry


From clermytt at hotmail.com  Mon Aug  4 00:26:09 2008
From: clermytt at hotmail.com (Kobboi)
Date: Mon, 04 Aug 2008 00:26:09 +0200
Subject: Performance issue
Message-ID: <1217802370.9840.13.camel@saive.lan>

Hello,

I'm having a performance issue with my wireless card. I'd be grateful if
someone could help out, pinpoint the cause or propose a solution. I'm
using good old easy-to-crack WEP.

Kobboi

=== My hardware ==========

03:0c.0 Network controller: Broadcom Corporation BCM4306 802.11b/g
Wireless LAN Controller (rev 02) [0280: 14e4:4320 (rev 02)]
Subsystem: Belkin Unknown device 7000 [1799:7000]
Control: I/O- Mem+ BusMaster+ SpecCycle- MemWINV- VGASnoop- ParErr-
Stepping- SERR+ FastB2B- DisINTx-
Status: Cap+ 66MHz- UDF- FastB2B- ParErr- DEVSEL=fast >TAbort- <TAbort-
<MAbort- >SERR- <PERR- INTx-
Latency: 64
Interrupt: pin A routed to IRQ 20
Region 0: Memory at f7efc000 (32-bit, non-prefetchable) [size=8K]
Capabilities: [40] Power Management version 2
Flags: PMEClk- DSI- D1+ D2+ AuxCurrent=375mA PME(D0+,D1+,D2+,D3hot
+,D3cold+)
Status: D0 PME-Enable- DSel=0 DScale=2 PME+
Kernel driver in use: ndiswrapper

=== My software ==========

(o) ndiswrapper 1.50
with bcmwl5.sys from some driver. dmesg says
ndiswrapper: driver bcmwl5 (Broadcom,11/02/2005, 4.10.40.0) loaded
ACPI: PCI Interrupt 0000:03:0c.0[A] -> GSI 20 (level, low) -> IRQ 20
ndiswrapper: using IRQ 20
wlan0: ethernet device 00:30:bd:97:da:20 using NDIS driver: bcmwl5,
version: 0x40a2800, NDIS version: 0x501, vendor: 'NDIS Network Adapter',
14E4:4320.5.conf
wlan0: encryption modes supported: WEP; TKIP with WPA, WPA2, WPA2PSK;
AES/CCMP with WPA, WPA2, WPA2PSK

(o) linux kernel 2.6.26, from gentoo-sources package
(=vanilla kernel with some "safe" gentoo patches), b43 and b43legacy
built as modules

(o) b43-fwcutter 011

(o) b43 firmware from
http://mirror2.openwrt.org/sources/broadcom-wl-4.150.10.5.tar.bz2
(wl_apsta_mimo.o)

(o) b43legacy firmware from
http://downloads.openwrt.org/sources/wl_apsta-3.130.20.0.o

=== My problem ==========

(o) My system boots with the ndiswrapper module loaded

wlan0     IEEE 802.11g  ESSID:"xxxxx"  
          Mode:Managed  Frequency:2.412 GHz  Access Point:
00:11:F5:30:88:6A   
          Bit Rate=48 Mb/s   Tx-Power:24 dBm   
          RTS thr:2347 B   Fragment thr:2346 B   
          Encryption key:xxxxx   Security mode:restricted
          Power Management:off
          Link Quality:51/100  Signal level:-63 dBm  Noise level:-96 dBm
          Rx invalid nwid:0  Rx invalid crypt:0  Rx invalid frag:0
          Tx excessive retries:0  Invalid misc:0   Missed beacon:0

Rate is good, a 131MB wget from a server connected with a wire to the
access point gets about 2MB/s.

(o) rmmod ndiswrapper and modprobe b43
dmesg says "Broadcom 43xx driver loaded [ Features: P, Firmware-ID:
FW13 ]"
Nothing happens, I guess this means my hardware is not supported by b43

(o) rmmod b43 and modprobe b43legacy
dmesg says

b43legacy-phy0: Broadcom 4306 WLAN found
b43legacy-phy0 debug: Found PHY: Analog 1, Type 2, Revision 1
b43legacy-phy0 debug: Found Radio: Manuf 0x17F, Version 0x2050, Revision
2
b43legacy-phy0 debug: Radio initialized
b43legacy-phy0 debug: DebugFS (CONFIG_DEBUG_FS) not enabled in kernel
config
phy0: Selected rate control algorithm 'pid'
Broadcom 43xx-legacy driver loaded [ Features: PID, Firmware-ID: FW10 ]
firmware: requesting b43legacy/ucode4.fw
firmware: requesting b43legacy/pcm4.fw
firmware: requesting b43legacy/b0g0initvals2.fw
b43legacy-phy0: Loading firmware version 0x127, patch level 14
(2005-04-18 02:36:27)
b43legacy-phy0 debug: Chip initialized
b43legacy-phy0 debug: 30-bit DMA initialized
b43legacy-phy0 debug: Wireless interface started
b43legacy-phy0 debug: Adding Interface type 2
wlan0: Initial auth_alg=0
wlan0: authenticate with AP 00:11:f5:30:88:6a
wlan0: Initial auth_alg=0
wlan0: authenticate with AP 00:11:f5:30:88:6a
wlan0: RX authentication from 00:11:f5:30:88:6a (alg=0 transaction=2
status=0)
wlan0: authenticated
wlan0: associate with AP 00:11:f5:30:88:6a
wlan0: authentication frame received from 00:11:f5:30:88:6a, but not in
authenticate state - ignored
wlan0: RX AssocResp from 00:11:f5:30:88:6a (capab=0x411 status=0 aid=1)
wlan0: associated
wlan0: switched to short barker preamble (BSSID=00:11:f5:30:88:6a)

iwconfig says

wlan0     IEEE 802.11  ESSID:"xxxxx"  
          Mode:Managed  Frequency:2.412 GHz  Access Point:
00:11:F5:30:88:6A   
          Bit Rate=1 Mb/s   Tx-Power=27 dBm   
          Retry min limit:7   RTS thr:off   Fragment thr=2352 B   
          Encryption key:xxxxx
          Link Quality=75/100  Signal level=-51 dBm  Noise level=-64 dBm
          Rx invalid nwid:0  Rx invalid crypt:0  Rx invalid frag:0
          Tx excessive retries:0  Invalid misc:0   Missed beacon:0

Transfer speed for a wget of the same file as above is a bit shaky,
average about 140-150KB/s (how can this be inline with 1Mb/s physical
speed?)

I can put the wireless speed to 54MB with iwconfig (and waiting a few
seconds), but then the transfer speed of a large file drops to 0-20KB/s

wlan0     IEEE 802.11  ESSID:"xxxxx"  
          Mode:Managed  Frequency:2.412 GHz  Access Point:
00:11:F5:30:88:6A   
          Bit Rate=54 Mb/s   Tx-Power=27 dBm   
          Retry min limit:7   RTS thr:off   Fragment thr=2352 B   
          Encryption key:xxxxx
          Link Quality=78/100  Signal level=-49 dBm  Noise level=-64 dBm
          Rx invalid nwid:0  Rx invalid crypt:0  Rx invalid frag:0
          Tx excessive retries:0  Invalid misc:0   Missed beacon:0



From Larry.Finger at lwfinger.net  Mon Aug  4 00:52:20 2008
From: Larry.Finger at lwfinger.net (Larry Finger)
Date: Sun, 03 Aug 2008 17:52:20 -0500
Subject: Performance issue
In-Reply-To: <1217802370.9840.13.camel@saive.lan>
References: <1217802370.9840.13.camel@saive.lan>
Message-ID: <489636A4.2000107@lwfinger.net>

Kobboi wrote:
> Hello,
> 
> I'm having a performance issue with my wireless card. I'd be grateful if
> someone could help out, pinpoint the cause or propose a solution. I'm
> using good old easy-to-crack WEP.
> 
> Kobboi
> 
> === My hardware ==========
> 
> 03:0c.0 Network controller: Broadcom Corporation BCM4306 802.11b/g
> Wireless LAN Controller (rev 02) [0280: 14e4:4320 (rev 02)]
> 

The cause is probably an error in the reverse engineering of the code for the 
BCM4306/2. As you discovered, this card _NEEDS_ b43legacy. I don't quite know 
why users think they are smarter than the device selection code and try b43 with 
legacy devices and vice versa. These devices have never performed very well; 
however, I think they used to be better with bcm43xx than they are with 
b43legacy, but I have no real proof.

> I can put the wireless speed to 54MB with iwconfig (and waiting a few
> seconds), but then the transfer speed of a large file drops to 0-20KB/s
> 
> wlan0     IEEE 802.11  ESSID:"xxxxx"  
>           Mode:Managed  Frequency:2.412 GHz  Access Point:
> 00:11:F5:30:88:6A   
>           Bit Rate=54 Mb/s   Tx-Power=27 dBm   
>           Retry min limit:7   RTS thr:off   Fragment thr=2352 B   
>           Encryption key:xxxxx
>           Link Quality=78/100  Signal level=-49 dBm  Noise level=-64 dBm
>           Rx invalid nwid:0  Rx invalid crypt:0  Rx invalid frag:0
>           Tx excessive retries:0  Invalid misc:0   Missed beacon:0

The rate-setting algorithm in mac80211 is very good. When you force a rate 
higher than it picks, you increase the error rate and drop the overall 
performance - just as you found.

Larry


From clermytt at hotmail.com  Mon Aug  4 10:44:23 2008
From: clermytt at hotmail.com (Kob Boi)
Date: Mon, 4 Aug 2008 08:44:23 +0000
Subject: Performance issue
In-Reply-To: <489636A4.2000107@lwfinger.net>
References: <1217802370.9840.13.camel@saive.lan>
	<489636A4.2000107@lwfinger.net> 
Message-ID: <BLU142-W3A580B6766F07FAE8FB9BC3780@phx.gbl>




Larry Finger wrote:>I don't quite know why users think they are smarter than the device selection code and try b43 with > legacy devices and vice versa.  With ndiswrapper being able to use a 4.x driver, I thought I could at least try b43, especially with the b43legacy performance problem. Doing a modprobe b43 wasn't exactly the biggest waste of time ever, I guess. Kobboi 

Neem je Messenger vrienden overal mee met Messenger op je gsm! Messenger voor Mobile 
_________________________________________________________________
Blijf deze zomer altijd en overal bereikbaar
http://www.startmessenger.be/nl/index.asp
-------------- next part --------------
An HTML attachment was scrubbed...
URL: <https://lists.berlios.de/pipermail/bcm43xx-dev/attachments/20080804/9987b21a/attachment.html>

From max8455 at hotmail.com  Sat Aug  9 01:44:37 2008
From: max8455 at hotmail.com (Max Siegel)
Date: Fri, 8 Aug 2008 19:44:37 -0400
Subject: Broadcom card wont pickup access point signal
Message-ID: <BAY131-W2D0DB5F6073D518843613B7740@phx.gbl>

I can't get my card to stay turned on and even if it's on it won't have a signal more than 1mb/s and can't connect to the access point which is in the same room.  The network has a non broadcasting ssid and wep password, but even with that stuff turned off it still won't connect.  Also, I tried using the fwcutter but the commands sudo and make returned "command not found".  I am a linux novice at best, this is my first time using it and I just want wireless to work.  Thanks for any advice.




[slax-Fri Aug 08-19:35:16]
root-pt1
~ $> uname -a
Linux slax 2.6.21.5 #1 SMP Mon Jun 18 09:45:53 GMT 2007 i686 AMD Turion(tm) 64 X2 Mobile Technology TL-52 AuthenticAMD GNU/Linux
[slax-Fri Aug 08-19:35:18]
root-pt1
~ $> lspci -vvn|grep 43 -A7
00:12.0 0106: 1002:4380 (prog-if 01 [AHCI 1.0])
        Subsystem: 1002:4380
        Control: I/O+ Mem+ BusMaster+ SpecCycle- MemWINV- VGASnoop- ParErr- Stepping- SERR- FastB2B-
        Status: Cap+ 66MHz+ UDF- FastB2B- ParErr- DEVSEL=medium >TAbort- <TAbort- <MAbort- >SERR- <PERR-
        Latency: 64, Cache Line Size: 64 bytes
        Interrupt: pin A routed to IRQ 18
        Region 0: I/O ports at 9000 [size=8]
        Region 1: I/O ports at 9008 [size=4]
        Region 2: I/O ports at 9010 [size=8]
--
00:13.0 0c03: 1002:4387 (prog-if 10 [OHCI])
        Subsystem: 103c:30c2
        Control: I/O+ Mem+ BusMaster+ SpecCycle- MemWINV- VGASnoop- ParErr- Stepping- SERR- FastB2B-
        Status: Cap- 66MHz+ UDF- FastB2B+ ParErr- DEVSEL=medium >TAbort- <TAbort- <MAbort- >SERR- <PERR-
        Latency: 64, Cache Line Size: 64 bytes
        Interrupt: pin A routed to IRQ 19
        Region 0: Memory at d0601000 (32-bit, non-prefetchable) [size=4K]

00:13.1 0c03: 1002:4388 (prog-if 10 [OHCI])
        Subsystem: 103c:30c2
        Control: I/O+ Mem+ BusMaster+ SpecCycle- MemWINV- VGASnoop- ParErr- Stepping- SERR- FastB2B-
        Status: Cap- 66MHz+ UDF- FastB2B+ ParErr- DEVSEL=medium >TAbort- <TAbort- <MAbort- >SERR- <PERR-
        Latency: 64, Cache Line Size: 64 bytes
        Interrupt: pin B routed to IRQ 20
        Region 0: Memory at d0602000 (32-bit, non-prefetchable) [size=4K]

00:13.2 0c03: 1002:4389 (prog-if 10 [OHCI])
        Subsystem: 103c:30c2
        Control: I/O+ Mem+ BusMaster+ SpecCycle- MemWINV- VGASnoop- ParErr- Stepping- SERR- FastB2B-
        Status: Cap- 66MHz+ UDF- FastB2B+ ParErr- DEVSEL=medium >TAbort- <TAbort- <MAbort- >SERR- <PERR-
        Latency: 64, Cache Line Size: 64 bytes
        Interrupt: pin C routed to IRQ 20
        Region 0: Memory at d0603000 (32-bit, non-prefetchable) [size=4K]

00:13.3 0c03: 1002:438a (prog-if 10 [OHCI])
        Subsystem: 103c:30c2
        Control: I/O+ Mem+ BusMaster+ SpecCycle- MemWINV- VGASnoop- ParErr- Stepping- SERR- FastB2B-
        Status: Cap- 66MHz+ UDF- FastB2B+ ParErr- DEVSEL=medium >TAbort- <TAbort- <MAbort- >SERR- <PERR-
        Latency: 64, Cache Line Size: 64 bytes
        Interrupt: pin B routed to IRQ 20
        Region 0: Memory at d0604000 (32-bit, non-prefetchable) [size=4K]

00:13.4 0c03: 1002:438b (prog-if 10 [OHCI])
        Subsystem: 103c:30c2
        Control: I/O+ Mem+ BusMaster+ SpecCycle- MemWINV- VGASnoop- ParErr- Stepping- SERR- FastB2B-
        Status: Cap- 66MHz+ UDF- FastB2B+ ParErr- DEVSEL=medium >TAbort- <TAbort- <MAbort- >SERR- <PERR-
        Latency: 64, Cache Line Size: 64 bytes
        Interrupt: pin C routed to IRQ 20
        Region 0: Memory at d0605000 (32-bit, non-prefetchable) [size=4K]

00:13.5 0c03: 1002:4386 (prog-if 20 [EHCI])
        Subsystem: 103c:30c2
        Control: I/O+ Mem+ BusMaster+ SpecCycle- MemWINV+ VGASnoop- ParErr- Stepping- SERR- FastB2B-
        Status: Cap+ 66MHz+ UDF- FastB2B+ ParErr- DEVSEL=medium >TAbort- <TAbort- <MAbort- >SERR- <PERR-
        Latency: 64, Cache Line Size: 64 bytes
        Interrupt: pin D routed to IRQ 19
        Region 0: Memory at d0606000 (32-bit, non-prefetchable) [size=256]
        Capabilities: [c0] Power Management version 2
--
00:14.0 0c05: 1002:4385 (rev 14)
        Subsystem: 103c:30c2
        Control: I/O+ Mem+ BusMaster- SpecCycle- MemWINV- VGASnoop- ParErr- Stepping- SERR- FastB2B-
        Status: Cap+ 66MHz+ UDF- FastB2B- ParErr- DEVSEL=medium >TAbort- <TAbort- <MAbort- >SERR- <PERR-
        Region 0: I/O ports at 8200 [size=16]
        Capabilities: [b0] HyperTransport: MSI Mapping

00:14.1 0101: 1002:438c (prog-if 82 [Master PriP])
        Subsystem: 103c:30c2
        Control: I/O+ Mem- BusMaster+ SpecCycle- MemWINV- VGASnoop- ParErr- Stepping- SERR- FastB2B-
        Status: Cap- 66MHz+ UDF- FastB2B- ParErr- DEVSEL=medium >TAbort- <TAbort- <MAbort- >SERR- <PERR-
        Latency: 64, Cache Line Size: 64 bytes
        Interrupt: pin A routed to IRQ 18
        Region 0: I/O ports at 01f0 [size=8]
        Region 1: I/O ports at 03f4 [size=1]
--
00:14.2 0403: 1002:4383
        Subsystem: 103c:30c2
        Control: I/O- Mem+ BusMaster+ SpecCycle- MemWINV- VGASnoop- ParErr- Stepping- SERR- FastB2B-
        Status: Cap+ 66MHz- UDF- FastB2B- ParErr- DEVSEL=slow >TAbort- <TAbort- <MAbort- >SERR- <PERR-
        Latency: 64, Cache Line Size: 64 bytes
        Interrupt: pin ? routed to IRQ 18
        Region 0: Memory at 54000000 (64-bit, non-prefetchable) [size=16K]
        Capabilities: [50] Power Management version 2
--
00:14.3 0601: 1002:438d
        Subsystem: 103c:30c2
        Control: I/O+ Mem+ BusMaster+ SpecCycle+ MemWINV- VGASnoop- ParErr- Stepping- SERR- FastB2B-
        Status: Cap- 66MHz+ UDF- FastB2B- ParErr- DEVSEL=medium >TAbort- <TAbort- <MAbort- >SERR- <PERR-
        Latency: 0

00:14.4 0604: 1002:4384 (prog-if 01 [Subtractive decode])
        Control: I/O+ Mem+ BusMaster+ SpecCycle- MemWINV- VGASnoop+ ParErr- Stepping- SERR- FastB2B-
        Status: Cap- 66MHz+ UDF- FastB2B+ ParErr- DEVSEL=medium >TAbort- <TAbort- <MAbort- >SERR- <PERR-
        Latency: 64
        Bus: primary=00, secondary=02, subordinate=06, sec-latency=64
        I/O behind bridge: 00001000-00001fff
        Memory behind bridge: d0100000-d03fffff
        Prefetchable memory behind bridge: 50000000-53ffffff
--
30:00.0 0280: 14e4:4312 (rev 02)
        Subsystem: 103c:1370
        Control: I/O- Mem+ BusMaster+ SpecCycle- MemWINV- VGASnoop- ParErr- Stepping- SERR- FastB2B-
        Status: Cap+ 66MHz- UDF- FastB2B- ParErr- DEVSEL=fast >TAbort- <TAbort- <MAbort- >SERR- <PERR-
        Latency: 0, Cache Line Size: 64 bytes
        Interrupt: pin A routed to IRQ 21
        Region 0: Memory at c8000000 (64-bit, non-prefetchable) [size=16K]
        Capabilities: [40] Power Management version 3
[slax-Fri Aug 08-19:35:33]
root-pt1
~ $> dmesg
Linux version 2.6.21.5 (root at slax) (gcc version 4.1.2) #1 SMP Mon Jun 18 09:45:53 GMT 2007
BIOS-provided physical RAM map:
sanitize start
sanitize end
copy_e820_map() start: 0000000000000000 size: 000000000009fc00 end: 000000000009fc00 type: 1
copy_e820_map() type is E820_RAM
copy_e820_map() start: 000000000009fc00 size: 0000000000000400 end: 00000000000a0000 type: 2
copy_e820_map() start: 00000000000e0000 size: 0000000000020000 end: 0000000000100000 type: 2
copy_e820_map() start: 0000000000100000 size: 0000000037eb0000 end: 0000000037fb0000 type: 1
copy_e820_map() type is E820_RAM
copy_e820_map() start: 0000000037fb0000 size: 0000000000018000 end: 0000000037fc8000 type: 2
copy_e820_map() start: 0000000037fc8000 size: 000000000001ffb8 end: 0000000037fe7fb8 type: 4
copy_e820_map() start: 0000000037fe7fb8 size: 0000000008018048 end: 0000000040000000 type: 2
copy_e820_map() start: 00000000e0000000 size: 0000000010000000 end: 00000000f0000000 type: 2
copy_e820_map() start: 00000000fec00000 size: 0000000000002000 end: 00000000fec02000 type: 2
copy_e820_map() start: 00000000ffbc0000 size: 0000000000100000 end: 00000000ffcc0000 type: 2
copy_e820_map() start: 00000000fff00000 size: 0000000000100000 end: 0000000100000000 type: 2
 BIOS-e820: 0000000000000000 - 000000000009fc00 (usable)
 BIOS-e820: 000000000009fc00 - 00000000000a0000 (reserved)
 BIOS-e820: 00000000000e0000 - 0000000000100000 (reserved)
 BIOS-e820: 0000000000100000 - 0000000037fb0000 (usable)
 BIOS-e820: 0000000037fb0000 - 0000000037fc8000 (reserved)
 BIOS-e820: 0000000037fc8000 - 0000000037fe7fb8 (ACPI NVS)
 BIOS-e820: 0000000037fe7fb8 - 0000000040000000 (reserved)
 BIOS-e820: 00000000e0000000 - 00000000f0000000 (reserved)
 BIOS-e820: 00000000fec00000 - 00000000fec02000 (reserved)
 BIOS-e820: 00000000ffbc0000 - 00000000ffcc0000 (reserved)
 BIOS-e820: 00000000fff00000 - 0000000100000000 (reserved)
0MB HIGHMEM available.
895MB LOWMEM available.
Entering add_active_range(0, 0, 229296) 0 entries of 256 used
Zone PFN ranges:
  DMA             0 ->     4096
  Normal       4096 ->   229296
  HighMem    229296 ->   229296
early_node_map[1] active PFN ranges
    0:        0 ->   229296
On node 0 totalpages: 229296
  DMA zone: 32 pages used for memmap
  DMA zone: 0 pages reserved
  DMA zone: 4064 pages, LIFO batch:0
  Normal zone: 1759 pages used for memmap
  Normal zone: 223441 pages, LIFO batch:31
  HighMem zone: 0 pages used for memmap
DMI 2.4 present.
ACPI: RSDP 000FE0B0, 0024 (r2 HP    )
ACPI: XSDT 37FC81BC, 0064 (r1 HPQOEM SLIC-MPC        1 HP          1)
ACPI: FACP 37FC8084, 00F4 (r4 HP     0944            3 HP          1)
ACPI Error (tbfadt-0445): 32/64X address mismatch in "Pm2ControlBlock": [00008800] [0000000000008100], using 64X [20070126]
ACPI: DSDT 37FC84A4, 11437 (r1 HP        SB400    10000 MSFT  3000001)
ACPI: FACS 37FE7D80, 0040
ACPI: SLIC 37FC8220, 0176 (r1 HPQOEM SLIC-MPC        1 HP          1)
ACPI: EPTH 37FC8398, 0038 (r1 HP     0944            1 HP          1)
ACPI: APIC 37FC83D0, 0062 (r1 HP     0944            1 HP          1)
ACPI: MCFG 37FC8434, 003C (r1 HP     0944            1 HP          1)
ACPI: TCPA 37FC8470, 0032 (r2 HP     0944            1 HP          1)
ACPI: SSDT 37FD98DB, 0059 (r1 HP       HPQNLP        1 MSFT  3000001)
ACPI: SSDT 37FD9934, 0182 (r1 HP     PSSTBLID        1 HP          1)
ATI board detected. Disabling timer routing over 8254.
ACPI: PM-Timer IO Port: 0x8008
ACPI: Local APIC address 0xfee00000
ACPI: LAPIC (acpi_id[0x01] lapic_id[0x00] enabled)
Processor #0 15:8 APIC version 16
ACPI: LAPIC (acpi_id[0x02] lapic_id[0x01] enabled)
Processor #1 15:8 APIC version 16
ACPI: LAPIC_NMI (acpi_id[0x01] high edge lint[0x1])
ACPI: IOAPIC (id[0x02] address[0xfec00000] gsi_base[0])
IOAPIC[0]: apic_id 2, version 33, address 0xfec00000, GSI 0-23
ACPI: INT_SRC_OVR (bus 0 bus_irq 0 global_irq 2 dfl dfl)
ACPI: INT_SRC_OVR (bus 0 bus_irq 9 global_irq 9 low level)
ACPI: IRQ0 used by override.
ACPI: IRQ2 used by override.
ACPI: IRQ9 used by override.
Enabling APIC mode:  Flat.  Using 1 I/O APICs
Using ACPI (MADT) for SMP configuration information
Allocating PCI resources starting at 50000000 (gap: 40000000:a0000000)
Built 1 zonelists.  Total pages: 227505
Kernel command line: vga=791 initrd=/boot/slax/initrd.gz ramdisk_size=6666 root=/dev/ram0 rw autoexec=xcfbdev;kdm toram changes=slax.dat BOOT_IMAGE=/boot/slax/vmlinuz
mapped APIC to ffffd000 (fee00000)
mapped IOAPIC to ffffc000 (fec00000)
Enabling fast FPU save and restore... done.
Enabling unmasked SIMD FPU exception support... done.
Initializing CPU#0
PID hash table entries: 4096 (order: 12, 16384 bytes)
Detected 1596.163 MHz processor.
Console: colour dummy device 80x25
Dentry cache hash table entries: 131072 (order: 7, 524288 bytes)
Inode-cache hash table entries: 65536 (order: 6, 262144 bytes)
Memory: 897632k/917184k available (5990k kernel code, 19076k reserved, 1918k data, 616k init, 0k highmem)
virtual kernel memory layout:
    fixmap  : 0xffe16000 - 0xfffff000   (1956 kB)
    pkmap   : 0xff800000 - 0xffc00000   (4096 kB)
    vmalloc : 0xf8800000 - 0xff7fe000   ( 111 MB)
    lowmem  : 0xc0000000 - 0xf7fb0000   ( 895 MB)
      .init : 0xc08c2000 - 0xc095c000   ( 616 kB)
      .data : 0xc06d980d - 0xc08b93cc   (1918 kB)
      .text : 0xc0100000 - 0xc06d980d   (5990 kB)
Checking if this processor honours the WP bit even in supervisor mode... Ok.
Calibrating delay using timer specific routine.. 3200.39 BogoMIPS (lpj=6400788)
Security Framework v1.0.0 initialized
Mount-cache hash table entries: 512
CPU: After generic identify, caps: 178bfbff ebd3fbff 00000000 00000000 00002001 00000000 0000001f
CPU: L1 I Cache: 64K (64 bytes/line), D cache 64K (64 bytes/line)
CPU: L2 Cache: 512K (64 bytes/line)
CPU 0(2) -> Core 0
CPU: After all inits, caps: 178bfbff ebd3fbff 00000000 00004410 00002001 00000000 0000001f
Intel machine check architecture supported.
Intel machine check reporting enabled on CPU#0.
Compat vDSO mapped to ffffe000.
Checking 'hlt' instruction... OK.
Freeing SMP alternatives: 23k freed
ACPI: Core revision 20070126
CPU0: AMD Turion(tm) 64 X2 Mobile Technology TL-52 stepping 02
Booting processor 1/1 eip 2000
Initializing CPU#1
Calibrating delay using timer specific routine.. 3192.24 BogoMIPS (lpj=6384486)
CPU: After generic identify, caps: 178bfbff ebd3fbff 00000000 00000000 00002001 00000000 0000001f
CPU: L1 I Cache: 64K (64 bytes/line), D cache 64K (64 bytes/line)
CPU: L2 Cache: 512K (64 bytes/line)
CPU 1(2) -> Core 1
CPU: After all inits, caps: 178bfbff ebd3fbff 00000000 00004410 00002001 00000000 0000001f
Intel machine check architecture supported.
Intel machine check reporting enabled on CPU#1.
CPU1: AMD Turion(tm) 64 X2 Mobile Technology TL-52 stepping 02
Total of 2 processors activated (6392.63 BogoMIPS).
ENABLING IO-APIC IRQs
..TIMER: vector=0x31 apic1=0 pin1=2 apic2=-1 pin2=-1
..MP-BIOS bug: 8254 timer not connected to IO-APIC
...trying to set up timer (IRQ0) through the 8259A ...  failed.
...trying to set up timer as Virtual Wire IRQ... works.
Brought up 2 CPUs
migration_cost=4000
HP Compaq Laptop series board detected. Selecting BIOS-method for reboots.
NET: Registered protocol family 16
No dock devices found.
ACPI: bus type pci registered
PCI: Using MMCONFIG
PCI: No mmconfig possible on device 00:18
Setting up standard PCI resources
ACPI: Interpreter enabled
ACPI: Using IOAPIC for interrupt routing
ACPI: PCI Root Bridge [C08B] (0000:00)
PCI: Probing PCI hardware (bus 00)
Boot video device is 0000:01:05.0
PCI: Transparent bridge - 0000:00:14.4
PCI: Bus #03 (-#06) is hidden behind transparent bridge #02 (-#03) (try 'pci=assign-busses')
Please report the result to linux-kernel to fix this permanently
ACPI: PCI Interrupt Routing Table [\_SB_.C08B._PRT]
ACPI: PCI Interrupt Routing Table [\_SB_.C08B.C08C._PRT]
ACPI: PCI Interrupt Routing Table [\_SB_.C08B.C0FC._PRT]
ACPI: PCI Interrupt Link [C145] (IRQs 10 11) *0, disabled.
ACPI: PCI Interrupt Link [C146] (IRQs 10 11) *0, disabled.
ACPI: PCI Interrupt Link [C147] (IRQs 10 11) *0, disabled.
ACPI: PCI Interrupt Link [C148] (IRQs 10 11) *0, disabled.
ACPI: PCI Interrupt Link [C149] (IRQs 10 11) *0, disabled.
ACPI: PCI Interrupt Link [C14A] (IRQs 9) *0, disabled.
ACPI: PCI Interrupt Link [C14B] (IRQs 10 11) *0, disabled.
ACPI: PCI Interrupt Link [C14C] (IRQs 10 11) *0, disabled.
ACPI: Power Resource [C171] (off)
ACPI: Power Resource [C230] (off)
ACPI: Power Resource [C24C] (on)
ACPI: Power Resource [C395] (off)
ACPI: Power Resource [C396] (off)
ACPI: Power Resource [C397] (off)
ACPI: Power Resource [C398] (off)
Linux Plug and Play Support v0.97 (c) Adam Belay
pnp: PnP ACPI init
pnp: PnP ACPI: found 14 devices
SCSI subsystem initialized
libata version 2.20 loaded.
usbcore: registered new interface driver usbfs
usbcore: registered new interface driver hub
usbcore: registered new device driver usb
PCI: Using ACPI for IRQ routing
PCI: If a device doesn't work, try "pci=routeirq".  If it helps, post a report
PCI: Cannot allocate resource region 0 of device 0000:00:14.2
pnp: 00:00: iomem range 0x0-0x9ffff could not be reserved
pnp: 00:00: iomem range 0xe0000-0xfffff could not be reserved
pnp: 00:00: iomem range 0x100000-0xffffffff could not be reserved
pnp: 00:0a: ioport range 0x40b-0x40b has been reserved
pnp: 00:0a: ioport range 0x4d0-0x4d1 has been reserved
pnp: 00:0a: iomem range 0xffb00000-0xffbfffff could not be reserved
pnp: 00:0a: iomem range 0xfff00000-0xffffffff could not be reserved
pnp: 00:0c: ioport range 0x8000-0x802f has been reserved
pnp: 00:0c: ioport range 0x8100-0x811f has been reserved
pnp: 00:0c: iomem range 0xe0000000-0xefffffff could not be reserved
pnp: 00:0c: iomem range 0xfec00000-0xfec000ff could not be reserved
pnp: 00:0c: iomem range 0xfed45000-0xfed8ffff has been reserved
pnp: 00:0d: iomem range 0xcd400-0xcffff has been reserved
pnp: 00:0d: iomem range 0xd2a00-0xd2fff has been reserved
pnp: 00:0d: iomem range 0x0-0x7ffffff could not be reserved
pnp: 00:0d: iomem range 0xfee00000-0xfee00fff has been reserved
ieee1394: Initialized config rom entry `ip1394'
ACPI: PCI Interrupt 0000:02:04.1[B] -> GSI 21 (level, low) -> IRQ 16
ohci1394: fw-host0: OHCI-1394 1.1 (PCI): IRQ=[16]  MMIO=[d0101000-d01017ff]  Max Packet=[2048]  IR/IT contexts=[4/4]
PCI: Ignore bogus resource 6 [0:0] of 0000:01:05.0
PCI: Bridge: 0000:00:01.0
  IO window: 4000-4fff
  MEM window: d0400000-d05fffff
  PREFETCH window: c0000000-c7ffffff
PCI: Bridge: 0000:00:04.0
  IO window: disabled.
  MEM window: d0000000-d00fffff
  PREFETCH window: disabled.
PCI: Bridge: 0000:00:05.0
  IO window: 2000-3fff
  MEM window: cc000000-cfffffff
  PREFETCH window: disabled.
PCI: Bridge: 0000:00:06.0
  IO window: disabled.
  MEM window: c8000000-c80fffff
  PREFETCH window: disabled.
PCI: Bus 3, cardbus bridge: 0000:02:04.0
  IO window: 00001000-000010ff
  IO window: 00001400-000014ff
  PREFETCH window: 50000000-53ffffff
  MEM window: 58000000-5bffffff
PCI: Bridge: 0000:00:14.4
  IO window: 1000-1fff
  MEM window: d0100000-d03fffff
  PREFETCH window: 50000000-53ffffff
PCI: Setting latency timer of device 0000:00:04.0 to 64
PCI: Setting latency timer of device 0000:00:05.0 to 64
PCI: Setting latency timer of device 0000:00:06.0 to 64
ACPI: PCI Interrupt 0000:02:04.0[A] -> GSI 20 (level, low) -> IRQ 17
NET: Registered protocol family 2
Time: acpi_pm clocksource has been installed.
IP route cache hash table entries: 32768 (order: 5, 131072 bytes)
TCP established hash table entries: 131072 (order: 8, 1572864 bytes)
TCP bind hash table entries: 65536 (order: 7, 524288 bytes)
TCP: Hash tables configured (established 131072 bind 65536)
TCP reno registered
checking if image is initramfs...it isn't (no cpio magic); looks like an initrd
Freeing initrd memory: 1912k freed
apm: BIOS not found.
VFS: Disk quotas dquot_6.5.1
Dquot-cache hash table entries: 1024 (order 0, 4096 bytes)
NTFS driver 2.1.28 [Flags: R/O].
JFS: nTxBlock = 7028, nTxLock = 56228
SGI XFS with ACLs, security attributes, large block numbers, no debug enabled
SGI XFS Quota Management subsystem
OCFS2 1.3.3
OCFS2 Node Manager 1.3.3
OCFS2 DLM 1.3.3
OCFS2 DLMFS 1.3.3
OCFS2 User DLM kernel interface loaded
GFS2 (built Jun 18 2007 09:35:27) installed
io scheduler noop registered
io scheduler anticipatory registered
io scheduler deadline registered
io scheduler cfq registered (default)
PCI: Setting latency timer of device 0000:00:04.0 to 64
assign_interrupt_mode Found MSI capability
Allocate Port Service[0000:00:04.0:pcie00]
Allocate Port Service[0000:00:04.0:pcie03]
PCI: Setting latency timer of device 0000:00:05.0 to 64
assign_interrupt_mode Found MSI capability
Allocate Port Service[0000:00:05.0:pcie00]
Allocate Port Service[0000:00:05.0:pcie03]
PCI: Setting latency timer of device 0000:00:06.0 to 64
assign_interrupt_mode Found MSI capability
Allocate Port Service[0000:00:06.0:pcie00]
Allocate Port Service[0000:00:06.0:pcie03]
pci_hotplug: PCI Hot Plug PCI Core version: 0.5
vesafb: framebuffer at 0xc0000000, mapped to 0xf8c80000, using 3072k, total 16384k
vesafb: mode is 1024x768x16, linelength=2048, pages=9
vesafb: protected mode interface info at c000:9f30
vesafb: pmi: set display start = c00c9fba, set palette = c00ca078
vesafb: scrolling: redraw
vesafb: Truecolor: size=0:5:6:5, shift=0:11:5:0
Console: switching to colour frame buffer device 128x48
fb0: VESA VGA frame buffer device
ACPI: AC Adapter [C1EB] (on-line)
ACPI: Battery Slot [C1ED] (battery present)
ACPI: Battery Slot [C1EC] (battery absent)
input: Power Button (FF) as /class/input/input0
ACPI: Power Button (FF) [PWRF]
input: Sleep Button (CM) as /class/input/input1
ACPI: Sleep Button (CM) [C28D]
input: Lid Switch as /class/input/input2
ACPI: Lid Switch [C265]
ACPI: Transitioning device [C399] to D3
ACPI: Transitioning device [C399] to D3
ACPI: Fan [C399] (off)
ACPI: Transitioning device [C39A] to D3
ACPI: Transitioning device [C39A] to D3
ACPI: Fan [C39A] (off)
ACPI: Transitioning device [C39B] to D3
ACPI: Transitioning device [C39B] to D3
ACPI: Fan [C39B] (off)
ACPI: Transitioning device [C39C] to D3
ACPI: Transitioning device [C39C] to D3
ACPI: Fan [C39C] (off)
set_level status: 0
ACPI: Video Device [C08D] (multi-head: yes  rom: no  post: no)
ACPI: Processor [C000] (supports 8 throttling states)
ACPI: Processor [C001] (supports 8 throttling states)
ACPI: Thermal Zone [TZ1] (50 C)
isapnp: Scanning for PnP cards...
isapnp: No Plug & Play device found
Real Time Clock Driver v1.12ac
Serial: 8250/16550 driver $Revision: 1.90 $ 4 ports, IRQ sharing enabled
Floppy drive(s): fd0 is 1.44M
ieee1394: Host added: ID:BUS[0-00:1023]  GUID[00023f99297d330e]
floppy0: no floppy controllers found
RAMDISK driver initialized: 16 RAM disks of 6666K size 1024 blocksize
loop: module loaded
Compaq SMART2 Driver (v 2.6.0)
HP CISS Driver (v 3.6.14)
input: Macintosh mouse button emulation as /class/input/input3
Uniform Multi-Platform E-IDE driver Revision: 7.00alpha2
ide: Assuming 33MHz system bus speed for PIO modes; override with idebus=xx
SB600_PATA: IDE controller at PCI slot 0000:00:14.1
ACPI: PCI Interrupt 0000:00:14.1[A] -> GSI 16 (level, low) -> IRQ 18
SB600_PATA: chipset revision 0
SB600_PATA: not 100% native mode: will probe irqs later
    ide0: BM-DMA at 0x5040-0x5047, BIOS settings: hda:DMA, hdb:pio
Probing IDE interface ide0...
hda: HL-DT-ST DVDRAM GSA-T20L, ATAPI CD/DVD-ROM drive
ide0 at 0x1f0-0x1f7,0x3f6 on irq 14
Probing IDE interface ide1...
hda: ATAPI 24X DVD-ROM DVD-R-RAM CD-R/RW drive, 2048kB Cache, DMA
Uniform CD-ROM driver Revision: 3.20
ide-floppy driver 0.99.newide
Loading iSCSI transport class v2.0-724.
iscsi: registered transport (tcp)
Loading Adaptec I2O RAID: Version 2.4 Build 5go
Detecting Adaptec I2O RAID controllers...
Adaptec aacraid driver (1.1-5[2423]-mh3)
aic94xx: Adaptec aic94xx SAS/SATA driver version 1.0.3 loaded
scsi: <fdomain> Detection failed (no card)
sym53c416.c: Version 1.0.0-ac
qlogicfas: no cards were found, please specify I/O address and IRQ using iobase= and irq= options<6>QLogic Fibre Channel HBA Driver
iscsi: registered transport (qla4xxx)
QLogic iSCSI HBA Driver
Emulex LightPulse Fibre Channel SCSI driver 8.1.11
Copyright(c) 2004-2006 Emulex.  All rights reserved.
seagate: ST0x/TMC-8xx not detected.
Failed initialization of WD-7000 SCSI card!
DC390: clustering now enabled by default. If you get problems load
        with "disable_clustering=1" and report to maintainers
megaraid cmm: 2.20.2.7 (Release Date: Sun Jul 16 00:01:03 EST 2006)
megaraid: 2.20.5.1 (Release Date: Thu Nov 16 15:32:35 EST 2006)
megasas: 00.00.03.10-rc1 Wed Feb 14 10:14:25 PST 2007
GDT-HA: Storage RAID Controller Driver. Version: 3.05
GDT-HA: Found 0 PCI Storage RAID Controllers
3ware Storage Controller device driver for Linux v1.26.02.002.
3ware 9000 Storage Controller device driver for Linux v2.26.02.008.
nsp32: loading...
ipr: IBM Power RAID SCSI Device Driver version: 2.3.1 (January 23, 2007)
RocketRAID 3xxx SATA Controller driver v1.0 (060426)
st: Version 20070203, fixed bufsize 32768, s/g segs 256
ahci 0000:00:12.0: version 2.1
ACPI: PCI Interrupt 0000:00:12.0[A] -> GSI 16 (level, low) -> IRQ 18
ahci 0000:00:12.0: controller can't do 64bit DMA, forcing 32bit
ahci 0000:00:12.0: AHCI 0001.0100 32 slots 4 ports 3 Gbps 0x1 impl SATA mode
ahci 0000:00:12.0: flags: 64bit ncq ilck pm led clo pio slum part
ata1: SATA max UDMA/133 cmd 0xf8f9c100 ctl 0x00000000 bmdma 0x00000000 irq 18
ata2: SATA max UDMA/133 cmd 0xf8f9c180 ctl 0x00000000 bmdma 0x00000000 irq 18
ata3: SATA max UDMA/133 cmd 0xf8f9c200 ctl 0x00000000 bmdma 0x00000000 irq 18
ata4: SATA max UDMA/133 cmd 0xf8f9c280 ctl 0x00000000 bmdma 0x00000000 irq 18
scsi2 : ahci
ata1: SATA link up 1.5 Gbps (SStatus 113 SControl 300)
ata1.00: ATA-7: Hitachi HTS541612J9SA00, SBDOC7BP, max UDMA/100
ata1.00: 234441648 sectors, multi 16: LBA48
ata1.00: configured for UDMA/100
scsi3 : ahci
ata2: SATA link down (SStatus 0 SControl 0)
scsi4 : ahci
ata3: SATA link down (SStatus 0 SControl 0)
scsi5 : ahci
ata4: SATA link down (SStatus 0 SControl 0)
scsi 2:0:0:0: Direct-Access     ATA      Hitachi HTS54161 SBDO PQ: 0 ANSI: 5
SCSI device sda: 234441648 512-byte hdwr sectors (120034 MB)
sda: Write Protect is off
sda: Mode Sense: 00 3a 00 00
SCSI device sda: write cache: enabled, read cache: enabled, doesn't support DPO or FUA
SCSI device sda: 234441648 512-byte hdwr sectors (120034 MB)
sda: Write Protect is off
sda: Mode Sense: 00 3a 00 00
SCSI device sda: write cache: enabled, read cache: enabled, doesn't support DPO or FUA
 sda: sda1 sda2
sd 2:0:0:0: Attached scsi disk sda
I2O subsystem v1.325
i2o: max drivers = 8
I2O Configuration OSM v1.323
I2O Bus Adapter OSM v1.317
I2O Block Device OSM v1.325
I2O SCSI Peripheral OSM v1.316
I2O ProcFS OSM v1.316
Fusion MPT base driver 3.04.04
Copyright (c) 1999-2007 LSI Logic Corporation
Fusion MPT SPI Host driver 3.04.04
Fusion MPT FC Host driver 3.04.04
Fusion MPT SAS Host driver 3.04.04
usbmon: debugfs is not available
ACPI: PCI Interrupt 0000:00:13.5[D] -> GSI 23 (level, low) -> IRQ 19
ehci_hcd 0000:00:13.5: EHCI Host Controller
ehci_hcd 0000:00:13.5: new USB bus registered, assigned bus number 1
ehci_hcd 0000:00:13.5: debug port 1
ehci_hcd 0000:00:13.5: irq 19, io mem 0xd0606000
ehci_hcd 0000:00:13.5: USB 2.0 started, EHCI 1.00, driver 10 Dec 2004
usb usb1: configuration #1 chosen from 1 choice
hub 1-0:1.0: USB hub found
hub 1-0:1.0: 10 ports detected
116x: driver isp116x-hcd, 03 Nov 2005
ohci_hcd: 2006 August 04 USB 1.1 'Open' Host Controller (OHCI) Driver
ACPI: PCI Interrupt 0000:00:13.0[A] -> GSI 23 (level, low) -> IRQ 19
ohci_hcd 0000:00:13.0: OHCI Host Controller
ohci_hcd 0000:00:13.0: new USB bus registered, assigned bus number 2
ohci_hcd 0000:00:13.0: irq 19, io mem 0xd0601000
usb usb2: configuration #1 chosen from 1 choice
hub 2-0:1.0: USB hub found
hub 2-0:1.0: 2 ports detected
ACPI: PCI Interrupt 0000:00:13.1[B] -> GSI 17 (level, low) -> IRQ 20
ohci_hcd 0000:00:13.1: OHCI Host Controller
ohci_hcd 0000:00:13.1: new USB bus registered, assigned bus number 3
ohci_hcd 0000:00:13.1: irq 20, io mem 0xd0602000
usb usb3: configuration #1 chosen from 1 choice
hub 3-0:1.0: USB hub found
hub 3-0:1.0: 2 ports detected
ACPI: PCI Interrupt 0000:00:13.2[C] -> GSI 17 (level, low) -> IRQ 20
ohci_hcd 0000:00:13.2: OHCI Host Controller
ohci_hcd 0000:00:13.2: new USB bus registered, assigned bus number 4
ohci_hcd 0000:00:13.2: irq 20, io mem 0xd0603000
usb usb4: configuration #1 chosen from 1 choice
hub 4-0:1.0: USB hub found
hub 4-0:1.0: 2 ports detected
ACPI: PCI Interrupt 0000:00:13.3[B] -> GSI 17 (level, low) -> IRQ 20
ohci_hcd 0000:00:13.3: OHCI Host Controller
ohci_hcd 0000:00:13.3: new USB bus registered, assigned bus number 5
ohci_hcd 0000:00:13.3: irq 20, io mem 0xd0604000
usb usb5: configuration #1 chosen from 1 choice
hub 5-0:1.0: USB hub found
hub 5-0:1.0: 2 ports detected
ACPI: PCI Interrupt 0000:00:13.4[C] -> GSI 17 (level, low) -> IRQ 20
ohci_hcd 0000:00:13.4: OHCI Host Controller
ohci_hcd 0000:00:13.4: new USB bus registered, assigned bus number 6
ohci_hcd 0000:00:13.4: irq 20, io mem 0xd0605000
usb usb6: configuration #1 chosen from 1 choice
hub 6-0:1.0: USB hub found
hub 6-0:1.0: 2 ports detected
usb 4-1: new full speed USB device using ohci_hcd and address 2
USB Universal Host Controller Interface driver v3.0
sl811: driver sl811-hcd, 19 May 2005
Initializing USB Mass Storage driver...
usb 4-1: configuration #1 chosen from 1 choice
usbcore: registered new interface driver usb-storage
USB Mass Storage support registered.
usbcore: registered new interface driver hiddev
usbcore: registered new interface driver usbhid
drivers/usb/input/hid-core.c: v2.6:USB HID core driver
PNP: PS/2 Controller [PNP0303:C249,PNP0f13:C24A] at 0x60,0x64 irq 1,12
i8042.c: Detected active multiplexing controller, rev 1.1.
serio: i8042 KBD port at 0x60,0x64 irq 1
serio: i8042 AUX0 port at 0x60,0x64 irq 12
serio: i8042 AUX1 port at 0x60,0x64 irq 12
serio: i8042 AUX2 port at 0x60,0x64 irq 12
serio: i8042 AUX3 port at 0x60,0x64 irq 12
mice: PS/2 mouse device common for all mice
md: linear personality registered for level -1
md: raid0 personality registered for level 0
md: raid1 personality registered for level 1
md: raid10 personality registered for level 10
input: AT Translated Set 2 keyboard as /class/input/input4
raid6: int32x1    707 MB/s
raid6: int32x2    610 MB/s
raid6: int32x4    537 MB/s
raid6: int32x8    375 MB/s
raid6: mmxx1     1294 MB/s
raid6: mmxx2     2443 MB/s
raid6: sse1x1    1291 MB/s
raid6: sse1x2    2146 MB/s
raid6: sse2x1    2210 MB/s
raid6: sse2x2    2984 MB/s
raid6: using algorithm sse2x2 (2984 MB/s)
md: raid6 personality registered for level 6
md: raid5 personality registered for level 5
md: raid4 personality registered for level 4
raid5: automatically using best checksumming function: pIII_sse
   pIII_sse  :  4865.000 MB/sec
raid5: using function: pIII_sse (4865.000 MB/sec)
md: multipath personality registered for level -4
device-mapper: ioctl: 4.11.0-ioctl (2006-10-12) initialised: dm-devel at redhat.com
TCP cubic registered
Initializing XFRM netlink socket
NET: Registered protocol family 1
NET: Registered protocol family 17
Starting balanced_irq
Using IPI Shortcut mode
md: Autodetecting RAID arrays.
md: autorun ...
md: ... autorun DONE.
RAMDISK: Compressed image found at block 0
VFS: Mounted root (ext2 filesystem).
Freeing unused kernel memory: 616k freed
squashfs: version 3.2-r2 (2007/01/15) Phillip Lougher
squashfs: LZMA suppport for slax.org by jro
aufs 20070723
fuse init (API version 7.8)
Yenta: CardBus bridge found at 0000:02:04.0 [103c:30c2]
Yenta: ISA IRQ mask 0x0cb8, PCI irq 17
Socket status: 30000006
Yenta: Raising subordinate bus# of parent bus (#02) from #03 to #06
pcmcia: parent PCI bridge I/O window: 0x1000 - 0x1fff
cs: IO port probe 0x1000-0x1fff: clean.
pcmcia: parent PCI bridge Memory window: 0xd0100000 - 0xd03fffff
pcmcia: parent PCI bridge Memory window: 0x50000000 - 0x53ffffff
MINIX-fs: blocksize too small for device
ISO 9660 Extensions: Microsoft Joliet Level 3
ISOFS: changing to secondary root
MINIX-fs: blocksize too small for device
ISO 9660 Extensions: Microsoft Joliet Level 3
ISOFS: changing to secondary root
UDF-fs: No partition found (1)
(1802,0):ocfs2_fill_super:561 ERROR: superblock probe failed!
GFS2: Unrecognized block device or mount point /dev/sda
GFS2: gfs2 mount does not exist
UDF-fs: No partition found (1)
(1824,0):ocfs2_fill_super:561 ERROR: superblock probe failed!
GFS2: Unrecognized block device or mount point /dev/sda
GFS2: gfs2 mount does not exist
fuse exit
GFS2: path_lookup on memory/boot returned error
GFS2: gfs2 mount does not exist
Linux agpgart interface v0.102 (c) Dave Jones
shpchp: Standard Hot Plug PCI Controller Driver version: 0.4
sd 2:0:0:0: Attached scsi generic sg0 type 0
ieee80211_crypt: registered algorithm 'NULL'
ieee80211: 802.11 data/management/control stack, git-1.1.13
ieee80211: Copyright (C) 2004-2005 Intel Corporation <jketreno at linux.intel.com>
piix4_smbus 0000:00:14.0: Found 0000:00:14.0 device
tg3.c:v3.75.2 (June 5, 2007)
ACPI: PCI Interrupt 0000:10:00.0[A] -> GSI 16 (level, low) -> IRQ 18
PCI: Setting latency timer of device 0000:10:00.0 to 64
bcm43xx driver
eth0: Tigon3 [partno(none) rev b002 PHY(5787)] (PCI Express) 10/100/1000Base-T Ethernet 00:1a:4b:62:74:12
eth0: RXcsums[1] LinkChgREG[0] MIirq[0] ASF[0] WireSpeed[1] TSOcap[1]
eth0: dma_rwctrl[76180000] dma_mask[64-bit]
ACPI: PCI Interrupt 0000:30:00.0[A] -> GSI 18 (level, low) -> IRQ 21
PCI: Setting latency timer of device 0000:30:00.0 to 64
bcm43xx: Chip ID 0x4311, rev 0x2
bcm43xx: Number of cores: 4
bcm43xx: Core 0: ID 0x800, rev 0x13, vendor 0x4243
bcm43xx: Core 1: ID 0x812, rev 0xd, vendor 0x4243
bcm43xx: Unsupported 80211 core revision 13
bcm43xx: Core 2: ID 0x817, rev 0x4, vendor 0x4243
bcm43xx: Core 3: ID 0x820, rev 0x5, vendor 0x4243
bcm43xx: PHY connected
bcm43xx: Detected PHY: Analog: 4, Type 2, Revision 9
bcm43xx: Invalid PHY Revision 9
bcm43xx: Detected Radio: ID: 2205017f (Manuf: 17f Ver: 2050 Rev: 2)
bcm43xx: Radio turned off
bcm43xx: Radio turned off
ACPI: PCI Interrupt 0000:00:14.2[A] -> GSI 16 (level, low) -> IRQ 18
si3054: cannot initialize. EXT MID = 0000
Yenta: CardBus bridge found at 0000:02:04.0 [103c:30c2]
Yenta: ISA IRQ mask 0x0cb8, PCI irq 17
Socket status: 30000006
pcmcia: parent PCI bridge I/O window: 0x1000 - 0x1fff
cs: IO port probe 0x1000-0x1fff: clean.
pcmcia: parent PCI bridge Memory window: 0xd0100000 - 0xd03fffff
pcmcia: parent PCI bridge Memory window: 0x50000000 - 0x53ffffff
cs: IO port probe 0xc00-0xcff: excluding 0xc00-0xc07 0xc10-0xc17 0xc50-0xc57 0xc68-0xc6f 0xcd0-0xcdf
cs: IO port probe 0x820-0x8ff: clean.
cs: IO port probe 0x100-0x3af: clean.
cs: IO port probe 0xa00-0xaff: clean.
input: PC Speaker as /class/input/input5
input: ImPS/2 Synaptics TouchPad as /class/input/input6
pnp: Device 00:02 activated.
parport: PnPBIOS parport detected.
pnp: Device 00:02 disabled.
lp: driver loaded but no devices found
fuse init (API version 7.8)
Capability LSM initialized
bcm43xx: PHY connected
bcm43xx: Microcode rev 0x123, pl 0x23 (2005-03-22  00:11:18)
bcm43xx: Radio turned on
bcm43xx: Radio enabled by hardware
bcm43xx: Chip initialized
bcm43xx: 64-bit DMA initialized
bcm43xx: Keys cleared
bcm43xx: Selected 802.11 core (phytype 2)
bcm43xx: FATAL ERROR: BCM43xx_IRQ_XMIT_ERROR
hda-intel: Invalid position buffer, using LPIB read method instead.
tg3: eth0: Link is up at 100 Mbps, full duplex.
tg3: eth0: Flow control is off for TX and off for RX.
tg3: eth0: Link is down.
tg3: eth0: Link is up at 100 Mbps, full duplex.
tg3: eth0: Flow control is off for TX and off for RX.
bcm43xx: Radio turned off
bcm43xx: DMA-64 0x0200 (RX) max used slots: 0/64
bcm43xx: DMA-64 0x0340 (TX) max used slots: 0/512
bcm43xx: DMA-64 0x0300 (TX) max used slots: 0/512
bcm43xx: DMA-64 0x02C0 (TX) max used slots: 0/512
bcm43xx: DMA-64 0x0280 (TX) max used slots: 0/512
bcm43xx: DMA-64 0x0240 (TX) max used slots: 0/512
bcm43xx: DMA-64 0x0200 (TX) max used slots: 0/512
tg3: eth0: Link is up at 100 Mbps, full duplex.
tg3: eth0: Flow control is off for TX and off for RX.
tg3: eth0: Link is up at 100 Mbps, full duplex.
tg3: eth0: Flow control is off for TX and off for RX.
bcm43xx: IRQ_READY timeout
bcm43xx: core_up for active 802.11 core failed (-19)
tg3: eth0: Link is up at 100 Mbps, full duplex.
tg3: eth0: Flow control is off for TX and off for RX.
tg3: eth0: Link is down.
tg3: eth0: Link is up at 100 Mbps, full duplex.
tg3: eth0: Flow control is off for TX and off for RX.
[slax-Fri Aug 08-19:35:46]
root-pt1
~ $>


_________________________________________________________________
Your PC, mobile phone, and online services work together like never before.
http://clk.atdmt.com/MRT/go/108587394/direct/01/
-------------- next part --------------
An HTML attachment was scrubbed...
URL: <https://lists.berlios.de/pipermail/bcm43xx-dev/attachments/20080808/4b3af525/attachment.html>

From Larry.Finger at lwfinger.net  Sat Aug  9 01:56:59 2008
From: Larry.Finger at lwfinger.net (Larry Finger)
Date: Fri, 08 Aug 2008 18:56:59 -0500
Subject: Broadcom card wont pickup access point signal
In-Reply-To: <BAY131-W2D0DB5F6073D518843613B7740@phx.gbl>
References: <BAY131-W2D0DB5F6073D518843613B7740@phx.gbl>
Message-ID: <489CDD4B.1050400@lwfinger.net>

Max Siegel wrote:
> I can't get my card to stay turned on and even if it's on it won't have 
> a signal more than 1mb/s and can't connect to the access point which is 
> in the same room.  The network has a non broadcasting ssid and wep 
> password, but even with that stuff turned off it still won't connect.  
> Also, I tried using the fwcutter but the commands sudo and make returned 
> "command not found".  I am a linux novice at best, this is my first time 
> using it and I just want wireless to work.  Thanks for any advice.
> 
> 
> 
> 
> [slax-Fri Aug 08-19:35:16]
> root-pt1
> ~ $> uname -a
> Linux slax 2.6.21.5 #1 SMP Mon Jun 18 09:45:53 GMT 2007 i686 AMD 
> Turion(tm) 64 X2 Mobile Technology TL-52 AuthenticAMD GNU/Linux

--- snip ---

> 30:00.0 0280: 14e4:4312 (rev 02)
>         Subsystem: 103c:1370
>         Control: I/O- Mem+ BusMaster+ SpecCycle- MemWINV- VGASnoop- 
> ParErr- Stepping- SERR- FastB2B-
>         Status: Cap+ 66MHz- UDF- FastB2B- ParErr- DEVSEL=fast >TAbort- 
> <TAbort- <MAbort- >SERR- <PERR-
>         Latency: 0, Cache Line Size: 64 bytes
>         Interrupt: pin A routed to IRQ 21
>         Region 0: Memory at c8000000 (64-bit, non-prefetchable) [size=16K]
>         Capabilities: [40] Power Management version 3

--- snip ---

> bcm43xx driver
> bcm43xx: Chip ID 0x4311, rev 0x2
> bcm43xx: Number of cores: 4
> bcm43xx: Core 0: ID 0x800, rev 0x13, vendor 0x4243
> bcm43xx: Core 1: ID 0x812, rev 0xd, vendor 0x4243
> bcm43xx: Unsupported 80211 core revision 13     <==================================================
> bcm43xx: Core 2: ID 0x817, rev 0x4, vendor 0x4243
> bcm43xx: Core 3: ID 0x820, rev 0x5, vendor 0x4243

You supplied all the necessary information; however, it appears that you did not 
read the output. As it states, an 80211 core with revision 13 is not supported 
(for this version of the driver). You need a newer kernel. I might have 
recommended the wireless compatibility package, but I don't think that goes back 
as far as 2.6.21.

Please install all the packages that your distro needs to build a kernel, and go 
to kernel.org, download the sources for 2.6.24 or newer (2.6.25 is better), and 
build a new kernel. Alternatively, you could install a newer distro. That would 
have the advantages of getting all the security updates for the whole system, 
not just the kernel.

Larry



From Larry.Finger at lwfinger.net  Sat Aug 16 20:09:04 2008
From: Larry.Finger at lwfinger.net (Larry Finger)
Date: Sat, 16 Aug 2008 13:09:04 -0500
Subject: [PATCH RFT] b43: Rewrite PHY API for N-PHY/LP-PHY
In-Reply-To: <48A65100.9050407@lwfinger.net>
References: <200808160029.56876.mb@bu3sch.de> <48A65100.9050407@lwfinger.net>
Message-ID: <48A717C0.6020705@lwfinger.net>

Larry Finger wrote:
> 
> The patch works fine on the 802.11g portion of my BCM4312/1, which seems 
> to be the same as a BCM4311/1. This card has a PCIe format. I also 
> tested on my PCMCIA version of a BCM4318. That card works, but the 
> maximum transmit rate is only about 1/2 of what I get without it. The 
> card has a rev 09 802.11 core, a rev 7 PHY, and a rev 3 analog part. I 
> still have to test on a PCI format BCM4306/3 card, but I suspect that 
> you have already tested the 4306.

Forget what I said about the loss of transmit rate. Once I did a 
proper test, it is the same with or without the patch. For the 
BCM4318, the b43 rate is slightly reduced from using bcm43xx. The 
difference is not really great, but a reproducible reduction from 16.6 
to 14.2 Mbs with the iwconfig rate set at 54 Mbs. By comparison, the 
BCM4312 is over 20 Mbs.

Larry



From ccmcphe at verizon.net  Sat Aug 16 17:58:51 2008
From: ccmcphe at verizon.net (Tex)
Date: Sat, 16 Aug 2008 11:58:51 -0400
Subject: Cannot gain access to AP
Message-ID: <48A6F93B.2060807@verizon.net>

When I use the baseline modules from linux-2.6.25.9, I cannot associate 
with my access points, and I can't even go into monitor mode, the MAC 
address is also random.  if I use the compat_wireless (snapshot of 
06-21) I can associate with my access points and I can even go into 
monitor mode. I'm currently using x86 with Broadcom 4318 CF (PCMCIA):

Thanks in advance for your help
Tex

(FYI: 00deadbeef = fake key)
Commands entered and command results:
root at ubuntu:/var/log# iwconfig wlan0 essid trackcoach2 key 00deadbeef 
chann 4
root at ubuntu:/var/log# iwconfig
lo        no wireless extensions.

eth0      no wireless extensions.

wmaster0  no wireless extensions.

wlan0     IEEE 802.11  ESSID:"trackcoach2" 
          Mode:Managed  Frequency:2.427 GHz  Access Point: 
00:15:05:EC:2E:54  
          Bit Rate=1 Mb/s   Tx-Power=27 dBm  
          Retry min limit:7   RTS thr:off   Fragment thr=2352 B  
          Encryption key:0FB3-CFC8-78
          Link Quality=68/100  Signal level:-43 dBm  Noise level=-72 dBm
          Rx invalid nwid:0  Rx invalid crypt:0  Rx invalid frag:0
          Tx excessive retries:0  Invalid misc:0   Missed beacon:0


snapshot for kern.log running compat_wireless source dated 06-21:

Aug 16 11:17:28 ubuntu kernel: [  980.756067] ssb: Core 0 found: 
ChipCommon (cc 0x800, rev 0x0D, vendor 0x4243)
Aug 16 11:17:28 ubuntu kernel: [  980.756182] ssb: Core 1 found: IEEE 
802.11 (cc 0x812, rev 0x09, vendor 0x4243)
Aug 16 11:17:28 ubuntu kernel: [  980.756287] ssb: Core 2 found: PCI (cc 
0x804, rev 0x0C, vendor 0x4243)
Aug 16 11:17:28 ubuntu kernel: [  980.756391] ssb: Core 3 found: PCMCIA 
(cc 0x80D, rev 0x07, vendor 0x4243)
Aug 16 11:17:28 ubuntu kernel: [  980.841103] ssb: Sonics Silicon 
Backplane found on PCMCIA device pcmcia0.0
Aug 16 11:17:28 ubuntu kernel: [  980.843423] b43-phy2: Broadcom 4318 
WLAN found
Aug 16 11:17:28 ubuntu kernel: [  980.864824] b43-phy2 debug: Found PHY: 
Analog 3, Type 2, Revision 7
Aug 16 11:17:28 ubuntu kernel: [  980.864861] b43-phy2 debug: Found 
Radio: Manuf 0x17F, Version 0x2050, Revision 8
Aug 16 11:17:28 ubuntu kernel: [  980.890769] phy2: Selected rate 
control algorithm 'pid'
Aug 16 11:17:28 ubuntu kernel: [  980.894425] Broadcom 43xx driver 
loaded [ Features: PMLR, Firmware-ID: FW13 ]
Aug 16 11:17:28 ubuntu kernel: [  981.037152] input: b43-phy2 as 
/class/input/input13

Aug 16 11:17:29 ubuntu kernel: [  981.286962] b43-phy2: Loading firmware 
version 410.2160 (2007-05-26 15:32:10)
Aug 16 11:17:29 ubuntu kernel: [  981.386914] b43-phy2 debug: Chip 
initialized
Aug 16 11:17:29 ubuntu kernel: [  981.387163] b43-phy2 debug: PIO 
initialized
Aug 16 11:17:29 ubuntu kernel: [  981.394286] Registered led device: 
b43-phy2::tx
Aug 16 11:17:29 ubuntu kernel: [  981.395342] Registered led device: 
b43-phy2::rx
Aug 16 11:17:29 ubuntu kernel: [  981.396162] Registered led device: 
b43-phy2::radio
Aug 16 11:17:29 ubuntu kernel: [  981.396236] b43-phy2 debug: Wireless 
interface started
Aug 16 11:17:29 ubuntu kernel: [  981.422452] b43-phy2 debug: Adding 
Interface type 2
Aug 16 11:17:29 ubuntu kernel: [  981.434619] ADDRCONF(NETDEV_UP): 
wlan0: link is not ready
Aug 16 11:17:40 ubuntu kernel: [  992.409510] b43-phy2 debug: Using 
hardware based encryption for keyidx: 0, mac: ff:ff:ff:ff:ff:ff
Aug 16 11:17:41 ubuntu kernel: [  993.176152] wlan0: Initial auth_alg=0
Aug 16 11:17:41 ubuntu kernel: [  993.176171] wlan0: authenticate with 
AP 00:15:05:ec:2e:54
Aug 16 11:17:41 ubuntu kernel: [  993.185280] wlan0: RX authentication 
from 00:15:05:ec:2e:54 (alg=0 transaction=2 status=0)
Aug 16 11:17:41 ubuntu kernel: [  993.185290] wlan0: authenticated
Aug 16 11:17:41 ubuntu kernel: [  993.185297] wlan0: associate with AP 
00:15:05:ec:2e:54
Aug 16 11:17:41 ubuntu kernel: [  993.187344] wlan0: RX AssocResp from 
00:15:05:ec:2e:54 (capab=0x431 status=0 aid=2)
Aug 16 11:17:41 ubuntu kernel: [  993.187351] wlan0: associated
Aug 16 11:17:41 ubuntu kernel: [  993.188636] ADDRCONF(NETDEV_CHANGE): 
wlan0: link becomes ready



Commands entered:
iwconfig wlan0 essid trackcoach2 key 00deadbeef chann 4
root at ubuntu:~# iwconfig
lo        no wireless extensions.

eth0      no wireless extensions.

wmaster0  no wireless extensions.

wlan0     IEEE 802.11g  ESSID:"trackcoach2" 
          Mode:Managed  Frequency:2.427 GHz  Access Point: Not-Associated  
          Tx-Power=27 dBm  
          Retry min limit:7   RTS thr:off   Fragment thr=2352 B  
          Encryption key:0FB3-CFC8-78
          Link Quality:0  Signal level:0  Noise level:0
          Rx invalid nwid:0  Rx invalid crypt:0  Rx invalid frag:0
          Tx excessive retries:0  Invalid misc:0   Missed beacon:0



Kernel log file using linux base linux-2.6.25.9:
Aug 16 11:46:49 ubuntu kernel: [  674.570729] pcmcia: registering new 
device pcmcia0.0
Aug 16 11:46:50 ubuntu kernel: [  675.248587] ssb: Core 0 found: 
ChipCommon (cc 0x800, rev 0x0D, vendor 0x4243)
Aug 16 11:46:50 ubuntu kernel: [  675.248733] ssb: Core 1 found: IEEE 
802.11 (cc 0x812, rev 0x09, vendor 0x4243)
Aug 16 11:46:50 ubuntu kernel: [  675.248839] ssb: Core 2 found: PCI (cc 
0x804, rev 0x0C, vendor 0x4243)
Aug 16 11:46:50 ubuntu kernel: [  675.248943] ssb: Core 3 found: PCMCIA 
(cc 0x80D, rev 0x07, vendor 0x4243)
Aug 16 11:46:50 ubuntu kernel: [  675.258113] ssb: Sonics Silicon 
Backplane found on PCMCIA device pcmcia0.0
Aug 16 11:46:50 ubuntu kernel: [  675.260339] b43-phy0: Broadcom 4318 
WLAN found
Aug 16 11:46:50 ubuntu kernel: [  675.280772] b43-phy0 debug: Found PHY: 
Analog 3, Type 2, Revision 7
Aug 16 11:46:50 ubuntu kernel: [  675.280810] b43-phy0 debug: Found 
Radio: Manuf 0x17F, Version 0x2050, Revision 8
Aug 16 11:46:50 ubuntu kernel: [  675.306686] phy0: Selected rate 
control algorithm 'pid'
Aug 16 11:46:50 ubuntu kernel: [  675.527595] Broadcom 43xx driver 
loaded [ Features: PMLR, Firmware-ID: FW13 ]
Aug 16 11:46:50 ubuntu kernel: [  675.712722] input: b43-phy0 as 
/class/input/input9
Aug 16 11:46:50 ubuntu kernel: [  675.978279] b43-phy0: Loading firmware 
version 410.2160 (2007-05-26 15:32:10)
Aug 16 11:46:52 ubuntu kernel: [  677.227536] b43-phy0 debug: Chip 
initialized
Aug 16 11:46:52 ubuntu kernel: [  677.229015] b43-phy0 debug: 32-bit DMA 
initialized
Aug 16 11:46:52 ubuntu kernel: [  677.235404] b43-phy0 debug: Wireless 
interface started
Aug 16 11:46:52 ubuntu kernel: [  677.258321] b43-phy0 debug: Adding 
Interface type 2
Aug 16 11:46:52 ubuntu kernel: [  677.270523] ADDRCONF(NETDEV_UP): 
wlan0: link is not ready
Aug 16 11:47:06 ubuntu kernel: [  691.850496] b43-phy0 debug: Using 
hardware based encryption for keyidx: 0, mac: ff:ff:ff:ff:ff:ff





From ccmcphe at verizon.net  Sat Aug 16 18:08:52 2008
From: ccmcphe at verizon.net (Tex)
Date: Sat, 16 Aug 2008 12:08:52 -0400
Subject: Cannot gain access to AP
In-Reply-To: <48A6F93B.2060807@verizon.net>
References: <48A6F93B.2060807@verizon.net>
Message-ID: <48A6FB94.6020102@verizon.net>

I'm sorry, the linux version is the base UBUNTU 2.6.24-19-generic not 
2.6.25.9 (I haven't tested that 1 yet).


Tex wrote:
> When I use the baseline modules from linux-2.6.25.9, I cannot 
> associate with my access points, and I can't even go into monitor 
> mode, the MAC address is also random.  if I use the compat_wireless 
> (snapshot of 06-21) I can associate with my access points and I can 
> even go into monitor mode. I'm currently using x86 with Broadcom 4318 
> CF (PCMCIA):
>
> Thanks in advance for your help
> Tex
>
> (FYI: 00deadbeef = fake key)
> Commands entered and command results:
> root at ubuntu:/var/log# iwconfig wlan0 essid trackcoach2 key 00deadbeef 
> chann 4
> root at ubuntu:/var/log# iwconfig
> lo        no wireless extensions.
>
> eth0      no wireless extensions.
>
> wmaster0  no wireless extensions.
>
> wlan0     IEEE 802.11  ESSID:"trackcoach2"          Mode:Managed  
> Frequency:2.427 GHz  Access Point: 00:15:05:EC:2E:54           Bit 
> Rate=1 Mb/s   Tx-Power=27 dBm           Retry min limit:7   RTS 
> thr:off   Fragment thr=2352 B           Encryption key:0FB3-CFC8-78
>          Link Quality=68/100  Signal level:-43 dBm  Noise level=-72 dBm
>          Rx invalid nwid:0  Rx invalid crypt:0  Rx invalid frag:0
>          Tx excessive retries:0  Invalid misc:0   Missed beacon:0
>
>
> snapshot for kern.log running compat_wireless source dated 06-21:
>
> Aug 16 11:17:28 ubuntu kernel: [  980.756067] ssb: Core 0 found: 
> ChipCommon (cc 0x800, rev 0x0D, vendor 0x4243)
> Aug 16 11:17:28 ubuntu kernel: [  980.756182] ssb: Core 1 found: IEEE 
> 802.11 (cc 0x812, rev 0x09, vendor 0x4243)
> Aug 16 11:17:28 ubuntu kernel: [  980.756287] ssb: Core 2 found: PCI 
> (cc 0x804, rev 0x0C, vendor 0x4243)
> Aug 16 11:17:28 ubuntu kernel: [  980.756391] ssb: Core 3 found: 
> PCMCIA (cc 0x80D, rev 0x07, vendor 0x4243)
> Aug 16 11:17:28 ubuntu kernel: [  980.841103] ssb: Sonics Silicon 
> Backplane found on PCMCIA device pcmcia0.0
> Aug 16 11:17:28 ubuntu kernel: [  980.843423] b43-phy2: Broadcom 4318 
> WLAN found
> Aug 16 11:17:28 ubuntu kernel: [  980.864824] b43-phy2 debug: Found 
> PHY: Analog 3, Type 2, Revision 7
> Aug 16 11:17:28 ubuntu kernel: [  980.864861] b43-phy2 debug: Found 
> Radio: Manuf 0x17F, Version 0x2050, Revision 8
> Aug 16 11:17:28 ubuntu kernel: [  980.890769] phy2: Selected rate 
> control algorithm 'pid'
> Aug 16 11:17:28 ubuntu kernel: [  980.894425] Broadcom 43xx driver 
> loaded [ Features: PMLR, Firmware-ID: FW13 ]
> Aug 16 11:17:28 ubuntu kernel: [  981.037152] input: b43-phy2 as 
> /class/input/input13
>
> Aug 16 11:17:29 ubuntu kernel: [  981.286962] b43-phy2: Loading 
> firmware version 410.2160 (2007-05-26 15:32:10)
> Aug 16 11:17:29 ubuntu kernel: [  981.386914] b43-phy2 debug: Chip 
> initialized
> Aug 16 11:17:29 ubuntu kernel: [  981.387163] b43-phy2 debug: PIO 
> initialized
> Aug 16 11:17:29 ubuntu kernel: [  981.394286] Registered led device: 
> b43-phy2::tx
> Aug 16 11:17:29 ubuntu kernel: [  981.395342] Registered led device: 
> b43-phy2::rx
> Aug 16 11:17:29 ubuntu kernel: [  981.396162] Registered led device: 
> b43-phy2::radio
> Aug 16 11:17:29 ubuntu kernel: [  981.396236] b43-phy2 debug: Wireless 
> interface started
> Aug 16 11:17:29 ubuntu kernel: [  981.422452] b43-phy2 debug: Adding 
> Interface type 2
> Aug 16 11:17:29 ubuntu kernel: [  981.434619] ADDRCONF(NETDEV_UP): 
> wlan0: link is not ready
> Aug 16 11:17:40 ubuntu kernel: [  992.409510] b43-phy2 debug: Using 
> hardware based encryption for keyidx: 0, mac: ff:ff:ff:ff:ff:ff
> Aug 16 11:17:41 ubuntu kernel: [  993.176152] wlan0: Initial auth_alg=0
> Aug 16 11:17:41 ubuntu kernel: [  993.176171] wlan0: authenticate with 
> AP 00:15:05:ec:2e:54
> Aug 16 11:17:41 ubuntu kernel: [  993.185280] wlan0: RX authentication 
> from 00:15:05:ec:2e:54 (alg=0 transaction=2 status=0)
> Aug 16 11:17:41 ubuntu kernel: [  993.185290] wlan0: authenticated
> Aug 16 11:17:41 ubuntu kernel: [  993.185297] wlan0: associate with AP 
> 00:15:05:ec:2e:54
> Aug 16 11:17:41 ubuntu kernel: [  993.187344] wlan0: RX AssocResp from 
> 00:15:05:ec:2e:54 (capab=0x431 status=0 aid=2)
> Aug 16 11:17:41 ubuntu kernel: [  993.187351] wlan0: associated
> Aug 16 11:17:41 ubuntu kernel: [  993.188636] ADDRCONF(NETDEV_CHANGE): 
> wlan0: link becomes ready
>
>
>
> Commands entered:
> iwconfig wlan0 essid trackcoach2 key 00deadbeef chann 4
> root at ubuntu:~# iwconfig
> lo        no wireless extensions.
>
> eth0      no wireless extensions.
>
> wmaster0  no wireless extensions.
>
> wlan0     IEEE 802.11g  ESSID:"trackcoach2"          Mode:Managed  
> Frequency:2.427 GHz  Access Point: Not-Associated           
> Tx-Power=27 dBm           Retry min limit:7   RTS thr:off   Fragment 
> thr=2352 B           Encryption key:0FB3-CFC8-78
>          Link Quality:0  Signal level:0  Noise level:0
>          Rx invalid nwid:0  Rx invalid crypt:0  Rx invalid frag:0
>          Tx excessive retries:0  Invalid misc:0   Missed beacon:0
>
>
>
> Kernel log file using linux base linux-2.6.25.9:
> Aug 16 11:46:49 ubuntu kernel: [  674.570729] pcmcia: registering new 
> device pcmcia0.0
> Aug 16 11:46:50 ubuntu kernel: [  675.248587] ssb: Core 0 found: 
> ChipCommon (cc 0x800, rev 0x0D, vendor 0x4243)
> Aug 16 11:46:50 ubuntu kernel: [  675.248733] ssb: Core 1 found: IEEE 
> 802.11 (cc 0x812, rev 0x09, vendor 0x4243)
> Aug 16 11:46:50 ubuntu kernel: [  675.248839] ssb: Core 2 found: PCI 
> (cc 0x804, rev 0x0C, vendor 0x4243)
> Aug 16 11:46:50 ubuntu kernel: [  675.248943] ssb: Core 3 found: 
> PCMCIA (cc 0x80D, rev 0x07, vendor 0x4243)
> Aug 16 11:46:50 ubuntu kernel: [  675.258113] ssb: Sonics Silicon 
> Backplane found on PCMCIA device pcmcia0.0
> Aug 16 11:46:50 ubuntu kernel: [  675.260339] b43-phy0: Broadcom 4318 
> WLAN found
> Aug 16 11:46:50 ubuntu kernel: [  675.280772] b43-phy0 debug: Found 
> PHY: Analog 3, Type 2, Revision 7
> Aug 16 11:46:50 ubuntu kernel: [  675.280810] b43-phy0 debug: Found 
> Radio: Manuf 0x17F, Version 0x2050, Revision 8
> Aug 16 11:46:50 ubuntu kernel: [  675.306686] phy0: Selected rate 
> control algorithm 'pid'
> Aug 16 11:46:50 ubuntu kernel: [  675.527595] Broadcom 43xx driver 
> loaded [ Features: PMLR, Firmware-ID: FW13 ]
> Aug 16 11:46:50 ubuntu kernel: [  675.712722] input: b43-phy0 as 
> /class/input/input9
> Aug 16 11:46:50 ubuntu kernel: [  675.978279] b43-phy0: Loading 
> firmware version 410.2160 (2007-05-26 15:32:10)
> Aug 16 11:46:52 ubuntu kernel: [  677.227536] b43-phy0 debug: Chip 
> initialized
> Aug 16 11:46:52 ubuntu kernel: [  677.229015] b43-phy0 debug: 32-bit 
> DMA initialized
> Aug 16 11:46:52 ubuntu kernel: [  677.235404] b43-phy0 debug: Wireless 
> interface started
> Aug 16 11:46:52 ubuntu kernel: [  677.258321] b43-phy0 debug: Adding 
> Interface type 2
> Aug 16 11:46:52 ubuntu kernel: [  677.270523] ADDRCONF(NETDEV_UP): 
> wlan0: link is not ready
> Aug 16 11:47:06 ubuntu kernel: [  691.850496] b43-phy0 debug: Using 
> hardware based encryption for keyidx: 0, mac: ff:ff:ff:ff:ff:ff
>
>
>
>



From Larry.Finger at lwfinger.net  Sat Aug 16 06:01:04 2008
From: Larry.Finger at lwfinger.net (Larry Finger)
Date: Fri, 15 Aug 2008 23:01:04 -0500
Subject: [PATCH RFT] b43: Rewrite PHY API for N-PHY/LP-PHY
In-Reply-To: <200808160029.56876.mb@bu3sch.de>
References: <200808160029.56876.mb@bu3sch.de>
Message-ID: <48A65100.9050407@lwfinger.net>

Michael Buesch wrote:
> This is the first part for the rewrite of the b43 PHY API.
> This is needed in order to make development of N and LP code possible.
> 
> PLEASE TEST TEST TEST TEST TEST
> 
> Lots of testing on lots of different devices is needed to ensure this
> doesn't introduce regressions due to typos.
> 95% of the patch just moves large parts of the PHY code from one file
> to another. More move-patches will follow.
> 5% of the patch introduces an "ops" based PHY API.
> 
> Please test on all of your devices.

The patch works fine on the 802.11g portion of my BCM4312/1, which 
seems to be the same as a BCM4311/1. This card has a PCIe format. I 
also tested on my PCMCIA version of a BCM4318. That card works, but 
the maximum transmit rate is only about 1/2 of what I get without it. 
The card has a rev 09 802.11 core, a rev 7 PHY, and a rev 3 analog 
part. I still have to test on a PCI format BCM4306/3 card, but I 
suspect that you have already tested the 4306.

Larry


From ccmcphe at verizon.net  Sat Aug 16 22:40:44 2008
From: ccmcphe at verizon.net (Tex)
Date: Sat, 16 Aug 2008 16:40:44 -0400
Subject: hwrng question in main.c
Message-ID: <48A73B4C.2010906@verizon.net>

I am trying to port this driver to my embedded systems that uses the ARM 
processor. The kernel it uses does not have the hwrng installed and my 
loading is error'ing out. I got the b43 driver working by ifdef'ing out 
the b43_rng_init(wl) call and the b443_rng_exit(dev->wl) call and also 
the other rng functions. My question is - will this cause any problem 
with any other API and/or module ? Currently I have seen no problems, 
but I really haven't run it through the wringer yet.

Thanks in advance
Tex



From fmarass at gmail.com  Fri Aug 15 08:39:39 2008
From: fmarass at gmail.com (Francesco Marass)
Date: Thu, 14 Aug 2008 23:39:39 -0700
Subject: sudden wlan0 no scan results
Message-ID: <4016b2fa0808142339i5e88e787tfbc7c014d607f225@mail.gmail.com>

Hello

I have a BCM4312 wireless card that I've always successfully used with
the b43 driver. However, for the past few days I've been unable to
find any wireless networks, so connecting to one was impossible.
`iwlist wlan0 scan` now always returns No scan results.

I run Debian testing, with a 2.6.25.4 x86_64 kernel. I have not made
changes to the system, aside from the usual updates and everything
else is working correctly.

My syslog when my interface worked looked like this:

Aug  2 09:19:10 febian kernel: b43-phy0: Broadcom 4311 WLAN found
Aug  2 09:19:10 febian kernel: b43-phy0 debug: Found PHY: Analog 4,
Type 2, Revision 8
Aug  2 09:19:10 febian kernel: b43-phy0 debug: Found Radio: Manuf
0x17F, Version 0x2050, Revision 2
Aug  2 09:19:10 febian kernel: phy0: Selected rate control algorithm 'pid'
Aug  2 09:19:10 febian kernel: Broadcom 43xx driver loaded [ Features:
PL, Firmware-ID: FW13 ]
Aug  2 09:19:19 febian NetworkManager: <info>  starting...
Aug  2 09:19:19 febian NetworkManager: <info>  New VPN service
'openvpn' (org.freedesktop.NetworkManager.openvpn).
Aug  2 09:19:20 febian kernel: b43-phy0: Loading firmware version
410.2160 (2007-05-26 15:32:10)
Aug  2 09:19:21 febian kernel: b43-phy0 debug: Chip initialized
Aug  2 09:19:21 febian kernel: b43-phy0 debug: 32-bit DMA initialized136401
Aug  2 09:19:21 febian kernel: Registered led device: b43-phy0::tx
Aug  2 09:19:21 febian kernel: Registered led device: b43-phy0::rx
Aug  2 09:19:21 febian kernel: b43-phy0 debug: Wireless interface started
Aug  2 09:19:21 febian kernel: b43-phy0 debug: Adding Interface type 2
Aug  2 09:19:21 febian kernel: ADDRCONF(NETDEV_UP): wlan0: link is not ready
Aug  2 09:20:00 febian kernel: b43-phy0 debug: Using hardware based
encryption for keyidx: 0, mac: ff:ff:ff:ff:ff:ff
Aug  2 09:20:00 febian kernel: wlan0: Initial auth_alg=0
Aug  2 09:20:00 febian kernel: wlan0: authenticate with AP 00:1c:10:9f:c5:15
Aug  2 09:20:00 febian kernel: wlan0: RX authentication from
00:1c:10:9f:c5:15 (alg=0 transaction=2 status=0)
Aug  2 09:20:00 febian kernel: wlan0: authenticated
Aug  2 09:20:00 febian kernel: wlan0: associate with AP 00:1c:10:9f:c5:15
Aug  2 09:20:00 febian kernel: wlan0: RX AssocResp from
00:1c:10:9f:c5:15 (capab=0x411 status=0 aid=2)
Aug  2 09:20:00 febian kernel: wlan0: associated
Aug  2 09:20:00 febian kernel: ADDRCONF(NETDEV_CHANGE): wlan0: link
becomes ready
Aug  2 09:20:00 febian dhclient: Internet Systems Consortium DHCP Client V3.1.1
Aug  2 09:20:00 febian dhclient: Copyright 2004-2008 Internet Systems
Consortium.
Aug  2 09:20:00 febian dhclient: All rights reserved.
Aug  2 09:20:00 febian dhclient: For info, please visit
http://www.isc.org/sw/dhcp/
Aug  2 09:20:00 febian dhclient:
Aug  2 09:20:00 febian dhclient: wmaster0: unknown hardware address type 801
Aug  2 09:20:01 febian dhclient: wmaster0: unknown hardware address type 801
Aug  2 09:20:01 febian dhclient: Listening on LPF/wlan0/XXX
Aug  2 09:20:01 febian dhclient: Sending on   LPF/wlan0/XXX
Aug  2 09:20:01 febian dhclient: Sending on   Socket/fallback
Aug  2 09:20:01 febian dhclient: DHCPDISCOVER on wlan0 to
255.255.255.255 port 67 interval 5
Aug  2 09:20:01 febian avahi-daemon[3173]: Joining mDNS multicast
group on interface wlan0.IPv6 with address fe80::21a:73ff:fe49:d828.
Aug  2 09:20:01 febian avahi-daemon[3173]: New relevant interface
wlan0.IPv6 for mDNS.
Aug  2 09:20:01 febian avahi-daemon[3173]: Registering new address
record for fe80::21a:73ff:fe49:d828 on wlan0.*.
Aug  2 09:20:02 febian dhclient: DHCPOFFER from 192.168.1.1
Aug  2 09:20:02 febian dhclient: DHCPREQUEST on wlan0 to 255.255.255.255 port 67
Aug  2 09:20:02 febian dhclient: DHCPACK from 192.168.1.1
Aug  2 09:20:02 febian avahi-daemon[3173]: Joining mDNS multicast
group on interface wlan0.IPv4 with address 192.168.1.102.
Aug  2 09:20:02 febian avahi-daemon[3173]: New relevant interface
wlan0.IPv4 for mDNS.
Aug  2 09:20:02 febian avahi-daemon[3173]: Registering new address
record for 192.168.1.102 on wlan0.IPv4.
Aug  2 09:20:02 febian dhclient: bound to 192.168.1.102 -- renewal in
40017 seconds.


Current syslog (with non-working interface):

Aug  3 16:10:50 febian kernel: b43-phy0: Broadcom 4311 WLAN found
Aug  3 16:10:50 febian kernel: b43-phy0 debug: Found PHY: Analog 4,
Type 2, Revision 8
Aug  3 16:10:50 febian kernel: b43-phy0 debug: Found Radio: Manuf
0x17F, Version 0x2050, Revision 2
Aug  3 16:10:50 febian kernel: phy0: Selected rate control algorithm 'pid'
Aug  3 16:10:50 febian kernel: Broadcom 43xx driver loaded [ Features:
PL, Firmware-ID: FW13 ]
Aug  3 16:10:59 febian NetworkManager: <info>  starting...
Aug  3 16:10:59 febian NetworkManager: <info>  New VPN service
'openvpn' (org.freedesktop.NetworkManager.openvpn).
Aug  3 16:11:00 febian kernel: b43-phy0: Loading firmware version
410.2160 (2007-05-26 15:32:10)
Aug  3 16:11:01 febian kernel: b43-phy0 debug: Chip initialized
Aug  3 16:11:01 febian kernel: b43-phy0 debug: 32-bit DMA initialized
Aug  3 16:11:01 febian kernel: Registered led device: b43-phy0::tx
Aug  3 16:11:01 febian kernel: Registered led device: b43-phy0::rx
Aug  3 16:11:01 febian kernel: b43-phy0 debug: Wireless interface started
Aug  3 16:11:01 febian kernel: b43-phy0 debug: Adding Interface type 2
Aug  3 16:11:01 febian kernel: ADDRCONF(NETDEV_UP): wlan0: link is not ready


My interfaces configuration is very simple:

iface wlan0 inet dhcp
  wireless-essid XXXX
  wireless-key YYYY


Without NetworkManager I tried the procedure by hand without success:
# ifconfig wlan0 up
# dmesg | tail
b43-phy0: Loading firmware version 410.2160 (2007-05-26 15:32:10)
b43-phy0 debug: Chip initialized
b43-phy0 debug: 32-bit DMA initialized
Registered led device: b43-phy0::tx
Registered led device: b43-phy0::rx
b43-phy0 debug: Wireless interface started
b43-phy0 debug: Adding Interface type 2
b43-phy0 debug: Using hardware based encryption for keyidx: 0, mac:
ff:ff:ff:ff:ff:ff
ADDRCONF(NETDEV_UP): wlan0: link is not ready
# iwconfig wlan0 essid XXX
# iwconfig wlan0 key YYY
# dmesg | tail
b43-phy0 debug: Disabling hardware based encryption for keyidx: 0,
mac: ff:ff:ff:ff:ff:ff
b43-phy0 debug: Using hardware based encryption for keyidx: 0, mac:
ff:ff:ff:ff:ff:ff
# iwlist wlan0 scan
wlan0             No scan results

I even downloaded the driver again and re-cut the firmware, but it did not help.

I hope there is an explanation and a solution for this, as I am
reluctant to try the windoze driver with ndiswrapper.

I add an lspci -v regarding this card for more information:
30:00.0 Network controller: Broadcom Corporation BCM4312 802.11a/b/g (rev 01)
        Subsystem: Hewlett-Packard Company Device 1361
        Flags: bus master, fast devsel, latency 0, IRQ 18
        Memory at c8000000 (32-bit, non-prefetchable) [size=16K]
        Capabilities: <access denied>
        Kernel driver in use: b43-pci-bridge
        Kernel modules: ssb


Thank you in advance

Francesco


From mb at bu3sch.de  Sat Aug 16 21:36:19 2008
From: mb at bu3sch.de (Michael Buesch)
Date: Sat, 16 Aug 2008 21:36:19 +0200
Subject: [PATCH RFT] b43: Rewrite PHY API for N-PHY/LP-PHY
In-Reply-To: <48A717C0.6020705@lwfinger.net>
References: <200808160029.56876.mb@bu3sch.de> <48A65100.9050407@lwfinger.net>
	<48A717C0.6020705@lwfinger.net>
Message-ID: <200808162136.19680.mb@bu3sch.de>

On Saturday 16 August 2008, Larry Finger wrote:
> Larry Finger wrote:
> > 
> > The patch works fine on the 802.11g portion of my BCM4312/1, which seems 
> > to be the same as a BCM4311/1. This card has a PCIe format. I also 
> > tested on my PCMCIA version of a BCM4318. That card works, but the 
> > maximum transmit rate is only about 1/2 of what I get without it. The 
> > card has a rev 09 802.11 core, a rev 7 PHY, and a rev 3 analog part. I 
> > still have to test on a PCI format BCM4306/3 card, but I suspect that 
> > you have already tested the 4306.
> 
> Forget what I said about the loss of transmit rate. Once I did a 
> proper test, it is the same with or without the patch. For the 
> BCM4318, the b43 rate is slightly reduced from using bcm43xx. The 
> difference is not really great, but a reproducible reduction from 16.6 
> to 14.2 Mbs with the iwconfig rate set at 54 Mbs. By comparison, the 
> BCM4312 is over 20 Mbs.

Thanks a lot for retesting.
Loss of TX rate would be the worst thing that can happen with this patch, as
it's very very hard to debug due to the size.

I didn't test it on all of my devices, yet. I just tried a 4306, where it
doesn't cause any regression.


From mb at bu3sch.de  Sat Aug 16 00:29:56 2008
From: mb at bu3sch.de (Michael Buesch)
Date: Sat, 16 Aug 2008 00:29:56 +0200
Subject: [PATCH RFT] b43: Rewrite PHY API for N-PHY/LP-PHY
Message-ID: <200808160029.56876.mb@bu3sch.de>

This is the first part for the rewrite of the b43 PHY API.
This is needed in order to make development of N and LP code possible.

PLEASE TEST TEST TEST TEST TEST

Lots of testing on lots of different devices is needed to ensure this
doesn't introduce regressions due to typos.
95% of the patch just moves large parts of the PHY code from one file
to another. More move-patches will follow.
5% of the patch introduces an "ops" based PHY API.

Please test on all of your devices.

http://bu3sch.de/patches/wireless-testing/20080816-0023/patches/002-b43-phy-ops.patch
Apply against wireless-testing.git

(Not attached to the mail, as it is really big)


From Larry.Finger at lwfinger.net  Sun Aug 17 18:03:53 2008
From: Larry.Finger at lwfinger.net (Larry Finger)
Date: Sun, 17 Aug 2008 11:03:53 -0500
Subject: hwrng question in main.c
In-Reply-To: <48A73B4C.2010906@verizon.net>
References: <48A73B4C.2010906@verizon.net>
Message-ID: <48A84BE9.6030506@lwfinger.net>

Tex wrote:
> I am trying to port this driver to my embedded systems that uses the ARM 
> processor. The kernel it uses does not have the hwrng installed and my 
> loading is error'ing out. I got the b43 driver working by ifdef'ing out 
> the b43_rng_init(wl) call and the b443_rng_exit(dev->wl) call and also 
> the other rng functions. My question is - will this cause any problem 
> with any other API and/or module ? Currently I have seen no problems, 
> but I really haven't run it through the wringer yet.

No, it won't cause any problems to eliminate the rng features. They 
are there to provide extra entropy for the random number generators. 
For an embedded system with few logins, the entropy is not a problem.

Larry



From Larry.Finger at lwfinger.net  Sun Aug 17 18:05:40 2008
From: Larry.Finger at lwfinger.net (Larry Finger)
Date: Sun, 17 Aug 2008 11:05:40 -0500
Subject: Cannot gain access to AP
In-Reply-To: <48A6FB94.6020102@verizon.net>
References: <48A6F93B.2060807@verizon.net> <48A6FB94.6020102@verizon.net>
Message-ID: <48A84C54.3070106@lwfinger.net>

Tex wrote:
> I'm sorry, the linux version is the base UBUNTU 2.6.24-19-generic not 
> 2.6.25.9 (I haven't tested that 1 yet).
> 
> 
> Tex wrote:
>> When I use the baseline modules from linux-2.6.25.9, I cannot 
>> associate with my access points, and I can't even go into monitor 
>> mode, the MAC address is also random.  if I use the compat_wireless 
>> (snapshot of 06-21) I can associate with my access points and I can 
>> even go into monitor mode. I'm currently using x86 with Broadcom 4318 
>> CF (PCMCIA):
>>
>> Thanks in advance for your help
>> Tex
>>
>> (FYI: 00deadbeef = fake key)
>> Commands entered and command results:
>> root at ubuntu:/var/log# iwconfig wlan0 essid trackcoach2 key 00deadbeef 
>> chann 4
>> root at ubuntu:/var/log# iwconfig
>> lo        no wireless extensions.
>>
>> eth0      no wireless extensions.
>>
>> wmaster0  no wireless extensions.
>>
>> wlan0     IEEE 802.11  ESSID:"trackcoach2"          Mode:Managed  
>> Frequency:2.427 GHz  Access Point: 00:15:05:EC:2E:54           Bit 
>> Rate=1 Mb/s   Tx-Power=27 dBm           Retry min limit:7   RTS 
>> thr:off   Fragment thr=2352 B           Encryption key:0FB3-CFC8-78
>>          Link Quality=68/100  Signal level:-43 dBm  Noise level=-72 dBm
>>          Rx invalid nwid:0  Rx invalid crypt:0  Rx invalid frag:0
>>          Tx excessive retries:0  Invalid misc:0   Missed beacon:0
>>
>>
>> snapshot for kern.log running compat_wireless source dated 06-21:
>>
>> Aug 16 11:17:28 ubuntu kernel: [  980.756067] ssb: Core 0 found: 
>> ChipCommon (cc 0x800, rev 0x0D, vendor 0x4243)
>> Aug 16 11:17:28 ubuntu kernel: [  980.756182] ssb: Core 1 found: IEEE 
>> 802.11 (cc 0x812, rev 0x09, vendor 0x4243)
>> Aug 16 11:17:28 ubuntu kernel: [  980.756287] ssb: Core 2 found: PCI 
>> (cc 0x804, rev 0x0C, vendor 0x4243)
>> Aug 16 11:17:28 ubuntu kernel: [  980.756391] ssb: Core 3 found: 
>> PCMCIA (cc 0x80D, rev 0x07, vendor 0x4243)
>> Aug 16 11:17:28 ubuntu kernel: [  980.841103] ssb: Sonics Silicon 
>> Backplane found on PCMCIA device pcmcia0.0
>> Aug 16 11:17:28 ubuntu kernel: [  980.843423] b43-phy2: Broadcom 4318 
>> WLAN found
>> Aug 16 11:17:28 ubuntu kernel: [  980.864824] b43-phy2 debug: Found 
>> PHY: Analog 3, Type 2, Revision 7
>> Aug 16 11:17:28 ubuntu kernel: [  980.864861] b43-phy2 debug: Found 
>> Radio: Manuf 0x17F, Version 0x2050, Revision 8
>> Aug 16 11:17:28 ubuntu kernel: [  980.890769] phy2: Selected rate 
>> control algorithm 'pid'
>> Aug 16 11:17:28 ubuntu kernel: [  980.894425] Broadcom 43xx driver 
>> loaded [ Features: PMLR, Firmware-ID: FW13 ]
>> Aug 16 11:17:28 ubuntu kernel: [  981.037152] input: b43-phy2 as 
>> /class/input/input13
>>
>> Aug 16 11:17:29 ubuntu kernel: [  981.286962] b43-phy2: Loading 
>> firmware version 410.2160 (2007-05-26 15:32:10)
>> Aug 16 11:17:29 ubuntu kernel: [  981.386914] b43-phy2 debug: Chip 
>> initialized
>> Aug 16 11:17:29 ubuntu kernel: [  981.387163] b43-phy2 debug: PIO 
>> initialized
>> Aug 16 11:17:29 ubuntu kernel: [  981.394286] Registered led device: 
>> b43-phy2::tx
>> Aug 16 11:17:29 ubuntu kernel: [  981.395342] Registered led device: 
>> b43-phy2::rx
>> Aug 16 11:17:29 ubuntu kernel: [  981.396162] Registered led device: 
>> b43-phy2::radio
>> Aug 16 11:17:29 ubuntu kernel: [  981.396236] b43-phy2 debug: Wireless 
>> interface started
>> Aug 16 11:17:29 ubuntu kernel: [  981.422452] b43-phy2 debug: Adding 
>> Interface type 2
>> Aug 16 11:17:29 ubuntu kernel: [  981.434619] ADDRCONF(NETDEV_UP): 
>> wlan0: link is not ready
>> Aug 16 11:17:40 ubuntu kernel: [  992.409510] b43-phy2 debug: Using 
>> hardware based encryption for keyidx: 0, mac: ff:ff:ff:ff:ff:ff
>> Aug 16 11:17:41 ubuntu kernel: [  993.176152] wlan0: Initial auth_alg=0
>> Aug 16 11:17:41 ubuntu kernel: [  993.176171] wlan0: authenticate with 
>> AP 00:15:05:ec:2e:54
>> Aug 16 11:17:41 ubuntu kernel: [  993.185280] wlan0: RX authentication 
>> from 00:15:05:ec:2e:54 (alg=0 transaction=2 status=0)
>> Aug 16 11:17:41 ubuntu kernel: [  993.185290] wlan0: authenticated
>> Aug 16 11:17:41 ubuntu kernel: [  993.185297] wlan0: associate with AP 
>> 00:15:05:ec:2e:54
>> Aug 16 11:17:41 ubuntu kernel: [  993.187344] wlan0: RX AssocResp from 
>> 00:15:05:ec:2e:54 (capab=0x431 status=0 aid=2)
>> Aug 16 11:17:41 ubuntu kernel: [  993.187351] wlan0: associated
>> Aug 16 11:17:41 ubuntu kernel: [  993.188636] ADDRCONF(NETDEV_CHANGE): 
>> wlan0: link becomes ready
>>
>>
>>
>> Commands entered:
>> iwconfig wlan0 essid trackcoach2 key 00deadbeef chann 4
>> root at ubuntu:~# iwconfig
>> lo        no wireless extensions.
>>
>> eth0      no wireless extensions.
>>
>> wmaster0  no wireless extensions.
>>
>> wlan0     IEEE 802.11g  ESSID:"trackcoach2"          Mode:Managed  
>> Frequency:2.427 GHz  Access Point: Not-Associated           
>> Tx-Power=27 dBm           Retry min limit:7   RTS thr:off   Fragment 
>> thr=2352 B           Encryption key:0FB3-CFC8-78
>>          Link Quality:0  Signal level:0  Noise level:0
>>          Rx invalid nwid:0  Rx invalid crypt:0  Rx invalid frag:0
>>          Tx excessive retries:0  Invalid misc:0   Missed beacon:0
>>
>>
>>
>> Kernel log file using linux base linux-2.6.25.9:
>> Aug 16 11:46:49 ubuntu kernel: [  674.570729] pcmcia: registering new 
>> device pcmcia0.0
>> Aug 16 11:46:50 ubuntu kernel: [  675.248587] ssb: Core 0 found: 
>> ChipCommon (cc 0x800, rev 0x0D, vendor 0x4243)
>> Aug 16 11:46:50 ubuntu kernel: [  675.248733] ssb: Core 1 found: IEEE 
>> 802.11 (cc 0x812, rev 0x09, vendor 0x4243)
>> Aug 16 11:46:50 ubuntu kernel: [  675.248839] ssb: Core 2 found: PCI 
>> (cc 0x804, rev 0x0C, vendor 0x4243)
>> Aug 16 11:46:50 ubuntu kernel: [  675.248943] ssb: Core 3 found: 
>> PCMCIA (cc 0x80D, rev 0x07, vendor 0x4243)
>> Aug 16 11:46:50 ubuntu kernel: [  675.258113] ssb: Sonics Silicon 
>> Backplane found on PCMCIA device pcmcia0.0
>> Aug 16 11:46:50 ubuntu kernel: [  675.260339] b43-phy0: Broadcom 4318 
>> WLAN found
>> Aug 16 11:46:50 ubuntu kernel: [  675.280772] b43-phy0 debug: Found 
>> PHY: Analog 3, Type 2, Revision 7
>> Aug 16 11:46:50 ubuntu kernel: [  675.280810] b43-phy0 debug: Found 
>> Radio: Manuf 0x17F, Version 0x2050, Revision 8
>> Aug 16 11:46:50 ubuntu kernel: [  675.306686] phy0: Selected rate 
>> control algorithm 'pid'
>> Aug 16 11:46:50 ubuntu kernel: [  675.527595] Broadcom 43xx driver 
>> loaded [ Features: PMLR, Firmware-ID: FW13 ]
>> Aug 16 11:46:50 ubuntu kernel: [  675.712722] input: b43-phy0 as 
>> /class/input/input9
>> Aug 16 11:46:50 ubuntu kernel: [  675.978279] b43-phy0: Loading 
>> firmware version 410.2160 (2007-05-26 15:32:10)
>> Aug 16 11:46:52 ubuntu kernel: [  677.227536] b43-phy0 debug: Chip 
>> initialized
>> Aug 16 11:46:52 ubuntu kernel: [  677.229015] b43-phy0 debug: 32-bit 
>> DMA initialized
>> Aug 16 11:46:52 ubuntu kernel: [  677.235404] b43-phy0 debug: Wireless 
>> interface started
>> Aug 16 11:46:52 ubuntu kernel: [  677.258321] b43-phy0 debug: Adding 
>> Interface type 2
>> Aug 16 11:46:52 ubuntu kernel: [  677.270523] ADDRCONF(NETDEV_UP): 
>> wlan0: link is not ready
>> Aug 16 11:47:06 ubuntu kernel: [  691.850496] b43-phy0 debug: Using 
>> hardware based encryption for keyidx: 0, mac: ff:ff:ff:ff:ff:ff

Please provide two extra pieces of information:

(1) From the command 'lspci -nnv', post the first two lines that 
describe your BCM4318.

(2) Post the ooutput from 'ifconfig'

Larry


From Larry.Finger at lwfinger.net  Sun Aug 17 18:36:44 2008
From: Larry.Finger at lwfinger.net (Larry Finger)
Date: Sun, 17 Aug 2008 11:36:44 -0500
Subject: sudden wlan0 no scan results
In-Reply-To: <4016b2fa0808142339i5e88e787tfbc7c014d607f225@mail.gmail.com>
References: <4016b2fa0808142339i5e88e787tfbc7c014d607f225@mail.gmail.com>
Message-ID: <48A8539C.7000805@lwfinger.net>

Francesco Marass wrote:
> Hello
> 
> I have a BCM4312 wireless card that I've always successfully used with
> the b43 driver. However, for the past few days I've been unable to
> find any wireless networks, so connecting to one was impossible.
> `iwlist wlan0 scan` now always returns No scan results.
> 
> I run Debian testing, with a 2.6.25.4 x86_64 kernel. I have not made
> changes to the system, aside from the usual updates and everything
> else is working correctly.
> 
> My syslog when my interface worked looked like this:
> 
> Aug  2 09:19:10 febian kernel: b43-phy0: Broadcom 4311 WLAN found
> Aug  2 09:19:10 febian kernel: b43-phy0 debug: Found PHY: Analog 4,
> Type 2, Revision 8
> Aug  2 09:19:10 febian kernel: b43-phy0 debug: Found Radio: Manuf
> 0x17F, Version 0x2050, Revision 2
> Aug  2 09:19:10 febian kernel: phy0: Selected rate control algorithm 'pid'
> Aug  2 09:19:10 febian kernel: Broadcom 43xx driver loaded [ Features:
> PL, Firmware-ID: FW13 ]
> Aug  2 09:19:19 febian NetworkManager: <info>  starting...
> Aug  2 09:19:19 febian NetworkManager: <info>  New VPN service
> 'openvpn' (org.freedesktop.NetworkManager.openvpn).
> Aug  2 09:19:20 febian kernel: b43-phy0: Loading firmware version
> 410.2160 (2007-05-26 15:32:10)
> Aug  2 09:19:21 febian kernel: b43-phy0 debug: Chip initialized
> Aug  2 09:19:21 febian kernel: b43-phy0 debug: 32-bit DMA initialized136401
> Aug  2 09:19:21 febian kernel: Registered led device: b43-phy0::tx
> Aug  2 09:19:21 febian kernel: Registered led device: b43-phy0::rx
> Aug  2 09:19:21 febian kernel: b43-phy0 debug: Wireless interface started
> Aug  2 09:19:21 febian kernel: b43-phy0 debug: Adding Interface type 2
> Aug  2 09:19:21 febian kernel: ADDRCONF(NETDEV_UP): wlan0: link is not ready
> Aug  2 09:20:00 febian kernel: b43-phy0 debug: Using hardware based
> encryption for keyidx: 0, mac: ff:ff:ff:ff:ff:ff
> Aug  2 09:20:00 febian kernel: wlan0: Initial auth_alg=0
> Aug  2 09:20:00 febian kernel: wlan0: authenticate with AP 00:1c:10:9f:c5:15
> Aug  2 09:20:00 febian kernel: wlan0: RX authentication from
> 00:1c:10:9f:c5:15 (alg=0 transaction=2 status=0)
> Aug  2 09:20:00 febian kernel: wlan0: authenticated
> Aug  2 09:20:00 febian kernel: wlan0: associate with AP 00:1c:10:9f:c5:15
> Aug  2 09:20:00 febian kernel: wlan0: RX AssocResp from
> 00:1c:10:9f:c5:15 (capab=0x411 status=0 aid=2)
> Aug  2 09:20:00 febian kernel: wlan0: associated
> Aug  2 09:20:00 febian kernel: ADDRCONF(NETDEV_CHANGE): wlan0: link
> becomes ready
> Aug  2 09:20:00 febian dhclient: Internet Systems Consortium DHCP Client V3.1.1
> Aug  2 09:20:00 febian dhclient: Copyright 2004-2008 Internet Systems
> Consortium.
> Aug  2 09:20:00 febian dhclient: All rights reserved.
> Aug  2 09:20:00 febian dhclient: For info, please visit
> http://www.isc.org/sw/dhcp/
> Aug  2 09:20:00 febian dhclient:
> Aug  2 09:20:00 febian dhclient: wmaster0: unknown hardware address type 801
> Aug  2 09:20:01 febian dhclient: wmaster0: unknown hardware address type 801
> Aug  2 09:20:01 febian dhclient: Listening on LPF/wlan0/XXX
> Aug  2 09:20:01 febian dhclient: Sending on   LPF/wlan0/XXX
> Aug  2 09:20:01 febian dhclient: Sending on   Socket/fallback
> Aug  2 09:20:01 febian dhclient: DHCPDISCOVER on wlan0 to
> 255.255.255.255 port 67 interval 5
> Aug  2 09:20:01 febian avahi-daemon[3173]: Joining mDNS multicast
> group on interface wlan0.IPv6 with address fe80::21a:73ff:fe49:d828.
> Aug  2 09:20:01 febian avahi-daemon[3173]: New relevant interface
> wlan0.IPv6 for mDNS.
> Aug  2 09:20:01 febian avahi-daemon[3173]: Registering new address
> record for fe80::21a:73ff:fe49:d828 on wlan0.*.
> Aug  2 09:20:02 febian dhclient: DHCPOFFER from 192.168.1.1
> Aug  2 09:20:02 febian dhclient: DHCPREQUEST on wlan0 to 255.255.255.255 port 67
> Aug  2 09:20:02 febian dhclient: DHCPACK from 192.168.1.1
> Aug  2 09:20:02 febian avahi-daemon[3173]: Joining mDNS multicast
> group on interface wlan0.IPv4 with address 192.168.1.102.
> Aug  2 09:20:02 febian avahi-daemon[3173]: New relevant interface
> wlan0.IPv4 for mDNS.
> Aug  2 09:20:02 febian avahi-daemon[3173]: Registering new address
> record for 192.168.1.102 on wlan0.IPv4.
> Aug  2 09:20:02 febian dhclient: bound to 192.168.1.102 -- renewal in
> 40017 seconds.
> 
> 
> Current syslog (with non-working interface):
> 
> Aug  3 16:10:50 febian kernel: b43-phy0: Broadcom 4311 WLAN found
> Aug  3 16:10:50 febian kernel: b43-phy0 debug: Found PHY: Analog 4,
> Type 2, Revision 8
> Aug  3 16:10:50 febian kernel: b43-phy0 debug: Found Radio: Manuf
> 0x17F, Version 0x2050, Revision 2
> Aug  3 16:10:50 febian kernel: phy0: Selected rate control algorithm 'pid'
> Aug  3 16:10:50 febian kernel: Broadcom 43xx driver loaded [ Features:
> PL, Firmware-ID: FW13 ]
> Aug  3 16:10:59 febian NetworkManager: <info>  starting...
> Aug  3 16:10:59 febian NetworkManager: <info>  New VPN service
> 'openvpn' (org.freedesktop.NetworkManager.openvpn).
> Aug  3 16:11:00 febian kernel: b43-phy0: Loading firmware version
> 410.2160 (2007-05-26 15:32:10)
> Aug  3 16:11:01 febian kernel: b43-phy0 debug: Chip initialized
> Aug  3 16:11:01 febian kernel: b43-phy0 debug: 32-bit DMA initialized
> Aug  3 16:11:01 febian kernel: Registered led device: b43-phy0::tx
> Aug  3 16:11:01 febian kernel: Registered led device: b43-phy0::rx
> Aug  3 16:11:01 febian kernel: b43-phy0 debug: Wireless interface started
> Aug  3 16:11:01 febian kernel: b43-phy0 debug: Adding Interface type 2
> Aug  3 16:11:01 febian kernel: ADDRCONF(NETDEV_UP): wlan0: link is not ready
> 
> 
> My interfaces configuration is very simple:
> 
> iface wlan0 inet dhcp
>   wireless-essid XXXX
>   wireless-key YYYY
> 
> 
> Without NetworkManager I tried the procedure by hand without success:
> # ifconfig wlan0 up
> # dmesg | tail
> b43-phy0: Loading firmware version 410.2160 (2007-05-26 15:32:10)
> b43-phy0 debug: Chip initialized
> b43-phy0 debug: 32-bit DMA initialized
> Registered led device: b43-phy0::tx
> Registered led device: b43-phy0::rx
> b43-phy0 debug: Wireless interface started
> b43-phy0 debug: Adding Interface type 2
> b43-phy0 debug: Using hardware based encryption for keyidx: 0, mac:
> ff:ff:ff:ff:ff:ff
> ADDRCONF(NETDEV_UP): wlan0: link is not ready
> # iwconfig wlan0 essid XXX
> # iwconfig wlan0 key YYY
> # dmesg | tail
> b43-phy0 debug: Disabling hardware based encryption for keyidx: 0,
> mac: ff:ff:ff:ff:ff:ff
> b43-phy0 debug: Using hardware based encryption for keyidx: 0, mac:
> ff:ff:ff:ff:ff:ff
> # iwlist wlan0 scan
> wlan0             No scan results
> 
> I even downloaded the driver again and re-cut the firmware, but it did not help.
> 
> I hope there is an explanation and a solution for this, as I am
> reluctant to try the windoze driver with ndiswrapper.
> 
> I add an lspci -v regarding this card for more information:
> 30:00.0 Network controller: Broadcom Corporation BCM4312 802.11a/b/g (rev 01)
>         Subsystem: Hewlett-Packard Company Device 1361
>         Flags: bus master, fast devsel, latency 0, IRQ 18
>         Memory at c8000000 (32-bit, non-prefetchable) [size=16K]
>         Capabilities: <access denied>
>         Kernel driver in use: b43-pci-bridge
>         Kernel modules: ssb

I don't see anything wrong with b43. The message shows that your 
interface is not UP. I use openSUSE and I don't know exactly what the 
command 'iface' does, but it looks as if something changed there, or 
in other network support software.

Did you make any changes in your system? Perhaps reloading the package 
that contains iface will fix the problem.

Larry



From Illth at gmx.de  Sun Aug 17 22:25:48 2008
From: Illth at gmx.de (Thomas Ilnseher)
Date: Sun, 17 Aug 2008 22:25:48 +0200
Subject: ETA for LP PHY support
Message-ID: <20080817202548.266690@gmx.net>

Hi,

I got an asus WL520GU (with LP PHY).

Unfortunately, even the specs on bcm-v4 are quite incomplete yet.
Is there any ETA when specs are complete, when prelimanry support is added
(offset to previous date, of course) ?

I'm trying to read the code of phy.c, but there are still some things that i don't understand.
I can't ask (non stupid) questions about that right now, cause i'm still reading.

How much time would it take me to get accomplished to this stuff ?

my experience:
a) C Programming (apps) ++
b) kernel programming 0 (simple patches only)
c) wlan stuff --

should i try to hak this stuff (once specs are there) or should i wait, cause you could do this in a couple of weeks ?

Thanks,

Tom
-- 
GMX Kostenlose Spiele: Einfach online spielen und Spa? haben mit Pastry Passion!
http://games.entertainment.gmx.net/de/entertainment/games/free/puzzle/6169196


From gavron at wetwork.net  Sun Aug 17 21:26:21 2008
From: gavron at wetwork.net (Ehud Gavron)
Date: Sun, 17 Aug 2008 12:26:21 -0700
Subject: [PATCH RFT] b43: Rewrite PHY API for N-PHY/LP-PHY -- good on 4311
In-Reply-To: <200808160029.56876.mb@bu3sch.de>
References: <200808160029.56876.mb@bu3sch.de>
Message-ID: <48A87B5D.7010402@wetwork.net>

Works fine here.  iperf same results as prior to patch. 

b43-phy0: Broadcom 4311 WLAN found
b43-phy0 debug: Found PHY: Analog 4, Type 2, Revision 8
b43-phy0 debug: Found Radio: Manuf 0x17F, Version 0x2050, Revision 2

2.6.27-rc2-wl on Ubuntu 8.04 (don't even ask how long it takes to build 
a new kernel and create a debian package and install it...)

Ehud

Michael Buesch wrote:
> This is the first part for the rewrite of the b43 PHY API.
> This is needed in order to make development of N and LP code possible.
>
> PLEASE TEST TEST TEST TEST TEST
>
> Lots of testing on lots of different devices is needed to ensure this
> doesn't introduce regressions due to typos.
> 95% of the patch just moves large parts of the PHY code from one file
> to another. More move-patches will follow.
> 5% of the patch introduces an "ops" based PHY API.
>
> Please test on all of your devices.
>
> http://bu3sch.de/patches/wireless-testing/20080816-0023/patches/002-b43-phy-ops.patch
> Apply against wireless-testing.git
>
> (Not attached to the mail, as it is really big)
> _______________________________________________
> Bcm43xx-dev mailing list
> Bcm43xx-dev at lists.berlios.de
> https://lists.berlios.de/mailman/listinfo/bcm43xx-dev
>   


From Larry.Finger at lwfinger.net  Sun Aug 17 22:42:53 2008
From: Larry.Finger at lwfinger.net (Larry Finger)
Date: Sun, 17 Aug 2008 15:42:53 -0500
Subject: [PATCH RFT] b43: Rewrite PHY API for N-PHY/LP-PHY  -- good on 4311
In-Reply-To: <48A87B5D.7010402@wetwork.net>
References: <200808160029.56876.mb@bu3sch.de> <48A87B5D.7010402@wetwork.net>
Message-ID: <48A88D4D.9050001@lwfinger.net>

Ehud Gavron wrote:
> Works fine here.  iperf same results as prior to patch.
> b43-phy0: Broadcom 4311 WLAN found
> b43-phy0 debug: Found PHY: Analog 4, Type 2, Revision 8
> b43-phy0 debug: Found Radio: Manuf 0x17F, Version 0x2050, Revision 2
> 
> 2.6.27-rc2-wl on Ubuntu 8.04 (don't even ask how long it takes to build 
> a new kernel and create a debian package and install it...)

I know, which is one of the reasons I don't use a Debian-based distro. 
I want nothing to do with one whose stated goal is to make it so 
difficult to change the kernel that the users won't do it.

Larry



From Larry.Finger at lwfinger.net  Sun Aug 17 23:33:48 2008
From: Larry.Finger at lwfinger.net (Larry Finger)
Date: Sun, 17 Aug 2008 16:33:48 -0500
Subject: ETA for LP PHY support
In-Reply-To: <20080817202548.266690@gmx.net>
