From ccmcphe at verizon.net  Wed Jul  1 00:37:12 2009
From: ccmcphe at verizon.net (Clyde McPherson)
Date: Tue, 30 Jun 2009 18:37:12 -0400
Subject: [Patch] b43:Added Support for 4318E chipset
Message-ID: <4A4A9398.9000005@verizon.net>

Added support for the Broadcom 4318E chipset on PCMCIA/CF cards. The 
4318E can do 802.11A/B/G, only B and G mode are supported in b43.

diff --git a/drivers/net/wireless/b43/pcmcia.c 
b/drivers/net/wireless/b43/pcmcia.c
index 3cfc303..6c3a749 100644
--- a/drivers/net/wireless/b43/pcmcia.c
+++ b/drivers/net/wireless/b43/pcmcia.c
@@ -35,6 +35,7 @@
 
 static /*const */ struct pcmcia_device_id b43_pcmcia_tbl[] = {
        PCMCIA_DEVICE_MANF_CARD(0x2D0, 0x448),
+       PCMCIA_DEVICE_MANF_CARD(0x2D0, 0x476),
        PCMCIA_DEVICE_NULL,
 };


Cheers
Clyde "Tex" McPherson




From ccmcphe at verizon.net  Wed Jul  1 00:40:32 2009
From: ccmcphe at verizon.net (Clyde McPherson)
Date: Tue, 30 Jun 2009 18:40:32 -0400
Subject: [Patch] ssb: Added Support for the 4318E Chipset
Message-ID: <4A4A9460.10304@verizon.net>

Added support for the Broadcom 4318E chipset on PCMCIA/CF cards. The 
4318E can do 802.11A/B/G, only B and G mode are supported in b43.

diff --git a/drivers/ssb/pcmcia.c b/drivers/ssb/pcmcia.c
index fbfadba..d288608 100644
--- a/drivers/ssb/pcmcia.c
+++ b/drivers/ssb/pcmcia.c
@@ -678,7 +678,8 @@ int ssb_pcmcia_get_invariants(struct ssb_bus *bus,
                        sprom->board_rev = tuple.TupleData[1];
                        break;
                case SSB_PCMCIA_CIS_PA:
-                       GOTO_ERROR_ON(tuple.TupleDataLen != 9,
+                       GOTO_ERROR_ON((tuple.TupleDataLen != 9) &&
+                                     (tuple.TupleDataLen != 10),
                                      "pa tpl size");
                        sprom->pa0b0 = tuple.TupleData[1] |
                                 ((u16)tuple.TupleData[2] << 8);
@@ -718,7 +719,8 @@ int ssb_pcmcia_get_invariants(struct ssb_bus *bus,
                        sprom->antenna_gain.ghz5.a3 = tuple.TupleData[1];
                        break;
                case SSB_PCMCIA_CIS_BFLAGS:
-                       GOTO_ERROR_ON(tuple.TupleDataLen != 3,
+                       GOTO_ERROR_ON((tuple.TupleDataLen != 3) &&
+                                     (tuple.TupleDataLen != 5),
                                      "bfl tpl size");
                        sprom->boardflags_lo = tuple.TupleData[1] |
                                         ((u16)tuple.TupleData[2] << 8);


Cheers
Clyde "Tex" McPherson



From Larry.Finger at lwfinger.net  Wed Jul  1 05:36:42 2009
From: Larry.Finger at lwfinger.net (Larry Finger)
Date: Tue, 30 Jun 2009 22:36:42 -0500
Subject: No subject
Message-ID: <4a4ad9ca.vjHlJqRZ71Q1f7CP%Larry.Finger@lwfinger.net>

From: Clyde McPherson <ccmcphe at verizon.net>

Added support for the Broadcom 4318E chipset on PCMCIA/CF cards. The 
4318E can do 802.11A/B/G, only B and G mode are supported in b43.

Signed-off-by: Clyde McPherson <ccmcphe at verizon.net>
Signed-off-by: Larry Finger <Larry.Finger at lwfinger.net>
---

diff --git a/drivers/net/wireless/b43/pcmcia.c 
b/drivers/net/wireless/b43/pcmcia.c
index 3cfc303..6c3a749 100644
--- a/drivers/net/wireless/b43/pcmcia.c
+++ b/drivers/net/wireless/b43/pcmcia.c
@@ -35,6 +35,7 @@
 
 static /*const */ struct pcmcia_device_id b43_pcmcia_tbl[] = {
 	PCMCIA_DEVICE_MANF_CARD(0x2D0, 0x448),
+	PCMCIA_DEVICE_MANF_CARD(0x2D0, 0x476),
 	PCMCIA_DEVICE_NULL,
 };



From Larry.Finger at lwfinger.net  Wed Jul  1 05:37:08 2009
From: Larry.Finger at lwfinger.net (Larry Finger)
Date: Tue, 30 Jun 2009 22:37:08 -0500
Subject: No subject
Message-ID: <4a4ad9e4.vPnta8trzUXc4YPz%Larry.Finger@lwfinger.net>

From: Clyde McPherson <ccmcphe at verizon.net>

Added support for the Broadcom 4318E chipset on PCMCIA/CF cards. The 
4318E can do 802.11A/B/G, only B and G mode are supported in b43.

Signed-off-by: Clyde McPherson <ccmcphe at verizon.net>
Signed-off-by: Larry Finger <Larry.Finger at lwfinger.net>
---

Index: wireless-testing/drivers/ssb/pcmcia.c
===================================================================
--- wireless-testing.orig/drivers/ssb/pcmcia.c
+++ wireless-testing/drivers/ssb/pcmcia.c
@@ -678,7 +678,8 @@ int ssb_pcmcia_get_invariants(struct ssb
 			sprom->board_rev = tuple.TupleData[1];
 			break;
 		case SSB_PCMCIA_CIS_PA:
-			GOTO_ERROR_ON(tuple.TupleDataLen != 9,
+			GOTO_ERROR_ON((tuple.TupleDataLen != 9) &&
+				      (tuple.TupleDataLen != 10),
 				      "pa tpl size");
 			sprom->pa0b0 = tuple.TupleData[1] |
 				 ((u16)tuple.TupleData[2] << 8);
@@ -718,7 +719,8 @@ int ssb_pcmcia_get_invariants(struct ssb
 			sprom->antenna_gain.ghz5.a3 = tuple.TupleData[1];
 			break;
 		case SSB_PCMCIA_CIS_BFLAGS:
-			GOTO_ERROR_ON(tuple.TupleDataLen != 3,
+			GOTO_ERROR_ON((tuple.TupleDataLen != 3) &&
+				      (tuple.TupleDataLen != 5),
 				      "bfl tpl size");
 			sprom->boardflags_lo = tuple.TupleData[1] |
 					 ((u16)tuple.TupleData[2] << 8);


From Larry.Finger at lwfinger.net  Wed Jul  1 05:38:40 2009
From: Larry.Finger at lwfinger.net (Larry Finger)
Date: Tue, 30 Jun 2009 22:38:40 -0500
Subject: [Patch] ssb: Added Support for the 4318E Chipset
In-Reply-To: <4A4A9460.10304@verizon.net>
References: <4A4A9460.10304@verizon.net>
Message-ID: <4A4ADA40.6020407@lwfinger.net>

Clyde McPherson wrote:
> Added support for the Broadcom 4318E chipset on PCMCIA/CF cards. The 
> 4318E can do 802.11A/B/G, only B and G mode are supported in b43.
> 
> diff --git a/drivers/ssb/pcmcia.c b/drivers/ssb/pcmcia.c
> index fbfadba..d288608 100644
> --- a/drivers/ssb/pcmcia.c
> +++ b/drivers/ssb/pcmcia.c
> @@ -678,7 +678,8 @@ int ssb_pcmcia_get_invariants(struct ssb_bus *bus,
>                         sprom->board_rev = tuple.TupleData[1];
>                         break;
>                 case SSB_PCMCIA_CIS_PA:
> -                       GOTO_ERROR_ON(tuple.TupleDataLen != 9,
> +                       GOTO_ERROR_ON((tuple.TupleDataLen != 9) &&
> +                                     (tuple.TupleDataLen != 10),
>                                       "pa tpl size");
>                         sprom->pa0b0 = tuple.TupleData[1] |
>                                  ((u16)tuple.TupleData[2] << 8);
> @@ -718,7 +719,8 @@ int ssb_pcmcia_get_invariants(struct ssb_bus *bus,
>                         sprom->antenna_gain.ghz5.a3 = tuple.TupleData[1];
>                         break;
>                 case SSB_PCMCIA_CIS_BFLAGS:
> -                       GOTO_ERROR_ON(tuple.TupleDataLen != 3,
> +                       GOTO_ERROR_ON((tuple.TupleDataLen != 3) &&
> +                                     (tuple.TupleDataLen != 5),
>                                       "bfl tpl size");
>                         sprom->boardflags_lo = tuple.TupleData[1] |
>                                          ((u16)tuple.TupleData[2] << 8);

These two patches do not have the correct form, and they have mangled
white space. That is why I reformatted and resubmitted them.

Larry


From Larry.Finger at lwfinger.net  Wed Jul  1 05:39:28 2009
From: Larry.Finger at lwfinger.net (Larry Finger)
Date: Tue, 30 Jun 2009 22:39:28 -0500
Subject: [PATCH V2] b43: Add support for 4318E
Message-ID: <4a4ada70.t85pybsO8xH4owyV%Larry.Finger@lwfinger.net>

From: Clyde McPherson <ccmcphe at verizon.net>

Added support for the Broadcom 4318E chipset on PCMCIA/CF cards. The 
4318E can do 802.11A/B/G, only B and G mode are supported in b43.

Signed-off-by: Clyde McPherson <ccmcphe at verizon.net>
Signed-off-by: Larry Finger <Larry.Finger at lwfinger.net>
---

diff --git a/drivers/net/wireless/b43/pcmcia.c 
b/drivers/net/wireless/b43/pcmcia.c
index 3cfc303..6c3a749 100644
--- a/drivers/net/wireless/b43/pcmcia.c
+++ b/drivers/net/wireless/b43/pcmcia.c
@@ -35,6 +35,7 @@
 
 static /*const */ struct pcmcia_device_id b43_pcmcia_tbl[] = {
 	PCMCIA_DEVICE_MANF_CARD(0x2D0, 0x448),
+	PCMCIA_DEVICE_MANF_CARD(0x2D0, 0x476),
 	PCMCIA_DEVICE_NULL,
 };



From Larry.Finger at lwfinger.net  Wed Jul  1 05:39:43 2009
From: Larry.Finger at lwfinger.net (Larry Finger)
Date: Tue, 30 Jun 2009 22:39:43 -0500
Subject: [PATCH V2] ssb: Add support for 4318E
Message-ID: <4a4ada7f.oItwGXurq7WMW+HE%Larry.Finger@lwfinger.net>

From: Clyde McPherson <ccmcphe at verizon.net>

Added support for the Broadcom 4318E chipset on PCMCIA/CF cards. The 
4318E can do 802.11A/B/G, only B and G mode are supported in b43.

Signed-off-by: Clyde McPherson <ccmcphe at verizon.net>
Signed-off-by: Larry Finger <Larry.Finger at lwfinger.net>
---

Index: wireless-testing/drivers/ssb/pcmcia.c
===================================================================
--- wireless-testing.orig/drivers/ssb/pcmcia.c
+++ wireless-testing/drivers/ssb/pcmcia.c
@@ -678,7 +678,8 @@ int ssb_pcmcia_get_invariants(struct ssb
 			sprom->board_rev = tuple.TupleData[1];
 			break;
 		case SSB_PCMCIA_CIS_PA:
-			GOTO_ERROR_ON(tuple.TupleDataLen != 9,
+			GOTO_ERROR_ON((tuple.TupleDataLen != 9) &&
+				      (tuple.TupleDataLen != 10),
 				      "pa tpl size");
 			sprom->pa0b0 = tuple.TupleData[1] |
 				 ((u16)tuple.TupleData[2] << 8);
@@ -718,7 +719,8 @@ int ssb_pcmcia_get_invariants(struct ssb
 			sprom->antenna_gain.ghz5.a3 = tuple.TupleData[1];
 			break;
 		case SSB_PCMCIA_CIS_BFLAGS:
-			GOTO_ERROR_ON(tuple.TupleDataLen != 3,
+			GOTO_ERROR_ON((tuple.TupleDataLen != 3) &&
+				      (tuple.TupleDataLen != 5),
 				      "bfl tpl size");
 			sprom->boardflags_lo = tuple.TupleData[1] |
 					 ((u16)tuple.TupleData[2] << 8);


From mb at bu3sch.de  Wed Jul  1 15:17:33 2009
From: mb at bu3sch.de (Michael Buesch)
Date: Wed, 1 Jul 2009 15:17:33 +0200
Subject: [PATCH V2] ssb: Add support for 4318E
In-Reply-To: <4a4ada7f.oItwGXurq7WMW+HE%Larry.Finger@lwfinger.net>
References: <4a4ada7f.oItwGXurq7WMW+HE%Larry.Finger@lwfinger.net>
Message-ID: <200907011517.34061.mb@bu3sch.de>

On Wednesday 01 July 2009 05:39:43 Larry Finger wrote:
> From: Clyde McPherson <ccmcphe at verizon.net>
> 
> Added support for the Broadcom 4318E chipset on PCMCIA/CF cards. The 
> 4318E can do 802.11A/B/G, only B and G mode are supported in b43.
> 
> Signed-off-by: Clyde McPherson <ccmcphe at verizon.net>
> Signed-off-by: Larry Finger <Larry.Finger at lwfinger.net>

ack

> ---
> 
> Index: wireless-testing/drivers/ssb/pcmcia.c
> ===================================================================
> --- wireless-testing.orig/drivers/ssb/pcmcia.c
> +++ wireless-testing/drivers/ssb/pcmcia.c
> @@ -678,7 +678,8 @@ int ssb_pcmcia_get_invariants(struct ssb
>  			sprom->board_rev = tuple.TupleData[1];
>  			break;
>  		case SSB_PCMCIA_CIS_PA:
> -			GOTO_ERROR_ON(tuple.TupleDataLen != 9,
> +			GOTO_ERROR_ON((tuple.TupleDataLen != 9) &&
> +				      (tuple.TupleDataLen != 10),
>  				      "pa tpl size");
>  			sprom->pa0b0 = tuple.TupleData[1] |
>  				 ((u16)tuple.TupleData[2] << 8);
> @@ -718,7 +719,8 @@ int ssb_pcmcia_get_invariants(struct ssb
>  			sprom->antenna_gain.ghz5.a3 = tuple.TupleData[1];
>  			break;
>  		case SSB_PCMCIA_CIS_BFLAGS:
> -			GOTO_ERROR_ON(tuple.TupleDataLen != 3,
> +			GOTO_ERROR_ON((tuple.TupleDataLen != 3) &&
> +				      (tuple.TupleDataLen != 5),
>  				      "bfl tpl size");
>  			sprom->boardflags_lo = tuple.TupleData[1] |
>  					 ((u16)tuple.TupleData[2] << 8);
> 
> 



-- 
Greetings, Michael.


From mb at bu3sch.de  Wed Jul  1 15:17:41 2009
From: mb at bu3sch.de (Michael Buesch)
Date: Wed, 1 Jul 2009 15:17:41 +0200
Subject: [PATCH V2] b43: Add support for 4318E
In-Reply-To: <4a4ada70.t85pybsO8xH4owyV%Larry.Finger@lwfinger.net>
References: <4a4ada70.t85pybsO8xH4owyV%Larry.Finger@lwfinger.net>
Message-ID: <200907011517.41572.mb@bu3sch.de>

On Wednesday 01 July 2009 05:39:28 Larry Finger wrote:
> From: Clyde McPherson <ccmcphe at verizon.net>
> 
> Added support for the Broadcom 4318E chipset on PCMCIA/CF cards. The 
> 4318E can do 802.11A/B/G, only B and G mode are supported in b43.
> 
> Signed-off-by: Clyde McPherson <ccmcphe at verizon.net>
> Signed-off-by: Larry Finger <Larry.Finger at lwfinger.net>

ack

> ---
> 
> diff --git a/drivers/net/wireless/b43/pcmcia.c 
> b/drivers/net/wireless/b43/pcmcia.c
> index 3cfc303..6c3a749 100644
> --- a/drivers/net/wireless/b43/pcmcia.c
> +++ b/drivers/net/wireless/b43/pcmcia.c
> @@ -35,6 +35,7 @@
>  
>  static /*const */ struct pcmcia_device_id b43_pcmcia_tbl[] = {
>  	PCMCIA_DEVICE_MANF_CARD(0x2D0, 0x448),
> +	PCMCIA_DEVICE_MANF_CARD(0x2D0, 0x476),
>  	PCMCIA_DEVICE_NULL,
>  };
> 
> 
> 



-- 
Greetings, Michael.


From Larry.Finger at lwfinger.net  Wed Jul  1 17:28:43 2009
From: Larry.Finger at lwfinger.net (Larry Finger)
Date: Wed, 01 Jul 2009 10:28:43 -0500
Subject: [PATCH V2] ssb: Add support for 4318E
In-Reply-To: <200907011517.34061.mb@bu3sch.de>
References: <4a4ada7f.oItwGXurq7WMW+HE%Larry.Finger@lwfinger.net>
	<200907011517.34061.mb@bu3sch.de>
Message-ID: <4A4B80AB.6090307@lwfinger.net>

Michael Buesch wrote:
> On Wednesday 01 July 2009 05:39:43 Larry Finger wrote:
>> From: Clyde McPherson <ccmcphe at verizon.net>
>>
>> Added support for the Broadcom 4318E chipset on PCMCIA/CF cards. The 
>> 4318E can do 802.11A/B/G, only B and G mode are supported in b43.
>>
>> Signed-off-by: Clyde McPherson <ccmcphe at verizon.net>
>> Signed-off-by: Larry Finger <Larry.Finger at lwfinger.net>
> 
> ack
> 

Cc: Stable <stable at vger.kernel.org>

John,

I forgot the above line in both the b43 and ssb patches.

Larry



From mb at bu3sch.de  Wed Jul  1 20:18:35 2009
From: mb at bu3sch.de (Michael Buesch)
Date: Wed, 1 Jul 2009 20:18:35 +0200
Subject: [PATCH V2] ssb: Add support for 4318E
In-Reply-To: <4A4B80AB.6090307@lwfinger.net>
References: <4a4ada7f.oItwGXurq7WMW+HE%Larry.Finger@lwfinger.net>
	<200907011517.34061.mb@bu3sch.de> <4A4B80AB.6090307@lwfinger.net>
Message-ID: <200907012018.35962.mb@bu3sch.de>

On Wednesday 01 July 2009 17:28:43 Larry Finger wrote:
> Michael Buesch wrote:
> > On Wednesday 01 July 2009 05:39:43 Larry Finger wrote:
> >> From: Clyde McPherson <ccmcphe at verizon.net>
> >>
> >> Added support for the Broadcom 4318E chipset on PCMCIA/CF cards. The 
> >> 4318E can do 802.11A/B/G, only B and G mode are supported in b43.
> >>
> >> Signed-off-by: Clyde McPherson <ccmcphe at verizon.net>
> >> Signed-off-by: Larry Finger <Larry.Finger at lwfinger.net>
> > 
> > ack
> > 
> 
> Cc: Stable <stable at vger.kernel.org>

I do not think these patches are subject to -stable.

-- 
Greetings, Michael.


From facorread at gmail.com  Thu Jul  2 16:47:26 2009
From: facorread at gmail.com (Fabio A. Correa)
Date: Thu, 2 Jul 2009 09:47:26 -0500
Subject: 4311 not detected at all
In-Reply-To: <4A4CC25D.4090400@lwfinger.net>
References: <ec2083b20906120654j370e5bdo724a7c3b6d505a6c@mail.gmail.com>
	<4A326771.6030301@lwfinger.net>
	<ec2083b20906120759x4a8c247eh61d1f6bdb6f194f6@mail.gmail.com>
	<20090618021017.19879.qmail@stuge.se>
	<ec2083b20906171932g401fab8fk15531459e1dc4d41@mail.gmail.com>
	<ec2083b20907020617q689f9672h383bb853ba6019d0@mail.gmail.com>
	<4A4CC25D.4090400@lwfinger.net>
Message-ID: <ec2083b20907020747t5b702bc8q755fa35b44b5e4ca@mail.gmail.com>

2009/7/2 Larry Finger <Larry.Finger at lwfinger.net>:
> AFAIK, the phy driver is for wired devices.
OK, thanks.

> Have you installed the firmware? Please look at the output of the command dmesg | egrep "ssb|b43|wlan0"
Yes, I have installed it. Here is some output from Syslog:

Jul  2 08:56:16 [sudo] facorread : TTY=pts/0 ; PWD=/home/facorread ;
USER=root ; COMMAND=/sbin/modprobe -v b43
Jul  2 08:56:16 [kernel] b43-pci-bridge 0000:06:00.0: PCI INT A -> GSI
18 (level, low) -> IRQ 18
Jul  2 08:56:16 [kernel] ssb: Core 0 found: ChipCommon (cc 0x800, rev
0x11, vendor 0x4243)
Jul  2 08:56:16 [kernel] ssb: Core 1 found: IEEE 802.11 (cc 0x812, rev
0x0A, vendor 0x4243)
Jul  2 08:56:16 [kernel] ssb: Core 2 found: USB 1.1 Host (cc 0x817,
rev 0x03, vendor 0x4243)
Jul  2 08:56:16 [kernel] ssb: Core 3 found: PCI-E (cc 0x820, rev 0x01,
vendor 0x4243)
Jul  2 08:56:16 [kernel] ssb: Sonics Silicon Backplane found on PCI
device 0000:06:00.0
Jul  2 08:56:16 [kernel] b43-phy1: Broadcom 4311 WLAN found (core revision 10)

Jul  2 08:56:21 [sudo] facorread : TTY=pts/0 ; PWD=/home/facorread ;
USER=root ; COMMAND=/etc/init.d/net.wlan0 start
Jul  2 08:56:21 [kernel] b43 ssb0:0: firmware: requesting b43/ucode5.fw
Jul  2 08:56:22 [kernel] b43 ssb0:0: firmware: requesting b43/pcm5.fw
Jul  2 08:56:22 [kernel] b43 ssb0:0: firmware: requesting b43/b0g0initvals5.fw
Jul  2 08:56:22 [kernel] b43 ssb0:0: firmware: requesting b43/b0g0bsinitvals5.fw
Jul  2 08:56:22 [kernel] b43-phy1: Loading firmware version 410.2160
(2007-05-26 15:32:10)
Jul  2 08:56:22 [kernel] Registered led device: b43-phy1::tx
Jul  2 08:56:22 [kernel] Registered led device: b43-phy1::rx
Jul  2 08:56:22 [kernel] b43-phy1: Radio turned on by software
Jul  2 08:56:22 [kernel] ADDRCONF(NETDEV_UP): wlan0: link is not ready
Jul  2 08:56:22 [/etc/init.d/net.wlan0] WARNING: net.wlan0 has
started, but is inactive

> The other kernel modules that are needed are mac80211 and friends;
> however, the Kconfig rules should ensure that mac80211 is built before
> you can actually build b43.
You are right; I set them to be built into the kernel.

>
> BTW, your mailer is misconfigured. the "To:" header field is wrong,
> which prevents an automatic "reply to".
Oh, I had the addresses as bcc. Thanks for your remarks and your help.

-- 
Fabio Andr?s Correa Dur?n
http://facorread.150m.com


From Larry.Finger at lwfinger.net  Thu Jul  2 17:31:49 2009
From: Larry.Finger at lwfinger.net (Larry Finger)
Date: Thu, 02 Jul 2009 10:31:49 -0500
Subject: 4311 not detected at all
In-Reply-To: <ec2083b20907020747t5b702bc8q755fa35b44b5e4ca@mail.gmail.com>
References: <ec2083b20906120654j370e5bdo724a7c3b6d505a6c@mail.gmail.com>	<4A326771.6030301@lwfinger.net>	<ec2083b20906120759x4a8c247eh61d1f6bdb6f194f6@mail.gmail.com>	<20090618021017.19879.qmail@stuge.se>	<ec2083b20906171932g401fab8fk15531459e1dc4d41@mail.gmail.com>	<ec2083b20907020617q689f9672h383bb853ba6019d0@mail.gmail.com>	<4A4CC25D.4090400@lwfinger.net>
	<ec2083b20907020747t5b702bc8q755fa35b44b5e4ca@mail.gmail.com>
Message-ID: <4A4CD2E5.4020500@lwfinger.net>

Fabio A. Correa wrote:
> 2009/7/2 Larry Finger <Larry.Finger at lwfinger.net>:
>> AFAIK, the phy driver is for wired devices.
> OK, thanks.
> 
>> Have you installed the firmware? Please look at the output of the command dmesg | egrep "ssb|b43|wlan0"
> Yes, I have installed it. Here is some output from Syslog:
> 
> Jul  2 08:56:16 [sudo] facorread : TTY=pts/0 ; PWD=/home/facorread ;
> USER=root ; COMMAND=/sbin/modprobe -v b43
> Jul  2 08:56:16 [kernel] b43-pci-bridge 0000:06:00.0: PCI INT A -> GSI
> 18 (level, low) -> IRQ 18
> Jul  2 08:56:16 [kernel] ssb: Core 0 found: ChipCommon (cc 0x800, rev
> 0x11, vendor 0x4243)
> Jul  2 08:56:16 [kernel] ssb: Core 1 found: IEEE 802.11 (cc 0x812, rev
> 0x0A, vendor 0x4243)
> Jul  2 08:56:16 [kernel] ssb: Core 2 found: USB 1.1 Host (cc 0x817,
> rev 0x03, vendor 0x4243)
> Jul  2 08:56:16 [kernel] ssb: Core 3 found: PCI-E (cc 0x820, rev 0x01,
> vendor 0x4243)
> Jul  2 08:56:16 [kernel] ssb: Sonics Silicon Backplane found on PCI
> device 0000:06:00.0
> Jul  2 08:56:16 [kernel] b43-phy1: Broadcom 4311 WLAN found (core revision 10)
> 
> Jul  2 08:56:21 [sudo] facorread : TTY=pts/0 ; PWD=/home/facorread ;
> USER=root ; COMMAND=/etc/init.d/net.wlan0 start
> Jul  2 08:56:21 [kernel] b43 ssb0:0: firmware: requesting b43/ucode5.fw
> Jul  2 08:56:22 [kernel] b43 ssb0:0: firmware: requesting b43/pcm5.fw
> Jul  2 08:56:22 [kernel] b43 ssb0:0: firmware: requesting b43/b0g0initvals5.fw
> Jul  2 08:56:22 [kernel] b43 ssb0:0: firmware: requesting b43/b0g0bsinitvals5.fw
> Jul  2 08:56:22 [kernel] b43-phy1: Loading firmware version 410.2160
> (2007-05-26 15:32:10)
> Jul  2 08:56:22 [kernel] Registered led device: b43-phy1::tx
> Jul  2 08:56:22 [kernel] Registered led device: b43-phy1::rx
> Jul  2 08:56:22 [kernel] b43-phy1: Radio turned on by software
> Jul  2 08:56:22 [kernel] ADDRCONF(NETDEV_UP): wlan0: link is not ready
> Jul  2 08:56:22 [/etc/init.d/net.wlan0] WARNING: net.wlan0 has
> started, but is inactive
> 
>> The other kernel modules that are needed are mac80211 and friends;
>> however, the Kconfig rules should ensure that mac80211 is built before
>> you can actually build b43.
> You are right; I set them to be built into the kernel.

Please send the output I requested!


From facorread at gmail.com  Thu Jul  2 18:13:33 2009
From: facorread at gmail.com (Fabio A. Correa)
Date: Thu, 2 Jul 2009 11:13:33 -0500
Subject: 4311 not detected at all
In-Reply-To: <ec2083b20907020912t6d5a13dqc41255eb9be4bfdf@mail.gmail.com>
References: <ec2083b20906120654j370e5bdo724a7c3b6d505a6c@mail.gmail.com>
	<4A326771.6030301@lwfinger.net>
	<ec2083b20906120759x4a8c247eh61d1f6bdb6f194f6@mail.gmail.com>
	<20090618021017.19879.qmail@stuge.se>
	<ec2083b20906171932g401fab8fk15531459e1dc4d41@mail.gmail.com>
	<ec2083b20907020617q689f9672h383bb853ba6019d0@mail.gmail.com>
	<4A4CC25D.4090400@lwfinger.net>
	<ec2083b20907020747t5b702bc8q755fa35b44b5e4ca@mail.gmail.com>
	<4A4CD33E.5020700@lwfinger.net>
	<ec2083b20907020912t6d5a13dqc41255eb9be4bfdf@mail.gmail.com>
Message-ID: <ec2083b20907020913j4c73c0bg873cfd74ed5cd72@mail.gmail.com>

> Please send the output I requested!

I did not express myself correctly. The Syslog output you see is
actually the dmesg output, which has been processed via Syslog. It is
from a previous linux kernel run. It does not matter now, here is new output.

> One other thing. If your computer has a switch to turn the radio
> on/off, you need to have rfkill in your configuration. It is not now.
Good hint, I applied now and recompiled my kernel. Here are the results:

facorread at aaron ~ $ dmesg | egrep "ssb|b43|wlan0"
b43-pci-bridge 0000:06:00.0: PCI INT A -> GSI 18 (level, low) -> IRQ 18
b43-pci-bridge 0000:06:00.0: setting latency timer to 64
ssb: Core 0 found: ChipCommon (cc 0x800, rev 0x11, vendor 0x4243)
ssb: Core 1 found: IEEE 802.11 (cc 0x812, rev 0x0A, vendor 0x4243)
ssb: Core 2 found: USB 1.1 Host (cc 0x817, rev 0x03, vendor 0x4243)
ssb: Core 3 found: PCI-E (cc 0x820, rev 0x01, vendor 0x4243)
ssb: SPROM revision 2 detected.
ssb: Sonics Silicon Backplane found on PCI device 0000:06:00.0
b43-phy0: Broadcom 4311 WLAN found (core revision 10)
b43-phy0 debug: Found PHY: Analog 4, Type 2, Revision 8
b43-phy0 debug: Found Radio: Manuf 0x17F, Version 0x2050, Revision 2
input: b43-phy0 as /devices/virtual/input/input7
b43 ssb0:0: firmware: requesting b43/ucode5.fw
b43 ssb0:0: firmware: requesting b43/pcm5.fw
b43 ssb0:0: firmware: requesting b43/b0g0initvals5.fw
b43 ssb0:0: firmware: requesting b43/b0g0bsinitvals5.fw
b43-phy0: Loading firmware version 410.2160 (2007-05-26 15:32:10)
b43-phy0 debug: Chip initialized
b43-phy0 debug: 32-bit DMA initialized
Registered led device: b43-phy0::tx
Registered led device: b43-phy0::rx
Registered led device: b43-phy0::radio
b43-phy0 debug: Wireless interface started
b43-phy0 debug: Adding Interface type 2
b43-phy0: Radio turned on by software
ADDRCONF(NETDEV_UP): wlan0: link is not ready
b43-phy0: Radio hardware status changed to DISABLED
b43-phy0: Radio turned on by software
b43-phy0: The hardware RF-kill button still turns the radio physically
off. Press the button to turn it on.
b43-phy0: Radio hardware status changed to ENABLED
b43-phy0: Radio hardware status changed to DISABLED
b43-phy0: Radio hardware status changed to ENABLED
b43-phy0 debug: Removing Interface type 2
b43-phy0 debug: Wireless interface stopped
b43-phy0 debug: DMA-32 rx_ring: Used slots 1/64, Failed frames 0/0 =
0.0%, Average tries 0.00
b43-phy0 debug: DMA-32 tx_ring_AC_BK: Used slots 0/256, Failed frames
0/0 = 0.0%, Average tries 0.00
b43-phy0 debug: DMA-32 tx_ring_AC_BE: Used slots 0/256, Failed frames
0/0 = 0.0%, Average tries 0.00
b43-phy0 debug: DMA-32 tx_ring_AC_VI: Used slots 0/256, Failed frames
0/0 = 0.0%, Average tries 0.00
b43-phy0 debug: DMA-32 tx_ring_AC_VO: Used slots 2/256, Failed frames
0/110 = 0.0%, Average tries 0.95
b43-phy0 debug: DMA-32 tx_ring_mcast: Used slots 0/256, Failed frames
0/0 = 0.0%, Average tries 0.00
b43-pci-bridge 0000:06:00.0: PCI INT A disabled
b43-pci-bridge 0000:06:00.0: PCI INT A -> GSI 18 (level, low) -> IRQ
18
b43-pci-bridge 0000:06:00.0: setting latency timer to 64
ssb: Core 0 found: ChipCommon (cc 0x800, rev 0x11, vendor 0x4243)
ssb: Core 1 found: IEEE 802.11 (cc 0x812, rev 0x0A, vendor 0x4243)
ssb: Core 2 found: USB 1.1 Host (cc 0x817, rev 0x03, vendor 0x4243)
ssb: Core 3 found: PCI-E (cc 0x820, rev 0x01, vendor 0x4243)
ssb: SPROM revision 2 detected.
ssb: Sonics Silicon Backplane found on PCI device 0000:06:00.0
b43-phy1: Broadcom 4311 WLAN found (core revision 10)
b43-phy1 debug: Found PHY: Analog 4, Type 2, Revision 8
b43-phy1 debug: Found Radio: Manuf 0x17F, Version 0x2050, Revision 2
input: b43-phy1 as /devices/virtual/input/input8
b43 ssb0:0: firmware: requesting b43/ucode5.fw
b43 ssb0:0: firmware: requesting b43/pcm5.fw
b43 ssb0:0: firmware: requesting b43/b0g0initvals5.fw
b43 ssb0:0: firmware: requesting b43/b0g0bsinitvals5.fw
b43-phy1: Loading firmware version 410.2160 (2007-05-26 15:32:10)
b43-phy1 debug: Chip initialized
b43-phy1 debug: 32-bit DMA initialized
Registered led device: b43-phy1::tx
Registered led device: b43-phy1::rx
Registered led device: b43-phy1::radio
b43-phy1 debug: Wireless interface started
b43-phy1 debug: Adding Interface type 2
b43-phy1: Radio turned on by software
ADDRCONF(NETDEV_UP): wlan0: link is not ready
b43-phy1: Radio hardware status changed to DISABLED
b43-phy1: Radio hardware status changed to ENABLED
b43-phy1 debug: Removing Interface type 2
b43-phy1 debug: Wireless interface stopped
b43-phy1 debug: DMA-32 rx_ring: Used slots 1/64, Failed frames 0/0 =
0.0%, Average tries 0.00
b43-phy1 debug: DMA-32 tx_ring_AC_BK: Used slots 0/256, Failed frames
0/0 = 0.0%, Average tries 0.00
b43-phy1 debug: DMA-32 tx_ring_AC_BE: Used slots 0/256, Failed frames
0/0 = 0.0%, Average tries 0.00
b43-phy1 debug: DMA-32 tx_ring_AC_VI: Used slots 0/256, Failed frames
0/0 = 0.0%, Average tries 0.00
b43-phy1 debug: DMA-32 tx_ring_AC_VO: Used slots 2/256, Failed frames
0/22 = 0.0%, Average tries 1.00
b43-phy1 debug: DMA-32 tx_ring_mcast: Used slots 0/256, Failed frames
0/0 = 0.0%, Average tries 0.00
input: b43-phy1 as /devices/virtual/input/input9
b43-phy1: Loading firmware version 410.2160 (2007-05-26 15:32:10)
b43-phy1 debug: Chip initialized
b43-phy1 debug: 32-bit DMA initialized
Registered led device: b43-phy1::tx
Registered led device: b43-phy1::rx
Registered led device: b43-phy1::radio
b43-phy1 debug: Wireless interface started
b43-phy1 debug: Adding Interface type 2
b43-phy1: Radio turned off by software
ADDRCONF(NETDEV_UP): wlan0: link is not ready
wlan0: direct probe to AP 00:0f:fd:1f:5f:cd try 1
b43-phy1: Radio turned on by software
wlan0: direct probe to AP 00:0f:fd:1f:5f:cd try 1
wlan0: direct probe to AP 00:0f:fd:1f:5f:cd try 1

It is now scanning, lots of APs come up, it tries to connect to my AP
which has no security; however, it times out with no result.

Thanks for your help.

--
Fabio Andr?s Correa Dur?n
http://facorread.150m.com


From vojta at math.berkeley.edu  Thu Jul  2 23:58:33 2009
From: vojta at math.berkeley.edu (Paul Vojta)
Date: Thu, 2 Jul 2009 14:58:33 -0700
Subject: b43: does not connect with essid=any
In-Reply-To: <20090702214824.GA16277@math.berkeley.edu>
References: <20090702214824.GA16277@math.berkeley.edu>
Message-ID: <20090702215833.GA16327@math.berkeley.edu>

Oops, I forgot to attach the files.

--Paul Vojta


On Thu, Jul 02, 2009 at 02:48:24PM -0700, Paul Vojta wrote:
> Folks:
> 
> In recent kernels (2.6.30 and 2.6.31-rc1-git8, but not 2.6.29) I am no longer
> able to connect to a wireless access point with essid=any.  ...
-------------- next part --------------
_~# uname -a
Linux xps 2.6.30 #2 SMP Sat Jun 13 22:33:55 PDT 2009 x86_64 GNU/Linux
_~# lspci -vvn | grep 43 -A7
03:01.2 0880: 1180:0843 (rev 12)
	Subsystem: 1028:0209
	Control: I/O- Mem+ BusMaster+ SpecCycle- MemWINV- VGASnoop- ParErr- Stepping- SERR+ FastB2B- DisINTx-
	Status: Cap+ 66MHz- UDF- FastB2B- ParErr- DEVSEL=medium >TAbort- <TAbort- <MAbort- >SERR- <PERR- INTx-
	Latency: 64, Cache Line Size: 64 bytes
	Interrupt: pin B routed to IRQ 4
	Region 0: Memory at f1aff500 (32-bit, non-prefetchable) [size=256]
	Capabilities: [80] Power Management version 2
--
0c:00.0 0280: 14e4:4311 (rev 01)
	Subsystem: 1028:0007
	Control: I/O+ Mem+ BusMaster+ SpecCycle- MemWINV- VGASnoop- ParErr- Stepping- SERR+ FastB2B- DisINTx-
	Status: Cap+ 66MHz- UDF- FastB2B- ParErr- DEVSEL=fast >TAbort- <TAbort- <MAbort- >SERR- <PERR- INTx-
	Latency: 0, Cache Line Size: 64 bytes
	Interrupt: pin A routed to IRQ 17
	Region 0: Memory at f1ffc000 (32-bit, non-prefetchable) [size=16K]
	Capabilities: [40] Power Management version 2
--
	Kernel driver in use: b43-pci-bridge

_~# dmesg
Linux version 2.6.30 (vojta at xps) (gcc version 4.3.3 (Debian 4.3.3-10) ) #2 SMP Sat Jun 13 22:33:55 PDT 2009
Command line: BOOT_IMAGE=6 ro root=805
KERNEL supported cpus:
  Intel GenuineIntel
  AMD AuthenticAMD
  Centaur CentaurHauls
BIOS-provided physical RAM map:
 BIOS-e820: 0000000000000000 - 000000000009f000 (usable)
 BIOS-e820: 000000000009f000 - 00000000000a0000 (reserved)
 BIOS-e820: 0000000000100000 - 000000007fe6d800 (usable)
 BIOS-e820: 000000007fe6d800 - 0000000080000000 (reserved)
 BIOS-e820: 00000000f8000000 - 00000000fc000000 (reserved)
 BIOS-e820: 00000000fec00000 - 00000000fec10000 (reserved)
 BIOS-e820: 00000000fed18000 - 00000000fed1c000 (reserved)
 BIOS-e820: 00000000fed20000 - 00000000fed90000 (reserved)
 BIOS-e820: 00000000feda0000 - 00000000feda6000 (reserved)
 BIOS-e820: 00000000fee00000 - 00000000fee10000 (reserved)
 BIOS-e820: 00000000ffe00000 - 0000000100000000 (reserved)
DMI 2.4 present.
last_pfn = 0x7fe6d max_arch_pfn = 0x100000000
MTRR default type: uncachable
MTRR fixed ranges enabled:
  00000-9FFFF write-back
  A0000-BFFFF uncachable
  C0000-CFFFF write-protect
  D0000-EFFFF uncachable
  F0000-FFFFF write-protect
MTRR variable ranges enabled:
  0 base 000000000 mask F80000000 write-back
  1 base 07FF00000 mask FFFF00000 uncachable
  2 disabled
  3 disabled
  4 disabled
  5 disabled
  6 disabled
  7 disabled
init_memory_mapping: 0000000000000000-000000007fe6d000
 0000000000 - 007fe00000 page 2M
 007fe00000 - 007fe6d000 page 4k
kernel direct mapping tables up to 7fe6d000 @ 8000-c000
ACPI: RSDP 00000000000fbc00 00024 (v02 DELL  )
ACPI: XSDT 000000007fe6f200 0005C (v01 DELL    M08     27D80B13 ASL  00000061)
ACPI: FACP 000000007fe6f09c 000F4 (v04 DELL    M08     27D80B13 ASL  00000061)
ACPI: DSDT 000000007fe6f800 05733 (v02 INT430 SYSFexxx 00001001 INTL 20050624)
ACPI: FACS 000000007fe7e000 00040
ACPI: HPET 000000007fe6f300 00038 (v01 DELL    M08     00000001 ASL  00000061)
ACPI: APIC 000000007fe6f400 00068 (v01 DELL    M08     27D80B13 ASL  00000047)
ACPI: MCFG 000000007fe6f3c0 0003E (v16 DELL    M08     27D80B13 ASL  00000061)
ACPI: SLIC 000000007fe6f49c 00176 (v01 DELL    M08     27D80B13 ASL  00000061)
ACPI: BOOT 000000007fe6efc0 00028 (v01 DELL    M08     27D80B13 ASL  00000061)
ACPI: SSDT 000000007fe6da82 004CC (v01  PmRef    CpuPm 00003000 INTL 20050624)
ACPI: Local APIC address 0xfee00000
(6 early reservations) ==> bootmem [0000000000 - 007fe6d000]
  #0 [0000000000 - 0000001000]   BIOS data page ==> [0000000000 - 0000001000]
  #1 [0000006000 - 0000008000]       TRAMPOLINE ==> [0000006000 - 0000008000]
  #2 [0000200000 - 0000791b80]    TEXT DATA BSS ==> [0000200000 - 0000791b80]
  #3 [000009f000 - 0000100000]    BIOS reserved ==> [000009f000 - 0000100000]
  #4 [0000792000 - 00007921ec]              BRK ==> [0000792000 - 00007921ec]
  #5 [0000008000 - 000000a000]          PGTABLE ==> [0000008000 - 000000a000]
 [ffffe20000000000-ffffe20001bfffff] PMD -> [ffff880001200000-ffff880002dfffff] on node 0
Zone PFN ranges:
  DMA      0x00000000 -> 0x00001000
  DMA32    0x00001000 -> 0x00100000
  Normal   0x00100000 -> 0x00100000
Movable zone start PFN for each node
early_node_map[2] active PFN ranges
    0: 0x00000000 -> 0x0000009f
    0: 0x00000100 -> 0x0007fe6d
On node 0 totalpages: 523788
  DMA zone: 56 pages used for memmap
  DMA zone: 1527 pages reserved
  DMA zone: 2416 pages, LIFO batch:0
  DMA32 zone: 7107 pages used for memmap
  DMA32 zone: 512682 pages, LIFO batch:31
ACPI: PM-Timer IO Port: 0x1008
ACPI: Local APIC address 0xfee00000
ACPI: LAPIC (acpi_id[0x00] lapic_id[0x00] enabled)
ACPI: LAPIC (acpi_id[0x01] lapic_id[0x01] enabled)
ACPI: LAPIC_NMI (acpi_id[0x00] high edge lint[0x1])
ACPI: LAPIC_NMI (acpi_id[0x01] high edge lint[0x1])
ACPI: IOAPIC (id[0x02] address[0xfec00000] gsi_base[0])
IOAPIC[0]: apic_id 2, version 0, address 0xfec00000, GSI 0-23
ACPI: INT_SRC_OVR (bus 0 bus_irq 0 global_irq 2 dfl dfl)
ACPI: INT_SRC_OVR (bus 0 bus_irq 9 global_irq 9 high level)
ACPI: IRQ0 used by override.
ACPI: IRQ2 used by override.
ACPI: IRQ9 used by override.
Using ACPI (MADT) for SMP configuration information
ACPI: HPET id: 0x8086a201 base: 0xfed00000
SMP: Allowing 2 CPUs, 0 hotplug CPUs
nr_irqs_gsi: 24
Allocating PCI resources starting at 88000000 (gap: 80000000:78000000)
NR_CPUS:2 nr_cpumask_bits:2 nr_cpu_ids:2 nr_node_ids:1
PERCPU: Embedded 24 pages at ffff880001010000, static data 69600 bytes
Built 1 zonelists in Zone order, mobility grouping on.  Total pages: 515098
Kernel command line: BOOT_IMAGE=6 ro root=805
Initializing CPU#0
NR_IRQS:320
PID hash table entries: 4096 (order: 12, 32768 bytes)
Extended CMOS year: 2000
Fast TSC calibration using PIT
Detected 1496.173 MHz processor.
Console: colour VGA+ 80x25
console [tty0] enabled
Dentry cache hash table entries: 262144 (order: 9, 2097152 bytes)
Inode-cache hash table entries: 131072 (order: 8, 1048576 bytes)
Checking aperture...
No AGP bridge found
Memory: 2056716k/2095540k available (3562k kernel code, 388k absent, 37796k reserved, 1392k data, 340k init)
SLUB: Genslabs=13, HWalign=64, Order=0-3, MinObjects=0, CPUs=2, Nodes=1
hpet clockevent registered
Calibrating delay loop (skipped), value calculated using timer frequency.. 2992.34 BogoMIPS (lpj=5984692)
Mount-cache hash table entries: 256
CPU: L1 I cache: 32K, L1 D cache: 32K
CPU: L2 cache: 2048K
CPU: Physical Processor ID: 0
CPU: Processor Core ID: 0
CPU0: Thermal monitoring enabled (TM2)
using mwait in idle threads.
ACPI: Core revision 20090320
Setting APIC routing to flat
..TIMER: vector=0x30 apic1=0 pin1=2 apic2=-1 pin2=-1
CPU0: Intel(R) Core(TM)2 Duo CPU     T5250  @ 1.50GHz stepping 0d
Booting processor 1 APIC 0x1 ip 0x6000
Initializing CPU#1
Calibrating delay using timer specific routine.. 2992.50 BogoMIPS (lpj=5985009)
CPU: L1 I cache: 32K, L1 D cache: 32K
CPU: L2 cache: 2048K
CPU: Physical Processor ID: 0
CPU: Processor Core ID: 1
CPU1: Thermal monitoring enabled (TM2)
CPU1: Intel(R) Core(TM)2 Duo CPU     T5250  @ 1.50GHz stepping 0d
checking TSC synchronization [CPU#0 -> CPU#1]: passed.
Brought up 2 CPUs
Total of 2 processors activated (5984.85 BogoMIPS).
net_namespace: 560 bytes
NET: Registered protocol family 16
ACPI: bus type pci registered
PCI: MCFG configuration 0: base f8000000 segment 0 buses 0 - 63
PCI: MCFG area at f8000000 reserved in E820
PCI: Using MMCONFIG at f8000000 - fbffffff
PCI: Using configuration type 1 for base access
bio: create slab <bio-0> at 0
ACPI: EC: Look up EC in DSDT
ACPI: SSDT 000000007fe7e080 00043 (v01  LMPWR  DELLLOM 00001001 INTL 20050624)
ACPI: Interpreter enabled
ACPI: (supports S0 S3 S5)
ACPI: Using IOAPIC for interrupt routing
ACPI: PCI Root Bridge [PCI0] (0000:00)
pci 0000:00:01.0: PME# supported from D0 D3hot D3cold
pci 0000:00:01.0: PME# disabled
pci 0000:00:1a.0: reg 20 io port: [0x6f20-0x6f3f]
pci 0000:00:1a.1: reg 20 io port: [0x6f00-0x6f1f]
pci 0000:00:1a.7: reg 10 32bit mmio: [0xfed1c400-0xfed1c7ff]
pci 0000:00:1a.7: PME# supported from D0 D3hot D3cold
pci 0000:00:1a.7: PME# disabled
pci 0000:00:1b.0: reg 10 64bit mmio: [0xf6ffc000-0xf6ffffff]
pci 0000:00:1b.0: PME# supported from D0 D3hot D3cold
pci 0000:00:1b.0: PME# disabled
pci 0000:00:1c.0: PME# supported from D0 D3hot D3cold
pci 0000:00:1c.0: PME# disabled
pci 0000:00:1c.1: PME# supported from D0 D3hot D3cold
pci 0000:00:1c.1: PME# disabled
pci 0000:00:1c.3: PME# supported from D0 D3hot D3cold
pci 0000:00:1c.3: PME# disabled
pci 0000:00:1c.5: PME# supported from D0 D3hot D3cold
pci 0000:00:1c.5: PME# disabled
pci 0000:00:1d.0: reg 20 io port: [0x6f80-0x6f9f]
pci 0000:00:1d.1: reg 20 io port: [0x6f60-0x6f7f]
pci 0000:00:1d.2: reg 20 io port: [0x6f40-0x6f5f]
pci 0000:00:1d.7: reg 10 32bit mmio: [0xfed1c000-0xfed1c3ff]
pci 0000:00:1d.7: PME# supported from D0 D3hot D3cold
pci 0000:00:1d.7: PME# disabled
pci 0000:00:1f.0: quirk: region 1000-107f claimed by ICH6 ACPI/GPIO/TCO
pci 0000:00:1f.0: quirk: region 1080-10bf claimed by ICH6 GPIO
pci 0000:00:1f.0: ICH7 LPC Generic IO decode 1 PIO at 0900 (mask 007f)
pci 0000:00:1f.0: ICH7 LPC Generic IO decode 3 PIO at 0c80 (mask 003f)
pci 0000:00:1f.1: reg 10 io port: [0x1f0-0x1f7]
pci 0000:00:1f.1: reg 14 io port: [0x3f4-0x3f7]
pci 0000:00:1f.1: reg 18 io port: [0x170-0x177]
pci 0000:00:1f.1: reg 1c io port: [0x374-0x377]
pci 0000:00:1f.1: reg 20 io port: [0x6fa0-0x6faf]
pci 0000:00:1f.2: reg 10 io port: [0x6eb0-0x6eb7]
pci 0000:00:1f.2: reg 14 io port: [0x6eb8-0x6ebb]
pci 0000:00:1f.2: reg 18 io port: [0x6ec0-0x6ec7]
pci 0000:00:1f.2: reg 1c io port: [0x6ec8-0x6ecb]
pci 0000:00:1f.2: reg 20 io port: [0x6ee0-0x6eff]
pci 0000:00:1f.2: reg 24 32bit mmio: [0xf6ffb800-0xf6ffbfff]
pci 0000:00:1f.2: PME# supported from D3hot
pci 0000:00:1f.2: PME# disabled
pci 0000:00:1f.3: reg 10 32bit mmio: [0xf6ffb700-0xf6ffb7ff]
pci 0000:00:1f.3: reg 20 io port: [0x10c0-0x10df]
pci 0000:01:00.0: reg 10 32bit mmio: [0xf5000000-0xf5ffffff]
pci 0000:01:00.0: reg 14 64bit mmio: [0xe0000000-0xefffffff]
pci 0000:01:00.0: reg 1c 64bit mmio: [0xf2000000-0xf3ffffff]
pci 0000:01:00.0: reg 24 io port: [0xef00-0xef7f]
pci 0000:01:00.0: reg 30 32bit mmio: [0x000000-0x01ffff]
pci 0000:00:01.0: bridge io port: [0xe000-0xefff]
pci 0000:00:01.0: bridge 32bit mmio: [0xf2000000-0xf6efffff]
pci 0000:00:01.0: bridge 64bit mmio pref: [0xe0000000-0xefffffff]
pci 0000:0c:00.0: reg 10 32bit mmio: [0xf1ffc000-0xf1ffffff]
pci 0000:0c:00.0: supports D1 D2
pci 0000:00:1c.1: bridge 32bit mmio: [0xf1f00000-0xf1ffffff]
pci 0000:00:1c.3: bridge io port: [0xd000-0xdfff]
pci 0000:00:1c.3: bridge 32bit mmio: [0xf1c00000-0xf1efffff]
pci 0000:00:1c.3: bridge 64bit mmio pref: [0xf0000000-0xf01fffff]
pci 0000:09:00.0: reg 10 64bit mmio: [0xf1bf0000-0xf1bfffff]
pci 0000:09:00.0: PME# supported from D3hot D3cold
pci 0000:09:00.0: PME# disabled
pci 0000:00:1c.5: bridge 32bit mmio: [0xf1b00000-0xf1bfffff]
pci 0000:03:01.0: reg 10 32bit mmio: [0xf1aff800-0xf1afffff]
pci 0000:03:01.0: supports D1 D2
pci 0000:03:01.0: PME# supported from D0 D1 D2 D3hot D3cold
pci 0000:03:01.0: PME# disabled
pci 0000:03:01.1: reg 10 32bit mmio: [0xf1aff400-0xf1aff4ff]
pci 0000:03:01.1: supports D1 D2
pci 0000:03:01.1: PME# supported from D0 D1 D2 D3hot D3cold
pci 0000:03:01.1: PME# disabled
pci 0000:03:01.2: reg 10 32bit mmio: [0xf1aff500-0xf1aff5ff]
pci 0000:03:01.2: supports D1 D2
pci 0000:03:01.2: PME# supported from D0 D1 D2 D3hot D3cold
pci 0000:03:01.2: PME# disabled
pci 0000:03:01.3: reg 10 32bit mmio: [0xf1aff600-0xf1aff6ff]
pci 0000:03:01.3: supports D1 D2
pci 0000:03:01.3: PME# supported from D0 D1 D2 D3hot D3cold
pci 0000:03:01.3: PME# disabled
pci 0000:03:01.4: reg 10 32bit mmio: [0xf1aff700-0xf1aff7ff]
pci 0000:03:01.4: supports D1 D2
pci 0000:03:01.4: PME# supported from D0 D1 D2 D3hot D3cold
pci 0000:03:01.4: PME# disabled
pci 0000:00:1e.0: transparent bridge
pci 0000:00:1e.0: bridge 32bit mmio: [0xf1a00000-0xf1afffff]
pci_bus 0000:00: on NUMA node 0
ACPI: PCI Interrupt Routing Table [\_SB_.PCI0._PRT]
ACPI: PCI Interrupt Routing Table [\_SB_.PCI0.PCIE._PRT]
ACPI: PCI Interrupt Routing Table [\_SB_.PCI0.AGP_._PRT]
ACPI: PCI Interrupt Routing Table [\_SB_.PCI0.RP01._PRT]
ACPI: PCI Interrupt Routing Table [\_SB_.PCI0.RP02._PRT]
ACPI: PCI Interrupt Routing Table [\_SB_.PCI0.RP04._PRT]
ACPI: PCI Interrupt Routing Table [\_SB_.PCI0.RP06._PRT]
ACPI: PCI Interrupt Link [LNKA] (IRQs 9 10 11) *7
ACPI: PCI Interrupt Link [LNKB] (IRQs 5 7) *10
ACPI: PCI Interrupt Link [LNKC] (IRQs 9 10 11) *4
ACPI: PCI Interrupt Link [LNKD] (IRQs *5 7 9 10 11)
ACPI: PCI Interrupt Link [LNKE] (IRQs 3 4 5 6 7 9 10 *11 12 14 15)
ACPI: PCI Interrupt Link [LNKF] (IRQs 3 4 5 6 7 9 *10 11 12 14 15)
ACPI: PCI Interrupt Link [LNKG] (IRQs 3 4 5 6 7 *9 10 11 12 14 15)
ACPI: PCI Interrupt Link [LNKH] (IRQs 3 4 5 6 7 9 10 11 12 14 15) *0, disabled.
SCSI subsystem initialized
libata version 3.00 loaded.
usbcore: registered new interface driver usbfs
usbcore: registered new interface driver hub
usbcore: registered new device driver usb
PCI: Using ACPI for IRQ routing
cfg80211: Using static regulatory domain info
cfg80211: Regulatory domain: US
	(start_freq - end_freq @ bandwidth), (max_antenna_gain, max_eirp)
	(2402000 KHz - 2472000 KHz @ 40000 KHz), (600 mBi, 2700 mBm)
	(5170000 KHz - 5190000 KHz @ 40000 KHz), (600 mBi, 2300 mBm)
	(5190000 KHz - 5210000 KHz @ 40000 KHz), (600 mBi, 2300 mBm)
	(5210000 KHz - 5230000 KHz @ 40000 KHz), (600 mBi, 2300 mBm)
	(5230000 KHz - 5330000 KHz @ 40000 KHz), (600 mBi, 2300 mBm)
	(5735000 KHz - 5835000 KHz @ 40000 KHz), (600 mBi, 3000 mBm)
cfg80211: Calling CRDA for country: US
hpet0: at MMIO 0xfed00000, IRQs 2, 8, 0
hpet0: 3 comparators, 64-bit 14.318180 MHz counter
pnp: PnP ACPI init
ACPI: bus type pnp registered
pnp 00:09: io resource (0x1000-0x1005) overlaps 0000:00:1f.0 BAR 7 (0x1000-0x107f), disabling
pnp 00:09: io resource (0x1008-0x100f) overlaps 0000:00:1f.0 BAR 7 (0x1000-0x107f), disabling
pnp 00:0a: io resource (0x1006-0x1007) overlaps 0000:00:1f.0 BAR 7 (0x1000-0x107f), disabling
pnp 00:0a: io resource (0x100a-0x1059) overlaps 0000:00:1f.0 BAR 7 (0x1000-0x107f), disabling
pnp 00:0a: io resource (0x1060-0x107f) overlaps 0000:00:1f.0 BAR 7 (0x1000-0x107f), disabling
pnp 00:0a: io resource (0x1010-0x102f) overlaps 0000:00:1f.0 BAR 7 (0x1000-0x107f), disabling
pnp: PnP ACPI: found 12 devices
ACPI: ACPI bus type pnp unregistered
system 00:05: ioport range 0xc80-0xcff could not be reserved
system 00:08: iomem range 0xfed00000-0xfed003ff has been reserved
system 00:09: ioport range 0x900-0x97f has been reserved
system 00:09: ioport range 0x4d0-0x4d1 has been reserved
system 00:0a: ioport range 0xf400-0xf4fe has been reserved
system 00:0a: ioport range 0x1080-0x10bf has been reserved
system 00:0a: ioport range 0x10c0-0x10df has been reserved
system 00:0a: ioport range 0x809-0x809 has been reserved
system 00:0b: iomem range 0x0-0x9efff could not be reserved
system 00:0b: iomem range 0x9f000-0x9ffff could not be reserved
system 00:0b: iomem range 0xc0000-0xcffff has been reserved
system 00:0b: iomem range 0xe0000-0xfffff has been reserved
system 00:0b: iomem range 0x100000-0x7fe6d7ff could not be reserved
system 00:0b: iomem range 0x7fe6d800-0x7fefffff has been reserved
system 00:0b: iomem range 0x7ff00000-0x7fffffff has been reserved
system 00:0b: iomem range 0x7ff00000-0x806fffff could not be reserved
system 00:0b: iomem range 0xffe00000-0xffffffff has been reserved
system 00:0b: iomem range 0xffa00000-0xffbfffff has been reserved
system 00:0b: iomem range 0xfec00000-0xfec0ffff has been reserved
system 00:0b: iomem range 0xfee00000-0xfee0ffff has been reserved
system 00:0b: iomem range 0xfed20000-0xfed8ffff has been reserved
system 00:0b: iomem range 0xfeda0000-0xfeda3fff has been reserved
system 00:0b: iomem range 0xfeda4000-0xfeda4fff has been reserved
system 00:0b: iomem range 0xfeda5000-0xfeda5fff has been reserved
system 00:0b: iomem range 0xfeda6000-0xfeda6fff has been reserved
system 00:0b: iomem range 0xfed18000-0xfed1bfff has been reserved
system 00:0b: iomem range 0xf8000000-0xfbffffff has been reserved
b43-pci-bridge 0000:0c:00.0: PCI INT A -> GSI 17 (level, low) -> IRQ 17
b43-pci-bridge 0000:0c:00.0: setting latency timer to 64
ssb: Sonics Silicon Backplane found on PCI device 0000:0c:00.0
pci 0000:00:01.0: PCI bridge, secondary bus 0000:01
pci 0000:00:01.0:   IO window: 0xe000-0xefff
pci 0000:00:01.0:   MEM window: 0xf2000000-0xf6efffff
pci 0000:00:01.0:   PREFETCH window: 0x000000e0000000-0x000000efffffff
pci 0000:00:1c.0: PCI bridge, secondary bus 0000:0b
pci 0000:00:1c.0:   IO window: disabled
pci 0000:00:1c.0:   MEM window: disabled
pci 0000:00:1c.0:   PREFETCH window: disabled
pci 0000:00:1c.1: PCI bridge, secondary bus 0000:0c
pci 0000:00:1c.1:   IO window: disabled
pci 0000:00:1c.1:   MEM window: 0xf1f00000-0xf1ffffff
pci 0000:00:1c.1:   PREFETCH window: disabled
pci 0000:00:1c.3: PCI bridge, secondary bus 0000:0d
pci 0000:00:1c.3:   IO window: 0xd000-0xdfff
pci 0000:00:1c.3:   MEM window: 0xf1c00000-0xf1efffff
pci 0000:00:1c.3:   PREFETCH window: 0x000000f0000000-0x000000f01fffff
pci 0000:00:1c.5: PCI bridge, secondary bus 0000:09
pci 0000:00:1c.5:   IO window: disabled
pci 0000:00:1c.5:   MEM window: 0xf1b00000-0xf1bfffff
pci 0000:00:1c.5:   PREFETCH window: disabled
pci 0000:00:1e.0: PCI bridge, secondary bus 0000:03
pci 0000:00:1e.0:   IO window: disabled
pci 0000:00:1e.0:   MEM window: 0xf1a00000-0xf1afffff
pci 0000:00:1e.0:   PREFETCH window: disabled
pci 0000:00:01.0: PCI INT A -> GSI 16 (level, low) -> IRQ 16
pci 0000:00:01.0: setting latency timer to 64
pci 0000:00:1c.0: PCI INT A -> GSI 16 (level, low) -> IRQ 16
pci 0000:00:1c.0: setting latency timer to 64
pci 0000:00:1c.1: PCI INT B -> GSI 17 (level, low) -> IRQ 17
pci 0000:00:1c.1: setting latency timer to 64
pci 0000:00:1c.3: PCI INT D -> GSI 19 (level, low) -> IRQ 19
pci 0000:00:1c.3: setting latency timer to 64
pci 0000:00:1c.5: PCI INT B -> GSI 17 (level, low) -> IRQ 17
pci 0000:00:1c.5: setting latency timer to 64
pci 0000:00:1e.0: setting latency timer to 64
pci_bus 0000:00: resource 0 io:  [0x00-0xffff]
pci_bus 0000:00: resource 1 mem: [0x000000-0xffffffffffffffff]
pci_bus 0000:01: resource 0 io:  [0xe000-0xefff]
pci_bus 0000:01: resource 1 mem: [0xf2000000-0xf6efffff]
pci_bus 0000:01: resource 2 pref mem [0xe0000000-0xefffffff]
pci_bus 0000:0c: resource 1 mem: [0xf1f00000-0xf1ffffff]
pci_bus 0000:0d: resource 0 io:  [0xd000-0xdfff]
pci_bus 0000:0d: resource 1 mem: [0xf1c00000-0xf1efffff]
pci_bus 0000:0d: resource 2 pref mem [0xf0000000-0xf01fffff]
pci_bus 0000:09: resource 1 mem: [0xf1b00000-0xf1bfffff]
pci_bus 0000:03: resource 1 mem: [0xf1a00000-0xf1afffff]
pci_bus 0000:03: resource 3 io:  [0x00-0xffff]
pci_bus 0000:03: resource 4 mem: [0x000000-0xffffffffffffffff]
NET: Registered protocol family 2
IP route cache hash table entries: 65536 (order: 7, 524288 bytes)
TCP established hash table entries: 262144 (order: 10, 4194304 bytes)
TCP bind hash table entries: 65536 (order: 8, 1048576 bytes)
TCP: Hash tables configured (established 262144 bind 65536)
TCP reno registered
NET: Registered protocol family 1
Simple Boot Flag at 0x79 set to 0x1
NTFS driver 2.1.29 [Flags: R/O].
msgmni has been set to 4018
alg: No test for stdrng (krng)
io scheduler noop registered
io scheduler anticipatory registered
io scheduler deadline registered
io scheduler cfq registered (default)
pci 0000:01:00.0: Boot video device
ACPI: AC Adapter [AC] (on-line)
input: Lid Switch as /devices/LNXSYSTM:00/device:00/PNP0C0D:00/input/input0
ACPI: Lid Switch [LID]
input: Power Button as /devices/LNXSYSTM:00/device:00/PNP0C0C:00/input/input1
ACPI: Power Button [PBTN]
input: Sleep Button as /devices/LNXSYSTM:00/device:00/PNP0C0E:00/input/input2
ACPI: Sleep Button [SBTN]
ACPI: SSDT 000000007fe6e5b8 001C0 (v01  PmRef  Cpu0Ist 00003000 INTL 20050624)
ACPI: SSDT 000000007fe6df4e 005E5 (v01  PmRef  Cpu0Cst 00003001 INTL 20050624)
Monitor-Mwait will be used to enter C-1 state
Monitor-Mwait will be used to enter C-2 state
Monitor-Mwait will be used to enter C-3 state
Marking TSC unstable due to TSC halts in idle
ACPI: CPU0 (power states: C1[C1] C2[C2] C3[C3])
processor ACPI_CPU:00: registered as cooling_device0
ACPI: Processor [CPU0] (supports 8 throttling states)
ACPI: SSDT 000000007fe6e778 000C4 (v01  PmRef  Cpu1Ist 00003000 INTL 20050624)
ACPI: SSDT 000000007fe6e533 00085 (v01  PmRef  Cpu1Cst 00003000 INTL 20050624)
ACPI: CPU1 (power states: C1[C1] C2[C2] C3[C3])
processor ACPI_CPU:01: registered as cooling_device1
ACPI: Processor [CPU1] (supports 8 throttling states)
thermal LNXTHERM:01: registered as thermal_zone0
ACPI: Thermal Zone [THM] (48 C)
Linux agpgart interface v0.103
loop: module loaded
Uniform Multi-Platform E-IDE driver
piix 0000:00:1f.1: IDE controller (0x8086:0x2850 rev 0x02)
PIIX_IDE 0000:00:1f.1: PCI INT A -> GSI 16 (level, low) -> IRQ 16
piix 0000:00:1f.1: IDE port disabled
piix 0000:00:1f.1: not 100% native mode: will probe irqs later
    ide0: BM-DMA at 0x6fa0-0x6fa7
Probing IDE interface ide0...
ACPI: Battery Slot [BAT0] (battery present)
hda: MATSHITA DVD+/-RW UJ-857G, ATAPI CD/DVD-ROM drive
hda: host max PIO4 wanted PIO255(auto-tune) selected PIO4
hda: UDMA/33 mode selected
ide0 at 0x1f0-0x1f7,0x3f6 on irq 14
ide-gd driver 1.18
ide-cd driver 5.00
ide-cd: hda: ATAPI 24X DVD-ROM DVD-R CD-R/RW drive, 2048kB Cache
Uniform CD-ROM driver Revision: 3.20
Driver 'sd' needs updating - please use bus_type methods
ahci 0000:00:1f.2: version 3.0
ahci 0000:00:1f.2: PCI INT B -> GSI 17 (level, low) -> IRQ 17
ahci 0000:00:1f.2: AHCI 0001.0100 32 slots 3 ports 3 Gbps 0x5 impl SATA mode
ahci 0000:00:1f.2: flags: 64bit ncq sntf pm led clo pio slum part ems 
ahci 0000:00:1f.2: setting latency timer to 64
scsi0 : ahci
scsi1 : ahci
scsi2 : ahci
ata1: SATA max UDMA/133 irq_stat 0x00400040, connection status changed irq 17
ata2: DUMMY
ata3: SATA max UDMA/133 abar m2048 at 0xf6ffb800 port 0xf6ffba00 irq 17
tg3.c:v3.98 (February 25, 2009)
tg3 0000:09:00.0: PCI INT A -> GSI 17 (level, low) -> IRQ 17
tg3 0000:09:00.0: setting latency timer to 64
tg3 0000:09:00.0: PME# disabled
ata3: SATA link down (SStatus 0 SControl 300)
eth0: Tigon3 [partno(BCM95906) rev c002] (PCI Express) MAC address 00:23:ae:29:78:d9
eth0: attached PHY is 5906 (10/100Base-TX Ethernet) (WireSpeed[0])
eth0: RXcsums[1] LinkChgREG[0] MIirq[0] ASF[0] TSOcap[0]
eth0: dma_rwctrl[76180000] dma_mask[64-bit]
PPP generic driver version 2.4.2
b43-phy0: Broadcom 4311 WLAN found (core revision 10)
b43-phy0 debug: Found PHY: Analog 4, Type 2, Revision 8
b43-phy0 debug: Found Radio: Manuf 0x17F, Version 0x2050, Revision 2
b43-phy0 debug: DebugFS (CONFIG_DEBUG_FS) not enabled in kernel config
phy0: Selected rate control algorithm 'minstrel'
Broadcom 43xx driver loaded [ Features: P, Firmware-ID: FW13 ]
ehci_hcd: USB 2.0 'Enhanced' Host Controller (EHCI) Driver
ehci_hcd 0000:00:1a.7: PCI INT C -> GSI 22 (level, low) -> IRQ 22
ehci_hcd 0000:00:1a.7: setting latency timer to 64
ehci_hcd 0000:00:1a.7: EHCI Host Controller
ehci_hcd 0000:00:1a.7: new USB bus registered, assigned bus number 1
ehci_hcd 0000:00:1a.7: debug port 1
ehci_hcd 0000:00:1a.7: cache line size of 32 is not supported
ehci_hcd 0000:00:1a.7: irq 22, io mem 0xfed1c400
ehci_hcd 0000:00:1a.7: USB 2.0 started, EHCI 1.00
usb usb1: configuration #1 chosen from 1 choice
hub 1-0:1.0: USB hub found
hub 1-0:1.0: 4 ports detected
ehci_hcd 0000:00:1d.7: PCI INT A -> GSI 20 (level, low) -> IRQ 20
ehci_hcd 0000:00:1d.7: setting latency timer to 64
ehci_hcd 0000:00:1d.7: EHCI Host Controller
ehci_hcd 0000:00:1d.7: new USB bus registered, assigned bus number 2
ehci_hcd 0000:00:1d.7: debug port 1
ehci_hcd 0000:00:1d.7: cache line size of 32 is not supported
ehci_hcd 0000:00:1d.7: irq 20, io mem 0xfed1c000
ehci_hcd 0000:00:1d.7: USB 2.0 started, EHCI 1.00
usb usb2: configuration #1 chosen from 1 choice
hub 2-0:1.0: USB hub found
hub 2-0:1.0: 6 ports detected
uhci_hcd: USB Universal Host Controller Interface driver
uhci_hcd 0000:00:1a.0: PCI INT A -> GSI 20 (level, low) -> IRQ 20
uhci_hcd 0000:00:1a.0: setting latency timer to 64
uhci_hcd 0000:00:1a.0: UHCI Host Controller
uhci_hcd 0000:00:1a.0: new USB bus registered, assigned bus number 3
uhci_hcd 0000:00:1a.0: irq 20, io base 0x00006f20
usb usb3: configuration #1 chosen from 1 choice
hub 3-0:1.0: USB hub found
hub 3-0:1.0: 2 ports detected
uhci_hcd 0000:00:1a.1: PCI INT B -> GSI 21 (level, low) -> IRQ 21
uhci_hcd 0000:00:1a.1: setting latency timer to 64
uhci_hcd 0000:00:1a.1: UHCI Host Controller
uhci_hcd 0000:00:1a.1: new USB bus registered, assigned bus number 4
uhci_hcd 0000:00:1a.1: irq 21, io base 0x00006f00
usb usb4: configuration #1 chosen from 1 choice
hub 4-0:1.0: USB hub found
hub 4-0:1.0: 2 ports detected
uhci_hcd 0000:00:1d.0: PCI INT A -> GSI 20 (level, low) -> IRQ 20
uhci_hcd 0000:00:1d.0: setting latency timer to 64
uhci_hcd 0000:00:1d.0: UHCI Host Controller
uhci_hcd 0000:00:1d.0: new USB bus registered, assigned bus number 5
uhci_hcd 0000:00:1d.0: irq 20, io base 0x00006f80
usb usb5: configuration #1 chosen from 1 choice
hub 5-0:1.0: USB hub found
hub 5-0:1.0: 2 ports detected
uhci_hcd 0000:00:1d.1: PCI INT B -> GSI 21 (level, low) -> IRQ 21
uhci_hcd 0000:00:1d.1: setting latency timer to 64
uhci_hcd 0000:00:1d.1: UHCI Host Controller
uhci_hcd 0000:00:1d.1: new USB bus registered, assigned bus number 6
uhci_hcd 0000:00:1d.1: irq 21, io base 0x00006f60
usb usb6: configuration #1 chosen from 1 choice
hub 6-0:1.0: USB hub found
hub 6-0:1.0: 2 ports detected
uhci_hcd 0000:00:1d.2: PCI INT C -> GSI 22 (level, low) -> IRQ 22
uhci_hcd 0000:00:1d.2: setting latency timer to 64
uhci_hcd 0000:00:1d.2: UHCI Host Controller
uhci_hcd 0000:00:1d.2: new USB bus registered, assigned bus number 7
uhci_hcd 0000:00:1d.2: irq 22, io base 0x00006f40
usb usb7: configuration #1 chosen from 1 choice
hub 7-0:1.0: USB hub found
hub 7-0:1.0: 2 ports detected
Initializing USB Mass Storage driver...
usbcore: registered new interface driver usb-storage
USB Mass Storage support registered.
usbcore: registered new interface driver usbserial
usbserial: USB Serial Driver core
USB Serial support registered for Handspring Visor / Palm OS
USB Serial support registered for Sony Clie 3.5
USB Serial support registered for Sony Clie 5.0
usbcore: registered new interface driver visor
visor: USB HandSpring Visor / Palm OS driver
PNP: PS/2 Controller [PNP0303:KBC,PNP0f13:PS2M] at 0x60,0x64 irq 1,12
serio: i8042 KBD port at 0x60,0x64 irq 1
serio: i8042 AUX port at 0x60,0x64 irq 12
mice: PS/2 mouse device common for all mice
rtc_cmos 00:03: RTC can wake from S4
rtc_cmos 00:03: rtc core: registered rtc_cmos as rtc0
rtc0: alarms up to one month, y3k, 114 bytes nvram, hpet irqs
cpuidle: using governor ladder
sdhci: Secure Digital Host Controller Interface driver
sdhci: Copyright(c) Pierre Ossman
sdhci-pci 0000:03:01.1: SDHCI controller found [1180:0822] (rev 22)
sdhci-pci 0000:03:01.1: PCI INT B -> GSI 18 (level, low) -> IRQ 18
mmc0: SDHCI controller on PCI [0000:03:01.1] using DMA
input: AT Translated Set 2 keyboard as /devices/platform/i8042/serio0/input/input3
usbcore: registered new interface driver hiddev
usbcore: registered new interface driver usbhid
usbhid: v2.6:USB HID core driver
Advanced Linux Sound Architecture Driver Version 1.0.20.
HDA Intel 0000:00:1b.0: PCI INT A -> GSI 21 (level, low) -> IRQ 21
HDA Intel 0000:00:1b.0: setting latency timer to 64
input: HDA Digital PCBeep as /devices/pci0000:00/0000:00:1b.0/input/input4
ata1: SATA link up 1.5 Gbps (SStatus 113 SControl 300)
ata1.00: ATA-8: SAMSUNG HM121HI, LZ100-10, max UDMA7
ata1.00: 234441648 sectors, multi 8: LBA48 NCQ (depth 31/32)
ata1.00: configured for UDMA/133
scsi 0:0:0:0: Direct-Access     ATA      SAMSUNG HM121HI  LZ10 PQ: 0 ANSI: 5
sd 0:0:0:0: [sda] 234441648 512-byte hardware sectors: (120 GB/111 GiB)
sd 0:0:0:0: [sda] Write Protect is off
sd 0:0:0:0: [sda] Mode Sense: 00 3a 00 00
sd 0:0:0:0: [sda] Write cache: enabled, read cache: enabled, doesn't support DPO or FUA
 sda:<6>usb 2-6: new high speed USB device using ehci_hcd and address 2
 sda1 sda2 sda3 <<4>Clocksource tsc unstable (delta = -167101793 ns)
 sda5<6>input: HDA Intel Mic at Ext Front Jack as /devices/pci0000:00/0000:00:1b.0/input/input5
input: HDA Intel HP Out at Ext Front Jack as /devices/pci0000:00/0000:00:1b.0/input/input6
input: HDA Intel HP Out at Ext Front Jack as /devices/pci0000:00/0000:00:1b.0/input/input7
 sda6 >
sd 0:0:0:0: [sda] Attached SCSI disk
ALSA device list:
  #0: HDA Intel at 0xf6ffc000 irq 21
TCP cubic registered
NET: Registered protocol family 17
usb 2-6: configuration #1 chosen from 1 choice
Synaptics Touchpad, model: 1, fw: 6.3, id: 0x1c0b1, caps: 0xa04753/0x200000
input: SynPS/2 Synaptics TouchPad as /devices/platform/i8042/serio1/input/input8
kjournald starting.  Commit interval 5 seconds
EXT3-fs: mounted filesystem with writeback data mode.
VFS: Mounted root (ext3 filesystem) readonly on device 8:5.
Freeing unused kernel memory: 340k freed
EXT3 FS on sda5, internal journal
NTFS volume version 3.1.
b43 ssb0:0: firmware: requesting b43/ucode5.fw
b43 ssb0:0: firmware: requesting b43/pcm5.fw
b43 ssb0:0: firmware: requesting b43/b0g0initvals5.fw
b43 ssb0:0: firmware: requesting b43/b0g0bsinitvals5.fw
b43-phy0: Loading firmware version 410.2160 (2007-05-26 15:32:10)
b43-phy0 debug: Chip initialized
b43-phy0 debug: 32-bit DMA initialized
b43-phy0 debug: Wireless interface started
b43-phy0 debug: Adding Interface type 2
b43-phy0: Radio turned on by software
wlan0: authenticate with AP 00:13:5f:55:d3:c0
wlan0: authenticated
wlan0: associate with AP 00:13:5f:55:d3:c0
wlan0: associate with AP 00:13:5f:55:d3:c0
wlan0: deauthenticated (Reason: 2)
wlan0: direct probe to AP 00:13:5f:55:d3:c0 try 1
wlan0 direct probe responded
wlan0: authenticate with AP 00:13:5f:55:d3:c0
wlan0: authenticated
wlan0: associate with AP 00:13:5f:55:d3:c0
wlan0: association with AP 00:13:5f:55:d3:c0 timed out
-------------- next part --------------
_~# uname -a
Linux xps 2.6.29 #4 SMP Sat Jun 6 00:40:15 PDT 2009 x86_64 GNU/Linux
_~# lspci -vvn | grep 43 -A7
03:01.2 0880: 1180:0843 (rev 12)
	Subsystem: 1028:0209
	Control: I/O- Mem+ BusMaster+ SpecCycle- MemWINV- VGASnoop- ParErr- Stepping- SERR+ FastB2B- DisINTx-
	Status: Cap+ 66MHz- UDF- FastB2B- ParErr- DEVSEL=medium >TAbort- <TAbort- <MAbort- >SERR- <PERR- INTx-
	Latency: 64, Cache Line Size: 64 bytes
	Interrupt: pin B routed to IRQ 4
	Region 0: Memory at f1aff500 (32-bit, non-prefetchable) [size=256]
	Capabilities: [80] Power Management version 2
--
0c:00.0 0280: 14e4:4311 (rev 01)
	Subsystem: 1028:0007
	Control: I/O+ Mem+ BusMaster+ SpecCycle- MemWINV- VGASnoop- ParErr- Stepping- SERR+ FastB2B- DisINTx-
	Status: Cap+ 66MHz- UDF- FastB2B- ParErr- DEVSEL=fast >TAbort- <TAbort- <MAbort- >SERR- <PERR- INTx-
	Latency: 0, Cache Line Size: 64 bytes
	Interrupt: pin A routed to IRQ 17
	Region 0: Memory at f1ffc000 (32-bit, non-prefetchable) [size=16K]
	Capabilities: [40] Power Management version 2
--
	Kernel driver in use: b43-pci-bridge

_~# dmesg
Linux version 2.6.29 (vojta at xps) (gcc version 4.3.3 (Debian 4.3.3-10) ) #4 SMP Sat Jun 6 00:40:15 PDT 2009
Command line: BOOT_IMAGE=p ro root=805
KERNEL supported cpus:
  Intel GenuineIntel
  AMD AuthenticAMD
  Centaur CentaurHauls
BIOS-provided physical RAM map:
 BIOS-e820: 0000000000000000 - 000000000009f000 (usable)
 BIOS-e820: 000000000009f000 - 00000000000a0000 (reserved)
 BIOS-e820: 0000000000100000 - 000000007fe6d800 (usable)
 BIOS-e820: 000000007fe6d800 - 0000000080000000 (reserved)
 BIOS-e820: 00000000f8000000 - 00000000fc000000 (reserved)
 BIOS-e820: 00000000fec00000 - 00000000fec10000 (reserved)
 BIOS-e820: 00000000fed18000 - 00000000fed1c000 (reserved)
 BIOS-e820: 00000000fed20000 - 00000000fed90000 (reserved)
 BIOS-e820: 00000000feda0000 - 00000000feda6000 (reserved)
 BIOS-e820: 00000000fee00000 - 00000000fee10000 (reserved)
 BIOS-e820: 00000000ffe00000 - 0000000100000000 (reserved)
DMI 2.4 present.
last_pfn = 0x7fe6d max_arch_pfn = 0x100000000
init_memory_mapping: 0000000000000000-000000007fe6d000
 0000000000 - 007fe00000 page 2M
 007fe00000 - 007fe6d000 page 4k
kernel direct mapping tables up to 7fe6d000 @ 8000-c000
last_map_addr: 7fe6d000 end: 7fe6d000
ACPI: RSDP 000FBC00, 0024 (r2 DELL  )
ACPI: XSDT 7FE6F200, 005C (r1 DELL    M08     27D80B13 ASL        61)
ACPI: FACP 7FE6F09C, 00F4 (r4 DELL    M08     27D80B13 ASL        61)
FADT: X_PM1a_EVT_BLK.bit_width (16) does not match PM1_EVT_LEN (4)
ACPI: DSDT 7FE6F800, 5733 (r2 INT430 SYSFexxx     1001 INTL 20050624)
ACPI: FACS 7FE7E000, 0040
ACPI: HPET 7FE6F300, 0038 (r1 DELL    M08            1 ASL        61)
ACPI: APIC 7FE6F400, 0068 (r1 DELL    M08     27D80B13 ASL        47)
ACPI: MCFG 7FE6F3C0, 003E (r16 DELL    M08     27D80B13 ASL        61)
ACPI: SLIC 7FE6F49C, 0176 (r1 DELL    M08     27D80B13 ASL        61)
ACPI: BOOT 7FE6EFC0, 0028 (r1 DELL    M08     27D80B13 ASL        61)
ACPI: SSDT 7FE6DA82, 04CC (r1  PmRef    CpuPm     3000 INTL 20050624)
ACPI: Local APIC address 0xfee00000
(5 early reservations) ==> bootmem [0000000000 - 007fe6d000]
  #0 [0000000000 - 0000001000]   BIOS data page ==> [0000000000 - 0000001000]
  #1 [0000006000 - 0000008000]       TRAMPOLINE ==> [0000006000 - 0000008000]
  #2 [0000200000 - 0000781c84]    TEXT DATA BSS ==> [0000200000 - 0000781c84]
  #3 [000009f000 - 0000100000]    BIOS reserved ==> [000009f000 - 0000100000]
  #4 [0000008000 - 000000a000]          PGTABLE ==> [0000008000 - 000000a000]
 [ffffe20000000000-ffffe20001bfffff] PMD -> [ffff880001200000-ffff880002dfffff] on node 0
Zone PFN ranges:
  DMA      0x00000000 -> 0x00001000
  DMA32    0x00001000 -> 0x00100000
  Normal   0x00100000 -> 0x00100000
Movable zone start PFN for each node
early_node_map[2] active PFN ranges
    0: 0x00000000 -> 0x0000009f
    0: 0x00000100 -> 0x0007fe6d
On node 0 totalpages: 523788
  DMA zone: 56 pages used for memmap
  DMA zone: 1511 pages reserved
  DMA zone: 2432 pages, LIFO batch:0
  DMA32 zone: 7107 pages used for memmap
  DMA32 zone: 512682 pages, LIFO batch:31
ACPI: PM-Timer IO Port: 0x1008
ACPI: Local APIC address 0xfee00000
ACPI: LAPIC (acpi_id[0x00] lapic_id[0x00] enabled)
ACPI: LAPIC (acpi_id[0x01] lapic_id[0x01] enabled)
ACPI: LAPIC_NMI (acpi_id[0x00] high edge lint[0x1])
ACPI: LAPIC_NMI (acpi_id[0x01] high edge lint[0x1])
ACPI: IOAPIC (id[0x02] address[0xfec00000] gsi_base[0])
IOAPIC[0]: apic_id 2, version 0, address 0xfec00000, GSI 0-23
ACPI: INT_SRC_OVR (bus 0 bus_irq 0 global_irq 2 dfl dfl)
ACPI: INT_SRC_OVR (bus 0 bus_irq 9 global_irq 9 high level)
ACPI: IRQ0 used by override.
ACPI: IRQ2 used by override.
ACPI: IRQ9 used by override.
Using ACPI (MADT) for SMP configuration information
ACPI: HPET id: 0x8086a201 base: 0xfed00000
SMP: Allowing 2 CPUs, 0 hotplug CPUs
nr_irqs_gsi: 24
Allocating PCI resources starting at 88000000 (gap: 80000000:78000000)
NR_CPUS:2 nr_cpumask_bits:2 nr_cpu_ids:2 nr_node_ids:1
PERCPU: Allocating 45056 bytes of per cpu data
Built 1 zonelists in Zone order, mobility grouping on.  Total pages: 515114
Kernel command line: BOOT_IMAGE=p ro root=805
Initializing CPU#0
PID hash table entries: 4096 (order: 12, 32768 bytes)
Extended CMOS year: 2000
Fast TSC calibration using PIT
Detected 1496.101 MHz processor.
Console: colour VGA+ 80x25
console [tty0] enabled
Dentry cache hash table entries: 262144 (order: 9, 2097152 bytes)
Inode-cache hash table entries: 131072 (order: 8, 1048576 bytes)
Checking aperture...
No AGP bridge found
Memory: 2057040k/2095540k available (3520k kernel code, 388k absent, 37624k reserved, 1383k data, 304k init)
SLUB: Genslabs=12, HWalign=64, Order=0-3, MinObjects=0, CPUs=2, Nodes=1
hpet clockevent registered
Calibrating delay loop (skipped), value calculated using timer frequency.. 2992.20 BogoMIPS (lpj=5984404)
Mount-cache hash table entries: 256
CPU: L1 I cache: 32K, L1 D cache: 32K
CPU: L2 cache: 2048K
[ds] using Core 2/Atom configuration
CPU: Physical Processor ID: 0
CPU: Processor Core ID: 0
CPU0: Thermal monitoring enabled (TM2)
using mwait in idle threads.
ACPI: Core revision 20081204
Setting APIC routing to flat
..TIMER: vector=0x30 apic1=0 pin1=2 apic2=-1 pin2=-1
CPU0: Intel(R) Core(TM)2 Duo CPU     T5250  @ 1.50GHz stepping 0d
Booting processor 1 APIC 0x1 ip 0x6000
Initializing CPU#1
Calibrating delay using timer specific routine.. 2992.45 BogoMIPS (lpj=5984901)
CPU: L1 I cache: 32K, L1 D cache: 32K
CPU: L2 cache: 2048K
[ds] using Core 2/Atom configuration
CPU: Physical Processor ID: 0
CPU: Processor Core ID: 1
CPU1: Thermal monitoring enabled (TM2)
CPU1: Intel(R) Core(TM)2 Duo CPU     T5250  @ 1.50GHz stepping 0d
checking TSC synchronization [CPU#0 -> CPU#1]: passed.
Brought up 2 CPUs
Total of 2 processors activated (5984.65 BogoMIPS).
net_namespace: 560 bytes
NET: Registered protocol family 16
ACPI: bus type pci registered
PCI: MCFG configuration 0: base f8000000 segment 0 buses 0 - 63
PCI: MCFG area at f8000000 reserved in E820
PCI: Using MMCONFIG at f8000000 - fbffffff
PCI: Using configuration type 1 for base access
bio: create slab <bio-0> at 0
ACPI: EC: Look up EC in DSDT
ACPI: SSDT 7FE7E080, 0043 (r1  LMPWR  DELLLOM     1001 INTL 20050624)
ACPI: Interpreter enabled
ACPI: (supports S0 S3 S5)
ACPI: Using IOAPIC for interrupt routing
ACPI: PCI Root Bridge [PCI0] (0000:00)
pci 0000:00:01.0: PME# supported from D0 D3hot D3cold
pci 0000:00:01.0: PME# disabled
pci 0000:00:1a.0: reg 20 io port: [0x6f20-0x6f3f]
pci 0000:00:1a.1: reg 20 io port: [0x6f00-0x6f1f]
pci 0000:00:1a.7: reg 10 32bit mmio: [0xfed1c400-0xfed1c7ff]
pci 0000:00:1a.7: PME# supported from D0 D3hot D3cold
pci 0000:00:1a.7: PME# disabled
pci 0000:00:1b.0: reg 10 64bit mmio: [0xf6ffc000-0xf6ffffff]
pci 0000:00:1b.0: PME# supported from D0 D3hot D3cold
pci 0000:00:1b.0: PME# disabled
pci 0000:00:1c.0: PME# supported from D0 D3hot D3cold
pci 0000:00:1c.0: PME# disabled
pci 0000:00:1c.1: PME# supported from D0 D3hot D3cold
pci 0000:00:1c.1: PME# disabled
pci 0000:00:1c.3: PME# supported from D0 D3hot D3cold
pci 0000:00:1c.3: PME# disabled
pci 0000:00:1c.5: PME# supported from D0 D3hot D3cold
pci 0000:00:1c.5: PME# disabled
pci 0000:00:1d.0: reg 20 io port: [0x6f80-0x6f9f]
pci 0000:00:1d.1: reg 20 io port: [0x6f60-0x6f7f]
pci 0000:00:1d.2: reg 20 io port: [0x6f40-0x6f5f]
pci 0000:00:1d.7: reg 10 32bit mmio: [0xfed1c000-0xfed1c3ff]
pci 0000:00:1d.7: PME# supported from D0 D3hot D3cold
pci 0000:00:1d.7: PME# disabled
pci 0000:00:1f.0: quirk: region 1000-107f claimed by ICH6 ACPI/GPIO/TCO
pci 0000:00:1f.0: quirk: region 1080-10bf claimed by ICH6 GPIO
pci 0000:00:1f.0: ICH7 LPC Generic IO decode 1 PIO at 0900 (mask 007f)
pci 0000:00:1f.0: ICH7 LPC Generic IO decode 3 PIO at 0c80 (mask 003f)
pci 0000:00:1f.1: reg 10 io port: [0x1f0-0x1f7]
pci 0000:00:1f.1: reg 14 io port: [0x3f4-0x3f7]
pci 0000:00:1f.1: reg 18 io port: [0x170-0x177]
pci 0000:00:1f.1: reg 1c io port: [0x374-0x377]
pci 0000:00:1f.1: reg 20 io port: [0x6fa0-0x6faf]
pci 0000:00:1f.2: reg 10 io port: [0x6eb0-0x6eb7]
pci 0000:00:1f.2: reg 14 io port: [0x6eb8-0x6ebb]
pci 0000:00:1f.2: reg 18 io port: [0x6ec0-0x6ec7]
pci 0000:00:1f.2: reg 1c io port: [0x6ec8-0x6ecb]
pci 0000:00:1f.2: reg 20 io port: [0x6ee0-0x6eff]
pci 0000:00:1f.2: reg 24 32bit mmio: [0xf6ffb800-0xf6ffbfff]
pci 0000:00:1f.2: PME# supported from D3hot
pci 0000:00:1f.2: PME# disabled
pci 0000:00:1f.3: reg 10 32bit mmio: [0xf6ffb700-0xf6ffb7ff]
pci 0000:00:1f.3: reg 20 io port: [0x10c0-0x10df]
pci 0000:01:00.0: reg 10 32bit mmio: [0xf5000000-0xf5ffffff]
pci 0000:01:00.0: reg 14 64bit mmio: [0xe0000000-0xefffffff]
pci 0000:01:00.0: reg 1c 64bit mmio: [0xf2000000-0xf3ffffff]
pci 0000:01:00.0: reg 24 io port: [0xef00-0xef7f]
pci 0000:01:00.0: reg 30 32bit mmio: [0x000000-0x01ffff]
pci 0000:00:01.0: bridge io port: [0xe000-0xefff]
pci 0000:00:01.0: bridge 32bit mmio: [0xf2000000-0xf6efffff]
pci 0000:00:01.0: bridge 64bit mmio pref: [0xe0000000-0xefffffff]
pci 0000:0c:00.0: reg 10 32bit mmio: [0xf1ffc000-0xf1ffffff]
pci 0000:0c:00.0: supports D1 D2
pci 0000:00:1c.1: bridge 32bit mmio: [0xf1f00000-0xf1ffffff]
pci 0000:00:1c.3: bridge io port: [0xd000-0xdfff]
pci 0000:00:1c.3: bridge 32bit mmio: [0xf1c00000-0xf1efffff]
pci 0000:00:1c.3: bridge 64bit mmio pref: [0xf0000000-0xf01fffff]
pci 0000:09:00.0: reg 10 64bit mmio: [0xf1bf0000-0xf1bfffff]
pci 0000:09:00.0: PME# supported from D3hot D3cold
pci 0000:09:00.0: PME# disabled
pci 0000:00:1c.5: bridge 32bit mmio: [0xf1b00000-0xf1bfffff]
pci 0000:03:01.0: reg 10 32bit mmio: [0xf1aff800-0xf1afffff]
pci 0000:03:01.0: supports D1 D2
pci 0000:03:01.0: PME# supported from D0 D1 D2 D3hot D3cold
pci 0000:03:01.0: PME# disabled
pci 0000:03:01.1: reg 10 32bit mmio: [0xf1aff400-0xf1aff4ff]
pci 0000:03:01.1: supports D1 D2
pci 0000:03:01.1: PME# supported from D0 D1 D2 D3hot D3cold
pci 0000:03:01.1: PME# disabled
pci 0000:03:01.2: reg 10 32bit mmio: [0xf1aff500-0xf1aff5ff]
pci 0000:03:01.2: supports D1 D2
pci 0000:03:01.2: PME# supported from D0 D1 D2 D3hot D3cold
pci 0000:03:01.2: PME# disabled
pci 0000:03:01.3: reg 10 32bit mmio: [0xf1aff600-0xf1aff6ff]
pci 0000:03:01.3: supports D1 D2
pci 0000:03:01.3: PME# supported from D0 D1 D2 D3hot D3cold
pci 0000:03:01.3: PME# disabled
pci 0000:03:01.4: reg 10 32bit mmio: [0xf1aff700-0xf1aff7ff]
pci 0000:03:01.4: supports D1 D2
pci 0000:03:01.4: PME# supported from D0 D1 D2 D3hot D3cold
pci 0000:03:01.4: PME# disabled
pci 0000:00:1e.0: transparent bridge
pci 0000:00:1e.0: bridge 32bit mmio: [0xf1a00000-0xf1afffff]
pci_bus 0000:00: on NUMA node 0
ACPI: PCI Interrupt Routing Table [\_SB_.PCI0._PRT]
ACPI: PCI Interrupt Routing Table [\_SB_.PCI0.PCIE._PRT]
ACPI: PCI Interrupt Routing Table [\_SB_.PCI0.AGP_._PRT]
ACPI: PCI Interrupt Routing Table [\_SB_.PCI0.RP01._PRT]
ACPI: PCI Interrupt Routing Table [\_SB_.PCI0.RP02._PRT]
ACPI: PCI Interrupt Routing Table [\_SB_.PCI0.RP04._PRT]
ACPI: PCI Interrupt Routing Table [\_SB_.PCI0.RP06._PRT]
ACPI: PCI Interrupt Link [LNKA] (IRQs 9 10 11) *7
ACPI: PCI Interrupt Link [LNKB] (IRQs 5 7) *10
ACPI: PCI Interrupt Link [LNKC] (IRQs 9 10 11) *4
ACPI: PCI Interrupt Link [LNKD] (IRQs *5 7 9 10 11)
ACPI: PCI Interrupt Link [LNKE] (IRQs 3 4 5 6 7 9 10 *11 12 14 15)
ACPI: PCI Interrupt Link [LNKF] (IRQs 3 4 5 6 7 9 *10 11 12 14 15)
ACPI: PCI Interrupt Link [LNKG] (IRQs 3 4 5 6 7 *9 10 11 12 14 15)
ACPI: PCI Interrupt Link [LNKH] (IRQs 3 4 5 6 7 9 10 11 12 14 15) *0, disabled.
SCSI subsystem initialized
libata version 3.00 loaded.
usbcore: registered new interface driver usbfs
usbcore: registered new interface driver hub
usbcore: registered new device driver usb
PCI: Using ACPI for IRQ routing
cfg80211: Using static regulatory domain info
cfg80211: Regulatory domain: US
	(start_freq - end_freq @ bandwidth), (max_antenna_gain, max_eirp)
	(2402000 KHz - 2472000 KHz @ 40000 KHz), (600 mBi, 2700 mBm)
	(5170000 KHz - 5190000 KHz @ 40000 KHz), (600 mBi, 2300 mBm)
	(5190000 KHz - 5210000 KHz @ 40000 KHz), (600 mBi, 2300 mBm)
	(5210000 KHz - 5230000 KHz @ 40000 KHz), (600 mBi, 2300 mBm)
	(5230000 KHz - 5330000 KHz @ 40000 KHz), (600 mBi, 2300 mBm)
	(5735000 KHz - 5835000 KHz @ 40000 KHz), (600 mBi, 3000 mBm)
cfg80211: Calling CRDA for country: US
hpet0: at MMIO 0xfed00000, IRQs 2, 8, 0
hpet0: 3 comparators, 64-bit 14.318180 MHz counter
pnp: PnP ACPI init
ACPI: bus type pnp registered
pnp 00:09: io resource (0x1000-0x1005) overlaps 0000:00:1f.0 BAR 7 (0x1000-0x107f), disabling
pnp 00:09: io resource (0x1008-0x100f) overlaps 0000:00:1f.0 BAR 7 (0x1000-0x107f), disabling
pnp 00:0a: io resource (0x1006-0x1007) overlaps 0000:00:1f.0 BAR 7 (0x1000-0x107f), disabling
pnp 00:0a: io resource (0x100a-0x1059) overlaps 0000:00:1f.0 BAR 7 (0x1000-0x107f), disabling
pnp 00:0a: io resource (0x1060-0x107f) overlaps 0000:00:1f.0 BAR 7 (0x1000-0x107f), disabling
pnp 00:0a: io resource (0x1010-0x102f) overlaps 0000:00:1f.0 BAR 7 (0x1000-0x107f), disabling
pnp: PnP ACPI: found 12 devices
ACPI: ACPI bus type pnp unregistered
system 00:05: ioport range 0xc80-0xcff could not be reserved
system 00:08: iomem range 0xfed00000-0xfed003ff has been reserved
system 00:09: ioport range 0x900-0x97f has been reserved
system 00:09: ioport range 0x4d0-0x4d1 has been reserved
system 00:0a: ioport range 0xf400-0xf4fe has been reserved
system 00:0a: ioport range 0x1080-0x10bf has been reserved
system 00:0a: ioport range 0x10c0-0x10df has been reserved
system 00:0a: ioport range 0x809-0x809 has been reserved
system 00:0b: iomem range 0x0-0x9efff could not be reserved
system 00:0b: iomem range 0x9f000-0x9ffff could not be reserved
system 00:0b: iomem range 0xc0000-0xcffff has been reserved
system 00:0b: iomem range 0xe0000-0xfffff has been reserved
system 00:0b: iomem range 0x100000-0x7fe6d7ff could not be reserved
system 00:0b: iomem range 0x7fe6d800-0x7fefffff has been reserved
system 00:0b: iomem range 0x7ff00000-0x7fffffff has been reserved
system 00:0b: iomem range 0x7ff00000-0x806fffff could not be reserved
system 00:0b: iomem range 0xffe00000-0xffffffff has been reserved
system 00:0b: iomem range 0xffa00000-0xffbfffff has been reserved
system 00:0b: iomem range 0xfec00000-0xfec0ffff has been reserved
system 00:0b: iomem range 0xfee00000-0xfee0ffff has been reserved
system 00:0b: iomem range 0xfed20000-0xfed8ffff has been reserved
system 00:0b: iomem range 0xfeda0000-0xfeda3fff has been reserved
system 00:0b: iomem range 0xfeda4000-0xfeda4fff has been reserved
system 00:0b: iomem range 0xfeda5000-0xfeda5fff has been reserved
system 00:0b: iomem range 0xfeda6000-0xfeda6fff has been reserved
system 00:0b: iomem range 0xfed18000-0xfed1bfff has been reserved
system 00:0b: iomem range 0xf8000000-0xfbffffff has been reserved
b43-pci-bridge 0000:0c:00.0: PCI INT A -> GSI 17 (level, low) -> IRQ 17
b43-pci-bridge 0000:0c:00.0: setting latency timer to 64
ssb: Sonics Silicon Backplane found on PCI device 0000:0c:00.0
pci 0000:00:01.0: PCI bridge, secondary bus 0000:01
pci 0000:00:01.0:   IO window: 0xe000-0xefff
pci 0000:00:01.0:   MEM window: 0xf2000000-0xf6efffff
pci 0000:00:01.0:   PREFETCH window: 0x000000e0000000-0x000000efffffff
pci 0000:00:1c.0: PCI bridge, secondary bus 0000:0b
pci 0000:00:1c.0:   IO window: disabled
pci 0000:00:1c.0:   MEM window: disabled
pci 0000:00:1c.0:   PREFETCH window: disabled
pci 0000:00:1c.1: PCI bridge, secondary bus 0000:0c
pci 0000:00:1c.1:   IO window: disabled
pci 0000:00:1c.1:   MEM window: 0xf1f00000-0xf1ffffff
pci 0000:00:1c.1:   PREFETCH window: disabled
pci 0000:00:1c.3: PCI bridge, secondary bus 0000:0d
pci 0000:00:1c.3:   IO window: 0xd000-0xdfff
pci 0000:00:1c.3:   MEM window: 0xf1c00000-0xf1efffff
pci 0000:00:1c.3:   PREFETCH window: 0x000000f0000000-0x000000f01fffff
pci 0000:00:1c.5: PCI bridge, secondary bus 0000:09
pci 0000:00:1c.5:   IO window: disabled
pci 0000:00:1c.5:   MEM window: 0xf1b00000-0xf1bfffff
pci 0000:00:1c.5:   PREFETCH window: disabled
pci 0000:00:1e.0: PCI bridge, secondary bus 0000:03
pci 0000:00:1e.0:   IO window: disabled
pci 0000:00:1e.0:   MEM window: 0xf1a00000-0xf1afffff
pci 0000:00:1e.0:   PREFETCH window: disabled
pci 0000:00:01.0: PCI INT A -> GSI 16 (level, low) -> IRQ 16
pci 0000:00:01.0: setting latency timer to 64
pci 0000:00:1c.0: PCI INT A -> GSI 16 (level, low) -> IRQ 16
pci 0000:00:1c.0: setting latency timer to 64
pci 0000:00:1c.1: PCI INT B -> GSI 17 (level, low) -> IRQ 17
pci 0000:00:1c.1: setting latency timer to 64
pci 0000:00:1c.3: PCI INT D -> GSI 19 (level, low) -> IRQ 19
pci 0000:00:1c.3: setting latency timer to 64
pci 0000:00:1c.5: PCI INT B -> GSI 17 (level, low) -> IRQ 17
pci 0000:00:1c.5: setting latency timer to 64
pci 0000:00:1e.0: setting latency timer to 64
pci_bus 0000:00: resource 0 io:  [0x00-0xffff]
pci_bus 0000:00: resource 1 mem: [0x000000-0xffffffffffffffff]
pci_bus 0000:01: resource 0 io:  [0xe000-0xefff]
pci_bus 0000:01: resource 1 mem: [0xf2000000-0xf6efffff]
pci_bus 0000:01: resource 2 mem: [0xe0000000-0xefffffff]
pci_bus 0000:01: resource 3 mem: [0x0-0x0]
pci_bus 0000:0b: resource 0 mem: [0x0-0x0]
pci_bus 0000:0b: resource 1 mem: [0x0-0x0]
pci_bus 0000:0b: resource 2 mem: [0x0-0x0]
pci_bus 0000:0b: resource 3 mem: [0x0-0x0]
pci_bus 0000:0c: resource 0 mem: [0x0-0x0]
pci_bus 0000:0c: resource 1 mem: [0xf1f00000-0xf1ffffff]
pci_bus 0000:0c: resource 2 mem: [0x0-0x0]
pci_bus 0000:0c: resource 3 mem: [0x0-0x0]
pci_bus 0000:0d: resource 0 io:  [0xd000-0xdfff]
pci_bus 0000:0d: resource 1 mem: [0xf1c00000-0xf1efffff]
pci_bus 0000:0d: resource 2 mem: [0xf0000000-0xf01fffff]
pci_bus 0000:0d: resource 3 mem: [0x0-0x0]
pci_bus 0000:09: resource 0 mem: [0x0-0x0]
pci_bus 0000:09: resource 1 mem: [0xf1b00000-0xf1bfffff]
pci_bus 0000:09: resource 2 mem: [0x0-0x0]
pci_bus 0000:09: resource 3 mem: [0x0-0x0]
pci_bus 0000:03: resource 0 mem: [0x0-0x0]
pci_bus 0000:03: resource 1 mem: [0xf1a00000-0xf1afffff]
pci_bus 0000:03: resource 2 mem: [0x0-0x0]
pci_bus 0000:03: resource 3 io:  [0x00-0xffff]
pci_bus 0000:03: resource 4 mem: [0x000000-0xffffffffffffffff]
NET: Registered protocol family 2
IP route cache hash table entries: 65536 (order: 7, 524288 bytes)
TCP established hash table entries: 262144 (order: 10, 4194304 bytes)
TCP bind hash table entries: 65536 (order: 8, 1048576 bytes)
TCP: Hash tables configured (established 262144 bind 65536)
TCP reno registered
NET: Registered protocol family 1
Simple Boot Flag at 0x79 set to 0x1
NTFS driver 2.1.29 [Flags: R/O].
msgmni has been set to 4018
alg: No test for stdrng (krng)
io scheduler noop registered
io scheduler anticipatory registered
io scheduler deadline registered
io scheduler cfq registered (default)
pci 0000:01:00.0: Boot video device
ACPI: AC Adapter [AC] (on-line)
ACPI: Battery Slot [BAT0] (battery present)
input: Lid Switch as /devices/LNXSYSTM:00/device:00/PNP0C0D:00/input/input0
ACPI: Lid Switch [LID]
input: Power Button (CM) as /devices/LNXSYSTM:00/device:00/PNP0C0C:00/input/input1
ACPI: Power Button (CM) [PBTN]
input: Sleep Button (CM) as /devices/LNXSYSTM:00/device:00/PNP0C0E:00/input/input2
ACPI: Sleep Button (CM) [SBTN]
ACPI: SSDT 7FE6E5B8, 01C0 (r1  PmRef  Cpu0Ist     3000 INTL 20050624)
ACPI: SSDT 7FE6DF4E, 05E5 (r1  PmRef  Cpu0Cst     3001 INTL 20050624)
Monitor-Mwait will be used to enter C-1 state
Monitor-Mwait will be used to enter C-2 state
Monitor-Mwait will be used to enter C-3 state
ACPI: CPU0 (power states: C1[C1] C2[C2] C3[C3])
processor ACPI_CPU:00: registered as cooling_device0
ACPI: Processor [CPU0] (supports 8 throttling states)
ACPI: SSDT 7FE6E778, 00C4 (r1  PmRef  Cpu1Ist     3000 INTL 20050624)
ACPI: SSDT 7FE6E533, 0085 (r1  PmRef  Cpu1Cst     3000 INTL 20050624)
ACPI: CPU1 (power states: C1[C1] C2[C2] C3[C3])
processor ACPI_CPU:01: registered as cooling_device1
ACPI: Processor [CPU1] (supports 8 throttling states)
thermal LNXTHERM:01: registered as thermal_zone0
ACPI: Thermal Zone [THM] (32 C)
Linux agpgart interface v0.103
loop: module loaded
tg3.c:v3.97 (December 10, 2008)
tg3 0000:09:00.0: PCI INT A -> GSI 17 (level, low) -> IRQ 17
tg3 0000:09:00.0: setting latency timer to 64
tg3 0000:09:00.0: PME# disabled
eth0: Tigon3 [partno(BCM95906) rev c002] (PCI Express) MAC address 00:23:ae:29:78:d9
eth0: attached PHY is 5906 (10/100Base-TX Ethernet) (WireSpeed[0])
eth0: RXcsums[1] LinkChgREG[0] MIirq[0] ASF[0] TSOcap[0]
eth0: dma_rwctrl[76180000] dma_mask[64-bit]
PPP generic driver version 2.4.2
b43-phy0: Broadcom 4311 WLAN found
b43-phy0 debug: Found PHY: Analog 4, Type 2, Revision 8
b43-phy0 debug: Found Radio: Manuf 0x17F, Version 0x2050, Revision 2
b43-phy0 debug: DebugFS (CONFIG_DEBUG_FS) not enabled in kernel config
wmaster0 (b43): not using net_device_ops yet
phy0: Selected rate control algorithm 'minstrel'
wlan0 (b43): not using net_device_ops yet
Broadcom 43xx driver loaded [ Features: P, Firmware-ID: FW13 ]
Uniform Multi-Platform E-IDE driver
piix 0000:00:1f.1: IDE controller (0x8086:0x2850 rev 0x02)
PIIX_IDE 0000:00:1f.1: PCI INT A -> GSI 16 (level, low) -> IRQ 16
piix 0000:00:1f.1: IDE port disabled
piix 0000:00:1f.1: not 100% native mode: will probe irqs later
    ide0: BM-DMA at 0x6fa0-0x6fa7
Probing IDE interface ide0...
hda: MATSHITA DVD+/-RW UJ-857G, ATAPI CD/DVD-ROM drive
hda: host max PIO4 wanted PIO255(auto-tune) selected PIO4
hda: UDMA/33 mode selected
ide0 at 0x1f0-0x1f7,0x3f6 on irq 14
ide-gd driver 1.18
ide-cd driver 5.00
ide-cd: hda: ATAPI 24X DVD-ROM DVD-R CD-R/RW drive, 2048kB Cache
Uniform CD-ROM driver Revision: 3.20
Driver 'sd' needs updating - please use bus_type methods
ahci 0000:00:1f.2: version 3.0
ahci 0000:00:1f.2: PCI INT B -> GSI 17 (level, low) -> IRQ 17
ahci 0000:00:1f.2: AHCI 0001.0100 32 slots 3 ports 3 Gbps 0x5 impl SATA mode
ahci 0000:00:1f.2: flags: 64bit ncq sntf pm led clo pio slum part ems 
ahci 0000:00:1f.2: setting latency timer to 64
scsi0 : ahci
scsi1 : ahci
scsi2 : ahci
ata1: SATA max UDMA/133 irq_stat 0x00000040, connection status changed irq 17
ata2: DUMMY
ata3: SATA max UDMA/133 abar m2048 at 0xf6ffb800 port 0xf6ffba00 irq 17
ata1: SATA link up 1.5 Gbps (SStatus 113 SControl 300)
ata1.00: ATA-8: SAMSUNG HM121HI, LZ100-10, max UDMA7
ata1.00: 234441648 sectors, multi 8: LBA48 NCQ (depth 31/32)
ata1.00: configured for UDMA/133
scsi 0:0:0:0: Direct-Access     ATA      SAMSUNG HM121HI  LZ10 PQ: 0 ANSI: 5
sd 0:0:0:0: [sda] 234441648 512-byte hardware sectors: (120 GB/111 GiB)
sd 0:0:0:0: [sda] Write Protect is off
sd 0:0:0:0: [sda] Mode Sense: 00 3a 00 00
sd 0:0:0:0: [sda] Write cache: enabled, read cache: enabled, doesn't support DPO or FUA
sd 0:0:0:0: [sda] 234441648 512-byte hardware sectors: (120 GB/111 GiB)
sd 0:0:0:0: [sda] Write Protect is off
sd 0:0:0:0: [sda] Mode Sense: 00 3a 00 00
sd 0:0:0:0: [sda] Write cache: enabled, read cache: enabled, doesn't support DPO or FUA
 sda: sda1 sda2 sda3 < sda5 sda6 >
sd 0:0:0:0: [sda] Attached SCSI disk
ata3: SATA link down (SStatus 0 SControl 300)
ehci_hcd: USB 2.0 'Enhanced' Host Controller (EHCI) Driver
ehci_hcd 0000:00:1a.7: PCI INT C -> GSI 22 (level, low) -> IRQ 22
ehci_hcd 0000:00:1a.7: setting latency timer to 64
ehci_hcd 0000:00:1a.7: EHCI Host Controller
ehci_hcd 0000:00:1a.7: new USB bus registered, assigned bus number 1
ehci_hcd 0000:00:1a.7: debug port 1
ehci_hcd 0000:00:1a.7: cache line size of 32 is not supported
ehci_hcd 0000:00:1a.7: irq 22, io mem 0xfed1c400
ehci_hcd 0000:00:1a.7: USB 2.0 started, EHCI 1.00
usb usb1: configuration #1 chosen from 1 choice
hub 1-0:1.0: USB hub found
hub 1-0:1.0: 4 ports detected
ehci_hcd 0000:00:1d.7: PCI INT A -> GSI 20 (level, low) -> IRQ 20
ehci_hcd 0000:00:1d.7: setting latency timer to 64
ehci_hcd 0000:00:1d.7: EHCI Host Controller
ehci_hcd 0000:00:1d.7: new USB bus registered, assigned bus number 2
ehci_hcd 0000:00:1d.7: debug port 1
ehci_hcd 0000:00:1d.7: cache line size of 32 is not supported
ehci_hcd 0000:00:1d.7: irq 20, io mem 0xfed1c000
ehci_hcd 0000:00:1d.7: USB 2.0 started, EHCI 1.00
usb usb2: configuration #1 chosen from 1 choice
hub 2-0:1.0: USB hub found
hub 2-0:1.0: 6 ports detected
uhci_hcd: USB Universal Host Controller Interface driver
uhci_hcd 0000:00:1a.0: PCI INT A -> GSI 20 (level, low) -> IRQ 20
uhci_hcd 0000:00:1a.0: setting latency timer to 64
uhci_hcd 0000:00:1a.0: UHCI Host Controller
uhci_hcd 0000:00:1a.0: new USB bus registered, assigned bus number 3
uhci_hcd 0000:00:1a.0: irq 20, io base 0x00006f20
usb usb3: configuration #1 chosen from 1 choice
hub 3-0:1.0: USB hub found
hub 3-0:1.0: 2 ports detected
uhci_hcd 0000:00:1a.1: PCI INT B -> GSI 21 (level, low) -> IRQ 21
uhci_hcd 0000:00:1a.1: setting latency timer to 64
uhci_hcd 0000:00:1a.1: UHCI Host Controller
uhci_hcd 0000:00:1a.1: new USB bus registered, assigned bus number 4
uhci_hcd 0000:00:1a.1: irq 21, io base 0x00006f00
usb usb4: configuration #1 chosen from 1 choice
hub 4-0:1.0: USB hub found
hub 4-0:1.0: 2 ports detected
uhci_hcd 0000:00:1d.0: PCI INT A -> GSI 20 (level, low) -> IRQ 20
uhci_hcd 0000:00:1d.0: setting latency timer to 64
uhci_hcd 0000:00:1d.0: UHCI Host Controller
uhci_hcd 0000:00:1d.0: new USB bus registered, assigned bus number 5
uhci_hcd 0000:00:1d.0: irq 20, io base 0x00006f80
usb usb5: configuration #1 chosen from 1 choice
hub 5-0:1.0: USB hub found
hub 5-0:1.0: 2 ports detected
uhci_hcd 0000:00:1d.1: PCI INT B -> GSI 21 (level, low) -> IRQ 21
uhci_hcd 0000:00:1d.1: setting latency timer to 64
uhci_hcd 0000:00:1d.1: UHCI Host Controller
uhci_hcd 0000:00:1d.1: new USB bus registered, assigned bus number 6
uhci_hcd 0000:00:1d.1: irq 21, io base 0x00006f60
usb usb6: configuration #1 chosen from 1 choice
hub 6-0:1.0: USB hub found
hub 6-0:1.0: 2 ports detected
uhci_hcd 0000:00:1d.2: PCI INT C -> GSI 22 (level, low) -> IRQ 22
uhci_hcd 0000:00:1d.2: setting latency timer to 64
uhci_hcd 0000:00:1d.2: UHCI Host Controller
uhci_hcd 0000:00:1d.2: new USB bus registered, assigned bus number 7
uhci_hcd 0000:00:1d.2: irq 22, io base 0x00006f40
usb usb7: configuration #1 chosen from 1 choice
hub 7-0:1.0: USB hub found
hub 7-0:1.0: 2 ports detected
Initializing USB Mass Storage driver...
usbcore: registered new interface driver usb-storage
USB Mass Storage support registered.
usbcore: registered new interface driver usbserial
usbserial: USB Serial Driver core
USB Serial support registered for Handspring Visor / Palm OS
USB Serial support registered for Sony Clie 3.5
USB Serial support registered for Sony Clie 5.0
usbcore: registered new interface driver visor
visor: USB HandSpring Visor / Palm OS driver
PNP: PS/2 Controller [PNP0303:KBC,PNP0f13:PS2M] at 0x60,0x64 irq 1,12
serio: i8042 KBD port at 0x60,0x64 irq 1
serio: i8042 AUX port at 0x60,0x64 irq 12
mice: PS/2 mouse device common for all mice
input: PC Speaker as /devices/platform/pcspkr/input/input3
input: AT Translated Set 2 keyboard as /devices/platform/i8042/serio0/input/input4
rtc_cmos 00:03: RTC can wake from S4
rtc_cmos 00:03: rtc core: registered rtc_cmos as rtc0
rtc0: alarms up to one month, y3k, 114 bytes nvram, hpet irqs
cpuidle: using governor ladder
sdhci: Secure Digital Host Controller Interface driver
sdhci: Copyright(c) Pierre Ossman
sdhci-pci 0000:03:01.1: SDHCI controller found [1180:0822] (rev 22)
sdhci-pci 0000:03:01.1: PCI INT B -> GSI 18 (level, low) -> IRQ 18
mmc0: SDHCI controller on PCI [0000:03:01.1] using DMA
Marking TSC unstable due to TSC halts in idle
usbcore: registered new interface driver hiddev
usbcore: registered new interface driver usbhid
usbhid: v2.6:USB HID core driver
Advanced Linux Sound Architecture Driver Version 1.0.18a.
HDA Intel 0000:00:1b.0: PCI INT A -> GSI 21 (level, low) -> IRQ 21
HDA Intel 0000:00:1b.0: setting latency timer to 64
input: HDA Digital PCBeep as /devices/pci0000:00/0000:00:1b.0/input/input5
usb 2-6: new high speed USB device using ehci_hcd and address 2
usb 2-6: configuration #1 chosen from 1 choice
input: HDA Intel Mic at Ext Front Jack as /devices/pci0000:00/0000:00:1b.0/input/input6
input: HDA Intel HP Out at Ext Front Jack as /devices/pci0000:00/0000:00:1b.0/input/input7
input: HDA Intel HP Out at Ext Front Jack as /devices/pci0000:00/0000:00:1b.0/input/input8
ALSA device list:
  #0: HDA Intel at 0xf6ffc000 irq 21
TCP cubic registered
NET: Registered protocol family 17
Clocksource tsc unstable (delta = -215558766 ns)
Synaptics Touchpad, model: 1, fw: 6.3, id: 0x1c0b1, caps: 0xa04753/0x200000
input: SynPS/2 Synaptics TouchPad as /devices/platform/i8042/serio1/input/input9
kjournald starting.  Commit interval 5 seconds
EXT3-fs: mounted filesystem with ordered data mode.
VFS: Mounted root (ext3 filesystem) readonly on device 8:5.
Freeing unused kernel memory: 304k freed
EXT3 FS on sda5, internal journal
NTFS volume version 3.1.
b43 ssb0:0: firmware: requesting b43/ucode5.fw
b43 ssb0:0: firmware: requesting b43/pcm5.fw
b43 ssb0:0: firmware: requesting b43/b0g0initvals5.fw
b43 ssb0:0: firmware: requesting b43/b0g0bsinitvals5.fw
b43-phy0: Loading firmware version 410.2160 (2007-05-26 15:32:10)
b43-phy0 debug: Chip initialized
b43-phy0 debug: 32-bit DMA initialized
b43-phy0 debug: Wireless interface started
b43-phy0 debug: Adding Interface type 2
b43-phy0: Radio turned on by software
wlan0: authenticate with AP 00:13:5f:55:d3:c0
wlan0: authenticated
wlan0: associate with AP 00:13:5f:55:d3:c0
wlan0: RX AssocResp from 00:13:5f:55:d3:c0 (capab=0x421 status=0 aid=93)
wlan0: associated

From facorread at gmail.com  Fri Jul  3 00:08:03 2009
From: facorread at gmail.com (Fabio A. Correa)
Date: Thu, 2 Jul 2009 17:08:03 -0500
Subject: b43: does not connect with essid=any
In-Reply-To: <20090702215833.GA16327@math.berkeley.edu>
References: <20090702214824.GA16277@math.berkeley.edu>
	<20090702215833.GA16327@math.berkeley.edu>
Message-ID: <ec2083b20907021508g41a95ba5xbacd6ff778d629b3@mail.gmail.com>

Hello Paul, we are into the same issue with the 4311 card. Please
check the thread

"4311 not detected at all"

which is available in the Archives:

http://lists.berlios.de/pipermail/bcm43xx-dev/2009-June/thread.html#8981
https://lists.berlios.de/pipermail/bcm43xx-dev/2009-July/thread.html#9025

Maybe you also forgot to ad the b43 RFKILL button support in the kernel.

2009/7/2 Paul Vojta <vojta at math.berkeley.edu>:
> Oops, I forgot to attach the files.
>
> --Paul Vojta
>
>
> On Thu, Jul 02, 2009 at 02:48:24PM -0700, Paul Vojta wrote:
>> Folks:
>>
>> In recent kernels (2.6.30 and 2.6.31-rc1-git8, but not 2.6.29) I am no longer
>> able to connect to a wireless access point with essid=any. ?...
>
> _______________________________________________
> Bcm43xx-dev mailing list
> Bcm43xx-dev at lists.berlios.de
> https://lists.berlios.de/mailman/listinfo/bcm43xx-dev

-- 
Fabio Andr?s Correa Dur?n
http://facorread.150m.com


From vojta at math.berkeley.edu  Thu Jul  2 23:48:24 2009
From: vojta at math.berkeley.edu (Paul Vojta)
Date: Thu, 2 Jul 2009 14:48:24 -0700
Subject: b43: does not connect with essid=any
Message-ID: <20090702214824.GA16277@math.berkeley.edu>

Folks:

In recent kernels (2.6.30 and 2.6.31-rc1-git8, but not 2.6.29) I am no longer
able to connect to a wireless access point with essid=any.  Instead, I get
"No DHCPOFFERS received."

I have attached outputs from uname -a, lspci ..., and dmesg for 2.6.30
(where the bug occurs) and 2.6.29 (where the connection was successful).

Authentication on the wlan is by starting up a browser and getting redirected
to a login page (which I can't do under 2.6.30 because I never connect).

How to reproduce:  Set essid=any and try to connect to an access point.

I have read the bug-reporting instructions at
http://linuxwireless.org/en/users/Drivers/b43#bug_reporting and
believe that I've answered the questions to the best of my ability
(except that I'm not sure what a bisection is...).

I am using Debian unstable, but compile the kernels myself, using sources
from kernel.org (I've patched one of the sound drivers, but that shouldn't
affect b43).

I am using the same (Debian) user-space tools in each case.  I connect
using "sudo ifup wlan0", with the stanza

	iface wlan0 inet dhcp
		wireless-essid any

in /etc/network/interfaces.

Your help would be much appreciated.

Sincerely,


Paul Vojta
vojta at math.berkeley.edu


From vojta at math.berkeley.edu  Fri Jul  3 01:23:54 2009
From: vojta at math.berkeley.edu (Paul Vojta)
Date: Thu, 2 Jul 2009 16:23:54 -0700
Subject: b43: does not connect with essid=any
In-Reply-To: <ec2083b20907021508g41a95ba5xbacd6ff778d629b3@mail.gmail.com>
References: <20090702214824.GA16277@math.berkeley.edu>
	<20090702215833.GA16327@math.berkeley.edu>
	<ec2083b20907021508g41a95ba5xbacd6ff778d629b3@mail.gmail.com>
Message-ID: <20090702232354.GA2519@math.berkeley.edu>

Fabio:

I recompiled with RFKILL and RFKILL_INPUT ... same results.

It doesn't seem to be the same problem as you are experiencing.  In my
case the kernel recognizes the 4311 chip.

In fact (and I forgot to mention this) I am able to connect if I explicitly
give the essid.  I'm doing it right now.

--Paul Vojta, vojta at math.berkeley.edu


On Thu, Jul 02, 2009 at 05:08:03PM -0500, Fabio A. Correa wrote:
> Hello Paul, we are into the same issue with the 4311 card. Please
> check the thread
> 
> "4311 not detected at all"
> 
> which is available in the Archives:
> 
> http://lists.berlios.de/pipermail/bcm43xx-dev/2009-June/thread.html#8981
> https://lists.berlios.de/pipermail/bcm43xx-dev/2009-July/thread.html#9025
> 
> Maybe you also forgot to ad the b43 RFKILL button support in the kernel.
> 
> 2009/7/2 Paul Vojta <vojta at math.berkeley.edu>:
> > Oops, I forgot to attach the files.
> >
> > --Paul Vojta
> >
> >
> > On Thu, Jul 02, 2009 at 02:48:24PM -0700, Paul Vojta wrote:
> >> Folks:
> >>
> >> In recent kernels (2.6.30 and 2.6.31-rc1-git8, but not 2.6.29) I am no longer
> >> able to connect to a wireless access point with essid=any. ?...


From facorread at gmail.com  Fri Jul  3 01:48:43 2009
From: facorread at gmail.com (Fabio A. Correa)
Date: Thu, 2 Jul 2009 18:48:43 -0500
Subject: b43: does not connect with essid=any
In-Reply-To: <20090702232354.GA2519@math.berkeley.edu>
References: <20090702214824.GA16277@math.berkeley.edu>
	<20090702215833.GA16327@math.berkeley.edu>
	<ec2083b20907021508g41a95ba5xbacd6ff778d629b3@mail.gmail.com>
	<20090702232354.GA2519@math.berkeley.edu>
Message-ID: <ec2083b20907021648k542cc8b3p7e86d0569628dbfb@mail.gmail.com>

2009/7/2 Paul Vojta <vojta at math.berkeley.edu>:
> I recompiled with RFKILL and RFKILL_INPUT ... same results.
>
> It doesn't seem to be the same problem as you are experiencing. ?In my
> case the kernel recognizes the 4311 chip.
>
> In fact (and I forgot to mention this) I am able to connect if I explicitly
> give the essid. ?I'm doing it right now.

You are right. our problems are different, because I was unable to
connect to my open network, even without explicit ssid, bssid.

Would yo do a great favor to me? Send me your .config and your
wpa_supplicant.conf (without the passwords, of course); I would love
to connect just as you do. Thank you very much.


From facorread at gmail.com  Fri Jul  3 16:06:30 2009
From: facorread at gmail.com (Fabio A. Correa)
Date: Fri, 3 Jul 2009 09:06:30 -0500
Subject: b43: does not connect with essid=any
In-Reply-To: <ec2083b20907021648k542cc8b3p7e86d0569628dbfb@mail.gmail.com>
References: <20090702214824.GA16277@math.berkeley.edu>
	<20090702215833.GA16327@math.berkeley.edu>
	<ec2083b20907021508g41a95ba5xbacd6ff778d629b3@mail.gmail.com>
	<20090702232354.GA2519@math.berkeley.edu>
	<ec2083b20907021648k542cc8b3p7e86d0569628dbfb@mail.gmail.com>
Message-ID: <ec2083b20907030706o2ee30310yff9c62c62617c1ad@mail.gmail.com>

In the .config file you sent me I realize your RFKILL button is not
enabled to work with the b43 driver.

In order to work with it, I recommend you enable the following setting
in the 2.6.30 kernel configuration program (make menuconfig, make
gconfig, etc):

-> Device Drivers
    -> Input device support
        -> Generic input layer (needed for keyboard, mouse, ...)
            -> Polled input device skeleton

You can read about the B43_RFKILL symbol in
drivers/net/wireless/b43/Kconfig:104. In order to check tat B43_RFKILL
is enabled, you can use

grep B43_RFKILL /boot/config

Also, please send me your /etc/network/interfaces (without your
passwords). Thanks.

-- 
Fabio Andr?s Correa Dur?n
http://facorread.150m.com


From vojta at math.berkeley.edu  Sat Jul  4 00:09:55 2009
From: vojta at math.berkeley.edu (Paul Vojta)
Date: Fri, 3 Jul 2009 15:09:55 -0700
Subject: b43: does not connect with essid=any
In-Reply-To: <ec2083b20907030706o2ee30310yff9c62c62617c1ad@mail.gmail.com>
References: <20090702214824.GA16277@math.berkeley.edu>
	<20090702215833.GA16327@math.berkeley.edu>
	<ec2083b20907021508g41a95ba5xbacd6ff778d629b3@mail.gmail.com>
	<20090702232354.GA2519@math.berkeley.edu>
	<ec2083b20907021648k542cc8b3p7e86d0569628dbfb@mail.gmail.com>
	<ec2083b20907030706o2ee30310yff9c62c62617c1ad@mail.gmail.com>
Message-ID: <20090703220955.GB2597@math.berkeley.edu>

On Fri, Jul 03, 2009 at 09:06:30AM -0500, Fabio A. Correa wrote:
> In the .config file you sent me I realize your RFKILL button is not
> enabled to work with the b43 driver.
> 
> In order to work with it, I recommend you enable the following setting
> in the 2.6.30 kernel configuration program (make menuconfig, make
> gconfig, etc):
> 
> -> Device Drivers
>     -> Input device support
>         -> Generic input layer (needed for keyboard, mouse, ...)
>             -> Polled input device skeleton
> 
> You can read about the B43_RFKILL symbol in
> drivers/net/wireless/b43/Kconfig:104. In order to check tat B43_RFKILL
> is enabled, you can use
> 
> grep B43_RFKILL /boot/config
> 
> Also, please send me your /etc/network/interfaces (without your
> passwords). Thanks.

I've set it now.

It seems to fix the problem in the coffee shop, but not in my office.
(I'm surprised it fixes anything -- doesn't it pertain mostly to the
wifi switch on the side of my laptop?)

--Paul


From zajec5polish at gmail.com  Tue Jul  7 15:09:51 2009
From: zajec5polish at gmail.com (=?UTF-8?B?UmFmYcWCIE1pxYJlY2tp?=)
Date: Tue, 7 Jul 2009 15:09:51 +0200
Subject: Ask for help about openChrome killing Broadcom
Message-ID: <14b026160907070609t155bd5bcl5f356b275140a2a@mail.gmail.com>

Last time we ended with discovering it's openChrome register operation
that affects Broadcom's PCI bus. The most obvious was we have bug
causing writing over our pci region. Problem is quite well described
in http://www.openchrome.org/trac/ticket/288

We were able to discover exact part of driver causing this problem.
It's about writing to our 0x2A register. That's well documented in one
comment: http://www.openchrome.org/trac/ticket/288#comment:20 and
confirmed by some patches disabling 0x2A writing that are known to
workaround it.

Problem is that 0x2A doesn't seem to be anything outside our pci
region. We do many other operations on even higher ports (from 0x00 up
to 0x4C) and it doesn't seem to break anything.

Do you have any idea what can be wrong with this 0x2A? I can't imagine
any connection between GPU and WiFi done on purpose. Can that just
mean broken motherboard by design? Or maybe some BIOS issue?

As far as I know this happens only on very one notebook model, that is
HP 2133 (but many cases confirmed that, it's not just one broken
case).

I know it's not really your business, but any help/tips would be appreciated.

-- 
Rafa? Mi?ecki


From mb at bu3sch.de  Tue Jul  7 15:17:15 2009
From: mb at bu3sch.de (Michael Buesch)
Date: Tue, 7 Jul 2009 15:17:15 +0200
Subject: Ask for help about openChrome killing Broadcom
In-Reply-To: <14b026160907070609t155bd5bcl5f356b275140a2a@mail.gmail.com>
References: <14b026160907070609t155bd5bcl5f356b275140a2a@mail.gmail.com>
Message-ID: <200907071517.15809.mb@bu3sch.de>

On Tuesday 07 July 2009 15:09:51 Rafa? Mi?ecki wrote:
> Last time we ended with discovering it's openChrome register operation
> that affects Broadcom's PCI bus. The most obvious was we have bug
> causing writing over our pci region. Problem is quite well described
> in http://www.openchrome.org/trac/ticket/288
> 
> We were able to discover exact part of driver causing this problem.
> It's about writing to our 0x2A register. That's well documented in one
> comment: http://www.openchrome.org/trac/ticket/288#comment:20 and
> confirmed by some patches disabling 0x2A writing that are known to
> workaround it.
> 
> Problem is that 0x2A doesn't seem to be anything outside our pci
> region. We do many other operations on even higher ports (from 0x00 up
> to 0x4C) and it doesn't seem to break anything.
> 
> Do you have any idea what can be wrong with this 0x2A? I can't imagine
> any connection between GPU and WiFi done on purpose. Can that just
> mean broken motherboard by design? Or maybe some BIOS issue?
> 
> As far as I know this happens only on very one notebook model, that is
> HP 2133 (but many cases confirmed that, it's not just one broken
> case).
> 
> I know it's not really your business, but any help/tips would be appreciated.
> 

Your register accesses seem to be indirect:
	root at mini:> inb 0x3C4 #check which register is active
	0x00
	root at mini:> outb 0x3C4 0x2a #i want to acess register 2A
Can you explain how the register access works exactly? Is this MMIO or is this
