<!DOCTYPE HTML PUBLIC "-//W3C//DTD HTML 4.01 Transitional//EN">
<HTML>
 <HEAD>
   <TITLE> [Works for me] Broadcom 4318 [NO QUESTIONS][LONG]
   </TITLE>
   <LINK REL="Index" HREF="http://lists.berlios.de/pipermail/bcm43xx-dev/2007-December/index.html" >
   <LINK REL="made" HREF="mailto:bcm43xx-dev%40lists.berlios.de?Subject=Re%3A%20%5BWorks%20for%20me%5D%20Broadcom%204318%20%5BNO%20QUESTIONS%5D%5BLONG%5D&In-Reply-To=%3C4759B27C.4030101%40poczta.onet.pl%3E">
   <META NAME="robots" CONTENT="index,nofollow">
   <style type="text/css">
       pre {
           white-space: pre-wrap;       /* css-2.1, curent FF, Opera, Safari */
           }
   </style>
   <META http-equiv="Content-Type" content="text/html; charset=us-ascii">
   <LINK REL="Previous"  HREF="002980.html">
   <LINK REL="Next"  HREF="002981.html">
 </HEAD>
 <BODY BGCOLOR="#ffffff">
   <H1>[Works for me] Broadcom 4318 [NO QUESTIONS][LONG]</H1>
    <B>Lukasz Sokol</B> 
    <A HREF="mailto:bcm43xx-dev%40lists.berlios.de?Subject=Re%3A%20%5BWorks%20for%20me%5D%20Broadcom%204318%20%5BNO%20QUESTIONS%5D%5BLONG%5D&In-Reply-To=%3C4759B27C.4030101%40poczta.onet.pl%3E"
       TITLE="[Works for me] Broadcom 4318 [NO QUESTIONS][LONG]">el_es at poczta.onet.pl
       </A><BR>
    <I>Fri Dec  7 21:52:12 CET 2007</I>
    <P><UL>
        <LI>Previous message: <A HREF="002980.html">[Works for me] Broadcom 4318 [NO QUESTIONS]
</A></li>
        <LI>Next message: <A HREF="002981.html">b43 seemingly broken with Fedora (2.6.23.8-63.fc8) kernel
</A></li>
         <LI> <B>Messages sorted by:</B> 
              <a href="date.html#2984">[ date ]</a>
              <a href="thread.html#2984">[ thread ]</a>
              <a href="subject.html#2984">[ subject ]</a>
              <a href="author.html#2984">[ author ]</a>
         </LI>
       </UL>
    <HR>  
<!--beginarticle-->
<PRE>Lukasz Sokol pisze:
&gt;<i> Hello,
</I>&gt;<i> I've been subscribed to this group since this april, and I'm here to 
</I>&gt;<i> report, that my laptop wireless card works - it is a 4318 as in topic
</I>&gt;<i>
</I>&gt;<i> Now, I know the bcm43xx driver is deprecated, but this is what I've done 
</I>&gt;<i> to turn it on and get it going under Ubuntu Gutsy (7.10).
</I>&gt;<i>
</I>&gt;<i> My laptop is an Acer 3023WLMi, and it only has a softswitch for 
</I>&gt;<i> wireless; Therefore I used
</I>&gt;<i>
</I>&gt;<i> sudo modprobe bcm43xx bad_frames_preempt=1 // did not want to work 
</I>&gt;<i> without this, could not associate/get DHCP address
</I>&gt;<i> sudo modprobe acerhk wlan_state=1 autowlan=1 // this is to assume the 
</I>&gt;<i> state of wlan hardware and to force it on on load
</I>&gt;<i>
</I>&gt;<i> and added these commands (in this order) to /etc/modules;
</I>&gt;<i>
</I>&gt;<i> I know that the bcm43xx is deprecated, and I won't bother you with 
</I>&gt;<i> questions about it; only bad thing I experience now is that the dmesg is 
</I>&gt;<i> overfilled with messages stating that authenticate has failed, followed 
</I>&gt;<i> by printk telling me that some of them were suppressed;
</I>&gt;<i> Don't remember really the exact one (unless somebody is interested), but 
</I>&gt;<i> as I said as long as it works, I'm not bothered, I can live with that.
</I>&gt;<i>
</I>&gt;<i> The other thing I experience is a Network Manager issue (I need to enter 
</I>&gt;<i> the network name over and over again...) so it is not for this list :)
</I>&gt;<i>
</I>&gt;<i> Anyway, I just wanted to express my joy of using my laptop under Linux 
</I>&gt;<i> (thou I write this letter from under Windows ;)) thanks to everybody 
</I>&gt;<i> involved in this project :)
</I>&gt;<i>
</I>&gt;<i> Keep up the good work :)
</I>&gt;<i> As soon as I will catch up with Ubuntu build system, I'm gonna switch to 
</I>&gt;<i> b43 and post my findings (which might not be soon, anyway, as IANAP ;) )
</I>&gt;<i>
</I>&gt;<i> Regards,
</I>&gt;<i> Lukasz Sokol
</I>&gt;<i> _______________________________________________
</I>&gt;<i> Bcm43xx-dev mailing list
</I>&gt;<i> <A HREF="https://lists.berlios.de/mailman/listinfo/bcm43xx-dev">Bcm43xx-dev at lists.berlios.de</A>
</I>&gt;<i> <A HREF="https://lists.berlios.de/mailman/listinfo/bcm43xx-dev">https://lists.berlios.de/mailman/listinfo/bcm43xx-dev</A>
</I>&gt;<i>
</I>&gt;<i>   
</I>There, if anyone cares : my syslog is clogged with messages like:

Dec  7 20:42:14 lukasz-laptop kernel: [ 2176.388000] printk: 94 messages 
suppressed.
Dec  7 20:42:14 lukasz-laptop kernel: [ 2176.388000] CCMP: decrypt 
failed: STA=00:14:6c:aa:aa:3a
Dec  7 20:42:19 lukasz-laptop kernel: [ 2181.244000] printk: 271 
messages suppressed.
Dec  7 20:42:19 lukasz-laptop kernel: [ 2181.244000] CCMP: decrypt 
failed: STA=00:16:e3:03:41:fd

and they seem to grow quite fast.

This is kern.log until it shows first time
(yes I use fglrx...)

I'm still catching up ;)

Regards, Lukasz.

Dec  7 20:06:22 lukasz-laptop kernel: Inspecting 
/boot/System.map-2.6.22-14-generic
Dec  7 20:06:22 lukasz-laptop kernel: Loaded 25445 symbols from 
/boot/System.map-2.6.22-14-generic.
Dec  7 20:06:22 lukasz-laptop kernel: Symbols match kernel version 2.6.22.
Dec  7 20:06:22 lukasz-laptop kernel: No module symbols loaded - kernel 
modules not enabled.
Dec  7 20:06:22 lukasz-laptop kernel: [    0.000000] Linux version 
2.6.22-14-generic (<A HREF="https://lists.berlios.de/mailman/listinfo/bcm43xx-dev">buildd at palmer</A>) (gcc version 4.1.3 20070929 
(prerelease) (Ubuntu 4.1.2-16ubuntu2)) #1 SMP Sun Oct 14 23:05:12 GMT 
2007 (Ubuntu 2.6.22-14.46-generic)
Dec  7 20:06:22 lukasz-laptop kernel: [    0.000000] BIOS-provided 
physical RAM map:
Dec  7 20:06:22 lukasz-laptop kernel: [    0.000000]  BIOS-e820: 
0000000000000000 - 000000000009b800 (usable)
Dec  7 20:06:22 lukasz-laptop kernel: [    0.000000]  BIOS-e820: 
000000000009b800 - 00000000000a0000 (reserved)
Dec  7 20:06:22 lukasz-laptop kernel: [    0.000000]  BIOS-e820: 
00000000000d0000 - 0000000000100000 (reserved)
Dec  7 20:06:22 lukasz-laptop kernel: [    0.000000]  BIOS-e820: 
0000000000100000 - 000000001fea0000 (usable)
Dec  7 20:06:22 lukasz-laptop kernel: [    0.000000]  BIOS-e820: 
000000001fea0000 - 000000001feae000 (ACPI data)
Dec  7 20:06:22 lukasz-laptop kernel: [    0.000000]  BIOS-e820: 
000000001feae000 - 000000001ff00000 (ACPI NVS)
Dec  7 20:06:22 lukasz-laptop kernel: [    0.000000]  BIOS-e820: 
000000001ff00000 - 0000000020000000 (reserved)
Dec  7 20:06:22 lukasz-laptop kernel: [    0.000000]  BIOS-e820: 
00000000fec00000 - 00000000fec10000 (reserved)
Dec  7 20:06:22 lukasz-laptop kernel: [    0.000000]  BIOS-e820: 
00000000fee00000 - 00000000fee01000 (reserved)
Dec  7 20:06:22 lukasz-laptop kernel: [    0.000000]  BIOS-e820: 
00000000fff80000 - 0000000100000000 (reserved)
Dec  7 20:06:22 lukasz-laptop kernel: [    0.000000] 0MB HIGHMEM available.
Dec  7 20:06:22 lukasz-laptop kernel: [    0.000000] 510MB LOWMEM available.
Dec  7 20:06:22 lukasz-laptop kernel: [    0.000000] found SMP MP-table 
at 000f6df0
Dec  7 20:06:22 lukasz-laptop kernel: [    0.000000] Entering 
add_active_range(0, 0, 130720) 0 entries of 256 used
Dec  7 20:06:22 lukasz-laptop kernel: [    0.000000] Zone PFN ranges:
Dec  7 20:06:22 lukasz-laptop kernel: [    0.000000]   DMA             0 
-&gt;     4096
Dec  7 20:06:22 lukasz-laptop kernel: [    0.000000]   Normal       4096 
-&gt;   130720
Dec  7 20:06:22 lukasz-laptop kernel: [    0.000000]   HighMem    130720 
-&gt;   130720
Dec  7 20:06:22 lukasz-laptop kernel: [    0.000000] early_node_map[1] 
active PFN ranges
Dec  7 20:06:22 lukasz-laptop kernel: [    0.000000]     0:        0 
-&gt;   130720
Dec  7 20:06:22 lukasz-laptop kernel: [    0.000000] On node 0 
totalpages: 130720
Dec  7 20:06:22 lukasz-laptop kernel: [    0.000000]   DMA zone: 32 
pages used for memmap
Dec  7 20:06:22 lukasz-laptop kernel: [    0.000000]   DMA zone: 0 pages 
reserved
Dec  7 20:06:22 lukasz-laptop kernel: [    0.000000]   DMA zone: 4064 
pages, LIFO batch:0
Dec  7 20:06:22 lukasz-laptop kernel: [    0.000000]   Normal zone: 989 
pages used for memmap
Dec  7 20:06:22 lukasz-laptop kernel: [    0.000000]   Normal zone: 
125635 pages, LIFO batch:31
Dec  7 20:06:22 lukasz-laptop kernel: [    0.000000]   HighMem zone: 0 
pages used for memmap
Dec  7 20:06:22 lukasz-laptop kernel: [    0.000000] DMI 2.3 present.
Dec  7 20:06:22 lukasz-laptop kernel: [    0.000000] ACPI: RSDP 
signature @ 0xC00F6DC0 checksum 0
Dec  7 20:06:22 lukasz-laptop kernel: [    0.000000] ACPI: RSDP 
000F6DC0, 0014 (r0 PTLTD )
Dec  7 20:06:22 lukasz-laptop kernel: [    0.000000] ACPI: RSDT 
1FEA836C, 0034 (r1 PTLTD    RSDT    6040000  LTP        0)
Dec  7 20:06:22 lukasz-laptop kernel: [    0.000000] ACPI: FACP 
1FEADE20, 0074 (r1 ATI    Piranha   6040000 ATI     F4240)
Dec  7 20:06:22 lukasz-laptop kernel: [    0.000000] ACPI: DSDT 
1FEA83A0, 5A80 (r1    ATI    SB400  6040000 MSFT  100000E)
Dec  7 20:06:22 lukasz-laptop kernel: [    0.000000] ACPI: FACS 
1FEAEFC0, 0040
Dec  7 20:06:22 lukasz-laptop kernel: [    0.000000] ACPI: SSDT 
1FEADE94, 00D6 (r1 PTLTD  POWERNOW  6040000  LTP        1)
Dec  7 20:06:22 lukasz-laptop kernel: [    0.000000] ACPI: APIC 
1FEADF6A, 005A (r1 PTLTD  ^I APIC    6040000  LTP        0)
Dec  7 20:06:22 lukasz-laptop kernel: [    0.000000] ACPI: MCFG 
1FEADFC4, 003C (r1 PTLTD    MCFG    6040000  LTP        0)
Dec  7 20:06:22 lukasz-laptop kernel: [    0.000000] ATI board detected. 
Disabling timer routing over 8254.
Dec  7 20:06:22 lukasz-laptop kernel: [    0.000000] ACPI: PM-Timer IO 
Port: 0x8008
Dec  7 20:06:22 lukasz-laptop kernel: [    0.000000] ACPI: Local APIC 
address 0xfee00000
Dec  7 20:06:22 lukasz-laptop kernel: [    0.000000] ACPI: LAPIC 
(acpi_id[0x00] lapic_id[0x00] enabled)
Dec  7 20:06:22 lukasz-laptop kernel: [    0.000000] Processor #0 15:12 
APIC version 16
Dec  7 20:06:22 lukasz-laptop kernel: [    0.000000] ACPI: LAPIC_NMI 
(acpi_id[0x00] high edge lint[0x1])
Dec  7 20:06:22 lukasz-laptop kernel: [    0.000000] ACPI: IOAPIC 
(id[0x01] address[0xfec00000] gsi_base[0])
Dec  7 20:06:22 lukasz-laptop kernel: [    0.000000] IOAPIC[0]: apic_id 
1, version 33, address 0xfec00000, GSI 0-23
Dec  7 20:06:22 lukasz-laptop kernel: [    0.000000] ACPI: INT_SRC_OVR 
(bus 0 bus_irq 0 global_irq 2 high edge)
Dec  7 20:06:22 lukasz-laptop kernel: [    0.000000] ACPI: INT_SRC_OVR 
(bus 0 bus_irq 9 global_irq 21 low level)
Dec  7 20:06:22 lukasz-laptop kernel: [    0.000000] ACPI: IRQ0 used by 
override.
Dec  7 20:06:22 lukasz-laptop kernel: [    0.000000] ACPI: IRQ2 used by 
override.
Dec  7 20:06:22 lukasz-laptop kernel: [    0.000000] Enabling APIC 
mode:  Flat.  Using 1 I/O APICs
Dec  7 20:06:22 lukasz-laptop kernel: [    0.000000] Using ACPI (MADT) 
for SMP configuration information
Dec  7 20:06:22 lukasz-laptop kernel: [    0.000000] Allocating PCI 
resources starting at 30000000 (gap: 20000000:dec00000)
Dec  7 20:06:22 lukasz-laptop kernel: [    0.000000] Built 1 zonelists.  
Total pages: 129699
Dec  7 20:06:22 lukasz-laptop kernel: [    0.000000] Kernel command 
line: root=UUID=1c730838-999c-4ae1-bd6f-a4bc819b38be ro quiet splash 
i8042.nomux ec_burst=1
Dec  7 20:06:22 lukasz-laptop kernel: [    0.000000] mapped APIC to 
ffffd000 (fee00000)
Dec  7 20:06:22 lukasz-laptop kernel: [    0.000000] mapped IOAPIC to 
ffffc000 (fec00000)
Dec  7 20:06:22 lukasz-laptop kernel: [    0.000000] Enabling fast FPU 
save and restore... done.
Dec  7 20:06:22 lukasz-laptop kernel: [    0.000000] Enabling unmasked 
SIMD FPU exception support... done.
Dec  7 20:06:22 lukasz-laptop kernel: [    0.000000] Initializing CPU#0
Dec  7 20:06:22 lukasz-laptop kernel: [    0.000000] PID hash table 
entries: 2048 (order: 11, 8192 bytes)
Dec  7 20:06:22 lukasz-laptop kernel: [    0.000000] Detected 1800.081 
MHz processor.
Dec  7 20:06:22 lukasz-laptop kernel: [   11.364103] Console: colour 
VGA+ 80x25
Dec  7 20:06:22 lukasz-laptop kernel: [   11.364366] Dentry cache hash 
table entries: 65536 (order: 6, 262144 bytes)
Dec  7 20:06:22 lukasz-laptop kernel: [   11.364868] Inode-cache hash 
table entries: 32768 (order: 5, 131072 bytes)
Dec  7 20:06:22 lukasz-laptop kernel: [   11.375351] Memory: 
506876k/522880k available (2015k kernel code, 15436k reserved, 916k 
data, 364k init, 0k highmem)
Dec  7 20:06:22 lukasz-laptop kernel: [   11.375363] virtual kernel 
memory layout:
Dec  7 20:06:22 lukasz-laptop kernel: [   11.375364]     fixmap  : 
0xfff4d000 - 0xfffff000   ( 712 kB)
Dec  7 20:06:22 lukasz-laptop kernel: [   11.375365]     pkmap   : 
0xff800000 - 0xffc00000   (4096 kB)
Dec  7 20:06:22 lukasz-laptop kernel: [   11.375367]     vmalloc : 
0xe0800000 - 0xff7fe000   ( 495 MB)
Dec  7 20:06:22 lukasz-laptop kernel: [   11.375368]     lowmem  : 
0xc0000000 - 0xdfea0000   ( 510 MB)
Dec  7 20:06:22 lukasz-laptop kernel: [   11.375369]       .init : 
0xc03e3000 - 0xc043e000   ( 364 kB)
Dec  7 20:06:22 lukasz-laptop kernel: [   11.375371]       .data : 
0xc02f7d26 - 0xc03dce84   ( 916 kB)
Dec  7 20:06:22 lukasz-laptop kernel: [   11.375372]       .text : 
0xc0100000 - 0xc02f7d26   (2015 kB)
Dec  7 20:06:22 lukasz-laptop kernel: [   11.375375] Checking if this 
processor honours the WP bit even in supervisor mode... Ok.
Dec  7 20:06:22 lukasz-laptop kernel: [   11.375412] SLUB: Genslabs=22, 
HWalign=64, Order=0-1, MinObjects=4, CPUs=1, Nodes=1
Dec  7 20:06:22 lukasz-laptop kernel: [   11.455316] Calibrating delay 
using timer specific routine.. 3603.78 BogoMIPS (lpj=7207574)
Dec  7 20:06:22 lukasz-laptop kernel: [   11.455342] Security Framework 
v1.0.0 initialized
Dec  7 20:06:22 lukasz-laptop kernel: [   11.455347] SELinux:  Disabled 
at boot.
Dec  7 20:06:22 lukasz-laptop kernel: [   11.455361] Mount-cache hash 
table entries: 512
Dec  7 20:06:22 lukasz-laptop kernel: [   11.455477] CPU: After generic 
identify, caps: 078bfbff c3d3fbff 00000000 00000000 00000000 00000000 
00000001
Dec  7 20:06:22 lukasz-laptop kernel: [   11.455486] CPU: L1 I Cache: 
64K (64 bytes/line), D cache 64K (64 bytes/line)
Dec  7 20:06:22 lukasz-laptop kernel: [   11.455489] CPU: L2 Cache: 128K 
(64 bytes/line)
Dec  7 20:06:22 lukasz-laptop kernel: [   11.455492] CPU: After all 
inits, caps: 078bfbff c3d3fbff 00000000 00000410 00000000 00000000 00000001
Dec  7 20:06:22 lukasz-laptop kernel: [   11.455502] Compat vDSO mapped 
to ffffe000.
Dec  7 20:06:22 lukasz-laptop kernel: [   11.455513] Checking 'hlt' 
instruction... OK.
Dec  7 20:06:22 lukasz-laptop kernel: [   11.471425] SMP alternatives: 
switching to UP code
Dec  7 20:06:22 lukasz-laptop kernel: [   11.471645] Freeing SMP 
alternatives: 11k freed
Dec  7 20:06:22 lukasz-laptop kernel: [   11.471969] Early unpacking 
initramfs... done
Dec  7 20:06:22 lukasz-laptop kernel: [   11.791878] ACPI: Core revision 
20070126
Dec  7 20:06:22 lukasz-laptop kernel: [   11.791972] ACPI: Looking for 
DSDT in initramfs... error, file /DSDT.aml not found.
Dec  7 20:06:22 lukasz-laptop kernel: [   11.796692] CPU0: AMD Mobile 
AMD Sempron(tm) Processor 3000+ stepping 00
Dec  7 20:06:22 lukasz-laptop kernel: [   11.796713] Total of 1 
processors activated (3603.78 BogoMIPS).
Dec  7 20:06:22 lukasz-laptop kernel: [   11.796882] ENABLING IO-APIC IRQs
Dec  7 20:06:22 lukasz-laptop kernel: [   11.797078] ..TIMER: 
vector=0x31 apic1=0 pin1=2 apic2=-1 pin2=-1
Dec  7 20:06:22 lukasz-laptop kernel: [   11.836746] ..MP-BIOS bug: 8254 
timer not connected to IO-APIC
Dec  7 20:06:22 lukasz-laptop kernel: [   11.836796] ...trying to set up 
timer (IRQ0) through the 8259A ...  failed.
Dec  7 20:06:22 lukasz-laptop kernel: [   11.836799] ...trying to set up 
timer as Virtual Wire IRQ... works.
Dec  7 20:06:22 lukasz-laptop kernel: [   11.982577] Brought up 1 CPUs
Dec  7 20:06:22 lukasz-laptop kernel: [   11.982689] Booting 
paravirtualized kernel on bare hardware
Dec  7 20:06:22 lukasz-laptop kernel: [   11.982770] Time: 20:05:56  
Date: 11/07/107
Dec  7 20:06:22 lukasz-laptop kernel: [   11.982798] NET: Registered 
protocol family 16
Dec  7 20:06:22 lukasz-laptop kernel: [   11.982894] EISA bus registered
Dec  7 20:06:22 lukasz-laptop kernel: [   11.982910] ACPI: bus type pci 
registered
Dec  7 20:06:22 lukasz-laptop kernel: [   11.995394] PCI: PCI BIOS 
revision 2.10 entry at 0xfd64c, last bus=6
Dec  7 20:06:22 lukasz-laptop kernel: [   11.995396] PCI: Using 
configuration type 1
Dec  7 20:06:22 lukasz-laptop kernel: [   11.995398] Setting up standard 
PCI resources
Dec  7 20:06:22 lukasz-laptop kernel: [   11.996926] ACPI: EC: Look up 
EC in DSDT
Dec  7 20:06:22 lukasz-laptop kernel: [   11.997519] ACPI: EC: GPE=0x03, 
ports=0x66, 0x62
Dec  7 20:06:22 lukasz-laptop kernel: [   12.019346] ACPI: Interpreter 
enabled
Dec  7 20:06:22 lukasz-laptop kernel: [   12.019350] ACPI: (supports S0 
S3 S4 S5)
Dec  7 20:06:22 lukasz-laptop kernel: [   12.019363] ACPI: Using IOAPIC 
for interrupt routing
Dec  7 20:06:22 lukasz-laptop kernel: [   12.035623] ACPI: EC: GPE=0x03, 
ports=0x66, 0x62
Dec  7 20:06:22 lukasz-laptop kernel: [   12.035683] ACPI: PCI Root 
Bridge [PCI0] (0000:00)
Dec  7 20:06:22 lukasz-laptop kernel: [   12.035689] PCI: Probing PCI 
hardware (bus 00)
Dec  7 20:06:22 lukasz-laptop kernel: [   12.037221] PCI: Transparent 
bridge - 0000:00:14.4
Dec  7 20:06:22 lukasz-laptop kernel: [   12.037323] ACPI: PCI Interrupt 
Routing Table [\_SB_.PCI0._PRT]
Dec  7 20:06:22 lukasz-laptop kernel: [   12.037478] ACPI: PCI Interrupt 
Routing Table [\_SB_.PCI0.PB6_._PRT]
Dec  7 20:06:22 lukasz-laptop kernel: [   12.037579] ACPI: PCI Interrupt 
Routing Table [\_SB_.PCI0.PB7_._PRT]
Dec  7 20:06:22 lukasz-laptop kernel: [   12.037680] ACPI: PCI Interrupt 
Routing Table [\_SB_.PCI0.EXP1._PRT]
Dec  7 20:06:22 lukasz-laptop kernel: [   12.037788] ACPI: PCI Interrupt 
Routing Table [\_SB_.PCI0.P2P_._PRT]
Dec  7 20:06:22 lukasz-laptop kernel: [   12.040628] ACPI: PCI Interrupt 
Link [LNKA] (IRQs 10 11) *0, disabled.
Dec  7 20:06:22 lukasz-laptop kernel: [   12.040736] ACPI: PCI Interrupt 
Link [LNKB] (IRQs 10 11) *0, disabled.
Dec  7 20:06:22 lukasz-laptop kernel: [   12.040840] ACPI: PCI Interrupt 
Link [LNKC] (IRQs 10 11) *0, disabled.
Dec  7 20:06:22 lukasz-laptop kernel: [   12.040943] ACPI: PCI Interrupt 
Link [LNKD] (IRQs 10 11) *0, disabled.
Dec  7 20:06:22 lukasz-laptop kernel: [   12.041046] ACPI: PCI Interrupt 
Link [LNKE] (IRQs 10 11) *0, disabled.
Dec  7 20:06:22 lukasz-laptop kernel: [   12.041149] ACPI: PCI Interrupt 
Link [LNKF] (IRQs 10 11) *0, disabled.
Dec  7 20:06:22 lukasz-laptop kernel: [   12.041252] ACPI: PCI Interrupt 
Link [LNKG] (IRQs 10 11) *0, disabled.
Dec  7 20:06:22 lukasz-laptop kernel: [   12.041355] ACPI: PCI Interrupt 
Link [LNKH] (IRQs 10 11) *0, disabled.
Dec  7 20:06:22 lukasz-laptop kernel: [   12.041465] Linux Plug and Play 
Support v0.97 (c) Adam Belay
Dec  7 20:06:22 lukasz-laptop kernel: [   12.041479] pnp: PnP ACPI init
Dec  7 20:06:22 lukasz-laptop kernel: [   12.041491] ACPI: bus type pnp 
registered
Dec  7 20:06:22 lukasz-laptop kernel: [   12.050235] pnp: PnP ACPI: 
found 11 devices
Dec  7 20:06:22 lukasz-laptop kernel: [   12.050239] ACPI: ACPI bus type 
pnp unregistered
Dec  7 20:06:22 lukasz-laptop kernel: [   12.050243] PnPBIOS: Disabled 
by ACPI PNP
Dec  7 20:06:22 lukasz-laptop kernel: [   12.050296] PCI: Using ACPI for 
IRQ routing
Dec  7 20:06:22 lukasz-laptop kernel: [   12.050299] PCI: If a device 
doesn't work, try &quot;pci=routeirq&quot;.  If it helps, post a report
Dec  7 20:06:22 lukasz-laptop kernel: [   12.050306] PCI: Cannot 
allocate resource region 7 of bridge 0000:00:06.0
Dec  7 20:06:22 lukasz-laptop kernel: [   12.050356] PCI: Cannot 
allocate resource region 8 of bridge 0000:00:06.0
Dec  7 20:06:22 lukasz-laptop kernel: [   12.050403] PCI: Cannot 
allocate resource region 7 of bridge 0000:00:07.0
Dec  7 20:06:22 lukasz-laptop kernel: [   12.050484] PCI: Cannot 
allocate resource region 8 of bridge 0000:00:07.0
Dec  7 20:06:22 lukasz-laptop kernel: [   12.071370] NET: Registered 
protocol family 8
Dec  7 20:06:22 lukasz-laptop kernel: [   12.071372] NET: Registered 
protocol family 20
Dec  7 20:06:22 lukasz-laptop kernel: [   12.071464] pnp: 00:01: iomem 
range 0xe0000000-0xefffffff has been reserved
Dec  7 20:06:22 lukasz-laptop kernel: [   12.071468] pnp: 00:01: iomem 
range 0xfec00000-0xfec00fff could not be reserved
Dec  7 20:06:22 lukasz-laptop kernel: [   12.071472] pnp: 00:01: iomem 
range 0xfee00000-0xfee00fff could not be reserved
Dec  7 20:06:22 lukasz-laptop kernel: [   12.071482] pnp: 00:08: ioport 
range 0x1080-0x1080 has been reserved
Dec  7 20:06:22 lukasz-laptop kernel: [   12.071485] pnp: 00:08: ioport 
range 0x1200-0x120f has been reserved
Dec  7 20:06:22 lukasz-laptop kernel: [   12.071488] pnp: 00:08: ioport 
range 0x500-0x51f has been reserved
Dec  7 20:06:22 lukasz-laptop kernel: [   12.071491] pnp: 00:08: ioport 
range 0x40b-0x40b has been reserved
Dec  7 20:06:22 lukasz-laptop kernel: [   12.071497] pnp: 00:09: iomem 
range 0xe0000-0xfffff could not be reserved
Dec  7 20:06:22 lukasz-laptop kernel: [   12.071500] pnp: 00:09: iomem 
range 0xfff80000-0xffffffff could not be reserved
Dec  7 20:06:22 lukasz-laptop kernel: [   12.071503] pnp: 00:09: iomem 
range 0x0-0xfff could not be reserved
Dec  7 20:06:22 lukasz-laptop kernel: [   12.074405] Time: tsc 
clocksource has been installed.
Dec  7 20:06:22 lukasz-laptop kernel: [   12.101730] PCI: Bridge: 
0000:00:02.0
Dec  7 20:06:22 lukasz-laptop kernel: [   12.101732]   IO window: 9000-9fff
Dec  7 20:06:22 lukasz-laptop kernel: [   12.101736]   MEM window: 
c0100000-c01fffff
Dec  7 20:06:22 lukasz-laptop kernel: [   12.101739]   PREFETCH window: 
c8000000-cfffffff
Dec  7 20:06:22 lukasz-laptop kernel: [   12.101742] PCI: Bridge: 
0000:00:06.0
Dec  7 20:06:22 lukasz-laptop kernel: [   12.101744]   IO window: disabled.
Dec  7 20:06:22 lukasz-laptop kernel: [   12.101746]   MEM window: disabled.
Dec  7 20:06:22 lukasz-laptop kernel: [   12.101748]   PREFETCH window: 
disabled.
Dec  7 20:06:22 lukasz-laptop kernel: [   12.101751] PCI: Bridge: 
0000:00:07.0
Dec  7 20:06:22 lukasz-laptop kernel: [   12.101752]   IO window: disabled.
Dec  7 20:06:22 lukasz-laptop kernel: [   12.101755]   MEM window: disabled.
Dec  7 20:06:22 lukasz-laptop kernel: [   12.101757]   PREFETCH window: 
disabled.
Dec  7 20:06:22 lukasz-laptop kernel: [   12.101767] PCI: Bus 7, cardbus 
bridge: 0000:06:06.0
Dec  7 20:06:22 lukasz-laptop kernel: [   12.101770]   IO window: 
0000a400-0000a4ff
Dec  7 20:06:22 lukasz-laptop kernel: [   12.101775]   IO window: 
0000a800-0000a8ff
Dec  7 20:06:22 lukasz-laptop kernel: [   12.101781]   PREFETCH window: 
30000000-33ffffff
Dec  7 20:06:22 lukasz-laptop kernel: [   12.101787]   MEM window: 
38000000-3bffffff
Dec  7 20:06:22 lukasz-laptop kernel: [   12.101792] PCI: Bridge: 
0000:00:14.4
Dec  7 20:06:22 lukasz-laptop kernel: [   12.101796]   IO window: a000-afff
Dec  7 20:06:22 lukasz-laptop kernel: [   12.101802]   MEM window: 
c0200000-c02fffff
Dec  7 20:06:22 lukasz-laptop kernel: [   12.101807]   PREFETCH window: 
30000000-35ffffff
Dec  7 20:06:22 lukasz-laptop kernel: [   12.101824] PCI: Setting 
latency timer of device 0000:00:02.0 to 64
Dec  7 20:06:22 lukasz-laptop kernel: [   12.101831] PCI: Setting 
latency timer of device 0000:00:06.0 to 64
Dec  7 20:06:22 lukasz-laptop kernel: [   12.101838] PCI: Setting 
latency timer of device 0000:00:07.0 to 64
Dec  7 20:06:22 lukasz-laptop kernel: [   12.101870] ACPI: PCI Interrupt 
0000:06:06.0[A] -&gt; GSI 20 (level, low) -&gt; IRQ 16
Dec  7 20:06:22 lukasz-laptop kernel: [   12.101893] NET: Registered 
protocol family 2
Dec  7 20:06:22 lukasz-laptop kernel: [   12.138358] IP route cache hash 
table entries: 4096 (order: 2, 16384 bytes)
Dec  7 20:06:22 lukasz-laptop kernel: [   12.138410] TCP established 
hash table entries: 16384 (order: 5, 196608 bytes)
Dec  7 20:06:22 lukasz-laptop kernel: [   12.138608] TCP bind hash table 
entries: 16384 (order: 5, 131072 bytes)
Dec  7 20:06:22 lukasz-laptop kernel: [   12.138784] TCP: Hash tables 
configured (established 16384 bind 16384)
Dec  7 20:06:22 lukasz-laptop kernel: [   12.138787] TCP reno registered
Dec  7 20:06:22 lukasz-laptop kernel: [   12.150433] checking if image 
is initramfs... it is
Dec  7 20:06:22 lukasz-laptop kernel: [   12.601624] Switched to high 
resolution mode on CPU 0
Dec  7 20:06:22 lukasz-laptop kernel: [   12.779205] Freeing initrd 
memory: 7061k freed
Dec  7 20:06:22 lukasz-laptop kernel: [   12.779581] audit: initializing 
netlink socket (disabled)
Dec  7 20:06:22 lukasz-laptop kernel: [   12.779595] 
audit(1197057957.060:1): initialized
Dec  7 20:06:22 lukasz-laptop kernel: [   12.781233] VFS: Disk quotas 
dquot_6.5.1
Dec  7 20:06:22 lukasz-laptop kernel: [   12.781281] Dquot-cache hash 
table entries: 1024 (order 0, 4096 bytes)
Dec  7 20:06:22 lukasz-laptop kernel: [   12.781393] io scheduler noop 
registered
Dec  7 20:06:22 lukasz-laptop kernel: [   12.781395] io scheduler 
anticipatory registered
Dec  7 20:06:22 lukasz-laptop kernel: [   12.781397] io scheduler 
deadline registered
Dec  7 20:06:22 lukasz-laptop kernel: [   12.781413] io scheduler cfq 
registered (default)
Dec  7 20:06:22 lukasz-laptop kernel: [   12.781422] PCI: MSI quirk 
detected. MSI deactivated.
Dec  7 20:06:22 lukasz-laptop kernel: [   13.212631] Boot video device 
is 0000:01:00.0
Dec  7 20:06:22 lukasz-laptop kernel: [   13.212749] PCI: Setting 
latency timer of device 0000:00:02.0 to 64
Dec  7 20:06:22 lukasz-laptop kernel: [   13.212768] 
assign_interrupt_mode Found MSI capability
Dec  7 20:06:22 lukasz-laptop kernel: [   13.212771] Allocate Port 
Service[0000:00:02.0:pcie00]
Dec  7 20:06:22 lukasz-laptop kernel: [   13.212832] PCI: Setting 
latency timer of device 0000:00:06.0 to 64
Dec  7 20:06:22 lukasz-laptop kernel: [   13.212851] 
assign_interrupt_mode Found MSI capability
Dec  7 20:06:22 lukasz-laptop kernel: [   13.212853] Allocate Port 
Service[0000:00:06.0:pcie00]
Dec  7 20:06:22 lukasz-laptop kernel: [   13.212901] PCI: Setting 
latency timer of device 0000:00:07.0 to 64
Dec  7 20:06:22 lukasz-laptop kernel: [   13.212919] 
assign_interrupt_mode Found MSI capability
Dec  7 20:06:22 lukasz-laptop kernel: [   13.212921] Allocate Port 
Service[0000:00:07.0:pcie00]
Dec  7 20:06:22 lukasz-laptop kernel: [   13.213029] isapnp: Scanning 
for PnP cards...
Dec  7 20:06:22 lukasz-laptop kernel: [   13.567127] isapnp: No Plug &amp; 
Play device found
Dec  7 20:06:22 lukasz-laptop kernel: [   13.601096] Real Time Clock 
Driver v1.12ac
Dec  7 20:06:22 lukasz-laptop kernel: [   13.601180] Serial: 8250/16550 
driver $Revision: 1.90 $ 4 ports, IRQ sharing enabled
Dec  7 20:06:22 lukasz-laptop kernel: [   13.601523] serial8250: ttyS1 
at I/O 0x2f8 (irq = 3) is a 16550A
Dec  7 20:06:22 lukasz-laptop kernel: [   13.602165] ACPI: PCI Interrupt 
0000:00:14.6[B] -&gt; GSI 17 (level, low) -&gt; IRQ 17
Dec  7 20:06:22 lukasz-laptop kernel: [   13.602174] ACPI: PCI interrupt 
for device 0000:00:14.6 disabled
Dec  7 20:06:22 lukasz-laptop kernel: [   13.602629] RAMDISK driver 
initialized: 16 RAM disks of 65536K size 1024 blocksize
Dec  7 20:06:22 lukasz-laptop kernel: [   13.602845] input: Macintosh 
mouse button emulation as /class/input/input0
Dec  7 20:06:22 lukasz-laptop kernel: [   13.602916] PNP: PS/2 
Controller [PNP0303:PS2K,PNP0f13:PS2M] at 0x60,0x64 irq 1,12
Dec  7 20:06:22 lukasz-laptop kernel: [   13.603722] serio: i8042 KBD 
port at 0x60,0x64 irq 1
Dec  7 20:06:22 lukasz-laptop kernel: [   13.603728] serio: i8042 AUX 
port at 0x60,0x64 irq 12
Dec  7 20:06:22 lukasz-laptop kernel: [   13.603911] mice: PS/2 mouse 
device common for all mice
Dec  7 20:06:22 lukasz-laptop kernel: [   13.604035] EISA: Probing bus 0 
at eisa.0
Dec  7 20:06:22 lukasz-laptop kernel: [   13.604045] Cannot allocate 
resource for EISA slot 1
Dec  7 20:06:22 lukasz-laptop kernel: [   13.604073] Cannot allocate 
resource for EISA slot 8
Dec  7 20:06:22 lukasz-laptop kernel: [   13.604075] EISA: Detected 0 cards.
Dec  7 20:06:22 lukasz-laptop kernel: [   13.604167] TCP cubic registered
Dec  7 20:06:22 lukasz-laptop kernel: [   13.604180] NET: Registered 
protocol family 1
Dec  7 20:06:22 lukasz-laptop kernel: [   13.604202] Using IPI 
No-Shortcut mode
Dec  7 20:06:22 lukasz-laptop kernel: [   13.604413]   Magic number: 
3:198:93
Dec  7 20:06:22 lukasz-laptop kernel: [   13.604915] Freeing unused 
kernel memory: 364k freed
Dec  7 20:06:22 lukasz-laptop kernel: [   13.643990] input: AT 
Translated Set 2 keyboard as /class/input/input1
Dec  7 20:06:22 lukasz-laptop kernel: [   14.831955] AppArmor: AppArmor 
initialized&lt;5&gt;audit(1197057959.060:2):  type=1505 info=&quot;AppArmor 
initialized&quot; pid=1213
Dec  7 20:06:22 lukasz-laptop kernel: [   14.838537] fuse init (API 
version 7.8)
Dec  7 20:06:22 lukasz-laptop kernel: [   14.843482] Failure registering 
capabilities with primary security module.
Dec  7 20:06:22 lukasz-laptop kernel: [   14.858094] ACPI: CPU0 (power 
states: C1[C1] C2[C2] C3[C3])
Dec  7 20:06:22 lukasz-laptop kernel: [    3.372000] Marking TSC 
unstable due to: possible TSC halt in C2.
Dec  7 20:06:22 lukasz-laptop kernel: [    3.376000] Time: acpi_pm 
clocksource has been installed.
Dec  7 20:06:22 lukasz-laptop kernel: [    3.400000] ACPI: Thermal Zone 
[TZS0] (58 C)
Dec  7 20:06:22 lukasz-laptop kernel: [    3.448000] ACPI: Thermal Zone 
[TZS1] (52 C)
Dec  7 20:06:22 lukasz-laptop kernel: [    3.504000] ACPI: Thermal Zone 
[TZSV] (61 C)
Dec  7 20:06:22 lukasz-laptop kernel: [    4.148000] usbcore: registered 
new interface driver usbfs
Dec  7 20:06:22 lukasz-laptop kernel: [    4.148000] usbcore: registered 
new interface driver hub
Dec  7 20:06:22 lukasz-laptop kernel: [    4.148000] usbcore: registered 
new device driver usb
Dec  7 20:06:22 lukasz-laptop kernel: [    4.148000] ohci_hcd: 2006 
August 04 USB 1.1 'Open' Host Controller (OHCI) Driver
Dec  7 20:06:22 lukasz-laptop kernel: [    4.148000] ACPI: PCI Interrupt 
0000:00:13.0[A] -&gt; GSI 19 (level, low) -&gt; IRQ 18
Dec  7 20:06:22 lukasz-laptop kernel: [    4.148000] ohci_hcd 
0000:00:13.0: OHCI Host Controller
Dec  7 20:06:22 lukasz-laptop kernel: [    4.148000] ohci_hcd 
0000:00:13.0: new USB bus registered, assigned bus number 1
Dec  7 20:06:22 lukasz-laptop kernel: [    4.148000] ohci_hcd 
0000:00:13.0: irq 18, io mem 0xc0000000
Dec  7 20:06:22 lukasz-laptop kernel: [    4.216000] SCSI subsystem 
initialized
Dec  7 20:06:22 lukasz-laptop kernel: [    4.220000] libata version 2.21 
loaded.
Dec  7 20:06:22 lukasz-laptop kernel: [    4.232000] usb usb1: 
configuration #1 chosen from 1 choice
Dec  7 20:06:22 lukasz-laptop kernel: [    4.232000] hub 1-0:1.0: USB 
hub found
Dec  7 20:06:22 lukasz-laptop kernel: [    4.232000] hub 1-0:1.0: 4 
ports detected
Dec  7 20:06:22 lukasz-laptop kernel: [    4.336000] ACPI: PCI Interrupt 
0000:00:13.1[A] -&gt; GSI 19 (level, low) -&gt; IRQ 18
Dec  7 20:06:22 lukasz-laptop kernel: [    4.336000] ohci_hcd 
0000:00:13.1: OHCI Host Controller
Dec  7 20:06:22 lukasz-laptop kernel: [    4.336000] ohci_hcd 
0000:00:13.1: new USB bus registered, assigned bus number 2
Dec  7 20:06:22 lukasz-laptop kernel: [    4.336000] ohci_hcd 
0000:00:13.1: irq 18, io mem 0xc0001000
Dec  7 20:06:22 lukasz-laptop kernel: [    4.396000] usb usb2: 
configuration #1 chosen from 1 choice
Dec  7 20:06:22 lukasz-laptop kernel: [    4.396000] hub 2-0:1.0: USB 
hub found
Dec  7 20:06:22 lukasz-laptop kernel: [    4.396000] hub 2-0:1.0: 4 
ports detected
Dec  7 20:06:22 lukasz-laptop kernel: [    4.500000] ACPI: PCI Interrupt 
0000:00:13.2[A] -&gt; GSI 19 (level, low) -&gt; IRQ 18
Dec  7 20:06:22 lukasz-laptop kernel: [    4.500000] ehci_hcd 
0000:00:13.2: EHCI Host Controller
Dec  7 20:06:22 lukasz-laptop kernel: [    4.500000] ehci_hcd 
0000:00:13.2: new USB bus registered, assigned bus number 3
Dec  7 20:06:22 lukasz-laptop kernel: [    4.500000] ehci_hcd 
0000:00:13.2: irq 18, io mem 0xc0002000
Dec  7 20:06:22 lukasz-laptop kernel: [    4.500000] ehci_hcd 
0000:00:13.2: USB 2.0 started, EHCI 1.00, driver 10 Dec 2004
Dec  7 20:06:22 lukasz-laptop kernel: [    4.500000] usb usb3: 
configuration #1 chosen from 1 choice
Dec  7 20:06:22 lukasz-laptop kernel: [    4.500000] hub 3-0:1.0: USB 
hub found
Dec  7 20:06:22 lukasz-laptop kernel: [    4.500000] hub 3-0:1.0: 8 
ports detected
Dec  7 20:06:22 lukasz-laptop kernel: [    4.608000] Uniform 
Multi-Platform E-IDE driver Revision: 7.00alpha2
Dec  7 20:06:22 lukasz-laptop kernel: [    4.608000] ide: Assuming 33MHz 
system bus speed for PIO modes; override with idebus=xx
Dec  7 20:06:22 lukasz-laptop kernel: [    4.608000] ATIIXP: IDE 
controller at PCI slot 0000:00:14.1
Dec  7 20:06:22 lukasz-laptop kernel: [    4.608000] ACPI: PCI Interrupt 
0000:00:14.1[A] -&gt; GSI 16 (level, low) -&gt; IRQ 19
Dec  7 20:06:22 lukasz-laptop kernel: [    4.608000] ATIIXP: chipset 
revision 0
Dec  7 20:06:22 lukasz-laptop kernel: [    4.608000] ATIIXP: not 100%% 
native mode: will probe irqs later
Dec  7 20:06:22 lukasz-laptop kernel: [    4.608000]     ide0: BM-DMA at 
0x8410-0x8417, BIOS settings: hda:DMA, hdb:pio
Dec  7 20:06:22 lukasz-laptop kernel: [    4.608000]     ide1: BM-DMA at 
0x8418-0x841f, BIOS settings: hdc:DMA, hdd:pio
Dec  7 20:06:22 lukasz-laptop kernel: [    4.608000] Probing IDE 
interface ide0...
Dec  7 20:06:22 lukasz-laptop kernel: [    4.896000] hda: 
IC25N080ATMR04-0, ATA DISK drive
Dec  7 20:06:22 lukasz-laptop kernel: [    5.148000] usb 2-2: new low 
speed USB device using ohci_hcd and address 2
Dec  7 20:06:22 lukasz-laptop kernel: [    5.360000] usb 2-2: 
configuration #1 chosen from 1 choice
Dec  7 20:06:22 lukasz-laptop kernel: [    5.372000] usbcore: registered 
new interface driver hiddev
Dec  7 20:06:22 lukasz-laptop kernel: [    5.384000] input: Logitech USB 
RECEIVER as /class/input/input2
Dec  7 20:06:22 lukasz-laptop kernel: [    5.384000] input: USB HID 
v1.11 Mouse [Logitech USB RECEIVER] on usb-0000:00:13.1-2
Dec  7 20:06:22 lukasz-laptop kernel: [    5.384000] usbcore: registered 
new interface driver usbhid
Dec  7 20:06:22 lukasz-laptop kernel: [    5.384000] 
/build/buildd/linux-source-2.6.22-2.6.22/drivers/hid/usbhid/hid-core.c: 
v2.6:USB HID core driver
Dec  7 20:06:22 lukasz-laptop kernel: [    5.568000] hda: selected mode 0x45
Dec  7 20:06:22 lukasz-laptop kernel: [    5.568000] ide0 at 
0x1f0-0x1f7,0x3f6 on irq 14
Dec  7 20:06:22 lukasz-laptop kernel: [    5.588000] Probing IDE 
interface ide1...
Dec  7 20:06:22 lukasz-laptop kernel: [    6.324000] hdc: Slimtype DVDRW 
SOSW-833S, ATAPI CD/DVD-ROM drive
Dec  7 20:06:22 lukasz-laptop kernel: [    6.996000] hdc: selected mode 0x42
Dec  7 20:06:22 lukasz-laptop kernel: [    6.996000] ide1 at 
0x170-0x177,0x376 on irq 15
Dec  7 20:06:22 lukasz-laptop kernel: [    6.996000] ACPI: PCI Interrupt 
0000:06:06.2[C] -&gt; GSI 22 (level, low) -&gt; IRQ 20
Dec  7 20:06:22 lukasz-laptop kernel: [    7.044000] ohci1394: fw-host0: 
OHCI-1394 1.1 (PCI): IRQ=[20]  MMIO=[c0208000-c02087ff]  Max 
Packet=[2048]  IR/IT contexts=[4/8]
Dec  7 20:06:22 lukasz-laptop kernel: [    7.044000] r8169 Gigabit 
Ethernet driver 2.2LK loaded
Dec  7 20:06:22 lukasz-laptop kernel: [    7.044000] ACPI: PCI Interrupt 
0000:06:07.0[A] -&gt; GSI 23 (level, low) -&gt; IRQ 22
Dec  7 20:06:22 lukasz-laptop kernel: [    7.048000] eth0: 
RTL8169sb/8110sb at 0xe0844400, 00:0a:e4:e0:7a:18, XID 10000000 IRQ 22
Dec  7 20:06:22 lukasz-laptop kernel: [    7.056000] hda: max request 
size: 512KiB
Dec  7 20:06:22 lukasz-laptop kernel: [    7.068000] hda: 156301488 
sectors (80026 MB) w/7884KiB Cache, CHS=16383/255/63, UDMA(100)
Dec  7 20:06:22 lukasz-laptop kernel: [    7.068000] hda: cache flushes 
supported
Dec  7 20:06:22 lukasz-laptop kernel: [    7.068000]  hda: hda1 hda2 
hda3 &lt; hda5 hda6 hda7 &gt;
Dec  7 20:06:22 lukasz-laptop kernel: [    7.192000] hdc: ATAPI 24X 
DVD-ROM DVD-R CD-R/RW drive, 2048kB Cache, UDMA(33)
Dec  7 20:06:22 lukasz-laptop kernel: [    7.192000] Uniform CD-ROM 
driver Revision: 3.20
Dec  7 20:06:22 lukasz-laptop kernel: [    7.848000] Attempting manual 
resume
Dec  7 20:06:22 lukasz-laptop kernel: [    7.848000] swsusp: Resume From 
Partition 3:7
Dec  7 20:06:22 lukasz-laptop kernel: [    7.848000] PM: Checking swsusp 
image.
Dec  7 20:06:22 lukasz-laptop kernel: [    7.860000] PM: Resume from 
disk failed.
Dec  7 20:06:22 lukasz-laptop kernel: [    7.908000] kjournald 
starting.  Commit interval 5 seconds
Dec  7 20:06:22 lukasz-laptop kernel: [    7.908000] EXT3-fs: mounted 
filesystem with ordered data mode.
Dec  7 20:06:22 lukasz-laptop kernel: [    8.316000] ieee1394: Host 
added: ID:BUS[0-00:1023]  GUID[1234567812345678]
Dec  7 20:06:22 lukasz-laptop kernel: [   19.372000] Linux agpgart 
interface v0.102 (c) Dave Jones
Dec  7 20:06:22 lukasz-laptop kernel: [   19.384000] pci_hotplug: PCI 
Hot Plug PCI Core version: 0.5
Dec  7 20:06:22 lukasz-laptop kernel: [   19.392000] shpchp: Standard 
Hot Plug PCI Controller Driver version: 0.4
Dec  7 20:06:22 lukasz-laptop kernel: [   20.128000] piix4_smbus 
0000:00:14.0: Found 0000:00:14.0 device
Dec  7 20:06:22 lukasz-laptop kernel: [   20.224000] Yenta: CardBus 
bridge found at 0000:06:06.0 [1025:0080]
Dec  7 20:06:22 lukasz-laptop kernel: [   20.224000] Yenta: Using CSCINT 
to route CSC interrupts to PCI
Dec  7 20:06:22 lukasz-laptop kernel: [   20.224000] Yenta: Routing 
CardBus interrupts to PCI
Dec  7 20:06:22 lukasz-laptop kernel: [   20.224000] Yenta TI: socket 
0000:06:06.0, mfunc 0x010a1b22, devctl 0x64
Dec  7 20:06:22 lukasz-laptop kernel: [   20.456000] Yenta: ISA IRQ mask 
0x0ef8, PCI irq 16
Dec  7 20:06:22 lukasz-laptop kernel: [   20.456000] Socket status: 30000006
Dec  7 20:06:22 lukasz-laptop kernel: [   20.456000] Yenta: Raising 
subordinate bus# of parent bus (#06) from #06 to #08
Dec  7 20:06:22 lukasz-laptop kernel: [   20.456000] pcmcia: parent PCI 
bridge I/O window: 0xa000 - 0xafff
Dec  7 20:06:22 lukasz-laptop kernel: [   20.456000] cs: IO port probe 
0xa000-0xafff: clean.
Dec  7 20:06:22 lukasz-laptop kernel: [   20.456000] pcmcia: parent PCI 
bridge Memory window: 0xc0200000 - 0xc02fffff
Dec  7 20:06:22 lukasz-laptop kernel: [   20.456000] pcmcia: parent PCI 
bridge Memory window: 0x30000000 - 0x35ffffff
Dec  7 20:06:22 lukasz-laptop kernel: [   20.788000] ieee80211_crypt: 
registered algorithm 'NULL'
Dec  7 20:06:22 lukasz-laptop kernel: [   20.792000] ieee80211: 802.11 
data/management/control stack, git-1.1.13
Dec  7 20:06:22 lukasz-laptop kernel: [   20.792000] ieee80211: 
Copyright (C) 2004-2005 Intel Corporation &lt;<A HREF="https://lists.berlios.de/mailman/listinfo/bcm43xx-dev">jketreno at linux.intel.com</A>&gt;
Dec  7 20:06:22 lukasz-laptop kernel: [   20.820000] input: PC Speaker 
as /class/input/input3
Dec  7 20:06:22 lukasz-laptop kernel: [   20.900000] sdhci: Secure 
Digital Host Controller Interface driver
Dec  7 20:06:22 lukasz-laptop kernel: [   20.900000] sdhci: Copyright(c) 
Pierre Ossman
Dec  7 20:06:22 lukasz-laptop kernel: [   20.900000] sdhci: SDHCI 
controller found at 0000:06:06.4 [104c:8034] (rev 0)
Dec  7 20:06:22 lukasz-laptop kernel: [   20.900000] ACPI: PCI Interrupt 
0000:06:06.4[A] -&gt; GSI 20 (level, low) -&gt; IRQ 16
Dec  7 20:06:22 lukasz-laptop kernel: [   20.900000] mmc0: SDHCI at 
0xc0209000 irq 16 DMA
Dec  7 20:06:22 lukasz-laptop kernel: [   20.904000] mmc1: SDHCI at 
0xc0208c00 irq 16 DMA
Dec  7 20:06:22 lukasz-laptop kernel: [   20.904000] mmc2: SDHCI at 
0xc0208800 irq 16 DMA
Dec  7 20:06:22 lukasz-laptop kernel: [   20.964000] irda_init()
Dec  7 20:06:22 lukasz-laptop kernel: [   20.964000] NET: Registered 
protocol family 23
Dec  7 20:06:22 lukasz-laptop kernel: [   20.980000] usbcore: registered 
new interface driver lmpcm_usb
Dec  7 20:06:22 lukasz-laptop kernel: [   20.980000] 
/build/buildd/linux-ubuntu-modules-2.6.22-2.6.22/debian/build/build-generic/misc/lmpcm_usb.c: 
v0.5.5:USB Logitech MediaPlay Cordless Mouse driver
Dec  7 20:06:22 lukasz-laptop kernel: [   21.020000] ACPI: PCI Interrupt 
0000:00:14.5[B] -&gt; GSI 17 (level, low) -&gt; IRQ 17
Dec  7 20:06:22 lukasz-laptop kernel: [   21.052000] bcm43xx driver
Dec  7 20:06:22 lukasz-laptop kernel: [   21.184000] cs: IO port probe 
0x100-0x3af: clean.
Dec  7 20:06:22 lukasz-laptop kernel: [   21.184000] cs: IO port probe 
0x3e0-0x4ff: excluding 0x4d0-0x4d7
Dec  7 20:06:22 lukasz-laptop kernel: [   21.184000] cs: IO port probe 
0x820-0x8ff: excluding 0x878-0x87f
Dec  7 20:06:22 lukasz-laptop kernel: [   21.188000] cs: IO port probe 
0xc00-0xcf7: excluding 0xc00-0xc07 0xc10-0xc17 0xc50-0xc57 0xc68-0xc6f 
0xcd0-0xcdf
Dec  7 20:06:22 lukasz-laptop kernel: [   21.188000] cs: IO port probe 
0xa00-0xaff: clean.
Dec  7 20:06:22 lukasz-laptop kernel: [   21.288000] Synaptics Touchpad, 
model: 1, fw: 6.2, id: 0x12a0b1, caps: 0xa04713/0x204000
Dec  7 20:06:22 lukasz-laptop kernel: [   21.316000] input: SynPS/2 
Synaptics TouchPad as /class/input/input4
Dec  7 20:06:22 lukasz-laptop kernel: [   21.320000] 
nsc_ircc_pnp_probe() : From PnP, found firbase 0x2F8 ; irq 3 ; dma 3.
Dec  7 20:06:22 lukasz-laptop kernel: [   21.320000] nsc-ircc, chip-&gt;init
Dec  7 20:06:22 lukasz-laptop kernel: [   21.320000] nsc-ircc, Found 
chip at base=0x02e
Dec  7 20:06:22 lukasz-laptop kernel: [   21.320000] nsc-ircc, driver 
loaded (Dag Brattli)
Dec  7 20:06:22 lukasz-laptop kernel: [   21.320000] nsc_ircc_open(), 
can't get iobase of 0x2f8
Dec  7 20:06:22 lukasz-laptop kernel: [   21.320000] nsc-ircc, Found 
chip at base=0x02e
Dec  7 20:06:22 lukasz-laptop kernel: [   21.320000] nsc-ircc, driver 
loaded (Dag Brattli)
Dec  7 20:06:22 lukasz-laptop kernel: [   21.320000] nsc_ircc_open(), 
can't get iobase of 0x2f8
Dec  7 20:06:22 lukasz-laptop kernel: [   21.320000] pnp: Device 00:0a 
disabled.
Dec  7 20:06:22 lukasz-laptop kernel: [   21.536000] ACPI: PCI Interrupt 
0000:06:05.0[A] -&gt; GSI 21 (level, low) -&gt; IRQ 21
Dec  7 20:06:22 lukasz-laptop kernel: [   21.544000] ACPI: PCI Interrupt 
0000:06:06.3[A] -&gt; GSI 20 (level, low) -&gt; IRQ 16
Dec  7 20:06:22 lukasz-laptop kernel: [   21.544000] ACPI: PCI Interrupt 
0000:00:14.6[B] -&gt; GSI 17 (level, low) -&gt; IRQ 17
Dec  7 20:06:22 lukasz-laptop kernel: [   21.656000] MC'97 1 converters 
and GPIO not ready (0xff00)
Dec  7 20:06:22 lukasz-laptop kernel: [   22.636000] acer_acpi: Acer 
Laptop ACPI Extras version 0.9.1
Dec  7 20:06:22 lukasz-laptop kernel: [   22.636000] acer_acpi: Detected 
Acer AMW0 interface
Dec  7 20:06:22 lukasz-laptop kernel: [   22.636000] acer_acpi: Finding 
quirks
Dec  7 20:06:22 lukasz-laptop kernel: [   22.636000] acer_acpi: Looking 
for quirks
Dec  7 20:06:22 lukasz-laptop kernel: [   22.636000] acer_acpi: No 
quirks known for this laptop
Dec  7 20:06:22 lukasz-laptop kernel: [   22.636000] acer_acpi: 
Initialising interface
Dec  7 20:06:22 lukasz-laptop kernel: [   22.636000] acer_acpi: No EC 
data for reading bluetooth - bluetooth value when read will be a 'best 
guess'
Dec  7 20:06:22 lukasz-laptop kernel: [   22.636000] acer_acpi: No EC 
data for reading wireless - wireless value when read will be a 'best guess'
Dec  7 20:06:22 lukasz-laptop kernel: [   22.636000] acer_acpi: No EC 
data for reading mail LED - mail LED value when read will be a 'best guess'
Dec  7 20:06:22 lukasz-laptop kernel: [   22.636000] acer_acpi: We need 
more data from your laptop's Embedded Controller (EC) to better support it
Dec  7 20:06:22 lukasz-laptop kernel: [   22.636000] acer_acpi: Please 
see <A HREF="http://code.google.com/p/aceracpi/wiki/EmbeddedController">http://code.google.com/p/aceracpi/wiki/EmbeddedController</A> on how to help
Dec  7 20:06:22 lukasz-laptop kernel: [   22.640000] Registered led 
device: acer_acpi:mail
Dec  7 20:06:22 lukasz-laptop kernel: [   22.640000] acer_acpi: ACPI 
driver registered
Dec  7 20:06:22 lukasz-laptop kernel: [   22.640000] acer_acpi: 
Commandline args: mailled(0) wireless(1) bluetooth(0) brightness(-1)
Dec  7 20:06:22 lukasz-laptop kernel: [   22.640000] acer_acpi:   
set_bool: cap=1, interface type=1, value=0
Dec  7 20:06:22 lukasz-laptop kernel: [   22.640000] acer_acpi: Doing 
\_SB_.AMW0.WMAB( 1, 1, [16-byte buffer] )
Dec  7 20:06:22 lukasz-laptop kernel: [   22.644000] acer_acpi:   
Execution status: 0
Dec  7 20:06:22 lukasz-laptop kernel: [   22.644000] acer_acpi:   
Result: 0 bytes
Dec  7 20:06:22 lukasz-laptop kernel: [   22.644000] acer_acpi:   Args: 
0x00009610 0x00000031 0x00000000 0xe0b24870
Dec  7 20:06:22 lukasz-laptop kernel: [   22.644000] acer_acpi:   
set_bool: cap=2, interface type=1, value=1
Dec  7 20:06:22 lukasz-laptop kernel: [   22.644000] acer_acpi: Doing 
\_SB_.AMW0.WMAB( 1, 1, [16-byte buffer] )
Dec  7 20:06:22 lukasz-laptop kernel: [   22.652000] acer_acpi:   
Execution status: 0
Dec  7 20:06:22 lukasz-laptop kernel: [   22.652000] acer_acpi:   
Result: 0 bytes
Dec  7 20:06:22 lukasz-laptop kernel: [   22.652000] acer_acpi:   Args: 
0x00009610 0x00000135 0x00000000 0xe0b24870
Dec  7 20:06:22 lukasz-laptop kernel: [   22.652000] acer_acpi:   
set_bool: cap=4, interface type=1, value=0
Dec  7 20:06:22 lukasz-laptop kernel: [   22.652000] acer_acpi: Doing 
\_SB_.AMW0.WMAB( 1, 1, [16-byte buffer] )
Dec  7 20:06:22 lukasz-laptop kernel: [   22.660000] acer_acpi:   
Execution status: 0
Dec  7 20:06:22 lukasz-laptop kernel: [   22.660000] acer_acpi:   
Result: 0 bytes
Dec  7 20:06:22 lukasz-laptop kernel: [   22.660000] acer_acpi:   Args: 
0x00009610 0x00000034 0x00000000 0xe0b24870
Dec  7 20:06:22 lukasz-laptop kernel: [   22.660000] acer_acpi:   
set_bool: cap=16, interface type=1, value=-1
Dec  7 20:06:22 lukasz-laptop kernel: [   22.660000] acer_acpi:   
set_u8: cap=64, interface type=1, value=255
Dec  7 20:06:22 lukasz-laptop kernel: [   22.660000] acer_acpi:   
set_u8: cap=8, interface type=1, value=255
Dec  7 20:06:22 lukasz-laptop kernel: [   22.784000] lp: driver loaded 
but no devices found
Dec  7 20:06:22 lukasz-laptop kernel: [   22.860000] Adding 506008k swap 
on /dev/hda7.  Priority:-1 extents:1 across:506008k
Dec  7 20:06:22 lukasz-laptop kernel: [   22.868000] EXT3 FS on hda6, 
internal journal
Dec  7 20:06:22 lukasz-laptop kernel: [   24.448000] ttyS1: LSR safety 
check engaged!
Dec  7 20:06:22 lukasz-laptop last message repeated 2 times
Dec  7 20:06:22 lukasz-laptop kernel: [   24.508000] pnp: Device 00:0a 
activated.
Dec  7 20:06:22 lukasz-laptop kernel: [   24.528000] 
nsc_ircc_pnp_probe() : From PnP, found firbase 0x2F8 ; irq 3 ; dma 3.
Dec  7 20:06:22 lukasz-laptop kernel: [   24.528000] nsc-ircc, chip-&gt;init
Dec  7 20:06:22 lukasz-laptop kernel: [   24.528000] nsc-ircc, Found 
chip at base=0x02e
Dec  7 20:06:22 lukasz-laptop kernel: [   24.528000] nsc-ircc, driver 
loaded (Dag Brattli)
Dec  7 20:06:22 lukasz-laptop kernel: [   25.064000] ACPI: ACPI Dock 
Station Driver
Dec  7 20:06:22 lukasz-laptop kernel: [   25.132000] ACPI: AC Adapter 
[ADP1] (on-line)
Dec  7 20:06:22 lukasz-laptop kernel: [   25.148000] ACPI: Video Device 
[VGA] (multi-head: yes  rom: no  post: no)
Dec  7 20:06:22 lukasz-laptop kernel: [   25.152000] ACPI: Video Device 
[VGA] (multi-head: yes  rom: no  post: no)
Dec  7 20:06:22 lukasz-laptop kernel: [   25.348000] ACPI: Battery Slot 
[BAT0] (battery present)
Dec  7 20:06:22 lukasz-laptop kernel: [   25.400000] input: Power Button 
(FF) as /class/input/input5
Dec  7 20:06:22 lukasz-laptop kernel: [   25.404000] ACPI: Power Button 
(FF) [PWRF]
Dec  7 20:06:22 lukasz-laptop kernel: [   25.436000] input: Lid Switch 
as /class/input/input6
Dec  7 20:06:22 lukasz-laptop kernel: [   25.440000] ACPI: Lid Switch [LID0]
Dec  7 20:06:22 lukasz-laptop kernel: [   25.472000] input: Sleep Button 
(CM) as /class/input/input7
Dec  7 20:06:22 lukasz-laptop kernel: [   25.480000] ACPI: Sleep Button 
(CM) [SLPB]
Dec  7 20:06:22 lukasz-laptop kernel: [   25.728000] powernow-k8: Found 
1 Mobile AMD Sempron(tm) Processor 3000+ processors (version 2.00.00)
Dec  7 20:06:22 lukasz-laptop kernel: [   25.728000] powernow-k8:    0 : 
fid 0xa (1800 MHz), vid 0x8
Dec  7 20:06:22 lukasz-laptop kernel: [   25.728000] powernow-k8:    1 : 
fid 0x8 (1600 MHz), vid 0xa
Dec  7 20:06:22 lukasz-laptop kernel: [   25.728000] powernow-k8:    2 : 
fid 0x0 (800 MHz), vid 0x13
Dec  7 20:06:23 lukasz-laptop kernel: [   26.876000] ppdev: user-space 
parallel port driver
Dec  7 20:06:23 lukasz-laptop kernel: [   27.008000] 
audit(1197057983.366:3):  type=1503 operation=&quot;inode_permission&quot; 
requested_mask=&quot;a&quot; denied_mask=&quot;a&quot; name=&quot;/dev/tty&quot; pid=4821 
profile=&quot;/usr/sbin/cupsd&quot;
Dec  7 20:06:23 lukasz-laptop kernel: [   27.148000] apm: BIOS not found.
Dec  7 20:06:23 lukasz-laptop kernel: [   27.204000] r8169: eth0: link down
Dec  7 20:06:24 lukasz-laptop kernel: [   28.112000] 
irlap_change_speed(), setting speed to 9600
Dec  7 20:06:25 lukasz-laptop kernel: [   29.280000] Failure registering 
capabilities with primary security module.
Dec  7 20:06:27 lukasz-laptop kernel: [   31.084000] Clocksource tsc 
unstable (delta = -211985906 ns)
Dec  7 20:06:28 lukasz-laptop kernel: [   31.796000] fglrx: module 
license 'Proprietary. (C) 2002 - ATI Technologies, Starnberg, GERMANY' 
taints kernel.
Dec  7 20:06:28 lukasz-laptop kernel: [   31.804000] [fglrx] Maximum 
main memory to use for locked dma buffers: 430 MBytes.
Dec  7 20:06:28 lukasz-laptop kernel: [   31.804000] [fglrx] module 
loaded - fglrx 8.37.6 [May 25 2007] on minor 0
Dec  7 20:06:28 lukasz-laptop kernel: [   31.848000] ACPI: PCI Interrupt 
0000:01:00.0[A] -&gt; GSI 18 (level, low) -&gt; IRQ 23
Dec  7 20:06:30 lukasz-laptop kernel: [   33.808000] [fglrx] total      
GART = 130023424
Dec  7 20:06:30 lukasz-laptop kernel: [   33.808000] [fglrx] free       
GART = 114032640
Dec  7 20:06:30 lukasz-laptop kernel: [   33.808000] [fglrx] max single 
GART = 114032640
Dec  7 20:06:30 lukasz-laptop kernel: [   33.808000] [fglrx] total      
LFB  = 134086656
Dec  7 20:06:30 lukasz-laptop kernel: [   33.808000] [fglrx] free       
LFB  = 119697408
Dec  7 20:06:30 lukasz-laptop kernel: [   33.808000] [fglrx] max single 
LFB  = 119697408
Dec  7 20:06:30 lukasz-laptop kernel: [   33.808000] [fglrx] total      
Inv  = 0
Dec  7 20:06:30 lukasz-laptop kernel: [   33.808000] [fglrx] free       
Inv  = 0
Dec  7 20:06:30 lukasz-laptop kernel: [   33.808000] [fglrx] max single 
Inv  = 0
Dec  7 20:06:30 lukasz-laptop kernel: [   33.808000] [fglrx] total      
TIM  = 0
Dec  7 20:07:35 lukasz-laptop kernel: [   98.736000] NET: Registered 
protocol family 17
Dec  7 20:07:48 lukasz-laptop kernel: [  111.232000] printk: 2 messages 
suppressed.
Dec  7 20:07:48 lukasz-laptop kernel: [  111.232000] SoftMAC: Open 
Authentication completed with 00:14:6c:aa:aa:3a
Dec  7 20:07:48 lukasz-laptop kernel: [  112.488000] ieee80211_crypt: 
registered algorithm 'CCMP'
Dec  7 20:07:49 lukasz-laptop kernel: [  112.604000] CCMP: decrypt 
failed: STA=00:14:6c:aa:aa:3a
Dec  7 20:07:49 lukasz-laptop kernel: [  112.624000] CCMP: decrypt 
failed: STA=00:14:6c:aa:aa:3a
Dec  7 20:07:49 lukasz-laptop kernel: [  112.700000] CCMP: decrypt 
failed: STA=00:14:6c:aa:aa:3a
Dec  7 20:07:49 lukasz-laptop kernel: [  112.720000] CCMP: decrypt 
failed: STA=00:14:6c:aa:aa:3a
Dec  7 20:07:49 lukasz-laptop kernel: [  112.780000] CCMP: decrypt 
failed: STA=00:14:6c:aa:aa:3a
Dec  7 20:07:49 lukasz-laptop kernel: [  112.788000] CCMP: decrypt 
failed: STA=00:14:6c:aa:aa:3a
Dec  7 20:07:49 lukasz-laptop kernel: [  112.864000] CCMP: decrypt 
failed: STA=00:14:6c:aa:aa:3a
Dec  7 20:07:49 lukasz-laptop kernel: [  112.936000] CCMP: decrypt 
failed: STA=00:14:6c:aa:aa:3a
Dec  7 20:07:49 lukasz-laptop kernel: [  112.936000] CCMP: decrypt 
failed: STA=00:14:6c:aa:aa:3a
Dec  7 20:07:49 lukasz-laptop kernel: [  113.312000] ieee80211_crypt: 
registered algorithm 'TKIP'
Dec  7 20:07:52 lukasz-laptop kernel: [  116.256000] printk: 131 
messages suppressed.
Dec  7 20:07:52 lukasz-laptop kernel: [  116.256000] CCMP: decrypt 
failed: STA=00:14:6c:aa:aa:3a
Dec  7 20:07:56 lukasz-laptop kernel: [  120.180000] NET: Registered 
protocol family 10
Dec  7 20:07:56 lukasz-laptop kernel: [  120.180000] lo: Disabled 
Privacy Extensions
Dec  7 20:07:56 lukasz-laptop kernel: [  120.180000] 
ADDRCONF(NETDEV_UP): eth0: link is not ready
Dec  7 20:07:59 lukasz-laptop kernel: [  121.232000] printk: 276 
messages suppressed.
Dec  7 20:07:59 lukasz-laptop kernel: [  121.232000] CCMP: decrypt 
failed: STA=00:14:6c:aa:aa:3a
Dec  7 20:08:04 lukasz-laptop kernel: [  126.280000] printk: 352 
messages suppressed.
Dec  7 20:08:04 lukasz-laptop kernel: [  126.280000] CCMP: decrypt 
failed: STA=00:14:6c:aa:aa:3a
Dec  7 20:08:08 lukasz-laptop kernel: [  130.184000] eth1: no IPv6 
routers present
Dec  7 20:08:09 lukasz-laptop kernel: [  131.232000] printk: 371 
messages suppressed.
Dec  7 20:08:09 lukasz-laptop kernel: [  131.232000] CCMP: decrypt 
failed: STA=00:14:6c:aa:aa:3a
Dec  7 20:08:14 lukasz-laptop kernel: [  136.232000] printk: 344 
messages suppressed.
Dec  7 20:08:14 lukasz-laptop kernel: [  136.232000] CCMP: decrypt 
failed: STA=00:14:6c:aa:aa:3a
Dec  7 20:08:19 lukasz-laptop kernel: [  141.240000] printk: 394 
messages suppressed.
Dec  7 20:08:19 lukasz-laptop kernel: [  141.240000] CCMP: decrypt 
failed: STA=00:14:6c:aa:aa:3a
Dec  7 20:08:21 lukasz-laptop kernel: [  142.576000] [fglrx] PCIe has 
already been initialized. Reinitializing ...
Dec  7 20:08:21 lukasz-laptop kernel: [  142.596000] [fglrx] total      
GART = 130023424
Dec  7 20:08:21 lukasz-laptop kernel: [  142.596000] [fglrx] free       
GART = 114032640
Dec  7 20:08:21 lukasz-laptop kernel: [  142.596000] [fglrx] max single 
GART = 114032640
Dec  7 20:08:21 lukasz-laptop kernel: [  142.596000] [fglrx] total      
LFB  = 134086656
Dec  7 20:08:21 lukasz-laptop kernel: [  142.596000] [fglrx] free       
LFB  = 119697408
Dec  7 20:08:21 lukasz-laptop kernel: [  142.596000] [fglrx] max single 
LFB  = 119697408
Dec  7 20:08:21 lukasz-laptop kernel: [  142.596000] [fglrx] total      
Inv  = 0
Dec  7 20:08:21 lukasz-laptop kernel: [  142.596000] [fglrx] free       
Inv  = 0
Dec  7 20:08:21 lukasz-laptop kernel: [  142.596000] [fglrx] max single 
Inv  = 0
Dec  7 20:08:21 lukasz-laptop kernel: [  142.596000] [fglrx] total      
TIM  = 0
Dec  7 20:08:24 lukasz-laptop kernel: [  146.232000] printk: 374 
messages suppressed.
Dec  7 20:08:24 lukasz-laptop kernel: [  146.232000] CCMP: decrypt 
failed: STA=00:14:6c:aa:aa:3a
Dec  7 20:08:27 lukasz-laptop kernel: [  149.188000] APIC error on CPU0: 
00(40)
Dec  7 20:08:29 lukasz-laptop kernel: [  151.240000] printk: 370 
messages suppressed.
Dec  7 20:08:29 lukasz-laptop kernel: [  151.240000] CCMP: decrypt 
failed: STA=00:14:6c:aa:aa:3a


</PRE>

<!--endarticle-->
    <HR>
    <P><UL>
        <!--threads-->
	<LI>Previous message: <A HREF="002980.html">[Works for me] Broadcom 4318 [NO QUESTIONS]
</A></li>
	<LI>Next message: <A HREF="002981.html">b43 seemingly broken with Fedora (2.6.23.8-63.fc8) kernel
</A></li>
         <LI> <B>Messages sorted by:</B> 
              <a href="date.html#2984">[ date ]</a>
              <a href="thread.html#2984">[ thread ]</a>
              <a href="subject.html#2984">[ subject ]</a>
              <a href="author.html#2984">[ author ]</a>
         </LI>
       </UL>

<hr>
<a href="https://lists.berlios.de/mailman/listinfo/bcm43xx-dev">More information about the Bcm43xx-dev
mailing list</a><br>
</body></html>
