<!DOCTYPE HTML PUBLIC "-//W3C//DTD HTML 4.01 Transitional//EN">
<HTML>
 <HEAD>
   <TITLE> [Bug 538579] Kernel dead, when with the default b43 Firmware, a while 	full speed downloading
   </TITLE>
   <LINK REL="Index" HREF="http://lists.berlios.de/pipermail/bcm43xx-dev/2009-November/index.html" >
   <LINK REL="made" HREF="mailto:bcm43xx-dev%40lists.berlios.de?Subject=Re%3A%20%5BBug%20538579%5D%20Kernel%20dead%2C%20when%20with%20the%20default%20b43%20Firmware%2C%20a%20while%20%0A%09full%20speed%20downloading&In-Reply-To=%3Cadf480660911190754j13916d39ma5a023e60a8a48fe%40mail.gmail.com%3E">
   <META NAME="robots" CONTENT="index,nofollow">
   <style type="text/css">
       pre {
           white-space: pre-wrap;       /* css-2.1, curent FF, Opera, Safari */
           }
   </style>
   <META http-equiv="Content-Type" content="text/html; charset=us-ascii">
   <LINK REL="Previous"  HREF="006404.html">
   <LINK REL="Next"  HREF="006416.html">
 </HEAD>
 <BODY BGCOLOR="#ffffff">
   <H1>[Bug 538579] Kernel dead, when with the default b43 Firmware, a while 	full speed downloading</H1>
    <B>Peter Lemenkov</B> 
    <A HREF="mailto:bcm43xx-dev%40lists.berlios.de?Subject=Re%3A%20%5BBug%20538579%5D%20Kernel%20dead%2C%20when%20with%20the%20default%20b43%20Firmware%2C%20a%20while%20%0A%09full%20speed%20downloading&In-Reply-To=%3Cadf480660911190754j13916d39ma5a023e60a8a48fe%40mail.gmail.com%3E"
       TITLE="[Bug 538579] Kernel dead, when with the default b43 Firmware, a while 	full speed downloading">lemenkov at gmail.com
       </A><BR>
    <I>Thu Nov 19 16:54:28 CET 2009</I>
    <P><UL>
        <LI>Previous message: <A HREF="006404.html">[Bug 538579] New: Kernel dead, when with the default b43 Firmware, a 	while full speed downloading
</A></li>
        <LI>Next message: <A HREF="006416.html">[PATCH] b43: Improve error response for bug in openfwwf
</A></li>
         <LI> <B>Messages sorted by:</B> 
              <a href="date.html#6414">[ date ]</a>
              <a href="thread.html#6414">[ thread ]</a>
              <a href="subject.html#6414">[ subject ]</a>
              <a href="author.html#6414">[ author ]</a>
         </LI>
       </UL>
    <HR>  
<!--beginarticle-->
<PRE>Hello All!

Here is tthe additional information about the issue.


---------- Forwarded message ----------
From:  &lt;<A HREF="https://lists.berlios.de/mailman/listinfo/bcm43xx-dev">bugzilla at redhat.com</A>&gt;
Date: 2009/11/19
Subject: [Bug 538579] Kernel dead,  when with the default b43
Firmware, a while full speed downloading
To: <A HREF="https://lists.berlios.de/mailman/listinfo/bcm43xx-dev">lemenkov at gmail.com</A>


Please do not reply directly to this email. All additional
comments should be made in the comments box of this bug.


<A HREF="https://bugzilla.redhat.com/show_bug.cgi?id=538579">https://bugzilla.redhat.com/show_bug.cgi?id=538579</A>


<A HREF="https://lists.berlios.de/mailman/listinfo/bcm43xx-dev">wuchuanren at gmail.com</A> changed:

&#160; &#160; &#160; &#160; &#160; What &#160; &#160;|Removed &#160; &#160; &#160; &#160; &#160; &#160; &#160; &#160; &#160; &#160; |Added
----------------------------------------------------------------------------
&#160; &#160; &#160; &#160; &#160; &#160; &#160; Flag|needinfo?(<A HREF="https://lists.berlios.de/mailman/listinfo/bcm43xx-dev">wuchuanren at gmail.</A> |
&#160; &#160; &#160; &#160; &#160; &#160; &#160; &#160; &#160; |com) &#160; &#160; &#160; &#160; &#160; &#160; &#160; &#160; &#160; &#160; &#160; &#160;|




--- Comment #4 from <A HREF="https://lists.berlios.de/mailman/listinfo/bcm43xx-dev">wuchuanren at gmail.com</A> &#160;2009-11-19 10:48:10 EDT ---
the firmware cause to crash ist b43-openfwwf-5.2-2, which is default installed
on Fedora 12.

- i removed the openfwwf-5.2-2 since some crashs then get this to work:
&#160; <A HREF="http://downloads.openwrt.org/sources/broadcom-wl-4.80.53.0.tar.bz2">http://downloads.openwrt.org/sources/broadcom-wl-4.80.53.0.tar.bz2</A>
&#160;which runs up to now without any crash.
&#160;But if i reuse the penfwwf-5.2-2 and download something even over
&#160;500kByte/s, after 2 minutes it crash again. So i think it should be the
&#160;wireless's problem.

- the kernel is 32bit 2.6.31, just the default kernel of Fedora 12
&#160; &#160;2.6.31.5-127.fc12.i686.PAE

- The Chip is builtin inside laptop. It's not easy to get a look of its label.
&#160;Informations that i found in dmesg :

&#160; b43-phy0: Broadcom 4311 WLAN found (core revision 10)
&#160; Broadcom 43xx driver loaded [ Features: PML, Firmware-ID: FW13 ]


Should i try again the problematic Firmware? &#160;As the kernel crashs, did it left
any information? if not, how can i help to find the bug?

thank you for forgiving my poor english

----------------
Full dmesg (the firmware is the good one):
----------------

Initializing cgroup subsys cpuset
Initializing cgroup subsys cpu
Linux version 2.6.31.5-127.fc12.i686.PAE
(<A HREF="https://lists.berlios.de/mailman/listinfo/bcm43xx-dev">mockbuild at x86-3.fedora.phx.redhat.com</A>) (gcc version 4.4.2 20091027 (Red Hat
4.4.2-7) (GCC) ) #1 SMP Sat Nov 7 21:25:57 EST 2009
KERNEL supported cpus:
&#160;Intel GenuineIntel
&#160;AMD AuthenticAMD
&#160;NSC Geode by NSC
&#160;Cyrix CyrixInstead
&#160;Centaur CentaurHauls
&#160;Transmeta GenuineTMx86
&#160;Transmeta TransmetaCPU
&#160;UMC UMC UMC UMC
BIOS-provided physical RAM map:
&#160;BIOS-e820: 0000000000000000 - 000000000009f800 (usable)
&#160;BIOS-e820: 000000000009f800 - 00000000000a0000 (reserved)
&#160;BIOS-e820: 00000000000d2000 - 00000000000d4000 (reserved)
&#160;BIOS-e820: 00000000000dc000 - 0000000000100000 (reserved)
&#160;BIOS-e820: 0000000000100000 - 000000007f6d0000 (usable)
&#160;BIOS-e820: 000000007f6d0000 - 000000007f6e3000 (ACPI NVS)
&#160;BIOS-e820: 000000007f6e3000 - 0000000080000000 (reserved)
&#160;BIOS-e820: 00000000e0000000 - 00000000f0000000 (reserved)
&#160;BIOS-e820: 00000000fec00000 - 00000000fec10000 (reserved)
&#160;BIOS-e820: 00000000fed00000 - 00000000fed00400 (reserved)
&#160;BIOS-e820: 00000000fed14000 - 00000000fed1a000 (reserved)
&#160;BIOS-e820: 00000000fed1c000 - 00000000fed90000 (reserved)
&#160;BIOS-e820: 00000000fee00000 - 00000000fee01000 (reserved)
&#160;BIOS-e820: 00000000ff000000 - 0000000100000000 (reserved)
DMI 2.4 present.
last_pfn = 0x7f6d0 max_arch_pfn = 0x1000000
MTRR default type: uncachable
MTRR fixed ranges enabled:
&#160;00000-9FFFF write-back
&#160;A0000-BFFFF uncachable
&#160;C0000-CFFFF write-protect
&#160;D0000-DFFFF uncachable
&#160;E0000-FFFFF write-protect
MTRR variable ranges enabled:
&#160;0 base 000000000 mask F80000000 write-back
&#160;1 base 07F700000 mask FFFF00000 uncachable
&#160;2 base 07F800000 mask FFF800000 uncachable
&#160;3 disabled
&#160;4 disabled
&#160;5 disabled
&#160;6 disabled
&#160;7 disabled
x86 PAT enabled: cpu 0, old 0x7040600070406, new 0x7010600070106
original variable MTRRs
reg 0, base: 0GB, range: 2GB, type WB
reg 1, base: 2039MB, range: 1MB, type UC
reg 2, base: 2040MB, range: 8MB, type UC
total RAM coverred: 2039M
Found optimal setting for mtrr clean up
&#160;gran_size: 64K &#160;chunk_size: 16M &#160;num_reg: 3 &#160; lose cover RAM: 0G
New variable MTRRs
reg 0, base: 0GB, range: 2GB, type WB
reg 1, base: 2039MB, range: 1MB, type UC
reg 2, base: 2040MB, range: 8MB, type UC
x86 PAT enabled: cpu 0, old 0x7040600070406, new 0x7010600070106
initial memory mapped : 0 - 01000000
init_memory_mapping: 0000000000000000-00000000375fe000
NX (Execute Disable) protection: active
&#160;0000000000 - 0000200000 page 4k
&#160;0000200000 - 0037400000 page 2M
&#160;0037400000 - 00375fe000 page 4k
kernel direct mapping tables up to 375fe000 @ 7000-f000
RAMDISK: 37598000 - 37fef181
Allocated new RAMDISK: 00afb000 - 01552181
Move RAMDISK from 0000000037598000 - 0000000037fef180 to 00afb000 - 01552180
ACPI: RSDP 000f7830 00024 (v02 PTLTD )
ACPI: XSDT 7f6d7f14 00084 (v01 LENOVO CB-01 &#160; &#160;06040000 &#160;LTP 00000000)
ACPI: FACP 7f6dfbd2 000F4 (v03 LENOVO CB-01 &#160; &#160;06040000 ALAN 00000001)
ACPI: DSDT 7f6d9120 06A3E (v02 LENOVO CB-01 &#160; &#160;06040000 INTL 20050624)
ACPI: FACS 7f6e2fc0 00040
ACPI: APIC 7f6dfcc6 00068 (v01 LENOVO CB-01 &#160; &#160;06040000 LOHR 0000005A)
ACPI: HPET 7f6dfd2e 00038 (v01 LENOVO CB-01 &#160; &#160;06040000 LOHR 0000005A)
ACPI: MCFG 7f6dfd66 0003C (v01 LENOVO CB-01 &#160; &#160;06040000 LOHR 0000005A)
ACPI: TCPA 7f6dfda2 00032 (v01 LENOVO CB-01 &#160; &#160;06040000 &#160; &#160; &#160;00005A52)
ACPI: TMOR 7f6dfdd4 00026 (v01 LENOVO CB-01 &#160; &#160;06040000 PTL &#160;00000003)
ACPI: APIC 7f6dfdfa 00068 (v01 LENOVO CB-01 &#160; &#160;06040000 &#160;LTP 00000000)
ACPI: BOOT 7f6dfe62 00028 (v01 LENOVO CB-01 &#160; &#160;06040000 &#160;LTP 00000001)
ACPI: SLIC 7f6dfe8a 00176 (v01 LENOVO CB-01 &#160; &#160;06040000 &#160;LTP 00000000)
ACPI: SSDT 7f6d8524 0025F (v01 &#160;PmRef &#160;Cpu0Tst 00003000 INTL 20050624)
ACPI: SSDT 7f6d847e 000A6 (v01 &#160;PmRef &#160;Cpu1Tst 00003000 INTL 20050624)
ACPI: SSDT 7f6d7f98 004E6 (v01 &#160;PmRef &#160; &#160;CpuPm 00003000 INTL 20050624)
ACPI: BIOS bug: multiple APIC/MADT found, using 0
ACPI: If &quot;acpi_apic_instance=2&quot; works better, notify <A HREF="https://lists.berlios.de/mailman/listinfo/bcm43xx-dev">linux-acpi at vger.kernel.org</A>
ACPI: Local APIC address 0xfee00000
1152MB HIGHMEM available.
885MB LOWMEM available.
&#160;mapped low ram: 0 - 375fe000
&#160;low ram: 0 - 375fe000
&#160;node 0 low ram: 00000000 - 375fe000
&#160;node 0 bootmap 0000b000 - 00011ec0
(9 early reservations) ==&gt; bootmem [0000000000 - 00375fe000]
&#160;#0 [0000000000 - 0000001000] &#160; BIOS data page ==&gt; [0000000000 - 0000001000]
&#160;#1 [0000001000 - 0000002000] &#160; &#160;EX TRAMPOLINE ==&gt; [0000001000 - 0000002000]
&#160;#2 [0000006000 - 0000007000] &#160; &#160; &#160; TRAMPOLINE ==&gt; [0000006000 - 0000007000]
&#160;#3 [0000400000 - 0000af1210] &#160; &#160;TEXT DATA BSS ==&gt; [0000400000 - 0000af1210]
&#160;#4 [000009f800 - 0000100000] &#160; &#160;BIOS reserved ==&gt; [000009f800 - 0000100000]
&#160;#5 [0000af2000 - 0000afa200] &#160; &#160; &#160; &#160; &#160; &#160; &#160;BRK ==&gt; [0000af2000 - 0000afa200]
&#160;#6 [0000007000 - 000000b000] &#160; &#160; &#160; &#160; &#160;PGTABLE ==&gt; [0000007000 - 000000b000]
&#160;#7 [0000afb000 - 0001552181] &#160; &#160; &#160;NEW RAMDISK ==&gt; [0000afb000 - 0001552181]
&#160;#8 [000000b000 - 0000012000] &#160; &#160; &#160; &#160; &#160;BOOTMAP ==&gt; [000000b000 - 0000012000]
found SMP MP-table at [c00f7910] f7910
Zone PFN ranges:
&#160;DMA &#160; &#160; &#160;0x00000000 -&gt; 0x00001000
&#160;Normal &#160; 0x00001000 -&gt; 0x000375fe
&#160;HighMem &#160;0x000375fe -&gt; 0x0007f6d0
Movable zone start PFN for each node
early_node_map[2] active PFN ranges
&#160; &#160;0: 0x00000000 -&gt; 0x0000009f
&#160; &#160;0: 0x00000100 -&gt; 0x0007f6d0
On node 0 totalpages: 521839
free_area_init_node: node 0, pgdat c0995ba0, node_mem_map c1553000
&#160;DMA zone: 32 pages used for memmap
&#160;DMA zone: 0 pages reserved
&#160;DMA zone: 3967 pages, LIFO batch:0
&#160;Normal zone: 1740 pages used for memmap
&#160;Normal zone: 220978 pages, LIFO batch:31
&#160;HighMem zone: 2306 pages used for memmap
&#160;HighMem zone: 292816 pages, LIFO batch:31
Using APIC driver default
ACPI: PM-Timer IO Port: 0x1008
ACPI: Local APIC address 0xfee00000
ACPI: LAPIC (acpi_id[0x00] lapic_id[0x00] enabled)
ACPI: LAPIC (acpi_id[0x01] lapic_id[0x01] enabled)
ACPI: LAPIC_NMI (acpi_id[0x00] high edge lint[0x1])
ACPI: LAPIC_NMI (acpi_id[0x01] high edge lint[0x1])
ACPI: IOAPIC (id[0x01] address[0xfec00000] gsi_base[0])
IOAPIC[0]: apic_id 1, version 32, address 0xfec00000, GSI 0-23
ACPI: INT_SRC_OVR (bus 0 bus_irq 0 global_irq 2 dfl dfl)
ACPI: INT_SRC_OVR (bus 0 bus_irq 9 global_irq 9 high level)
ACPI: IRQ0 used by override.
ACPI: IRQ2 used by override.
ACPI: IRQ9 used by override.
Enabling APIC mode: &#160;Flat. &#160;Using 1 I/O APICs
Using ACPI (MADT) for SMP configuration information
ACPI: HPET id: 0x8086a201 base: 0xfed00000
SMP: Allowing 2 CPUs, 0 hotplug CPUs
nr_irqs_gsi: 24
PM: Registered nosave memory: 000000000009f000 - 00000000000a0000
PM: Registered nosave memory: 00000000000a0000 - 00000000000d2000
PM: Registered nosave memory: 00000000000d2000 - 00000000000d4000
PM: Registered nosave memory: 00000000000d4000 - 00000000000dc000
PM: Registered nosave memory: 00000000000dc000 - 0000000000100000
Allocating PCI resources starting at 80000000 (gap: 80000000:60000000)
NR_CPUS:32 nr_cpumask_bits:32 nr_cpu_ids:2 nr_node_ids:1
PERCPU: Embedded 15 pages at c254d000, static data 37788 bytes
Built 1 zonelists in Zone order, mobility grouping on. &#160;Total pages: 517761
Kernel command line: ro root=UUID=a3efaa00-09cd-45af-8e3b-93da364edf67
LANG=de_DE.UTF-8 SYSFONT=latarcyrheb-sun16 KEYBOARDTYPE=pc
KEYTABLE=de-latin1-nodeadkeys rhgb quiet
PID hash table entries: 4096 (order: 12, 16384 bytes)
Dentry cache hash table entries: 131072 (order: 7, 524288 bytes)
Inode-cache hash table entries: 65536 (order: 6, 262144 bytes)
Enabling fast FPU save and restore... done.
Enabling unmasked SIMD FPU exception support... done.
Initializing CPU#0
allocated 10438720 bytes of page_cgroup
please try 'cgroup_disable=memory' option if you don't want memory cgroups
Initializing HighMem for node 0 (000375fe:0007f6d0)
Memory: 2041248k/2087744k available (3569k kernel code, 45252k reserved, 2214k
data, 448k init, 1180488k highmem)
virtual kernel memory layout:
&#160; &#160;fixmap &#160;: 0xffad5000 - 0xfffff000 &#160; (5288 kB)
&#160; &#160;pkmap &#160; : 0xff600000 - 0xff800000 &#160; (2048 kB)
&#160; &#160;vmalloc : 0xf7dfe000 - 0xff5fe000 &#160; ( 120 MB)
&#160; &#160;lowmem &#160;: 0xc0000000 - 0xf75fe000 &#160; ( 885 MB)
&#160; &#160; &#160;.init : 0xc09a7000 - 0xc0a17000 &#160; ( 448 kB)
&#160; &#160; &#160;.data : 0xc077c76f - 0xc09a6028 &#160; (2214 kB)
&#160; &#160; &#160;.text : 0xc0400000 - 0xc077c76f &#160; (3569 kB)
Checking if this processor honours the WP bit even in supervisor mode...Ok.
SLUB: Genslabs=13, HWalign=64, Order=0-3, MinObjects=0, CPUs=2, Nodes=1
Hierarchical RCU implementation.
NR_IRQS:1280
Extended CMOS year: 2000
Fast TSC calibration using PIT
Detected 1596.245 MHz processor.
Console: colour VGA+ 80x25
console [tty0] enabled
hpet clockevent registered
HPET: 3 timers in total, 0 timers will be used for per-cpu timer
Calibrating delay loop (skipped), value calculated using timer frequency..
3192.49 BogoMIPS (lpj=1596245)
Security Framework initialized
SELinux: &#160;Initializing.
SELinux: &#160;Starting in permissive mode
Mount-cache hash table entries: 512
Initializing cgroup subsys ns
Initializing cgroup subsys cpuacct
Initializing cgroup subsys memory
Initializing cgroup subsys devices
Initializing cgroup subsys freezer
Initializing cgroup subsys net_cls
CPU: L1 I cache: 32K, L1 D cache: 32K
CPU: L2 cache: 1024K
CPU: Physical Processor ID: 0
CPU: Processor Core ID: 0
mce: CPU supports 6 MCE banks
CPU0: Thermal monitoring handled by SMI
using mwait in idle threads.
Performance Counters: Core2 events, Intel PMU driver.
... version: &#160; &#160; &#160; &#160; &#160; &#160; &#160; &#160; 2
... bit width: &#160; &#160; &#160; &#160; &#160; &#160; &#160; 40
... generic counters: &#160; &#160; &#160; &#160;2
... value mask: &#160; &#160; &#160; &#160; &#160; &#160; &#160;000000ffffffffff
... max period: &#160; &#160; &#160; &#160; &#160; &#160; &#160;000000007fffffff
... fixed-purpose counters: &#160;3
... counter mask: &#160; &#160; &#160; &#160; &#160; &#160;0000000700000003
Checking 'hlt' instruction... OK.
ACPI: Core revision 20090521
ftrace: converting mcount calls to 0f 1f 44 00 00
ftrace: allocating 20611 entries in 41 pages
..TIMER: vector=0x30 apic1=0 pin1=2 apic2=-1 pin2=-1
CPU0: Intel(R) Pentium(R) Dual &#160;CPU &#160;T2330 &#160;@ 1.60GHz stepping 0d
Booting processor 1 APIC 0x1 ip 0x6000
Initializing CPU#1
Calibrating delay using timer specific routine.. 3255.68 BogoMIPS (lpj=1627841)
CPU: L1 I cache: 32K, L1 D cache: 32K
CPU: L2 cache: 1024K
CPU: Physical Processor ID: 0
CPU: Processor Core ID: 1
mce: CPU supports 6 MCE banks
CPU1: Thermal monitoring handled by SMI
x86 PAT enabled: cpu 1, old 0x7040600070406, new 0x7010600070106
CPU1: Intel(R) Pentium(R) Dual &#160;CPU &#160;T2330 &#160;@ 1.60GHz stepping 0d
checking TSC synchronization [CPU#0 -&gt; CPU#1]: passed.
Brought up 2 CPUs
Total of 2 processors activated (6448.17 BogoMIPS).
sizeof(vma)=88 bytes
sizeof(page)=32 bytes
sizeof(inode)=352 bytes
sizeof(dentry)=132 bytes
sizeof(ext3inode)=500 bytes
sizeof(buffer_head)=56 bytes
sizeof(skbuff)=192 bytes
sizeof(task_struct)=3256 bytes
CPU0 attaching sched-domain:
&#160;domain 0: span 0-1 level MC
&#160;groups: 0 1
CPU1 attaching sched-domain:
&#160;domain 0: span 0-1 level MC
&#160;groups: 1 0
Booting paravirtualized kernel on bare hardware
regulator: core version 0.5
Time: &#160;9:50:05 &#160;Date: 11/19/09
NET: Registered protocol family 16
ACPI: bus type pci registered
PCI: MCFG configuration 0: base e0000000 segment 0 buses 0 - 255
PCI: MCFG area at e0000000 reserved in E820
PCI: Using MMCONFIG for extended config space
PCI: Using configuration type 1 for base access
bio: create slab &lt;bio-0&gt; at 0
ACPI: EC: Look up EC in DSDT
ACPI: BIOS _OSI(Linux) query ignored
ACPI: EC: non-query interrupt received, switching to interrupt mode
ACPI: Interpreter enabled
ACPI: (supports S0 S3 S4 S5)
ACPI: Using IOAPIC for interrupt routing
ACPI: EC: GPE = 0x17, I/O: command/status = 0x66, data = 0x62
ACPI: EC: driver started in interrupt mode
ACPI: No dock devices found.
ACPI: PCI Root Bridge [PCI0] (0000:00)
pci 0000:00:02.0: reg 10 64bit mmio: [0xf8000000-0xf80fffff]
pci 0000:00:02.0: reg 18 64bit mmio: [0xd0000000-0xdfffffff]
pci 0000:00:02.0: reg 20 io port: [0x1800-0x1807]
pci 0000:00:02.1: reg 10 64bit mmio: [0xf8100000-0xf81fffff]
pci 0000:00:1a.0: reg 20 io port: [0x1820-0x183f]
pci 0000:00:1a.7: reg 10 32bit mmio: [0xf8604000-0xf86043ff]
pci 0000:00:1a.7: PME# supported from D0 D3hot D3cold
pci 0000:00:1a.7: PME# disabled
pci 0000:00:1b.0: reg 10 64bit mmio: [0xf8400000-0xf8403fff]
pci 0000:00:1b.0: PME# supported from D0 D3hot D3cold
pci 0000:00:1b.0: PME# disabled
pci 0000:00:1c.0: PME# supported from D0 D3hot D3cold
pci 0000:00:1c.0: PME# disabled
pci 0000:00:1c.2: PME# supported from D0 D3hot D3cold
pci 0000:00:1c.2: PME# disabled
pci 0000:00:1c.5: PME# supported from D0 D3hot D3cold
pci 0000:00:1c.5: PME# disabled
pci 0000:00:1d.0: reg 20 io port: [0x1840-0x185f]
pci 0000:00:1d.1: reg 20 io port: [0x1860-0x187f]
pci 0000:00:1d.2: reg 20 io port: [0x1880-0x189f]
pci 0000:00:1d.7: reg 10 32bit mmio: [0xf8604400-0xf86047ff]
pci 0000:00:1d.7: PME# supported from D0 D3hot D3cold
pci 0000:00:1d.7: PME# disabled
pci 0000:00:1f.0: quirk: region 1000-107f claimed by ICH6 ACPI/GPIO/TCO
pci 0000:00:1f.0: quirk: region 1180-11bf claimed by ICH6 GPIO
pci 0000:00:1f.0: ICH7 LPC Generic IO decode 1 PIO at 0068 (mask 0007)
pci 0000:00:1f.0: ICH7 LPC Generic IO decode 2 PIO at 1600 (mask 000f)
pci 0000:00:1f.2: reg 10 io port: [0x00-0x07]
pci 0000:00:1f.2: reg 14 io port: [0x00-0x03]
pci 0000:00:1f.2: reg 18 io port: [0x00-0x07]
pci 0000:00:1f.2: reg 1c io port: [0x00-0x03]
pci 0000:00:1f.2: reg 20 io port: [0x18c0-0x18cf]
pci 0000:00:1f.2: reg 24 io port: [0x18b0-0x18bf]
pci 0000:00:1f.2: PME# supported from D3hot
pci 0000:00:1f.2: PME# disabled
pci 0000:00:1f.3: reg 10 32bit mmio: [0x000000-0x0000ff]
pci 0000:00:1f.3: reg 20 io port: [0x18e0-0x18ff]
pci 0000:02:00.0: reg 10 32bit mmio: [0xf8300000-0xf8303fff]
pci 0000:02:00.0: supports D1 D2
pci 0000:02:00.0: disabling ASPM on pre-1.1 PCIe device. &#160;You can enable it
with 'pcie_aspm=force'
pci 0000:00:1c.0: bridge 32bit mmio: [0xf8300000-0xf83fffff]
pci 0000:00:1c.2: bridge io port: [0x2000-0x2fff]
pci 0000:00:1c.2: bridge 32bit mmio: [0xf4000000-0xf7ffffff]
pci 0000:00:1c.2: bridge 64bit mmio pref: [0xf0000000-0xf3ffffff]
pci 0000:06:00.0: reg 10 64bit mmio: [0xf8200000-0xf820ffff]
pci 0000:06:00.0: PME# supported from D3hot D3cold
pci 0000:06:00.0: PME# disabled
pci 0000:00:1c.5: bridge 32bit mmio: [0xf8200000-0xf82fffff]
pci 0000:00:1e.0: transparent bridge
pci_bus 0000:00: on NUMA node 0
ACPI: PCI Interrupt Routing Table [\_SB_.PCI0._PRT]
ACPI: PCI Interrupt Routing Table [\_SB_.PCI0.RP01._PRT]
ACPI: PCI Interrupt Routing Table [\_SB_.PCI0.RP03._PRT]
ACPI: PCI Interrupt Routing Table [\_SB_.PCI0.RP06._PRT]
ACPI: PCI Interrupt Routing Table [\_SB_.PCI0.PCIB._PRT]
ACPI: PCI Interrupt Link [LNKA] (IRQs 1 3 4 5 6 7 10 12 14 15) *11
ACPI: PCI Interrupt Link [LNKB] (IRQs 1 3 *4 5 6 7 11 12 14 15)
ACPI: PCI Interrupt Link [LNKC] (IRQs 1 3 4 *5 6 7 10 12 14 15)
ACPI: PCI Interrupt Link [LNKD] (IRQs 1 3 4 5 6 7 11 12 14 15) *10
ACPI: PCI Interrupt Link [LNKE] (IRQs 1 3 4 5 6 7 10 12 14 15) *0, disabled.
ACPI: PCI Interrupt Link [LNKF] (IRQs 1 3 4 5 6 7 11 12 14 15) *0, disabled.
ACPI: PCI Interrupt Link [LNKG] (IRQs 1 3 4 5 6 *7 10 12 14 15)
ACPI: PCI Interrupt Link [LNKH] (IRQs 1 *3 4 5 6 7 11 12 14 15)
vgaarb: device added: PCI:0000:00:02.0,decodes=io+mem,owns=io+mem,locks=none
vgaarb: loaded
SCSI subsystem initialized
libata version 3.00 loaded.
usbcore: registered new interface driver usbfs
usbcore: registered new interface driver hub
usbcore: registered new device driver usb
PCI: Using ACPI for IRQ routing
PCI: old code would have set cacheline size to 32 bytes, but clflush_size = 64
PCI: pci_cache_line_size set to 64 bytes
NetLabel: Initializing
NetLabel: &#160;domain hash size = 128
NetLabel: &#160;protocols = UNLABELED CIPSOv4
NetLabel: &#160;unlabeled traffic allowed by default
hpet0: at MMIO 0xfed00000, IRQs 2, 8, 0
hpet0: 3 comparators, 64-bit 14.318180 MHz counter
pnp: PnP ACPI init
ACPI: bus type pnp registered
pnp: PnP ACPI: found 10 devices
ACPI: ACPI bus type pnp unregistered
system 00:01: iomem range 0xfed1c000-0xfed1ffff has been reserved
system 00:01: iomem range 0xfed14000-0xfed17fff has been reserved
system 00:01: iomem range 0xfed18000-0xfed18fff has been reserved
system 00:01: iomem range 0xfed19000-0xfed19fff has been reserved
system 00:01: iomem range 0xe0000000-0xefffffff has been reserved
system 00:01: iomem range 0xfed20000-0xfed3ffff has been reserved
system 00:01: iomem range 0xfed45000-0xfed8ffff has been reserved
system 00:04: iomem range 0xfed00000-0xfed003ff has been reserved
system 00:06: ioport range 0x680-0x69f has been reserved
system 00:06: ioport range 0x800-0x80f has been reserved
system 00:06: ioport range 0x1000-0x107f has been reserved
system 00:06: ioport range 0x1180-0x11bf has been reserved
system 00:06: ioport range 0xfe00-0xfe00 has been reserved
system 00:06: ioport range 0x1600-0x160f has been reserved
pci 0000:00:1c.0: PCI bridge, secondary bus 0000:02
pci 0000:00:1c.0: &#160; IO window: disabled
pci 0000:00:1c.0: &#160; MEM window: 0xf8300000-0xf83fffff
pci 0000:00:1c.0: &#160; PREFETCH window: disabled
pci 0000:00:1c.2: PCI bridge, secondary bus 0000:04
pci 0000:00:1c.2: &#160; IO window: 0x2000-0x2fff
pci 0000:00:1c.2: &#160; MEM window: 0xf4000000-0xf7ffffff
pci 0000:00:1c.2: &#160; PREFETCH window: 0x000000f0000000-0x000000f3ffffff
pci 0000:00:1c.5: PCI bridge, secondary bus 0000:06
pci 0000:00:1c.5: &#160; IO window: disabled
pci 0000:00:1c.5: &#160; MEM window: 0xf8200000-0xf82fffff
pci 0000:00:1c.5: &#160; PREFETCH window: disabled
pci 0000:00:1e.0: PCI bridge, secondary bus 0000:07
pci 0000:00:1e.0: &#160; IO window: disabled
pci 0000:00:1e.0: &#160; MEM window: disabled
pci 0000:00:1e.0: &#160; PREFETCH window: disabled
pci 0000:00:1c.0: PCI INT A -&gt; GSI 17 (level, low) -&gt; IRQ 17
pci 0000:00:1c.0: setting latency timer to 64
pci 0000:00:1c.2: PCI INT C -&gt; GSI 18 (level, low) -&gt; IRQ 18
pci 0000:00:1c.2: setting latency timer to 64
pci 0000:00:1c.5: PCI INT B -&gt; GSI 16 (level, low) -&gt; IRQ 16
pci 0000:00:1c.5: setting latency timer to 64
pci 0000:00:1e.0: setting latency timer to 64
pci_bus 0000:00: resource 0 io: &#160;[0x00-0xffff]
pci_bus 0000:00: resource 1 mem: [0x000000-0xffffffffffffffff]
pci_bus 0000:02: resource 1 mem: [0xf8300000-0xf83fffff]
pci_bus 0000:04: resource 0 io: &#160;[0x2000-0x2fff]
pci_bus 0000:04: resource 1 mem: [0xf4000000-0xf7ffffff]
pci_bus 0000:04: resource 2 pref mem [0xf0000000-0xf3ffffff]
pci_bus 0000:06: resource 1 mem: [0xf8200000-0xf82fffff]
pci_bus 0000:07: resource 3 io: &#160;[0x00-0xffff]
pci_bus 0000:07: resource 4 mem: [0x000000-0xffffffffffffffff]
NET: Registered protocol family 2
IP route cache hash table entries: 32768 (order: 5, 131072 bytes)
TCP established hash table entries: 131072 (order: 8, 1048576 bytes)
TCP bind hash table entries: 65536 (order: 7, 524288 bytes)
TCP: Hash tables configured (established 131072 bind 65536)
TCP reno registered
NET: Registered protocol family 1
Trying to unpack rootfs image as initramfs...
Switched to high resolution mode on CPU 1
Switched to high resolution mode on CPU 0
Freeing initrd memory: 10588k freed
Simple Boot Flag at 0x36 set to 0x1
apm: BIOS not found.
audit: initializing netlink socket (disabled)
type=2000 audit(1258624205.565:1): initialized
highmem bounce pool size: 64 pages
HugeTLB registered 2 MB page size, pre-allocated 0 pages
VFS: Disk quotas dquot_6.5.2
Dquot-cache hash table entries: 1024 (order 0, 4096 bytes)
msgmni has been set to 1703
SELinux: &#160;Registering netfilter hooks
alg: No test for stdrng (krng)
Block layer SCSI generic (bsg) driver version 0.4 loaded (major 252)
io scheduler noop registered
io scheduler anticipatory registered
io scheduler deadline registered
io scheduler cfq registered (default)
pci 0000:00:02.0: Boot video device
pcieport-driver 0000:00:1c.0: irq 24 for MSI/MSI-X
pcieport-driver 0000:00:1c.0: setting latency timer to 64
pcieport-driver 0000:00:1c.2: irq 25 for MSI/MSI-X
pcieport-driver 0000:00:1c.2: setting latency timer to 64
pcieport-driver 0000:00:1c.5: irq 26 for MSI/MSI-X
pcieport-driver 0000:00:1c.5: setting latency timer to 64
pci_hotplug: PCI Hot Plug PCI Core version: 0.5
pciehp: PCI Express Hot Plug Controller Driver version: 0.4
acpiphp: ACPI Hot Plug PCI Controller Driver version: 0.5
acpiphp_glue: can't get bus number, assuming 0
decode_hpp: Could not get hotplug parameters. Use defaults
acpiphp: Slot [1] registered
ACPI: AC Adapter [ACAD] (on-line)
input: Power Button as /devices/LNXSYSTM:00/LNXPWRBN:00/input/input0
ACPI: Power Button [PWRF]
input: Lid Switch as /devices/LNXSYSTM:00/device:00/PNP0C0D:00/input/input1
ACPI: Lid Switch [LID]
input: Power Button as /devices/LNXSYSTM:00/device:00/PNP0C0C:00/input/input2
ACPI: Power Button [PWRB]
input: Sleep Button as /devices/LNXSYSTM:00/device:00/PNP0C0E:00/input/input3
ACPI: Sleep Button [SLPB]
ACPI: SSDT 7f6d8e11 00247 (v01 &#160;PmRef &#160;Cpu0Ist 00003000 INTL 20050624)
ACPI: SSDT 7f6d8783 00609 (v01 &#160;PmRef &#160;Cpu0Cst 00003001 INTL 20050624)
Monitor-Mwait will be used to enter C-1 state
Monitor-Mwait will be used to enter C-2 state
Monitor-Mwait will be used to enter C-3 state
Marking TSC unstable due to TSC halts in idle
ACPI: CPU0 (power states: C1[C1] C2[C2] C3[C3])
processor LNXCPU:00: registered as cooling_device0
ACPI: Processor [CPU0] (supports 8 throttling states)
ACPI: SSDT 7f6d9058 000C8 (v01 &#160;PmRef &#160;Cpu1Ist 00003000 INTL 20050624)
ACPI: SSDT 7f6d8d8c 00085 (v01 &#160;PmRef &#160;Cpu1Cst 00003000 INTL 20050624)
ACPI: CPU1 (power states: C1[C1] C2[C2] C3[C3])
processor LNXCPU:01: registered as cooling_device1
ACPI: Processor [CPU1] (supports 8 throttling states)
thermal LNXTHERM:01: registered as thermal_zone0
ACPI: Thermal Zone [TZ00] (40 C)
isapnp: Scanning for PnP cards...
isapnp: No Plug &amp; Play device found
Non-volatile memory driver v1.3
Linux agpgart interface v0.103
agpgart-intel 0000:00:00.0: Intel 965GM Chipset
agpgart-intel 0000:00:00.0: detected 7676K stolen memory
agpgart-intel 0000:00:00.0: AGP aperture is 256M @ 0xd0000000
Serial: 8250/16550 driver, 4 ports, IRQ sharing enabled
brd: module loaded
loop: module loaded
input: Macintosh mouse button emulation as /devices/virtual/input/input4
ata_piix 0000:00:1f.2: version 2.13
ata_piix 0000:00:1f.2: PCI INT B -&gt; GSI 19 (level, low) -&gt; IRQ 19
ata_piix 0000:00:1f.2: MAP [ P0 P2 IDE IDE ]
ata_piix 0000:00:1f.2: setting latency timer to 64
scsi0 : ata_piix
scsi1 : ata_piix
ata1: SATA max UDMA/133 cmd 0x1f0 ctl 0x3f6 bmdma 0x18c0 irq 14
ata2: PATA max UDMA/100 cmd 0x170 ctl 0x376 bmdma 0x18c8 irq 15
Fixed MDIO Bus: probed
ehci_hcd: USB 2.0 'Enhanced' Host Controller (EHCI) Driver
ehci_hcd 0000:00:1a.7: PCI INT C -&gt; GSI 18 (level, low) -&gt; IRQ 18
ehci_hcd 0000:00:1a.7: setting latency timer to 64
ehci_hcd 0000:00:1a.7: EHCI Host Controller
ehci_hcd 0000:00:1a.7: new USB bus registered, assigned bus number 1
ehci_hcd 0000:00:1a.7: debug port 1
ehci_hcd 0000:00:1a.7: cache line size of 64 is not supported
ehci_hcd 0000:00:1a.7: irq 18, io mem 0xf8604000
ehci_hcd 0000:00:1a.7: USB 2.0 started, EHCI 1.00
usb usb1: New USB device found, idVendor=1d6b, idProduct=0002
usb usb1: New USB device strings: Mfr=3, Product=2, SerialNumber=1
usb usb1: Product: EHCI Host Controller
usb usb1: Manufacturer: Linux 2.6.31.5-127.fc12.i686.PAE ehci_hcd
usb usb1: SerialNumber: 0000:00:1a.7
usb usb1: configuration #1 chosen from 1 choice
hub 1-0:1.0: USB hub found
hub 1-0:1.0: 2 ports detected
ehci_hcd 0000:00:1d.7: PCI INT A -&gt; GSI 23 (level, low) -&gt; IRQ 23
ehci_hcd 0000:00:1d.7: setting latency timer to 64
ehci_hcd 0000:00:1d.7: EHCI Host Controller
ehci_hcd 0000:00:1d.7: new USB bus registered, assigned bus number 2
ehci_hcd 0000:00:1d.7: debug port 1
ehci_hcd 0000:00:1d.7: cache line size of 64 is not supported
ehci_hcd 0000:00:1d.7: irq 23, io mem 0xf8604400
ehci_hcd 0000:00:1d.7: USB 2.0 started, EHCI 1.00
usb usb2: New USB device found, idVendor=1d6b, idProduct=0002
usb usb2: New USB device strings: Mfr=3, Product=2, SerialNumber=1
usb usb2: Product: EHCI Host Controller
usb usb2: Manufacturer: Linux 2.6.31.5-127.fc12.i686.PAE ehci_hcd
usb usb2: SerialNumber: 0000:00:1d.7
usb usb2: configuration #1 chosen from 1 choice
hub 2-0:1.0: USB hub found
hub 2-0:1.0: 6 ports detected
ohci_hcd: USB 1.1 'Open' Host Controller (OHCI) Driver
uhci_hcd: USB Universal Host Controller Interface driver
uhci_hcd 0000:00:1a.0: PCI INT A -&gt; GSI 16 (level, low) -&gt; IRQ 16
uhci_hcd 0000:00:1a.0: setting latency timer to 64
uhci_hcd 0000:00:1a.0: UHCI Host Controller
uhci_hcd 0000:00:1a.0: new USB bus registered, assigned bus number 3
uhci_hcd 0000:00:1a.0: irq 16, io base 0x00001820
usb usb3: New USB device found, idVendor=1d6b, idProduct=0001
usb usb3: New USB device strings: Mfr=3, Product=2, SerialNumber=1
usb usb3: Product: UHCI Host Controller
usb usb3: Manufacturer: Linux 2.6.31.5-127.fc12.i686.PAE uhci_hcd
usb usb3: SerialNumber: 0000:00:1a.0
usb usb3: configuration #1 chosen from 1 choice
hub 3-0:1.0: USB hub found
hub 3-0:1.0: 2 ports detected
uhci_hcd 0000:00:1d.0: PCI INT A -&gt; GSI 23 (level, low) -&gt; IRQ 23
uhci_hcd 0000:00:1d.0: setting latency timer to 64
uhci_hcd 0000:00:1d.0: UHCI Host Controller
uhci_hcd 0000:00:1d.0: new USB bus registered, assigned bus number 4
uhci_hcd 0000:00:1d.0: irq 23, io base 0x00001840
usb usb4: New USB device found, idVendor=1d6b, idProduct=0001
usb usb4: New USB device strings: Mfr=3, Product=2, SerialNumber=1
usb usb4: Product: UHCI Host Controller
usb usb4: Manufacturer: Linux 2.6.31.5-127.fc12.i686.PAE uhci_hcd
usb usb4: SerialNumber: 0000:00:1d.0
usb usb4: configuration #1 chosen from 1 choice
hub 4-0:1.0: USB hub found
hub 4-0:1.0: 2 ports detected
uhci_hcd 0000:00:1d.1: PCI INT B -&gt; GSI 19 (level, low) -&gt; IRQ 19
uhci_hcd 0000:00:1d.1: setting latency timer to 64
uhci_hcd 0000:00:1d.1: UHCI Host Controller
uhci_hcd 0000:00:1d.1: new USB bus registered, assigned bus number 5
uhci_hcd 0000:00:1d.1: irq 19, io base 0x00001860
usb usb5: New USB device found, idVendor=1d6b, idProduct=0001
usb usb5: New USB device strings: Mfr=3, Product=2, SerialNumber=1
usb usb5: Product: UHCI Host Controller
usb usb5: Manufacturer: Linux 2.6.31.5-127.fc12.i686.PAE uhci_hcd
usb usb5: SerialNumber: 0000:00:1d.1
usb usb5: configuration #1 chosen from 1 choice
hub 5-0:1.0: USB hub found
hub 5-0:1.0: 2 ports detected
uhci_hcd 0000:00:1d.2: PCI INT C -&gt; GSI 18 (level, low) -&gt; IRQ 18
uhci_hcd 0000:00:1d.2: setting latency timer to 64
uhci_hcd 0000:00:1d.2: UHCI Host Controller
uhci_hcd 0000:00:1d.2: new USB bus registered, assigned bus number 6
uhci_hcd 0000:00:1d.2: irq 18, io base 0x00001880
usb usb6: New USB device found, idVendor=1d6b, idProduct=0001
usb usb6: New USB device strings: Mfr=3, Product=2, SerialNumber=1
usb usb6: Product: UHCI Host Controller
usb usb6: Manufacturer: Linux 2.6.31.5-127.fc12.i686.PAE uhci_hcd
usb usb6: SerialNumber: 0000:00:1d.2
usb usb6: configuration #1 chosen from 1 choice
hub 6-0:1.0: USB hub found
hub 6-0:1.0: 2 ports detected
PNP: PS/2 Controller [PNP0303:PS2K,PNP0f13:PS2M] at 0x60,0x64 irq 1,12
i8042.c: Detected active multiplexing controller, rev 1.1.
serio: i8042 KBD port at 0x60,0x64 irq 1
serio: i8042 AUX0 port at 0x60,0x64 irq 12
serio: i8042 AUX1 port at 0x60,0x64 irq 12
serio: i8042 AUX2 port at 0x60,0x64 irq 12
serio: i8042 AUX3 port at 0x60,0x64 irq 12
mice: PS/2 mouse device common for all mice
rtc_cmos 00:07: RTC can wake from S4
rtc_cmos 00:07: rtc core: registered rtc_cmos as rtc0
rtc0: alarms up to one month, y3k, 242 bytes nvram, hpet irqs
device-mapper: uevent: version 1.0.3
device-mapper: ioctl: 4.15.0-ioctl (2009-04-01) initialised:
<A HREF="https://lists.berlios.de/mailman/listinfo/bcm43xx-dev">dm-devel at redhat.com</A>
cpuidle: using governor ladder
cpuidle: using governor menu
usbcore: registered new interface driver hiddev
usbcore: registered new interface driver usbhid
usbhid: v2.6:USB HID core driver
nf_conntrack version 0.5.0 (16384 buckets, 65536 max)
CONFIG_NF_CT_ACCT is deprecated and will be removed soon. Please use
nf_conntrack.acct=1 kernel parameter, acct=1 nf_conntrack module option or
sysctl net.netfilter.nf_conntrack_acct=1 to enable it.
ip_tables: (C) 2000-2006 Netfilter Core Team
TCP cubic registered
Initializing XFRM netlink socket
NET: Registered protocol family 17
Using IPI No-Shortcut mode
PM: Resume from disk failed.
registered taskstats version 1
No TPM chip found, activating TPM-bypass!
&#160;Magic number: 1:200:829
rtc_cmos 00:07: setting system clock to 2009-11-19 09:50:06 UTC (1258624206)
Initalizing network drop monitor service
input: AT Translated Set 2 keyboard as
/devices/platform/i8042/serio0/input/input5
ata2.00: ATAPI: Optiarc CD-RW CRX880A, KX07, max UDMA/33
ata1.00: HPA detected: current 225204174, native 234441648
ata1.00: ATA-8: FUJITSU MHW2120BH, 00000012, max UDMA/100
ata1.00: 225204174 sectors, multi 16: LBA48 NCQ (depth 0/32)
ata2.00: configured for UDMA/33
ata1.00: configured for UDMA/100
Clocksource tsc unstable (delta = -240843825 ns)
usb 4-1: new low speed USB device using uhci_hcd and address 2
ACPI: Battery Slot [BAT1] (battery present)
scsi 0:0:0:0: Direct-Access &#160; &#160; ATA &#160; &#160; &#160;FUJITSU MHW2120B 0000 PQ: 0 ANSI: 5
sd 0:0:0:0: Attached scsi generic sg0 type 0
sd 0:0:0:0: [sda] 225204174 512-byte logical blocks: (115 GB/107 GiB)
sd 0:0:0:0: [sda] Write Protect is off
sd 0:0:0:0: [sda] Mode Sense: 00 3a 00 00
sd 0:0:0:0: [sda] Write cache: enabled, read cache: enabled, doesn't support
DPO or FUA
&#160;sda: sda1 sda2 &lt; sda5 sda6
scsi 1:0:0:0: CD-ROM &#160; &#160; &#160; &#160; &#160; &#160;Optiarc &#160;CD-RW CRX880A &#160; &#160;KX07 PQ: 0 ANSI: 5
&#160;sda7 sda8sr0: scsi3-mmc drive: 24x/24x writer cd/rw xa/form2 cdda tray
Uniform CD-ROM driver Revision: 3.20
sr 1:0:0:0: Attached scsi CD-ROM sr0
sr 1:0:0:0: Attached scsi generic sg1 type 5
&#160;sda9 &gt;
sd 0:0:0:0: [sda] Attached SCSI disk
Freeing unused kernel memory: 448k freed
Write protecting the kernel text: 3572k
Write protecting the kernel read-only data: 1716k
dracut: dracut-002-13.4.git8f397a9b.fc12
udev: starting version 145
usb 4-1: New USB device found, idVendor=15d9, idProduct=0a37
usb 4-1: New USB device strings: Mfr=0, Product=1, SerialNumber=0
usb 4-1: Product: USB Mouse
usb 4-1: configuration #1 chosen from 1 choice
input: USB Mouse as
/devices/pci0000:00/0000:00:1d.0/usb4/4-1/4-1:1.0/input/input6
generic-usb 0003:15D9:0A37.0001: input,hidraw0: USB HID v1.10 Mouse [USB Mouse]
on usb-0000:00:1d.0-1/input0
[drm] Initialized drm 1.1.0 20060810
i915 0000:00:02.0: PCI INT A -&gt; GSI 16 (level, low) -&gt; IRQ 16
i915 0000:00:02.0: setting latency timer to 64
i915 0000:00:02.0: irq 27 for MSI/MSI-X
fbcon: inteldrmfb (fb0) is primary device
Synaptics Touchpad, model: 1, fw: 6.2, id: 0x1a0b1, caps: 0xa04753/0x200000
input: SynPS/2 Synaptics TouchPad as
/devices/platform/i8042/serio4/input/input7
usb 4-2: new low speed USB device using uhci_hcd and address 3
[drm] LVDS-8: set mode 1024x768 e
usb 4-2: New USB device found, idVendor=046d, idProduct=c315
usb 4-2: New USB device strings: Mfr=1, Product=2, SerialNumber=0
usb 4-2: Product: Logitech USB Keyboard
usb 4-2: Manufacturer: Logitech
usb 4-2: configuration #1 chosen from 1 choice
input: Logitech Logitech USB Keyboard as
/devices/pci0000:00/0000:00:1d.0/usb4/4-2/4-2:1.0/input/input8
generic-usb 0003:046D:C315.0002: input,hidraw1: USB HID v1.10 Keyboard
[Logitech Logitech USB Keyboard] on usb-0000:00:1d.0-2/input0
Console: switching to colour frame buffer device 128x48
fb0: inteldrmfb frame buffer device
registered panic notifier
acpi device:09: registered as cooling_device2
input: Video Bus as
/devices/LNXSYSTM:00/device:00/PNP0A08:00/device:07/input/input9
ACPI: Video Device [GFX0] (multi-head: yes &#160;rom: no &#160;post: no)
[drm] Initialized i915 1.6.0 20080730 for 0000:00:02.0 on minor 0
dracut: Starting plymouth daemon
EXT4-fs (sda8): barriers enabled
kjournald2 starting: pid 256, dev sda8:8, commit interval 5 seconds
EXT4-fs (sda8): delayed allocation enabled
EXT4-fs: file extents enabled
EXT4-fs: mballoc enabled
EXT4-fs (sda8): mounted filesystem with ordered data mode
dracut: Mounted root filesystem /dev/sda8
dracut: Switching root
udev: starting version 145
tg3.c:v3.99 (April 20, 2009)
tg3 0000:06:00.0: PCI INT A -&gt; GSI 17 (level, low) -&gt; IRQ 17
tg3 0000:06:00.0: setting latency timer to 64
tg3 0000:06:00.0: PME# disabled
eth0: Tigon3 [partno(BCM95906) rev c002] (PCI Express) MAC address
00:1b:24:8e:1a:20
eth0: attached PHY is 5906 (10/100Base-TX Ethernet) (WireSpeed[0])
eth0: RXcsums[1] LinkChgREG[0] MIirq[0] ASF[0] TSOcap[1]
eth0: dma_rwctrl[76180000] dma_mask[64-bit]
iTCO_vendor_support: vendor-support=0
iTCO_wdt: Intel TCO WatchDog Timer Driver v1.05
iTCO_wdt: failed to reset NO_REBOOT flag, reboot disabled by hardware
iTCO_wdt: No card detected
b43-pci-bridge 0000:02:00.0: PCI INT A -&gt; GSI 16 (level, low) -&gt; IRQ 16
b43-pci-bridge 0000:02:00.0: setting latency timer to 64
ssb: Sonics Silicon Backplane found on PCI device 0000:02:00.0
i801_smbus 0000:00:1f.3: PCI INT C -&gt; GSI 19 (level, low) -&gt; IRQ 19
ACPI: I/O resource 0000:00:1f.3 [0x18e0-0x18ff] conflicts with ACPI region SMBI
[0x18e0-0x18ef]
ACPI: If an ACPI driver is available for this device, you should use it instead
of the native driver
HDA Intel 0000:00:1b.0: PCI INT A -&gt; GSI 22 (level, low) -&gt; IRQ 22
HDA Intel 0000:00:1b.0: setting latency timer to 64
cfg80211: Calling CRDA to update world regulatory domain
b43-phy0: Broadcom 4311 WLAN found (core revision 10)
name_count maxed, losing inode data: dev=00:05, inode=6181
name_count maxed, losing inode data: dev=00:05, inode=6181
name_count maxed, losing inode data: dev=00:05, inode=6181
name_count maxed, losing inode data: dev=00:05, inode=6181
name_count maxed, losing inode data: dev=00:05, inode=6181
name_count maxed, losing inode data: dev=00:05, inode=6181
name_count maxed, losing inode data: dev=00:05, inode=6196
name_count maxed, losing inode data: dev=00:05, inode=6196
name_count maxed, losing inode data: dev=00:05, inode=6196
name_count maxed, losing inode data: dev=00:05, inode=6196
name_count maxed, losing inode data: dev=00:05, inode=6196
name_count maxed, losing inode data: dev=00:05, inode=6196
name_count maxed, losing inode data: dev=00:05, inode=6196
name_count maxed, losing inode data: dev=00:05, inode=6196
name_count maxed, losing inode data: dev=00:05, inode=6196
name_count maxed, losing inode data: dev=00:05, inode=6196
name_count maxed, losing inode data: dev=00:05, inode=6196
name_count maxed, losing inode data: dev=00:05, inode=6196
name_count maxed, losing inode data: dev=00:05, inode=6196
cfg80211: World regulatory domain updated:
&#160;(start_freq - end_freq @ bandwidth), (max_antenna_gain, max_eirp)
&#160;(2402000 KHz - 2472000 KHz @ 40000 KHz), (300 mBi, 2000 mBm)
&#160;(2457000 KHz - 2482000 KHz @ 20000 KHz), (300 mBi, 2000 mBm)
&#160;(2474000 KHz - 2494000 KHz @ 20000 KHz), (300 mBi, 2000 mBm)
&#160;(5170000 KHz - 5250000 KHz @ 40000 KHz), (300 mBi, 2000 mBm)
&#160;(5735000 KHz - 5835000 KHz @ 40000 KHz), (300 mBi, 2000 mBm)
hda_codec: Unknown model for ALC268, trying auto-probe from BIOS...
ALSA sound/pci/hda/hda_codec.c:3862: autoconfig: line_outs=1
(0x14/0x0/0x0/0x0/0x0)
ALSA sound/pci/hda/hda_codec.c:3866: &#160; &#160;speaker_outs=0 (0x0/0x0/0x0/0x0/0x0)
ALSA sound/pci/hda/hda_codec.c:3870: &#160; &#160;hp_outs=1 (0x15/0x0/0x0/0x0/0x0)
ALSA sound/pci/hda/hda_codec.c:3871: &#160; &#160;mono: mono_out=0x0
ALSA sound/pci/hda/hda_codec.c:3882: &#160; &#160;inputs: mic=0x18, fmic=0x19, line=0x0,
fline=0x0, cd=0x0, aux=0x0
ALSA sound/pci/hda/patch_realtek.c:1181: realtek: No valid SSID, checking
pincfg 0x4016862d for NID 0x1d
ALSA sound/pci/hda/patch_realtek.c:1197: realtek: Enabling init ASM_ID=0x862d
CODEC_ID=10ec0268
input: HDA Digital PCBeep as /devices/pci0000:00/0000:00:1b.0/input/input10
name_count maxed, losing inode data: dev=00:05, inode=6181
name_count maxed, losing inode data: dev=00:05, inode=6287
phy0: Selected rate control algorithm 'minstrel'
name_count maxed, losing inode data: dev=00:05, inode=6181
name_count maxed, losing inode data: dev=00:05, inode=6289
name_count maxed, losing inode data: dev=00:05, inode=6289
name_count maxed, losing inode data: dev=00:05, inode=6289
name_count maxed, losing inode data: dev=00:05, inode=6289
name_count maxed, losing inode data: dev=00:05, inode=6289
name_count maxed, losing inode data: dev=00:05, inode=6289
name_count maxed, losing inode data: dev=00:05, inode=6289
name_count maxed, losing inode data: dev=00:05, inode=6289
name_count maxed, losing inode data: dev=00:05, inode=6289
name_count maxed, losing inode data: dev=00:05, inode=6289
name_count maxed, losing inode data: dev=00:05, inode=6289
name_count maxed, losing inode data: dev=00:05, inode=6289
name_count maxed, losing inode data: dev=00:05, inode=6289
name_count maxed, losing inode data: dev=00:05, inode=6289
name_count maxed, losing inode data: dev=00:05, inode=6289
name_count maxed, losing inode data: dev=00:05, inode=6289
name_count maxed, losing inode data: dev=00:05, inode=6289
Broadcom 43xx driver loaded [ Features: PML, Firmware-ID: FW13 ]
cfg80211: Calling CRDA for country: DE
cfg80211: Regulatory domain changed to country: DE
&#160;(start_freq - end_freq @ bandwidth), (max_antenna_gain, max_eirp)
&#160;(2400000 KHz - 2483500 KHz @ 40000 KHz), (N/A, 2000 mBm)
&#160;(5150000 KHz - 5350000 KHz @ 40000 KHz), (N/A, 2000 mBm)
&#160;(5470000 KHz - 5725000 KHz @ 40000 KHz), (N/A, 2698 mBm)
device-mapper: multipath: version 1.1.0 loaded
EXT4-fs (sda8): internal journal on sda8:8
EXT4-fs (sda7): barriers enabled
kjournald2 starting: pid 711, dev sda7:8, commit interval 5 seconds
EXT4-fs (sda7): internal journal on sda7:8
EXT4-fs (sda7): delayed allocation enabled
EXT4-fs: file extents enabled
EXT4-fs: mballoc enabled
EXT4-fs (sda7): mounted filesystem with ordered data mode
Adding 2040212k swap on /dev/sda9. &#160;Priority:-1 extents:1 across:2040212k

--
Configure bugmail: <A HREF="https://bugzilla.redhat.com/userprefs.cgi?tab=email">https://bugzilla.redhat.com/userprefs.cgi?tab=email</A>
------- You are receiving this mail because: -------
You are on the CC list for the bug.
You are the assignee for the bug.



-- 
With best regards, Peter Lemenkov.

</PRE>

<!--endarticle-->
    <HR>
    <P><UL>
        <!--threads-->
	<LI>Previous message: <A HREF="006404.html">[Bug 538579] New: Kernel dead, when with the default b43 Firmware, a 	while full speed downloading
</A></li>
	<LI>Next message: <A HREF="006416.html">[PATCH] b43: Improve error response for bug in openfwwf
</A></li>
         <LI> <B>Messages sorted by:</B> 
              <a href="date.html#6414">[ date ]</a>
              <a href="thread.html#6414">[ thread ]</a>
              <a href="subject.html#6414">[ subject ]</a>
              <a href="author.html#6414">[ author ]</a>
         </LI>
       </UL>

<hr>
<a href="https://lists.berlios.de/mailman/listinfo/bcm43xx-dev">More information about the Bcm43xx-dev
mailing list</a><br>
</body></html>
