<!DOCTYPE HTML PUBLIC "-//W3C//DTD HTML 4.01 Transitional//EN">
<HTML>
 <HEAD>
   <TITLE> &gt;1GB Bug
   </TITLE>
   <LINK REL="Index" HREF="http://lists.berlios.de/pipermail/bcm43xx-dev/2007-January/index.html" >
   <LINK REL="made" HREF="mailto:bcm43xx-dev%40lists.berlios.de?Subject=Re%3A%20%3E1GB%20Bug&In-Reply-To=%3C200701022308.55570.heise2k%40gmail.com%3E">
   <META NAME="robots" CONTENT="index,nofollow">
   <style type="text/css">
       pre {
           white-space: pre-wrap;       /* css-2.1, curent FF, Opera, Safari */
           }
   </style>
   <META http-equiv="Content-Type" content="text/html; charset=us-ascii">
   <LINK REL="Previous"  HREF="000004.html">
   <LINK REL="Next"  HREF="000005.html">
 </HEAD>
 <BODY BGCOLOR="#ffffff">
   <H1>&gt;1GB Bug</H1>
    <B>Bob Heise</B> 
    <A HREF="mailto:bcm43xx-dev%40lists.berlios.de?Subject=Re%3A%20%3E1GB%20Bug&In-Reply-To=%3C200701022308.55570.heise2k%40gmail.com%3E"
       TITLE="&gt;1GB Bug">heise2k at gmail.com
       </A><BR>
    <I>Wed Jan  3 05:08:55 CET 2007</I>
    <P><UL>
        <LI>Previous message: <A HREF="000004.html">bcm4311
</A></li>
        <LI>Next message: <A HREF="000005.html">&gt;1GB Bug
</A></li>
         <LI> <B>Messages sorted by:</B> 
              <a href="date.html#3">[ date ]</a>
              <a href="thread.html#3">[ thread ]</a>
              <a href="subject.html#3">[ subject ]</a>
              <a href="author.html#3">[ author ]</a>
         </LI>
       </UL>
    <HR>  
<!--beginarticle-->
<PRE>Hello,

I am using 2.6.19.1 + wireless-dev git kernel, bcm43xx driver with v.3 
firmware on an HP zv5000z amd64 with 2GB RAM.

lspci -n
02:02.0 Class 0280: 14e4:4320 (rev 03)

lspci -vv
02:02.0 Network controller: Broadcom Corporation BCM4306 802.11b/g Wireless 
LAN Controller (rev 03)
        Subsystem: Hewlett-Packard Company NX9500 Built-in Wireless
        Control: I/O- Mem+ BusMaster+ SpecCycle- MemWINV- VGASnoop- ParErr- 
Stepping- SERR+ FastB2B-
        Status: Cap- 66MHz- UDF- FastB2B- ParErr- DEVSEL=fast &gt;TAbort- 
&lt;TAbort- &lt;MAbort- &gt;SERR- &lt;PERR-
        Latency: 64
        Interrupt: pin A routed to IRQ 17
        Region 0: Memory at e0104000 (32-bit, non-prefetchable) [size=8K]


This setup works if I limit the system RAM with mem=1024M on the boot prompt, 
but with all the RAM it let's me modprobe but if I try to set the essid or do 
a iwlist eth4 scanning etc., it deadlocks. I tried Larry's dma_over_1GB patch 
from 01 December 
&lt;<A HREF="https://lists.berlios.de/pipermail/bcm43xx-dev/2006-December/003244.html">https://lists.berlios.de/pipermail/bcm43xx-dev/2006-December/003244.html</A>&gt;, 
but the system still hangs. I could not get netconsole to work, but attached 
is most of the dmesg + tail -f /var/messages which I captured via ssh. Also 
included is a picture of the kernel panic, which did not make it across ssh.

-Bob

-------------- next part --------------
[   13.628917]       soft-irq read-recursion/312:  ok  |
[   13.629552]       hard-irq read-recursion/321:  ok  |
[   13.630150]       soft-irq read-recursion/321:  ok  |
[   13.630800] -------------------------------------------------------
[   13.630813] Good, all 218 testcases passed! |
[   13.630825] ---------------------------------
[   13.633720] Dentry cache hash table entries: 262144 (order: 9, 2097152 bytes)
[   13.637274] Inode-cache hash table entries: 131072 (order: 8, 1048576 bytes)
[   13.637978] Checking aperture...
[   13.637996] CPU 0: aperture @ e8000000 size 128 MB
[   13.683197] Memory: 2049964k/2096576k available (1936k kernel code, 45824k reserved, 1472k data, 196k init)
[   13.762318] Calibrating delay using timer specific routine.. 1598.16 BogoMIPS (lpj=3196339)
[   13.762621] Security Framework v1.0.0 initialized
[   13.762939] Mount-cache hash table entries: 256
[   13.770262] CPU: L1 I Cache: 64K (64 bytes/line), D cache 64K (64 bytes/line)
[   13.770281] CPU: L2 Cache: 1024K (64 bytes/line)
[   13.770358] CPU: AMD Athlon(tm) 64 Processor 3200+ stepping 08
[   13.770387] ACPI: Core revision 20060707
[   13.839790] Using local APIC timer interrupts.
[   13.965101] result 12467989
[   13.965113] Detected 12.467 MHz APIC timer.
[   13.966286] testing NMI watchdog ... OK.
[   14.008228] checking if image is initramfs... it is
[   15.181634] Freeing initrd memory: 6062k freed
[   15.191413] NET: Registered protocol family 16
[   15.193533] ACPI: bus type pci registered
[   15.193558] PCI: Using configuration type 1
[   15.202668] ACPI: Interpreter enabled
[   15.202686] ACPI: Using IOAPIC for interrupt routing
[   15.205042] ACPI: PCI Root Bridge [PCI0] (0000:00)
[   15.205407] PCI: Probing PCI hardware (bus 00)
[   15.237385] PCI: Bus #03 (-#06) is hidden behind  bridge #02 (-#02) (try 'pci=assign-busses')
[   15.237410] Please report the result to linux-kernel to fix this permanently
[   15.237629] PCI: Bus #07 (-#0a) is hidden behind  bridge #02 (-#02) (try 'pci=assign-busses')
[   15.237652] Please report the result to linux-kernel to fix this permanently
[   15.237959] Boot video device is 0000:01:00.0
[   15.238118] ACPI: PCI Interrupt Routing Table [\_SB_.PCI0._PRT]
[   15.324202] ACPI: PCI Interrupt Routing Table [\_SB_.PCI0.P2P0._PRT]
[   15.324955] ACPI: PCI Interrupt Routing Table [\_SB_.PCI0.AGP0._PRT]
[   15.327362] ACPI: PCI Interrupt Link [LNK1] (IRQs 16 18 19) *0
[   15.328339] ACPI: PCI Interrupt Link [LNK2] (IRQs 16 18 19) *0
[   15.329307] ACPI: PCI Interrupt Link [LNK3] (IRQs 17) *0
[   15.330325] ACPI: PCI Interrupt Link [LNK4] (IRQs 16 18 19) *0, disabled.
[   15.331282] ACPI: PCI Interrupt Link [LNK5] (IRQs 16 18 19) *0
[   15.332235] ACPI: PCI Interrupt Link [LSMB] (IRQs 20 21 22) *0
[   15.333165] ACPI: PCI Interrupt Link [LUS0] (IRQs 20 21 22) *0
[   15.334106] ACPI: PCI Interrupt Link [LUS1] (IRQs 20 21 22) *0
[   15.335053] ACPI: PCI Interrupt Link [LUS2] (IRQs 20 21 22) *0
[   15.335995] ACPI: PCI Interrupt Link [LMAC] (IRQs 20 21 22) *0, disabled.
[   15.336927] ACPI: PCI Interrupt Link [LACI] (IRQs 20 21 22) *0
[   15.337891] ACPI: PCI Interrupt Link [LMCI] (IRQs 20 21 22) *0
[   15.338896] ACPI: PCI Interrupt Link [LPID] (IRQs 20 21 22) *0, disabled.
[   15.339859] ACPI: PCI Interrupt Link [LTID] (IRQs 20 21 22) *0, disabled.
[   15.340324] Linux Plug and Play Support v0.97 (c) Adam Belay
[   15.340406] pnp: PnP ACPI init
[   15.370373] pnp: PnP ACPI: found 12 devices
[   15.371160] PCI: Using ACPI for IRQ routing
[   15.371179] PCI: If a device doesn't work, try &quot;pci=routeirq&quot;.  If it helps, post a report
[   15.371219] PCI: Cannot allocate resource region 0 of device 0000:00:00.0
[   15.372107] agpgart: Detected AGP bridge 0
[   15.372135] agpgart: Setting up Nforce3 AGP.
[   15.380699] agpgart: AGP aperture is 128M @ 0xe8000000
[   15.381058] PCI-DMA: Disabling IOMMU.
[   15.383218] pnp: 00:01: ioport range 0x8000-0x807f could not be reserved
[   15.383240] pnp: 00:01: ioport range 0x8080-0x80ff has been reserved
[   15.383257] pnp: 00:01: ioport range 0x8400-0x847f has been reserved
[   15.383274] pnp: 00:01: ioport range 0x8480-0x84ff could not be reserved
[   15.383290] pnp: 00:01: ioport range 0x8800-0x887f has been reserved
[   15.383306] pnp: 00:01: ioport range 0x8880-0x88ff has been reserved
[   15.383322] pnp: 00:01: ioport range 0x2040-0x207f has been reserved
[   15.383338] pnp: 00:01: ioport range 0x2000-0x203f has been reserved
[   15.384929] PCI: Failed to allocate mem resource #10:<A HREF="https://lists.berlios.de/mailman/listinfo/bcm43xx-dev">2000000 at e2000000</A> for 0000:02:04.0
[   15.384958] PCI: Failed to allocate mem resource #10:<A HREF="https://lists.berlios.de/mailman/listinfo/bcm43xx-dev">2000000 at e2000000</A> for 0000:02:04.1
[   15.384983] PCI: Bus 3, cardbus bridge: 0000:02:04.0
[   15.384997]   IO window: 00003000-000030ff
[   15.385014]   IO window: 00003400-000034ff
[   15.385033]   PREFETCH window: 88000000-89ffffff
[   15.385050] PCI: Bus 7, cardbus bridge: 0000:02:04.1
[   15.385063]   IO window: 00003800-000038ff
[   15.385080]   IO window: 00003c00-00003cff
[   15.385098]   PREFETCH window: 8a000000-8bffffff
[   15.385115] PCI: Bridge: 0000:00:0a.0
[   15.385129]   IO window: 3000-7fff
[   15.385148]   MEM window: e0100000-e17fffff
[   15.385166]   PREFETCH window: 88000000-8bffffff
[   15.385187] PCI: Bridge: 0000:00:0b.0
[   15.385198]   IO window: disabled.
[   15.385218]   MEM window: e2000000-e2ffffff
[   15.385237]   PREFETCH window: f0000000-f80fffff
[   15.385270] PCI: Setting latency timer of device 0000:00:0a.0 to 64
[   15.386262] ACPI: PCI Interrupt Link [LNK1] enabled at IRQ 19
[   15.386292] ACPI: PCI Interrupt 0000:02:04.0[A] -&gt; Link [LNK1] -&gt; GSI 19 (level, low) -&gt; IRQ 19
[   15.387237] ACPI: PCI Interrupt Link [LNK2] enabled at IRQ 18
[   15.387262] ACPI: PCI Interrupt 0000:02:04.1[B] -&gt; Link [LNK2] -&gt; GSI 18 (level, low) -&gt; IRQ 18
[   15.387368] NET: Registered protocol family 2
[   15.426751] IP route cache hash table entries: 65536 (order: 7, 524288 bytes)
[   15.428383] TCP established hash table entries: 32768 (order: 9, 2359296 bytes)
[   15.435710] TCP bind hash table entries: 16384 (order: 8, 1310720 bytes)
[   15.440653] TCP: Hash tables configured (established 32768 bind 16384)
[   15.440826] TCP reno registered
[   15.441748] Simple Boot Flag at 0x37 set to 0x1
[   15.444750] audit: initializing netlink socket (disabled)
[   15.444884] audit(1167791442.824:1): initialized
[   15.445106] Total HugeTLB memory allocated, 0
[   15.447455] VFS: Disk quotas dquot_6.5.1
[   15.447515] Dquot-cache hash table entries: 512 (order 0, 4096 bytes)
[   15.451588] io scheduler noop registered
[   15.451631] io scheduler cfq registered (default)
[   15.453552] vesafb: framebuffer at 0xf0000000, mapped to 0xffffc20000100000, using 3072k, total 65536k
[   15.453584] vesafb: mode is 1024x768x16, linelength=2048, pages=1
[   15.453597] vesafb: scrolling: redraw
[   15.453610] vesafb: Truecolor: size=0:5:6:5, shift=0:11:5:0
[   15.477193] Console: switching to colour frame buffer device 128x48
[   15.495540] fb0: VESA VGA frame buffer device
[   15.507005] Real Time Clock Driver v1.12ac
[   15.507373] Linux agpgart interface v0.101 (c) Dave Jones
[   15.507593] Serial: 8250/16550 driver $Revision: 1.90 $ 4 ports, IRQ sharing disabled
[   15.512521] ACPI: PCI Interrupt Link [LMCI] enabled at IRQ 22
[   15.512759] ACPI: PCI Interrupt 0000:00:06.1[B] -&gt; Link [LMCI] -&gt; GSI 22 (level, low) -&gt; IRQ 22
[   15.513119] ACPI: PCI interrupt for device 0000:00:06.1 disabled
[   15.517181] RAMDISK driver initialized: 16 RAM disks of 128000K size 1024 blocksize
[   15.521191] PNP: PS/2 Controller [PNP0303:PS2K,PNP0f13:PS2M] at 0x60,0x64 irq 1,12
[   15.532600] i8042.c: Detected active multiplexing controller, rev 1.1.
[   15.540745] serio: i8042 KBD port at 0x60,0x64 irq 1
[   15.542545] serio: i8042 AUX0 port at 0x60,0x64 irq 12
[   15.543044] serio: i8042 AUX1 port at 0x60,0x64 irq 12
[   15.543549] serio: i8042 AUX2 port at 0x60,0x64 irq 12
[   15.544146] serio: i8042 AUX3 port at 0x60,0x64 irq 12
[   15.544990] mice: PS/2 mouse device common for all mice
[   15.547632] input: PC Speaker as /class/input/input0
[   15.572097] input: AT Translated Set 2 keyboard as /class/input/input1
[   15.928753] input: PS/2 Mouse as /class/input/input2
[   15.957997] input: AlpsPS/2 ALPS GlidePoint as /class/input/input3
[   15.966559] NET: Registered protocol family 1
[   15.971956] ACPI: (supports S0 S3 S4 S5)
[   15.976307] Freeing unused kernel memory: 196k freed
[   16.284772] Uniform Multi-Platform E-IDE driver Revision: 7.00alpha2
[   16.289900] ide: Assuming 33MHz system bus speed for PIO modes; override with idebus=xx
[   16.369103] ACPI: CPU0 (power states: C1[C1] C2[C2])
[   16.529600] ACPI Exception (acpi_thermal-0412): AE_NOT_FOUND, Invalid active threshold [0] [20060707]
[   16.618059] ACPI: Thermal Zone [THRM] (39 C)
[   16.679494] NFORCE3-150: IDE controller at PCI slot 0000:00:08.0
[   16.686394] NFORCE3-150: chipset revision 165
[   16.693277] NFORCE3-150: not 100% native mode: will probe irqs later
[   16.700380] NFORCE3-150: BIOS didn't set cable bits correctly. Enabling workaround.
[   16.707762] NFORCE3-150: 0000:00:08.0 (rev a5) UDMA133 controller
[   16.715236]     ide0: BM-DMA at 0x2080-0x2087, BIOS settings: hda:DMA, hdb:pio
[   16.722818]     ide1: BM-DMA at 0x2088-0x208f, BIOS settings: hdc:DMA, hdd:pio
[   16.730222] Probing IDE interface ide0...
[   17.017833] hda: ST94019A, ATA DISK drive
[   17.694353] ide0 at 0x1f0-0x1f7,0x3f6 on irq 14
[   17.703037] hda: max request size: 512KiB
[   17.712438] hda: 78140160 sectors (40007 MB) w/2048KiB Cache, CHS=16383/255/63, UDMA(100)
[   17.720193] hda: cache flushes supported
[   17.730553]  hda: hda1 hda2 hda3 hda4
[   17.761927] Probing IDE interface ide1...
[   18.501569] hdc: SD-R2512, ATAPI CD/DVD-ROM drive
[   19.230822] ide1 at 0x170-0x177,0x376 on irq 15
[   19.300058] device-mapper: ioctl: 4.10.0-ioctl (2006-09-14) initialised: <A HREF="https://lists.berlios.de/mailman/listinfo/bcm43xx-dev">dm-devel at redhat.com</A>
[   19.531409] Attempting manual resume
[   20.082802] kjournald starting.  Commit interval 5 seconds
[   20.093479] EXT3 FS on dm-0, internal journal
[   20.102231] EXT3-fs: mounted filesystem with ordered data mode.
[   24.139771] parport: PnPBIOS parport detected.
[   24.146688] parport0: PC-style at 0x378 (0x778), irq 7, dma 1 [PCSPP,TRISTATE,COMPAT,ECP,DMA]
[   24.257430] lp0: using parport0 (interrupt-driven).
[   26.239449] usbcore: registered new interface driver usbfs
[   26.247354] usbcore: registered new interface driver hub
[   26.254673] usbcore: registered new device driver usb
[   26.261329] Losing some ticks... checking if CPU frequency changed.
[   26.311490] ohci_hcd: 2006 August 04 USB 1.1 'Open' Host Controller (OHCI) Driver (PCI)
[   26.311618] PCI: Enabling device 0000:00:02.0 (0004 -&gt; 0006)
[   26.319369] ACPI: PCI Interrupt Link [LUS0] enabled at IRQ 21
[   26.326074] ACPI: PCI Interrupt 0000:00:02.0[A] -&gt; Link [LUS0] -&gt; GSI 21 (level, low) -&gt; IRQ 21
[   26.333347] PCI: Setting latency timer of device 0000:00:02.0 to 64
[   26.333361] ohci_hcd 0000:00:02.0: OHCI Host Controller
[   26.342512] ohci_hcd 0000:00:02.0: new USB bus registered, assigned bus number 1
[   26.556120] ohci_hcd 0000:00:02.0: irq 21, io mem 0xe0000000
[   26.622897] usb usb1: configuration #1 chosen from 1 choice
[   26.631960] hub 1-0:1.0: USB hub found
[   26.639577] hub 1-0:1.0: 3 ports detected
[   26.756381] PCI: Enabling device 0000:00:02.1 (0004 -&gt; 0006)
[   26.764204] ACPI: PCI Interrupt Link [LUS1] enabled at IRQ 20
[   26.771062] ACPI: PCI Interrupt 0000:00:02.1[B] -&gt; Link [LUS1] -&gt; GSI 20 (level, low) -&gt; IRQ 20
[   26.778550] PCI: Setting latency timer of device 0000:00:02.1 to 64
[   26.778565] ohci_hcd 0000:00:02.1: OHCI Host Controller
[   26.786278] ohci_hcd 0000:00:02.1: new USB bus registered, assigned bus number 2
[   26.995992] ohci_hcd 0000:00:02.1: irq 20, io mem 0xe0001000
[   27.058976] usb usb2: configuration #1 chosen from 1 choice
[   27.066556] hub 2-0:1.0: USB hub found
[   27.073827] hub 2-0:1.0: 3 ports detected
[   27.635482] i2c_adapter i2c-0: nForce2 SMBus adapter at 0x2040
[   27.643324] i2c_adapter i2c-1: nForce2 SMBus adapter at 0x2000
[   27.985296] ACPI: PCI Interrupt Link [LUS2] enabled at IRQ 22
[   27.992886] ACPI: PCI Interrupt 0000:00:02.2[C] -&gt; Link [LUS2] -&gt; GSI 22 (level, low) -&gt; IRQ 22
[   28.000679] PCI: Setting latency timer of device 0000:00:02.2 to 64
[   28.000694] ehci_hcd 0000:00:02.2: EHCI Host Controller
[   28.008131] ehci_hcd 0000:00:02.2: new USB bus registered, assigned bus number 3
[   28.015388] PCI: cache line size of 64 is not supported by device 0000:00:02.2
[   28.015416] ehci_hcd 0000:00:02.2: irq 22, io mem 0xe0004000
[   28.022510] ehci_hcd 0000:00:02.2: USB 2.0 started, EHCI 1.00, driver 10 Dec 2004
[   28.030581] usb usb3: configuration #1 chosen from 1 choice
[   28.037889] hub 3-0:1.0: USB hub found
[   28.046123] hub 3-0:1.0: 6 ports detected
[   28.778858] ieee1394: Initialized config rom entry `ip1394'
[   28.825109] Yenta: CardBus bridge found at 0000:02:04.0 [103c:006d]
[   28.832324] PCI: Bus 3, cardbus bridge: 0000:02:04.0
[   28.839260]   IO window: 00003000-000030ff
[   28.846150]   IO window: 00003400-000034ff
[   28.853340]   PREFETCH window: 88000000-89ffffff
[   28.860240]   MEM window: e0400000-e07fffff
[   28.867268] Yenta: Enabling burst memory read transactions
[   28.874413] Yenta: Using CSCINT to route CSC interrupts to PCI
[   28.881355] Yenta: Routing CardBus interrupts to PCI
[   28.888109] Yenta TI: socket 0000:02:04.0, mfunc 0x01111d22, devctl 0x64
[   29.028314] ieee80211_crypt: registered algorithm 'NULL'
[   29.124912] Yenta: ISA IRQ mask 0x0c38, PCI irq 19
[   29.131978] Socket status: 30000086
[   29.138701] Yenta: Raising subordinate bus# of parent bus (#02) from #02 to #06
[   29.146003] pcmcia: parent PCI bridge I/O window: 0x3000 - 0x7fff
[   29.153308] pcmcia: parent PCI bridge Memory window: 0xe0100000 - 0xe17fffff
[   29.160288] pcmcia: parent PCI bridge Memory window: 0x88000000 - 0x8bffffff
[   29.169223] Yenta: CardBus bridge found at 0000:02:04.1 [103c:006d]
[   29.176010] Yenta: Using CSCINT to route CSC interrupts to PCI
[   29.182803] Yenta: Routing CardBus interrupts to PCI
[   29.189694] Yenta TI: socket 0000:02:04.1, mfunc 0x01111d22, devctl 0x64
[   29.266582] ieee80211: 802.11 data/management/control stack, git-1.1.13
[   29.273670] ieee80211: Copyright (C) 2004-2005 Intel Corporation &lt;<A HREF="https://lists.berlios.de/mailman/listinfo/bcm43xx-dev">jketreno at linux.intel.com</A>&gt;
[   29.428887] Yenta: ISA IRQ mask 0x0c38, PCI irq 18
[   29.435963] Socket status: 30000006
[   29.443133] Yenta: Raising subordinate bus# of parent bus (#02) from #06 to #0a
[   29.450242] pcmcia: parent PCI bridge I/O window: 0x3000 - 0x7fff
[   29.457266] pcmcia: parent PCI bridge Memory window: 0xe0100000 - 0xe17fffff
[   29.464624] pcmcia: parent PCI bridge Memory window: 0x88000000 - 0x8bffffff
[   29.478981] ACPI: PCI Interrupt 0000:02:00.0[A] -&gt; Link [LNK1] -&gt; GSI 19 (level, low) -&gt; IRQ 19
[   29.534190] ACPI: PCI Interrupt Link [LACI] enabled at IRQ 21
[   29.541240] ACPI: PCI Interrupt 0000:00:06.0[A] -&gt; Link [LACI] -&gt; GSI 21 (level, low) -&gt; IRQ 21
[   29.549079] PCI: Setting latency timer of device 0000:00:06.0 to 64
[   29.570591] ohci1394: fw-host0: OHCI-1394 1.1 (PCI): IRQ=[19]  MMIO=[e0108000-e01087ff]  Max Packet=[2048]  IR/IT contexts=[4/8]
[   29.612477] 8139too Fast Ethernet driver 0.9.28
[   29.695573] AC'97 0 analog subsections not ready
[   29.775523] bcm43xx driver
[   29.914517] hdc: ATAPI 24X DVD-ROM CD-R/RW drive, 2048kB Cache, DMA
[   29.922070] Uniform CD-ROM driver Revision: 3.20
[   30.271396] intel8x0_measure_ac97_clock: measured 53570 usecs
[   30.278952] intel8x0: clocking to 47471
[   30.294589] ACPI: PCI Interrupt 0000:02:01.0[A] -&gt; Link [LNK2] -&gt; GSI 18 (level, low) -&gt; IRQ 18
[   30.330027] eth0: RealTek RTL8139 at 0xffffc20000058800, 00:02:3f:24:7f:e8, IRQ 18
[   30.337871] eth0:  Identified 8139 chip type 'RTL-8101'
[   30.341996] ACPI: PCI Interrupt Link [LNK3] enabled at IRQ 17
[   30.349805] ACPI: PCI Interrupt 0000:02:02.0[A] -&gt; Link [LNK3] -&gt; GSI 17 (level, low) -&gt; IRQ 17
[   30.358117] bcm43xx: Chip ID 0x4306, rev 0x3
[   30.366022] bcm43xx: Number of cores: 5
[   30.373922] bcm43xx: Core 0: ID 0x800, rev 0x4, vendor 0x4243, enabled
[   30.381975] bcm43xx: Core 1: ID 0x812, rev 0x5, vendor 0x4243, disabled
[   30.390042] bcm43xx: Core 2: ID 0x80d, rev 0x2, vendor 0x4243, enabled
[   30.398099] bcm43xx: Core 3: ID 0x807, rev 0x2, vendor 0x4243, disabled
[   30.405921] bcm43xx: Core 4: ID 0x804, rev 0x9, vendor 0x4243, enabled
[   30.416915] bcm43xx: PHY connected
[   30.424486] bcm43xx: Detected PHY: Version: 2, Type 2, Revision 2
[   30.432127] bcm43xx: Detected Radio: ID: 2205017f (Manuf: 17f Ver: 2050 Rev: 2)
[   30.439848] bcm43xx: Radio turned off
[   30.447412] bcm43xx: Radio turned off
[   30.864208] ieee1394: Host added: ID:BUS[0-00:1023]  GUID[453f0200453f0200]
[   32.814719] Adding 787176k swap on /dev/hda2.  Priority:-1 extents:1 across:787176k
[   36.817855] loop: loaded (max 8 devices)
[   50.626152] ACPI: AC Adapter [ACAD] (on-line)
[   51.122657] ACPI: Battery Slot [BAT1] (battery present)
[   51.520613] ACPI: Power Button (FF) [PWRF]
[   51.526905] ACPI: Power Button (CM) [PWRB]
[   51.533031] ACPI: Lid Switch [LID]
[   54.688259] powernow-k8: Found 1 AMD Athlon(tm) 64 Processor 3200+ processors (version 2.00.00)
[   54.697191] powernow-k8:    0 : fid 0xc (2000 MHz), vid 0x2
[   54.703734] powernow-k8:    1 : fid 0x8 (1600 MHz), vid 0xa
[   54.710293] powernow-k8:    2 : fid 0x0 (800 MHz), vid 0x12
[   60.591351] eth0: link up, 100Mbps, full-duplex, lpa 0x45E1
[   63.831077] NET: Registered protocol family 17
[   73.716272] audit(1167791490.121:2): audit_pid=3355 old=0 by auid=4294967295
[   74.044469] NET: Registered protocol family 10
[   74.045606] lo: Disabled Privacy Extensions
[   77.645216] SoftMAC: ASSERTION FAILED (0) at: net/ieee80211/softmac/ieee80211softmac_wx.c:306:ieee80211softmac_wx_get_rate()
[   78.204474] IPv6 addrconf: prefix with wrong length 127
[   80.158821] SoftMAC: ASSERTION FAILED (0) at: net/ieee80211/softmac/ieee80211softmac_wx.c:306:ieee80211softmac_wx_get_rate()
[   82.658537] SoftMAC: ASSERTION FAILED (0) at: net/ieee80211/softmac/ieee80211softmac_wx.c:306:ieee80211softmac_wx_get_rate()
[   85.157663] SoftMAC: ASSERTION FAILED (0) at: net/ieee80211/softmac/ieee80211softmac_wx.c:306:ieee80211softmac_wx_get_rate()
[   87.571761] SoftMAC: ASSERTION FAILED (0) at: net/ieee80211/softmac/ieee80211softmac_wx.c:306:ieee80211softmac_wx_get_rate()
[   89.574917] SoftMAC: ASSERTION FAILED (0) at: net/ieee80211/softmac/ieee80211softmac_wx.c:306:ieee80211softmac_wx_get_rate()
[   90.590674] SoftMAC: ASSERTION FAILED (0) at: net/ieee80211/softmac/ieee80211softmac_wx.c:306:ieee80211softmac_wx_get_rate()
[   91.590438] SoftMAC: ASSERTION FAILED (0) at: net/ieee80211/softmac/ieee80211softmac_wx.c:306:ieee80211softmac_wx_get_rate()
[   92.594250] SoftMAC: ASSERTION FAILED (0) at: net/ieee80211/softmac/ieee80211softmac_wx.c:306:ieee80211softmac_wx_get_rate()
[   93.598073] SoftMAC: ASSERTION FAILED (0) at: net/ieee80211/softmac/ieee80211softmac_wx.c:306:ieee80211softmac_wx_get_rate()
[   94.601893] SoftMAC: ASSERTION FAILED (0) at: net/ieee80211/softmac/ieee80211softmac_wx.c:306:ieee80211softmac_wx_get_rate()
[   99.606519] printk: 4 messages suppressed.
[   99.606532] SoftMAC: ASSERTION FAILED (0) at: net/ieee80211/softmac/ieee80211softmac_wx.c:306:ieee80211softmac_wx_get_rate()
[  106.547028] printk: 3 messages suppressed.
[  106.547044] SoftMAC: ASSERTION FAILED (0) at: net/ieee80211/softmac/ieee80211softmac_wx.c:306:ieee80211softmac_wx_get_rate()
[  113.280097] printk: 4 messages suppressed.
[  113.280109] SoftMAC: ASSERTION FAILED (0) at: net/ieee80211/softmac/ieee80211softmac_wx.c:306:ieee80211softmac_wx_get_rate()
[  118.346823] printk: 4 messages suppressed.
[  118.346836] SoftMAC: ASSERTION FAILED (0) at: net/ieee80211/softmac/ieee80211softmac_wx.c:306:ieee80211softmac_wx_get_rate()
[  123.349920] printk: 4 messages suppressed.
[  123.349932] SoftMAC: ASSERTION FAILED (0) at: net/ieee80211/softmac/ieee80211softmac_wx.c:306:ieee80211softmac_wx_get_rate()
[  128.354650] printk: 4 messages suppressed.
[  128.354661] SoftMAC: ASSERTION FAILED (0) at: net/ieee80211/softmac/ieee80211softmac_wx.c:306:ieee80211softmac_wx_get_rate()
[  133.357829] printk: 4 messages suppressed.
[  133.357840] SoftMAC: ASSERTION FAILED (0) at: net/ieee80211/softmac/ieee80211softmac_wx.c:306:ieee80211softmac_wx_get_rate()
[  138.361242] printk: 4 messages suppressed.
[  138.361253] SoftMAC: ASSERTION FAILED (0) at: net/ieee80211/softmac/ieee80211softmac_wx.c:306:ieee80211softmac_wx_get_rate()
[  143.363901] printk: 4 messages suppressed.
[  143.363914] SoftMAC: ASSERTION FAILED (0) at: net/ieee80211/softmac/ieee80211softmac_wx.c:306:ieee80211softmac_wx_get_rate()
[  148.366169] printk: 4 messages suppressed.
[  148.366183] SoftMAC: ASSERTION FAILED (0) at: net/ieee80211/softmac/ieee80211softmac_wx.c:306:ieee80211softmac_wx_get_rate()
[  153.364695] printk: 4 messages suppressed.
[  153.364708] SoftMAC: ASSERTION FAILED (0) at: net/ieee80211/softmac/ieee80211softmac_wx.c:306:ieee80211softmac_wx_get_rate()
[  158.367676] printk: 4 messages suppressed.
[  158.367688] SoftMAC: ASSERTION FAILED (0) at: net/ieee80211/softmac/ieee80211softmac_wx.c:306:ieee80211softmac_wx_get_rate()
[  163.372573] printk: 4 messages suppressed.
[  163.372584] SoftMAC: ASSERTION FAILED (0) at: net/ieee80211/softmac/ieee80211softmac_wx.c:306:ieee80211softmac_wx_get_rate()
[  168.376067] printk: 4 messages suppressed.
[  168.376079] SoftMAC: ASSERTION FAILED (0) at: net/ieee80211/softmac/ieee80211softmac_wx.c:306:ieee80211softmac_wx_get_rate()
[  173.378652] printk: 4 messages suppressed.
[  173.378663] SoftMAC: ASSERTION FAILED (0) at: net/ieee80211/softmac/ieee80211softmac_wx.c:306:ieee80211softmac_wx_get_rate()
[  178.381944] printk: 4 messages suppressed.
[  178.381956] SoftMAC: ASSERTION FAILED (0) at: net/ieee80211/softmac/ieee80211softmac_wx.c:306:ieee80211softmac_wx_get_rate()
[  183.383210] printk: 4 messages suppressed.
[  183.383222] SoftMAC: ASSERTION FAILED (0) at: net/ieee80211/softmac/ieee80211softmac_wx.c:306:ieee80211softmac_wx_get_rate()
[  188.386705] printk: 4 messages suppressed.
[  188.386718] SoftMAC: ASSERTION FAILED (0) at: net/ieee80211/softmac/ieee80211softmac_wx.c:306:ieee80211softmac_wx_get_rate()
[  193.394091] printk: 4 messages suppressed.
[  193.394104] SoftMAC: ASSERTION FAILED (0) at: net/ieee80211/softmac/ieee80211softmac_wx.c:306:ieee80211softmac_wx_get_rate()
[  198.398225] printk: 4 messages suppressed.
[  198.398237] SoftMAC: ASSERTION FAILED (0) at: net/ieee80211/softmac/ieee80211softmac_wx.c:306:ieee80211softmac_wx_get_rate()
[  203.401420] printk: 4 messages suppressed.
[  203.401432] SoftMAC: ASSERTION FAILED (0) at: net/ieee80211/softmac/ieee80211softmac_wx.c:306:ieee80211softmac_wx_get_rate()
[  208.404489] printk: 4 messages suppressed.
[  208.404500] SoftMAC: ASSERTION FAILED (0) at: net/ieee80211/softmac/ieee80211softmac_wx.c:306:ieee80211softmac_wx_get_rate()
[  213.407940] printk: 4 messages suppressed.
[  213.407951] SoftMAC: ASSERTION FAILED (0) at: net/ieee80211/softmac/ieee80211softmac_wx.c:306:ieee80211softmac_wx_get_rate()
[  218.410347] printk: 4 messages suppressed.
[  218.410358] SoftMAC: ASSERTION FAILED (0) at: net/ieee80211/softmac/ieee80211softmac_wx.c:306:ieee80211softmac_wx_get_rate()
[  223.414001] printk: 4 messages suppressed.
[  223.414014] SoftMAC: ASSERTION FAILED (0) at: net/ieee80211/softmac/ieee80211softmac_wx.c:306:ieee80211softmac_wx_get_rate()
karnkraft:~ # tail -f /var/log/messages
Jan  2 21:33:41 karnkraft kernel: [  218.410347] printk: 4 messages suppressed.
Jan  2 21:33:41 karnkraft kernel: [  218.410358] SoftMAC: ASSERTION FAILED (0) at: net/ieee80211/softmac/ieee80211softmac_wx.c:306:ieee80211softmac_wx_get_rate()
Jan  2 21:33:46 karnkraft kernel: [  223.414001] printk: 4 messages suppressed.
Jan  2 21:33:46 karnkraft kernel: [  223.414014] SoftMAC: ASSERTION FAILED (0) at: net/ieee80211/softmac/ieee80211softmac_wx.c:306:ieee80211softmac_wx_get_rate()
Jan  2 21:33:51 karnkraft kernel: [  228.417005] printk: 4 messages suppressed.
Jan  2 21:33:51 karnkraft kernel: [  228.417017] SoftMAC: ASSERTION FAILED (0) at: net/ieee80211/softmac/ieee80211softmac_wx.c:306:ieee80211softmac_wx_get_rate()
Jan  2 21:33:56 karnkraft kernel: [  233.420097] printk: 4 messages suppressed.
Jan  2 21:33:56 karnkraft kernel: [  233.420109] SoftMAC: ASSERTION FAILED (0) at: net/ieee80211/softmac/ieee80211softmac_wx.c:306:ieee80211softmac_wx_get_rate()
Jan  2 21:34:01 karnkraft kernel: [  238.423181] printk: 4 messages suppressed.
Jan  2 21:34:01 karnkraft kernel: [  238.423193] SoftMAC: ASSERTION FAILED (0) at: net/ieee80211/softmac/ieee80211softmac_wx.c:306:ieee80211softmac_wx_get_rate()
Jan  2 21:34:06 karnkraft kernel: [  243.426448] printk: 4 messages suppressed.
Jan  2 21:34:06 karnkraft kernel: [  243.426461] SoftMAC: ASSERTION FAILED (0) at: net/ieee80211/softmac/ieee80211softmac_wx.c:306:ieee80211softmac_wx_get_rate()
Jan  2 21:34:11 karnkraft kernel: [  248.430079] printk: 4 messages suppressed.
Jan  2 21:34:11 karnkraft kernel: [  248.430090] SoftMAC: ASSERTION FAILED (0) at: net/ieee80211/softmac/ieee80211softmac_wx.c:306:ieee80211softmac_wx_get_rate()
Jan  2 21:34:15 karnkraft kernel: [  252.969057] ACPI: PCI interrupt for device 0000:02:02.0 disabled
Jan  2 21:34:16 karnkraft ifdown:     eth3      
Jan  2 21:34:16 karnkraft ifdown:     eth3      configuration: wlan-id-00:90:4b:51:af:da
Jan  2 21:34:23 karnkraft kernel: [  262.366933] bcm43xx driver
Jan  2 21:34:23 karnkraft kernel: [  262.372783] ACPI: PCI Interrupt 0000:02:02.0[A] -&gt; Link [LNK3] -&gt; GSI 17 (level, low) -&gt; IRQ 17
Jan  2 21:34:23 karnkraft kernel: [  262.380164] bcm43xx: Chip ID 0x4306, rev 0x3
Jan  2 21:34:23 karnkraft kernel: [  262.380931] bcm43xx: Number of cores: 5
Jan  2 21:34:23 karnkraft kernel: [  262.381447] bcm43xx: Core 0: ID 0x800, rev 0x4, vendor 0x4243, enabled
Jan  2 21:34:23 karnkraft kernel: [  262.381991] bcm43xx: Core 1: ID 0x812, rev 0x5, vendor 0x4243, disabled
Jan  2 21:34:23 karnkraft kernel: [  262.382534] bcm43xx: Core 2: ID 0x80d, rev 0x2, vendor 0x4243, enabled
Jan  2 21:34:23 karnkraft kernel: [  262.383071] bcm43xx: Core 3: ID 0x807, rev 0x2, vendor 0x4243, disabled
Jan  2 21:34:23 karnkraft kernel: [  262.383609] bcm43xx: Core 4: ID 0x804, rev 0x9, vendor 0x4243, enabled
Jan  2 21:34:23 karnkraft kernel: [  262.387435] bcm43xx: PHY connected
Jan  2 21:34:23 karnkraft kernel: [  262.387958] bcm43xx: Detected PHY: Version: 2, Type 2, Revision 2
Jan  2 21:34:23 karnkraft kernel: [  262.388501] bcm43xx: Detected Radio: ID: 2205017f (Manuf: 17f Ver: 2050 Rev: 2)
Jan  2 21:34:23 karnkraft kernel: [  262.389044] bcm43xx: Radio turned off
Jan  2 21:34:23 karnkraft kernel: [  262.389555] bcm43xx: Radio turned off
Jan  2 21:34:23 karnkraft rename_netiface: oldname eth1 does not exist
Jan  2 21:34:24 karnkraft ifup:     eth3      device: Broadcom Corporation BCM4306 802.11b/g Wireless LAN Controller (rev 03)
Jan  2 21:34:24 karnkraft ifup:     eth3      configuration: wlan-id-00:90:4b:51:af:da
Jan  2 21:34:24 karnkraft ifup:     eth3      Startmode is 'manual'
Jan  2 21:34:24 karnkraft kernel: [  263.314157] printk: 4 messages suppressed.
Jan  2 21:34:24 karnkraft kernel: [  263.314170] SoftMAC: ASSERTION FAILED (0) at: net/ieee80211/softmac/ieee80211softmac_wx.c:306:ieee80211softmac_wx_get_rate()
Jan  2 21:34:24 karnkraft kernel: [  263.315440] SoftMAC: ASSERTION FAILED (0) at: net/ieee80211/softmac/ieee80211softmac_wx.c:306:ieee80211softmac_wx_get_rate()
Jan  2 21:34:26 karnkraft kernel: [  267.174806] printk: 1 messages suppressed.
Jan  2 21:34:26 karnkraft kernel: [  267.174817] SoftMAC: ASSERTION FAILED (0) at: net/ieee80211/softmac/ieee80211softmac_wx.c:306:ieee80211softmac_wx_get_rate()
Jan  2 21:34:29 karnkraft kernel: [  270.306354] bcm43xx: PHY connected
Jan  2 21:34:29 karnkraft kernel: [  270.610053] bcm43xx: Microcode rev 0x127, pl 0xe (2005-04-18  02:36:27)
Jan  2 21:34:29 karnkraft kernel: [  270.619481] bcm43xx: Radio turned on
Jan  2 21:34:30 karnkraft kernel: [  270.782035] bcm43xx: Chip initialized
Jan  2 21:34:30 karnkraft kernel: [  270.783990] bcm43xx:    Level 2 pci_map_single at 0x0
Jan  2 21:34:30 karnkraft kernel: [  270.784522] 
Jan  2 21:34:30 karnkraft kernel: [  270.784525] Call Trace:
Jan  2 21:34:30 karnkraft kernel: [  270.786431]  [&lt;ffffffff802659c0&gt;] dump_trace+0xb4/0x3c9
Jan  2 21:34:30 karnkraft kernel: [  270.786858]  [&lt;ffffffff80265d11&gt;] show_trace+0x3c/0x52
Jan  2 21:34:30 karnkraft kernel: [  270.787045]  [&lt;ffffffff80265d3c&gt;] dump_stack+0x15/0x17
Jan  2 21:34:30 karnkraft kernel: [  270.788211]  [&lt;ffffffff881ff922&gt;] :bcm43xx:setup_rx_descbuffer+0x245/0x2c5
Jan  2 21:34:30 karnkraft kernel: [  270.791103]  [&lt;ffffffff8820095e&gt;] :bcm43xx:bcm43xx_setup_dmaring+0x35d/0x51f
Jan  2 21:34:30 karnkraft kernel: [  270.791375]  [&lt;ffffffff88200e2f&gt;] :bcm43xx:bcm43xx_dma_init+0x223/0x330
Jan  2 21:34:30 karnkraft kernel: [  270.792148]  [&lt;ffffffff881ebee9&gt;] :bcm43xx:wireless_core_up+0x602/0x706
Jan  2 21:34:30 karnkraft kernel: [  270.795357]  [&lt;ffffffff881ec3c7&gt;] :bcm43xx:bcm43xx_select_wireless_core+0x3da/0x58d
Jan  2 21:34:30 karnkraft kernel: [  270.795599]  [&lt;ffffffff881ec68e&gt;] :bcm43xx:bcm43xx_init_board+0x5e/0x12f
Jan  2 21:34:30 karnkraft kernel: [  270.796355]  [&lt;ffffffff881eceda&gt;] :bcm43xx:bcm43xx_net_open+0x10/0x12
Jan  2 21:34:30 karnkraft kernel: [  270.796953]  [&lt;ffffffff80398b86&gt;] dev_open+0x36/0x76
Jan  2 21:34:30 karnkraft kernel: [  270.800277]  [&lt;ffffffff803971ae&gt;] dev_change_flags+0x5d/0x122
Jan  2 21:34:30 karnkraft kernel: [  270.800636]  [&lt;ffffffff803c9480&gt;] devinet_ioctl+0x25a/0x5ee
Jan  2 21:34:30 karnkraft kernel: [  270.800819]  [&lt;ffffffff803c9f30&gt;] inet_ioctl+0x71/0x8f
Jan  2 21:34:30 karnkraft kernel: [  270.800996]  [&lt;ffffffff8038fa88&gt;] sock_ioctl+0x1da/0x203
Jan  2 21:34:30 karnkraft kernel: [  270.801176]  [&lt;ffffffff8023f708&gt;] do_ioctl+0x2a/0x77
Jan  2 21:34:30 karnkraft kernel: [  270.802105]  [&lt;ffffffff8022da49&gt;] vfs_ioctl+0x264/0x281
Jan  2 21:34:30 karnkraft kernel: [  270.802695]  [&lt;ffffffff80248f5e&gt;] sys_ioctl+0x5f/0x82
Jan  2 21:34:30 karnkraft kernel: [  270.806109]  [&lt;ffffffff8025a11e&gt;] system_call+0x7e/0x83
Jan  2 21:34:30 karnkraft kernel: [  270.806309]  [&lt;00002b54c1fd5997&gt;]
Jan  2 21:34:30 karnkraft kernel: [  270.806462] 
Jan  2 21:34:30 karnkraft kernel: [  270.807137] bcm43xx: DMA-32 0x02A0 (TX) max used slots: 0/512
Jan  2 21:34:30 karnkraft kernel: [  270.810474] bcm43xx: DMA-32 0x0280 (TX) max used slots: 0/512
Jan  2 21:34:30 karnkraft kernel: [  270.812862] bcm43xx: DMA-32 0x0260 (TX) max used slots: 0/512
Jan  2 21:34:30 karnkraft kernel: [  270.813698] bcm43xx: DMA-32 0x0240 (TX) max used slots: 0/512
Jan  2 21:34:30 karnkraft kernel: [  270.814537] bcm43xx: DMA-32 0x0220 (TX) max used slots: 0/512
Jan  2 21:34:30 karnkraft kernel: [  270.815369] bcm43xx: DMA-32 0x0200 (TX) max used slots: 0/512
Jan  2 21:34:30 karnkraft kernel: [  270.816397] bcm43xx: Keys cleared
Jan  2 21:34:30 karnkraft kernel: [  270.817528] bcm43xx: Selected 802.11 core (phytype 2)
Jan  2 21:34:30 karnkraft kernel: [  270.842451] ADDRCONF(NETDEV_UP): eth3: link is not ready
Jan  2 21:35:12 karnkraft kernel: [  312.878016] SoftMAC: Associate: Scanning for networks first.
Jan  2 21:35:12 karnkraft kernel: [  312.878177] SoftMAC: Start scanning with channel: 1
Jan  2 21:35:12 karnkraft kernel: [  312.878184] SoftMAC: Scanning 14 channels
Jan  2 21:35:12 karnkraft kernel: [  312.886828] Unable to handle kernel NULL pointer dereference at 0000000000000040 RIP: 
Jan  2 21:35:12 karnkraft kernel: [  312.887058]  [&lt;ffffffff881ffe00&gt;] :bcm43xx:bcm43xx_dma_tx+0x92/0x654
Jan  2 21:35:12 karnkraft kernel: [  312.887439] PGD 77977067 PUD 772c9067 PMD 0 
Jan  2 21:35:12 karnkraft kernel: [  312.887625] Oops: 0000 [1] PREEMPT 
Jan  2 21:35:12 karnkraft kernel: [  312.887773] CPU 0 
Jan  2 21:35:12 karnkraft kernel: [  312.887858] Modules linked in: bcm43xx ipv6 af_packet cpufreq_conservative cpufreq_ondemand cpufreq_userspace cpufreq_powersave powernow_k8 freq_table snd_pcm_oss snd_mixer_oss snd_seq snd_seq_device button battery ac ext2 loop pcmcia ide_cd cdrom 8139too k8temp firmware_class hwmon ieee80211softmac mii ieee80211 snd_intel8x0 ieee80211_crypt ohci1394 snd_ac97_codec snd_ac97_bus yenta_socket rsrc_nonstatic ieee1394 snd_pcm snd_timer pcmcia_core snd ehci_hcd soundcore i2c_nforce2 i2c_core snd_page_alloc ohci_hcd usbcore parport_pc lp parport ext3 mbcache jbd dm_snapshot dm_mod fan amd74xx thermal processor ide_disk ide_core
Jan  2 21:35:12 karnkraft kernel: [  312.890355] Pid: 3, comm: events/0 Not tainted 2.6.19.1-wireless+1GB #5
Jan  2 21:35:12 karnkraft kernel: [  312.890610] RIP: 0010:[&lt;ffffffff881ffe00&gt;]  [&lt;ffffffff881ffe00&gt;] :bcm43xx:bcm43xx_dma_tx+0x92/0x654
Jan  2 21:35:12 karnkraft kernel: [  312.890995] RSP: 0018:ffff810037f39c90  EFLAGS: 00010046
Jan  2 21:35:12 karnkraft kernel: [  312.891203] RAX: ffff81007431f678 RBX: ffff81007431f328 RCX: 0000000000000355
Jan  2 21:35:12 karnkraft kernel: [  312.891479] RDX: 0000000000000001 RSI: ffff810077fbc5e0 RDI: ffff81007431f328
Jan  2 21:35:12 karnkraft kernel: [  312.891754] RBP: ffff810037f39cf0 R08: 0000000000000002 R09: 0000000000000001
Jan  2 21:35:12 karnkraft kernel: [  312.892027] R10: 0000000000000003 R11: 0000000000000046 R12: 0000000000000000
Jan  2 21:35:12 karnkraft kernel: [  312.892304] R13: ffff810077fbc5e0 R14: ffff81007431f358 R15: 0000000000000286
Jan  2 21:35:12 karnkraft kernel: [  312.892580] FS:  00002ae3eb4dfdd0(0000) GS:ffffffff80555000(0000) knlGS:0000000000000000
Jan  2 21:35:12 karnkraft kernel: [  312.892891] CS:  0010 DS: 0018 ES: 0018 CR0: 000000008005003b
Jan  2 21:35:12 karnkraft kernel: [  312.893113] CR2: 0000000000000040 CR3: 000000007589e000 CR4: 00000000000006e0
Jan  2 21:35:12 karnkraft kernel: [  312.893390] Process events/0 (pid: 3, threadinfo ffff810037f38000, task ffff810037fef0c0)
Jan  2 21:35:12 karnkraft kernel: [  312.893701] Stack:  ffffffff881ecdbb ffff810077fbc5e0 ffff81007431f388 ffff81007431f358
Jan  2 21:35:12 karnkraft kernel: [  312.894048]  ffff81007431f358 0000000000000286 ffff810077fbc5e0 ffff81007431f328
Jan  2 21:35:12 karnkraft kernel: [  312.894361]  00000000ffffffed ffff810077fbc5e0 ffff81007431f358 0000000000000286
Jan  2 21:35:12 karnkraft kernel: [  312.894666] Call Trace:
Jan  2 21:35:12 karnkraft kernel: [  312.894824]  [&lt;ffffffff881ecdea&gt;] :bcm43xx:bcm43xx_ieee80211_hard_start_xmit+0x5f/0x94
Jan  2 21:35:12 karnkraft kernel: [  312.895154]  [&lt;ffffffff881b96c3&gt;] :ieee80211:ieee80211_tx_frame+0x254/0x269
Jan  2 21:35:12 karnkraft kernel: [  312.904498]  [&lt;ffffffff881c9649&gt;] :ieee80211softmac:ieee80211softmac_send_mgt_frame+0x3a5/0x3c4
Jan  2 21:35:12 karnkraft kernel: [  312.914041]  [&lt;ffffffff881cae8e&gt;] :ieee80211softmac:ieee80211softmac_scan+0x55/0x155
Jan  2 21:35:12 karnkraft kernel: [  312.923602]  [&lt;ffffffff80249fc2&gt;] run_workqueue+0xa3/0xf9
Jan  2 21:35:12 karnkraft kernel: [  312.933243]  [&lt;ffffffff802469bb&gt;] worker_thread+0xe6/0x119
Jan  2 21:35:12 karnkraft kernel: [  312.942863]  [&lt;ffffffff80230134&gt;] kthread+0xce/0x101
Jan  2 21:35:12 karnkraft kernel: [  312.952493]  [&lt;ffffffff8025ab18&gt;] child_rip+0xa/0x12
Jan  2 21:35:12 karnkraft kernel: [  312.962119] 
Jan  2 21:35:12 karnkraft kernel: [  312.971665] 
Jan  2 21:35:12 karnkraft kernel: [  312.971667] Code: 41 80 7c 24 40 00 75 28 49 c7 c0 e3 47 20 88 b9 e9 03 00 00 
Jan  2 21:35:12 karnkraft kernel: [  312.990914] RIP  [&lt;ffffffff881ffe00&gt;] :bcm43xx:bcm43xx_dma_tx+0x92/0x654
Jan  2 21:35:12 karnkraft kernel: [  313.000622]  RSP &lt;ffff810037f39c90&gt;
Jan  2 21:35:12 karnkraft kernel: [  313.010262] CR2: 0000000000000040
Jan  2 21:35:12 karnkraft kernel: [  313.019874]  &lt;6&gt;note: events/0[3] exited with preempt_count 1
Jan  2 21:35:12 karnkraft kernel: [  313.029567] BUG: sleeping function called from invalid context at mm/slab.c:3007
Jan  2 21:35:12 karnkraft kernel: [  313.039345] in_atomic():1, irqs_disabled():1
Jan  2 21:35:12 karnkraft kernel: [  313.049056] 
Jan  2 21:35:12 karnkraft kernel: [  313.049058] Call Trace:
Jan  2 21:35:12 karnkraft kernel: [  313.068160]  [&lt;ffffffff802659c0&gt;] dump_trace+0xb4/0x3c9
Jan  2 21:35:12 karnkraft kernel: [  313.077835]  [&lt;ffffffff80265d11&gt;] show_trace+0x3c/0x52
Jan  2 21:35:12 karnkraft kernel: [  313.087424]  [&lt;ffffffff80265d3c&gt;] dump_stack+0x15/0x17
Jan  2 21:35:12 karnkraft kernel: [  313.096799]  [&lt;ffffffff8020b53f&gt;] __might_sleep+0xb2/0xb4
Jan  2 21:35:12 karnkraft kernel: [  313.106036]  [&lt;ffffffff802ba25b&gt;] kmem_cache_zalloc+0x29/0xa1
Jan  2 21:35:12 karnkraft kernel: [  313.115218]  [&lt;ffffffff802a9b69&gt;] taskstats_exit_alloc+0x28/0x68
Jan  2 21:35:12 karnkraft kernel: [  313.124434]  [&lt;ffffffff80213e46&gt;] do_exit+0x152/0x916
Jan  2 21:35:12 karnkraft kernel: [  313.133671]  [&lt;ffffffff8020aa01&gt;] do_page_fault+0x732/0x7bd
Jan  2 21:35:12 karnkraft kernel: [  313.142683]  [&lt;ffffffff80261c3d&gt;] error_exit+0x0/0x96
Jan  2 21:35:12 karnkraft kernel: [  313.151413]  [&lt;ffffffff881ffe00&gt;] :bcm43xx:bcm43xx_dma_tx+0x92/0x654
Jan  2 21:35:12 karnkraft kernel: [  313.159977]  [&lt;ffffffff881ecdea&gt;] :bcm43xx:bcm43xx_ieee80211_hard_start_xmit+0x5f/0x94
Jan  2 21:35:12 karnkraft kernel: [  313.168304]  [&lt;ffffffff881b96c3&gt;] :ieee80211:ieee80211_tx_frame+0x254/0x269
Jan  2 21:35:12 karnkraft kernel: [  313.176389]  [&lt;ffffffff881c9649&gt;] :ieee80211softmac:ieee80211softmac_send_mgt_frame+0x3a5/0x3c4
Jan  2 21:35:12 karnkraft kernel: [  313.184369]  [&lt;ffffffff881cae8e&gt;] :ieee80211softmac:ieee80211softmac_scan+0x55/0x155
Jan  2 21:35:12 karnkraft kernel: [  313.192131]  [&lt;ffffffff80249fc2&gt;] run_workqueue+0xa3/0xf9
Jan  2 21:35:12 karnkraft kernel: [  313.199742]  [&lt;ffffffff802469bb&gt;] worker_thread+0xe6/0x119
Jan  2 21:35:12 karnkraft kernel: [  313.207234]  [&lt;ffffffff80230134&gt;] kthread+0xce/0x101
Jan  2 21:35:12 karnkraft kernel: [  313.214684]  [&lt;ffffffff8025ab18&gt;] child_rip+0xa/0x12
Jan  2 21:35:12 karnkraft kernel: [  313.222054] 
-------------- next part --------------
A non-text attachment was scrubbed...
Name: dma_over_1GB_panic.png
Type: image/png
Size: 128328 bytes
Desc: not available
URL: &lt;<A HREF="https://lists.berlios.de/pipermail/bcm43xx-dev/attachments/20070102/fb5629fa/attachment.png">https://lists.berlios.de/pipermail/bcm43xx-dev/attachments/20070102/fb5629fa/attachment.png</A>&gt;
</PRE>

<!--endarticle-->
    <HR>
    <P><UL>
        <!--threads-->
	<LI>Previous message: <A HREF="000004.html">bcm4311
</A></li>
	<LI>Next message: <A HREF="000005.html">&gt;1GB Bug
</A></li>
         <LI> <B>Messages sorted by:</B> 
              <a href="date.html#3">[ date ]</a>
              <a href="thread.html#3">[ thread ]</a>
              <a href="subject.html#3">[ subject ]</a>
              <a href="author.html#3">[ author ]</a>
         </LI>
       </UL>

<hr>
<a href="https://lists.berlios.de/mailman/listinfo/bcm43xx-dev">More information about the Bcm43xx-dev
mailing list</a><br>
</body></html>
