<!DOCTYPE HTML PUBLIC "-//W3C//DTD HTML 4.01 Transitional//EN">
<HTML>
 <HEAD>
   <TITLE> Testing report for new patches
   </TITLE>
   <LINK REL="Index" HREF="http://lists.berlios.de/pipermail/bcm43xx-dev/2007-January/index.html" >
   <LINK REL="made" HREF="mailto:bcm43xx-dev%40lists.berlios.de?Subject=Re%3A%20Testing%20report%20for%20new%20patches&In-Reply-To=%3Cf1a9e67e0701141027i39b51c1duf1f65f6738f9a2d5%40mail.gmail.com%3E">
   <META NAME="robots" CONTENT="index,nofollow">
   <style type="text/css">
       pre {
           white-space: pre-wrap;       /* css-2.1, curent FF, Opera, Safari */
           }
   </style>
   <META http-equiv="Content-Type" content="text/html; charset=us-ascii">
   <LINK REL="Previous"  HREF="000072.html">
   <LINK REL="Next"  HREF="000080.html">
 </HEAD>
 <BODY BGCOLOR="#ffffff">
   <H1>Testing report for new patches</H1>
    <B>Ryan Hurley</B> 
    <A HREF="mailto:bcm43xx-dev%40lists.berlios.de?Subject=Re%3A%20Testing%20report%20for%20new%20patches&In-Reply-To=%3Cf1a9e67e0701141027i39b51c1duf1f65f6738f9a2d5%40mail.gmail.com%3E"
       TITLE="Testing report for new patches">spitty at gmail.com
       </A><BR>
    <I>Sun Jan 14 19:27:45 CET 2007</I>
    <P><UL>
        <LI>Previous message: <A HREF="000072.html">Testing report for new patches
</A></li>
        <LI>Next message: <A HREF="000080.html">Testing report for new patches
</A></li>
         <LI> <B>Messages sorted by:</B> 
              <a href="date.html#78">[ date ]</a>
              <a href="thread.html#78">[ thread ]</a>
              <a href="subject.html#78">[ subject ]</a>
              <a href="author.html#78">[ author ]</a>
         </LI>
       </UL>
    <HR>  
<!--beginarticle-->
<PRE>Larry Finger wrote:
&gt;<i>
</I>&gt;<i> If you do an 'iwlist s', what do you see? It seems that you have debugging
</I>&gt;<i> turned on in SoftMAC, but
</I>&gt;<i> I see no indication that anything attempted to scan.
</I>&gt;<i>
</I>
The output from iwlist -s is attached, as is the complete dmesg log.
Scanning works fine (actually better than when I'm using ndiswrapper or
windows) but nothing connects.

If you need anything else just ask.
-Ryan Hurley
-------------- next part --------------
An HTML attachment was scrubbed...
URL: &lt;<A HREF="https://lists.berlios.de/pipermail/bcm43xx-dev/attachments/20070114/82bc3ce2/attachment.html">https://lists.berlios.de/pipermail/bcm43xx-dev/attachments/20070114/82bc3ce2/attachment.html</A>&gt;
-------------- next part --------------
[    0.000000] Linux version 2.6.19.1 (<A HREF="https://lists.berlios.de/mailman/listinfo/bcm43xx-dev">root at Apollo</A>) (gcc version 4.1.2 20060928 (prerelease) (Ubuntu 4.1.1-13ubuntu5)) #1 SMP Sat Jan 13 14:48:50 EST 2007
[    0.000000] BIOS-provided physical RAM map:
[    0.000000]  BIOS-e820: 0000000000000000 - 000000000009dc00 (usable)
[    0.000000]  BIOS-e820: 000000000009dc00 - 00000000000a0000 (reserved)
[    0.000000]  BIOS-e820: 00000000000d2000 - 0000000000100000 (reserved)
[    0.000000]  BIOS-e820: 0000000000100000 - 000000001bf10000 (usable)
[    0.000000]  BIOS-e820: 000000001bf10000 - 000000001bf19000 (ACPI data)
[    0.000000]  BIOS-e820: 000000001bf19000 - 000000001bf80000 (ACPI NVS)
[    0.000000]  BIOS-e820: 000000001bf80000 - 0000000020000000 (reserved)
[    0.000000]  BIOS-e820: 00000000e0000000 - 00000000f0000000 (reserved)
[    0.000000]  BIOS-e820: 00000000fec00000 - 00000000fec10000 (reserved)
[    0.000000]  BIOS-e820: 00000000fee00000 - 00000000fee01000 (reserved)
[    0.000000]  BIOS-e820: 00000000fff80000 - 0000000100000000 (reserved)
[    0.000000] 447MB LOWMEM available.
[    0.000000] found SMP MP-table at 000f8790
[    0.000000] Entering add_active_range(0, 0, 114448) 0 entries of 256 used
[    0.000000] Zone PFN ranges:
[    0.000000]   DMA             0 -&gt;     4096
[    0.000000]   Normal       4096 -&gt;   114448
[    0.000000] early_node_map[1] active PFN ranges
[    0.000000]     0:        0 -&gt;   114448
[    0.000000] On node 0 totalpages: 114448
[    0.000000]   DMA zone: 32 pages used for memmap
[    0.000000]   DMA zone: 0 pages reserved
[    0.000000]   DMA zone: 4064 pages, LIFO batch:0
[    0.000000]   Normal zone: 862 pages used for memmap
[    0.000000]   Normal zone: 109490 pages, LIFO batch:31
[    0.000000] DMI present.
[    0.000000] ACPI: RSDP (v000 HP                                    ) @ 0x000f87c0
[    0.000000] ACPI: RSDT (v001 HP     30B5     0x06040000  LTP 0x00000000) @ 0x1bf131f0
[    0.000000] ACPI: FADT (v001 HP     30B5     0x06040000 PTL_ 0x000f4240) @ 0x1bf18d52
[    0.000000] ACPI: MCFG (v001 HP     30B5     0x06040000  LTP 0x00000000) @ 0x1bf18dc6
[    0.000000] ACPI: MADT (v001 HP     30B5     0x06040000  LTP 0x00000000) @ 0x1bf18e02
[    0.000000] ACPI: BOOT (v001 HP     30B5     0x06040000  LTP 0x00000001) @ 0x1bf18e56
[    0.000000] ACPI: SSDT (v001 HP     30B5     0x06040000  LTP 0x00000001) @ 0x1bf18e7e
[    0.000000] ACPI: DSDT (v001 HP       30B5   0x06040000 MSFT 0x0100000e) @ 0x00000000
[    0.000000] Nvidia board detected. Ignoring ACPI timer override.
[    0.000000] If you got timer trouble try acpi_use_timer_override
[    0.000000] Nvidia board detected. Ignoring ACPI timer override.
[    0.000000] If you got timer trouble try acpi_use_timer_override
[    0.000000] Nvidia board detected. Ignoring ACPI timer override.
[    0.000000] If you got timer trouble try acpi_use_timer_override
[    0.000000] ACPI: PM-Timer IO Port: 0x1008
[    0.000000] ACPI: Local APIC address 0xfee00000
[    0.000000] ACPI: LAPIC (acpi_id[0x00] lapic_id[0x00] enabled)
[    0.000000] Processor #0 15:8 APIC version 16
[    0.000000] ACPI: LAPIC (acpi_id[0x01] lapic_id[0x01] enabled)
[    0.000000] Processor #1 15:8 APIC version 16
[    0.000000] ACPI: LAPIC_NMI (acpi_id[0x00] high edge lint[0x1])
[    0.000000] ACPI: LAPIC_NMI (acpi_id[0x01] high edge lint[0x1])
[    0.000000] ACPI: IOAPIC (id[0x02] address[0xfec00000] gsi_base[0])
[    0.000000] IOAPIC[0]: apic_id 2, version 17, address 0xfec00000, GSI 0-23
[    0.000000] ACPI: IRQ9 used by override.
[    0.000000] Enabling APIC mode:  Flat.  Using 1 I/O APICs
[    0.000000] Using ACPI (MADT) for SMP configuration information
[    0.000000] Allocating PCI resources starting at 30000000 (gap: 20000000:c0000000)
[    0.000000] Detected 1607.434 MHz processor.
[   15.642620] Built 1 zonelists.  Total pages: 113554
[   15.642622] Kernel command line: root=/dev/sda3 ro quiet splash
[   15.642812] mapped APIC to ffffd000 (fee00000)
[   15.642815] mapped IOAPIC to ffffc000 (fec00000)
[   15.642818] Enabling fast FPU save and restore... done.
[   15.642820] Enabling unmasked SIMD FPU exception support... done.
[   15.642823] Initializing CPU#0
[   15.642886] PID hash table entries: 2048 (order: 11, 8192 bytes)
[   15.642968] spurious 8259A interrupt: IRQ7.
[   15.647298] Console: colour VGA+ 80x25
[   15.647450] Dentry cache hash table entries: 65536 (order: 6, 262144 bytes)
[   15.647665] Inode-cache hash table entries: 32768 (order: 5, 131072 bytes)
[   15.655524] Memory: 445788k/457792k available (3372k kernel code, 11416k reserved, 1362k data, 236k init, 0k highmem)
[   15.655534] virtual kernel memory layout:
[   15.655536]     fixmap  : 0xfffb7000 - 0xfffff000   ( 288 kB)
[   15.655537]     vmalloc : 0xdc800000 - 0xfffb5000   ( 567 MB)
[   15.655539]     lowmem  : 0xc0000000 - 0xdbf10000   ( 447 MB)
[   15.655540]       .init : 0xc05a7000 - 0xc05e2000   ( 236 kB)
[   15.655542]       .data : 0xc044b05d - 0xc059fbcc   (1362 kB)
[   15.655543]       .text : 0xc0100000 - 0xc044b05d   (3372 kB)
[   15.655547] Checking if this processor honours the WP bit even in supervisor mode... Ok.
[   15.714873] Calibrating delay using timer specific routine.. 3216.77 BogoMIPS (lpj=1608389)
[   15.714909] Security Framework v1.0.0 initialized
[   15.714913] SELinux:  Disabled at boot.
[   15.714926] Mount-cache hash table entries: 512
[   15.715029] CPU: After generic identify, caps: 178bfbff ebd3fbff 00000000 00000000 00002001 00000000 0000001f
[   15.715038] CPU: L1 I Cache: 64K (64 bytes/line), D cache 64K (64 bytes/line)
[   15.715041] CPU: L2 Cache: 256K (64 bytes/line)
[   15.715043] CPU 0(2) -&gt; Core 0
[   15.715046] CPU: After all inits, caps: 178bfbff ebd3fbff 00000000 00000410 00002001 00000000 0000001f
[   15.715055] Compat vDSO mapped to ffffe000.
[   15.715063] Checking 'hlt' instruction... OK.
[   15.719000] Freeing SMP alternatives: 20k freed
[   15.719003] ACPI: Core revision 20060707
[   15.736242] CPU0: AMD Turion(tm) 64 X2  stepping 02
[   15.736260] Booting processor 1/1 eip 2000
[   15.748770] Initializing CPU#1
[   15.809106] Calibrating delay using timer specific routine.. 3214.18 BogoMIPS (lpj=1607093)
[   15.809112] CPU: After generic identify, caps: 178bfbff ebd3fbff 00000000 00000000 00002001 00000000 0000001f
[   15.809119] CPU: L1 I Cache: 64K (64 bytes/line), D cache 64K (64 bytes/line)
[   15.809122] CPU: L2 Cache: 256K (64 bytes/line)
[   15.809124] CPU 1(2) -&gt; Core 1
[   15.809126] CPU: After all inits, caps: 178bfbff ebd3fbff 00000000 00000410 00002001 00000000 0000001f
[   15.806971] CPU1: AMD Turion(tm) 64 X2  stepping 02
[   15.806986] Total of 2 processors activated (6430.96 BogoMIPS).
[   15.807388] ENABLING IO-APIC IRQs
[   15.807662] ..TIMER: vector=0x31 apic1=0 pin1=0 apic2=-1 pin2=-1
[   15.918825] checking TSC synchronization across 2 CPUs: 
[    0.000001] CPU#0 had -1130 usecs TSC skew, fixed it up.
[    0.000004] CPU#1 had 1130 usecs TSC skew, fixed it up.
[    0.000998] Brought up 2 CPUs
[    0.038089] migration_cost=132
[    0.038216] checking if image is initramfs... it is
[    0.255083] Freeing initrd memory: 1953k freed
[    0.255351] NET: Registered protocol family 16
[    0.255428] ACPI: bus type pci registered
[    0.255437] PCI: Using MMCONFIG
[    0.255480] PCI: No mmconfig possible on 0:18
[    0.256082] Setting up standard PCI resources
[    0.264865] ACPI: Interpreter enabled
[    0.264870] ACPI: Using IOAPIC for interrupt routing
[    0.265627] ACPI: PCI Root Bridge [PCI0] (0000:00)
[    0.265632] PCI: Probing PCI hardware (bus 00)
[    0.265757] ACPI: Assume root bridge [\_SB_.PCI0] bus is 0
[    0.270356] Boot video device is 0000:00:05.0
[    0.271329] PCI: Transparent bridge - 0000:00:10.0
[    0.271364] ACPI: PCI Interrupt Routing Table [\_SB_.PCI0._PRT]
[    0.366793] ACPI: PCI Interrupt Routing Table [\_SB_.PCI0.P2P0._PRT]
[    0.367477] ACPI: PCI Interrupt Routing Table [\_SB_.PCI0.XVR1._PRT]
[    0.367656] ACPI: PCI Interrupt Routing Table [\_SB_.PCI0.XVR2._PRT]
[    0.368073] ACPI: PCI Interrupt Link [LNK1] (IRQs 16 17 18 19 20 21 22 23) *0, disabled.
[    0.368442] ACPI: PCI Interrupt Link [LNK2] (IRQs 16 17 18 19 20 21 22 23) *10
[    0.368805] ACPI: PCI Interrupt Link [LNK3] (IRQs 5 7 10 11 14 15) *0, disabled.
[    0.369181] ACPI: PCI Interrupt Link [LNK4] (IRQs 5 7 10 11 14 15) *0, disabled.
[    0.369542] ACPI: PCI Interrupt Link [LK1E] (IRQs 20) *0, disabled.
[    0.369908] ACPI: PCI Interrupt Link [LK2E] (IRQs 19) *10
[    0.370266] ACPI: PCI Interrupt Link [LK3E] (IRQs 21) *10
[    0.370625] ACPI: PCI Interrupt Link [LK4E] (IRQs 16 17 18 19 20 21 22 23) *0, disabled.
[    0.371008] ACPI: PCI Interrupt Link [LSMB] (IRQs 16 17 18 19 20 21 22 23) *10
[    0.371382] ACPI: PCI Interrupt Link [LSMU] (IRQs 16 17 18 19 20 21 22 23) *11
[    0.371742] ACPI: PCI Interrupt Link [LUS0] (IRQs 16 17 18 19 20 21 22 23) *11
[    0.372110] ACPI: PCI Interrupt Link [LUS2] (IRQs 16 17 18 19 20 21 22 23) *7
[    0.372470] ACPI: PCI Interrupt Link [LMAC] (IRQs 16 17 18 19 20 21 22 23) *11
[    0.372840] ACPI: PCI Interrupt Link [LAZA] (IRQs 16 17 18 19 20 21 22 23) *0, disabled.
[    0.373215] ACPI: PCI Interrupt Link [LACI] (IRQs 16 17 18 19 20 21 22 23) *0, disabled.
[    0.373578] ACPI: PCI Interrupt Link [LMCI] (IRQs 16 17 18 19 20 21 22 23) *0, disabled.
[    0.373947] ACPI: PCI Interrupt Link [LPID] (IRQs 16 17 18 19 20 21 22 23) *0, disabled.
[    0.374320] ACPI: PCI Interrupt Link [LTID] (IRQs 16 17 18 19 20 21 22 23) *5
[    0.374687] ACPI: PCI Interrupt Link [LSI1] (IRQs 16 17 18 19 20 21 22 23) *0, disabled.
[    0.374834] Linux Plug and Play Support v0.97 (c) Adam Belay
[    0.374843] pnp: PnP ACPI init
[    0.377905] pnp: PnP ACPI: found 11 devices
[    0.378066] SCSI subsystem initialized
[    0.378127] libata version 2.00 loaded.
[    0.378188] usbcore: registered new interface driver usbfs
[    0.378214] usbcore: registered new interface driver hub
[    0.378248] usbcore: registered new device driver usb
[    0.378279] PCI: Using ACPI for IRQ routing
[    0.378283] PCI: If a device doesn't work, try &quot;pci=routeirq&quot;.  If it helps, post a report
[    0.378900] pnp: 00:03: ioport range 0x1000-0x107f could not be reserved
[    0.378904] pnp: 00:03: ioport range 0x1080-0x10ff has been reserved
[    0.378907] pnp: 00:03: ioport range 0x1400-0x147f has been reserved
[    0.378910] pnp: 00:03: ioport range 0x1480-0x14ff could not be reserved
[    0.378913] pnp: 00:03: ioport range 0x1800-0x187f has been reserved
[    0.378916] pnp: 00:03: ioport range 0x1880-0x18ff has been reserved
[    0.378919] pnp: 00:03: ioport range 0x2000-0x203f has been reserved
[    0.379131] PCI: Bridge: 0000:00:02.0
[    0.379133]   IO window: disabled.
[    0.379137]   MEM window: c3000000-c30fffff
[    0.379140]   PREFETCH window: disabled.
[    0.379142] PCI: Bridge: 0000:00:03.0
[    0.379145]   IO window: 4000-4fff
[    0.379149]   MEM window: c8000000-c87fffff
[    0.379151]   PREFETCH window: disabled.
[    0.379154] PCI: Bridge: 0000:00:10.0
[    0.379155]   IO window: disabled.
[    0.379160]   MEM window: disabled.
[    0.379163]   PREFETCH window: disabled.
[    0.379177] PCI: Setting latency timer of device 0000:00:02.0 to 64
[    0.379185] PCI: Setting latency timer of device 0000:00:03.0 to 64
[    0.379196] PCI: Setting latency timer of device 0000:00:10.0 to 64
[    0.379228] NET: Registered protocol family 2
[    0.390940] IP route cache hash table entries: 4096 (order: 2, 16384 bytes)
[    0.391028] TCP established hash table entries: 16384 (order: 5, 131072 bytes)
[    0.391145] TCP bind hash table entries: 8192 (order: 4, 65536 bytes)
[    0.391207] TCP: Hash tables configured (established 16384 bind 8192)
[    0.391210] TCP reno registered
[    0.391345] Simple Boot Flag at 0x36 set to 0x1
[    0.556000] audit: initializing netlink socket (disabled)
[    0.556000] audit(1168779637.851:1): initialized
[    0.557000] Installing knfsd (copyright (C) 1996 <A HREF="https://lists.berlios.de/mailman/listinfo/bcm43xx-dev">okir at monad.swb.de</A>).
[    0.557000] NTFS driver 2.1.27 [Flags: R/O].
[    0.557000] io scheduler noop registered
[    0.557000] io scheduler cfq registered (default)
[    0.568000] PCI: Setting latency timer of device 0000:00:02.0 to 64
[    0.568000] pcie_portdrv_probe-&gt;Dev[02fc:10de] has invalid IRQ. Check vendor BIOS
[    0.568000] assign_interrupt_mode Found MSI capability
[    0.568000] Allocate Port Service[0000:00:02.0:pcie00]
[    0.568000] Allocate Port Service[0000:00:02.0:pcie03]
[    0.568000] PCI: Setting latency timer of device 0000:00:03.0 to 64
[    0.568000] pcie_portdrv_probe-&gt;Dev[02fd:10de] has invalid IRQ. Check vendor BIOS
[    0.568000] assign_interrupt_mode Found MSI capability
[    0.568000] Allocate Port Service[0000:00:03.0:pcie00]
[    0.568000] Allocate Port Service[0000:00:03.0:pcie03]
[    0.568000] pci_hotplug: PCI Hot Plug PCI Core version: 0.5
[    0.568000] pciehp: PCI Express Hot Plug Controller Driver version: 0.4
[    0.568000] shpchp: Standard Hot Plug PCI Controller Driver version: 0.4
[    0.569000] ACPI: AC Adapter [ADP1] (on-line)
[    0.611000] ACPI: Battery Slot [BAT0] (battery present)
[    0.611000] ACPI: Power Button (FF) [PWRF]
[    0.611000] ACPI: Lid Switch [LID0]
[    0.611000] ACPI: Sleep Button (CM) [SLPB]
[    0.611000] ACPI: Power Button (CM) [PWRB]
[    0.611000] ACPI: Video Device [VGA] (multi-head: yes  rom: no  post: no)
[    0.611000] Using specific hotkey driver
[    0.611000] ACPI: Processor [CPU0] (supports 8 throttling states)
[    0.611000] ACPI: Processor [CPU1] (supports 8 throttling states)
[    0.623000] ACPI: Thermal Zone [TZS0] (44 C)
[    0.628000] ACPI: Thermal Zone [TZS1] (47 C)
[    0.649000] Real Time Clock Driver v1.12ac
[    0.649000] Linux agpgart interface v0.101 (c) Dave Jones
[    0.649000] [drm] Initialized drm 1.0.1 20051102
[    0.650000] RAMDISK driver initialized: 16 RAM disks of 65536K size 1024 blocksize
[    0.650000] loop: loaded (max 8 devices)
[    0.650000] forcedeth.c: Reverse Engineered nForce ethernet driver. Version 0.57.
[    0.650000] ACPI: PCI Interrupt Link [LMAC] enabled at IRQ 23
[    0.650000] ACPI: PCI Interrupt 0000:00:14.0[A] -&gt; Link [LMAC] -&gt; GSI 23 (level, high) -&gt; IRQ 16
[    0.651000] PCI: Setting latency timer of device 0000:00:14.0 to 64
[    0.651000] forcedeth: using HIGHDMA
[    1.163000] eth0: forcedeth.c: subsystem: 0103c:30b5 bound to 0000:00:14.0
[    1.163000] Uniform Multi-Platform E-IDE driver Revision: 7.00alpha2
[    1.163000] ide: Assuming 33MHz system bus speed for PIO modes; override with idebus=xx
[    1.163000] NFORCE-MCP51: IDE controller at PCI slot 0000:00:0d.0
[    1.163000] NFORCE-MCP51: chipset revision 241
[    1.163000] NFORCE-MCP51: not 100% native mode: will probe irqs later
[    1.163000] NFORCE-MCP51: 0000:00:0d.0 (rev f1) UDMA133 controller
[    1.163000]     ide0: BM-DMA at 0x3080-0x3087, BIOS settings: hda:pio, hdb:pio
[    1.163000]     ide1: BM-DMA at 0x3088-0x308f, BIOS settings: hdc:pio, hdd:pio
[    1.163000] Probing IDE interface ide0...
[    1.682000] Probing IDE interface ide1...
[    2.354000] hdc: PHILIPS CD-RW/DVD-ROM SCB5265, ATAPI CD/DVD-ROM drive
[    2.966000] ide1 at 0x170-0x177,0x376 on irq 15
[    2.966000] Probing IDE interface ide0...
[    3.486000] hdc: ATAPI 24X DVD-ROM CD-R/RW drive, 2048kB Cache, DMA
[    3.486000] Uniform CD-ROM driver Revision: 3.20
[    3.492000] Loading iSCSI transport class v2.0-724.&lt;7&gt;sata_nv 0000:00:0e.0: version 2.0
[    3.492000] PCI: Enabling device 0000:00:0e.0 (0005 -&gt; 0007)
[    3.492000] ACPI: PCI Interrupt Link [LTID] enabled at IRQ 22
[    3.492000] ACPI: PCI Interrupt 0000:00:0e.0[A] -&gt; Link [LTID] -&gt; GSI 22 (level, high) -&gt; IRQ 17
[    3.492000] PCI: Setting latency timer of device 0000:00:0e.0 to 64
[    3.492000] ata1: SATA max UDMA/133 cmd 0x30B0 ctl 0x30A6 bmdma 0x3090 irq 17
[    3.492000] ata2: SATA max UDMA/133 cmd 0x30A8 ctl 0x30A2 bmdma 0x3098 irq 17
[    3.492000] scsi0 : sata_nv
[    3.949000] ata1: SATA link up 1.5 Gbps (SStatus 113 SControl 300)
[    3.950000] ata1.00: ATA-7, max UDMA/100, 78165360 sectors: LBA48 
[    3.950000] ata1.00: ata1: dev 0 multi count 16
[    3.954000] ata1.00: configured for UDMA/100
[    3.954000] scsi1 : sata_nv
[    4.257000] ata2: SATA link down (SStatus 0 SControl 300)
[    4.268000] ATA: abnormal status 0x7F on port 0x30AF
[    4.268000] scsi 0:0:0:0: Direct-Access     ATA      ST94813AS        7.24 PQ: 0 ANSI: 5
[    4.268000] SCSI device sda: 78165360 512-byte hdwr sectors (40021 MB)
[    4.268000] sda: Write Protect is off
[    4.268000] sda: Mode Sense: 00 3a 00 00
[    4.268000] SCSI device sda: drive cache: write back
[    4.268000] SCSI device sda: 78165360 512-byte hdwr sectors (40021 MB)
[    4.268000] sda: Write Protect is off
[    4.268000] sda: Mode Sense: 00 3a 00 00
[    4.268000] SCSI device sda: drive cache: write back
[    4.268000]  sda: sda1 sda2 sda3
[    4.364000] sd 0:0:0:0: Attached scsi disk sda
[    4.364000] sd 0:0:0:0: Attached scsi generic sg0 type 0
[    4.365000] ACPI: PCI Interrupt Link [LUS2] enabled at IRQ 21
[    4.365000] ACPI: PCI Interrupt 0000:00:0b.1[B] -&gt; Link [LUS2] -&gt; GSI 21 (level, high) -&gt; IRQ 18
[    4.365000] PCI: Setting latency timer of device 0000:00:0b.1 to 64
[    4.365000] ehci_hcd 0000:00:0b.1: EHCI Host Controller
[    4.365000] ehci_hcd 0000:00:0b.1: new USB bus registered, assigned bus number 1
[    4.365000] ehci_hcd 0000:00:0b.1: debug port 1
[    4.365000] PCI: cache line size of 64 is not supported by device 0000:00:0b.1
[    4.365000] ehci_hcd 0000:00:0b.1: irq 18, io mem 0xc0005000
[    4.365000] ehci_hcd 0000:00:0b.1: USB 2.0 started, EHCI 1.00, driver 10 Dec 2004
[    4.365000] usb usb1: configuration #1 chosen from 1 choice
[    4.365000] hub 1-0:1.0: USB hub found
[    4.365000] hub 1-0:1.0: 8 ports detected
[    4.466000] ohci_hcd: 2006 August 04 USB 1.1 'Open' Host Controller (OHCI) Driver (PCI)
[    4.466000] ACPI: PCI Interrupt Link [LUS0] enabled at IRQ 20
[    4.466000] ACPI: PCI Interrupt 0000:00:0b.0[A] -&gt; Link [LUS0] -&gt; GSI 20 (level, high) -&gt; IRQ 19
[    4.466000] PCI: Setting latency timer of device 0000:00:0b.0 to 64
[    4.466000] ohci_hcd 0000:00:0b.0: OHCI Host Controller
[    4.466000] ohci_hcd 0000:00:0b.0: new USB bus registered, assigned bus number 2
[    4.466000] ohci_hcd 0000:00:0b.0: irq 19, io mem 0xc0004000
[    4.519000] usb usb2: configuration #1 chosen from 1 choice
[    4.519000] hub 2-0:1.0: USB hub found
[    4.519000] hub 2-0:1.0: 8 ports detected
[    4.620000] USB Universal Host Controller Interface driver v3.0
[    4.620000] Initializing USB Mass Storage driver...
[    4.620000] usbcore: registered new interface driver usb-storage
[    4.620000] USB Mass Storage support registered.
[    4.620000] usbcore: registered new interface driver libusual
[    4.620000] usbcore: registered new interface driver hiddev
[    4.620000] usbcore: registered new interface driver usbhid
[    4.620000] drivers/usb/input/hid-core.c: v2.6:USB HID core driver
[    4.620000] PNP: PS/2 Controller [PNP0303:KBD0,PNP0f13:PS2M] at 0x60,0x64 irq 1,12
[    4.620000] i8042.c: Detected active multiplexing controller, rev 1.1.
[    4.620000] serio: i8042 KBD port at 0x60,0x64 irq 1
[    4.620000] serio: i8042 AUX0 port at 0x60,0x64 irq 12
[    4.620000] serio: i8042 AUX1 port at 0x60,0x64 irq 12
[    4.620000] serio: i8042 AUX2 port at 0x60,0x64 irq 12
[    4.620000] serio: i8042 AUX3 port at 0x60,0x64 irq 12
[    4.620000] mice: PS/2 mouse device common for all mice
[    4.620000] input: PC Speaker as /class/input/input0
[    4.620000] Advanced Linux Sound Architecture Driver Version 1.0.13 (Tue Nov 28 14:07:24 2006 UTC).
[    4.621000] ACPI: PCI Interrupt Link [LAZA] enabled at IRQ 19
[    4.621000] ACPI: PCI Interrupt 0000:00:10.1[B] -&gt; Link [LAZA] -&gt; GSI 19 (level, high) -&gt; IRQ 20
[    4.621000] PCI: Setting latency timer of device 0000:00:10.1 to 64
[    4.623000] input: AT Translated Set 2 keyboard as /class/input/input1
[    4.719000] ALSA device list:
[    4.719000]   #0: HDA NVidia at 0xc0000000 irq 20
[    4.719000] IPv4 over IPv4 tunneling driver
[    4.719000] GRE over IPv4 tunneling driver
[    4.719000] TCP cubic registered
[    4.719000] Initializing XFRM netlink socket
[    4.719000] NET: Registered protocol family 1
[    4.719000] NET: Registered protocol family 17
[    4.719000] NET: Registered protocol family 15
[    4.719000] powernow-k8: Found 2 AMD Turion(tm) 64 X2  processors (version 2.00.00)
[    4.719000] powernow-k8:    0 : fid 0x8 (1600 MHz), vid 0x12
[    4.719000] powernow-k8:    1 : fid 0x0 (800 MHz), vid 0x1e
[    4.719000] Starting balanced_irq
[    4.719000] Using IPI Shortcut mode
[    4.719000] drivers/rtc/hctosys.c: unable to open rtc device (rtc0)
[    4.719000] Freeing unused kernel memory: 236k freed
[    4.720000] Time: acpi_pm clocksource has been installed.
[    6.159000] Synaptics Touchpad, model: 1, fw: 6.2, id: 0x1a0b1, caps: 0xa04713/0x200000
[    6.191000] input: SynPS/2 Synaptics TouchPad as /class/input/input2
[    6.193000] psmouse.c: TouchPad at isa0060/serio4/input0 lost sync at byte 1
[    6.391000] kjournald starting.  Commit interval 5 seconds
[    6.392000] EXT3-fs: mounted filesystem with ordered data mode.
[    7.355000] Synaptics Touchpad, model: 1, fw: 6.2, id: 0x1a0b1, caps: 0xa04713/0x200000
[    7.387000] input: SynPS/2 Synaptics TouchPad as /class/input/input3
[   16.603000] eth0: no link during initialization.
[   17.325000] ndiswrapper version 1.33 loaded (preempt=no,smp=yes)
[   17.406000] ndiswrapper: driver bcmwl5 (Broadcom,03/23/2006, 4.40.19.0) loaded
[   17.407000] ACPI: PCI Interrupt Link [LK2E] enabled at IRQ 19
[   17.407000] ACPI: PCI Interrupt 0000:01:00.0[A] -&gt; Link [LK2E] -&gt; GSI 19 (level, high) -&gt; IRQ 20
[   17.407000] PCI: Setting latency timer of device 0000:01:00.0 to 64
[   17.413000] ndiswrapper: using IRQ 20
[   18.103000] wlan0: ethernet device 00:14:a5:fd:91:3a using NDIS driver: bcmwl5, version: 0x4281300, NDIS version: 0x501, vendor: '', 14E4:4312.5.conf
[   18.103000] wlan0: encryption modes supported: WEP; TKIP with WPA, WPA2, WPA2PSK; AES/CCMP with WPA, WPA2, WPA2PSK
[   18.103000] usbcore: registered new interface driver ndiswrapper
[   18.108000] ndiswrapper: changing interface name from 'wlan0' to 'eth1'
[   18.172000] Adding 506036k swap on /dev/disk/by-uuid/54eb9453-65ab-4c4d-b89d-88493b86009e.  Priority:-1 extents:1 across:506036k
[   18.271000] EXT3 FS on sda3, internal journal
[   18.459000] NTFS volume version 3.1.
[   31.137000] Capability LSM initialized
[   59.472000] ndiswrapper: device eth1 removed
[   59.472000] ACPI: PCI interrupt for device 0000:01:00.0 disabled
[   59.472000] usbcore: deregistering interface driver ndiswrapper
[   68.204000] ieee80211_crypt: registered algorithm 'NULL'
[   68.208000] ieee80211: 802.11 data/management/control stack, git-1.1.13
[   68.208000] ieee80211: Copyright (C) 2004-2005 Intel Corporation &lt;<A HREF="https://lists.berlios.de/mailman/listinfo/bcm43xx-dev">jketreno at linux.intel.com</A>&gt;
[   68.234000] bcm43xx driver
[   68.235000] ACPI: PCI Interrupt 0000:01:00.0[A] -&gt; Link [LK2E] -&gt; GSI 19 (level, high) -&gt; IRQ 20
[   68.235000] PCI: Setting latency timer of device 0000:01:00.0 to 64
[   68.242000] bcm43xx: Chip ID 0x4311, rev 0x1
[   68.242000] bcm43xx: Number of cores: 4
[   68.242000] bcm43xx: Core 0: ID 0x800, rev 0x11, vendor 0x4243, enabled
[   68.242000] bcm43xx: Core 1: ID 0x812, rev 0xa, vendor 0x4243, disabled
[   68.242000] bcm43xx: Core 2: ID 0x817, rev 0x3, vendor 0x4243, disabled
[   68.242000] bcm43xx: Core 3: ID 0x820, rev 0x1, vendor 0x4243, enabled
[   68.244000] bcm43xx: PHY connected
[   68.244000] bcm43xx: Detected PHY: Version: 4, Type 2, Revision 8
[   68.245000] bcm43xx: Detected Radio: ID: 2205017f (Manuf: 17f Ver: 2050 Rev: 2)
[   68.245000] bcm43xx: Radio turned off
[   68.245000] bcm43xx: Radio turned off
[   68.314000] bcm43xx: PHY connected
[   68.427000] bcm43xx: Microcode rev 0x127, pl 0xe (2005-04-18  02:36:27)
[   68.435000] bcm43xx: Radio turned on
[   68.435000] bcm43xx: Radio enabled by hardware
[   68.620000] bcm43xx: Chip initialized
[   68.621000] bcm43xx: 32-bit DMA initialized
[   68.621000] bcm43xx: Keys cleared
[   68.621000] bcm43xx: Selected 802.11 core (phytype 2)
[   70.595000] bcm43xx: set security called, .level = 0, .enabled = 0, .encrypt = 0
[   71.627000] bcm43xx: set security called, .level = 0, .enabled = 0, .encrypt = 0
[   71.627000] bcm43xx: set security called, .level = 0, .enabled = 0, .encrypt = 0
[   71.627000] bcm43xx: set security called, .level = 0, .enabled = 0, .encrypt = 0
[   71.627000] bcm43xx: set security called, .level = 0, .enabled = 0, .encrypt = 0
[  130.867000] bcm43xx: Radio turned off
[  130.867000] bcm43xx: DMA-32 0x0200 (RX) max used slots: 1/64
[  130.867000] bcm43xx: DMA-32 0x02A0 (TX) max used slots: 0/512
[  130.867000] bcm43xx: DMA-32 0x0280 (TX) max used slots: 0/512
[  130.868000] bcm43xx: DMA-32 0x0260 (TX) max used slots: 0/512
[  130.868000] bcm43xx: DMA-32 0x0240 (TX) max used slots: 0/512
[  130.868000] bcm43xx: DMA-32 0x0220 (TX) max used slots: 3/512
[  130.869000] bcm43xx: DMA-32 0x0200 (TX) max used slots: 0/512
[  132.885000] bcm43xx: set security called, .level = 0, .enabled = 0, .encrypt = 0
[  133.019000] bcm43xx: Microcode rev 0x127, pl 0xe (2005-04-18  02:36:27)
[  133.027000] bcm43xx: Radio turned on
[  133.027000] bcm43xx: Radio enabled by hardware
[  133.214000] bcm43xx: Chip initialized
[  133.214000] bcm43xx: 32-bit DMA initialized
[  133.214000] bcm43xx: Keys cleared
[  133.214000] bcm43xx: Selected 802.11 core (phytype 2)
[  134.227000] bcm43xx: set security called, .level = 0, .enabled = 0, .encrypt = 0
[  134.227000] bcm43xx: set security called, .level = 0, .enabled = 0, .encrypt = 0
[  134.227000] bcm43xx: set security called, .level = 0, .enabled = 0, .encrypt = 0
[  134.227000] bcm43xx: set security called, .level = 0, .enabled = 0, .encrypt = 0
-------------- next part --------------
eth1      Scan completed :
          Cell 01 - Address: 00:12:17:B0:7D:8E
                    ESSID:&quot;Norman'sNetwork&quot;
                    Protocol:IEEE 802.11bg
                    Mode:Master
                    Channel:6
                    Encryption key:off
                    Bit Rates:1 Mb/s; 2 Mb/s; 5.5 Mb/s; 6 Mb/s; 9 Mb/s
                              11 Mb/s; 12 Mb/s; 18 Mb/s; 24 Mb/s; 36 Mb/s
                              48 Mb/s; 54 Mb/s
                    Quality=100/100  Signal level=-68 dBm  Noise level=-69 dBm
                    Extra: Last beacon: 70ms ago
          Cell 02 - Address: 00:11:50:A2:14:36
                    ESSID:&quot;Neonet&quot;
                    Protocol:IEEE 802.11bg
                    Mode:Master
                    Channel:3
                    Encryption key:on
                    Bit Rates:1 Mb/s; 2 Mb/s; 5.5 Mb/s; 6 Mb/s; 9 Mb/s
                              11 Mb/s; 12 Mb/s; 18 Mb/s; 24 Mb/s; 36 Mb/s
                              48 Mb/s; 54 Mb/s
                    Quality=100/100  Signal level=-58 dBm  Noise level=-69 dBm
                    IE: WPA Version 1
                        Group Cipher : TKIP 
                        Pairwise Ciphers (1) : TKIP 
                        Authentication Suites (1) : PSK  
                    Extra: Last beacon: 138ms ago
          Cell 03 - Address: 00:18:39:65:19:7C
                    ESSID:&quot;linksys&quot;
                    Protocol:IEEE 802.11bg
                    Mode:Master
                    Channel:6
                    Encryption key:off
                    Bit Rates:1 Mb/s; 2 Mb/s; 5.5 Mb/s; 6 Mb/s; 9 Mb/s
                              11 Mb/s; 12 Mb/s; 18 Mb/s; 24 Mb/s; 36 Mb/s
                              48 Mb/s; 54 Mb/s
                    Quality=100/100  Signal level=-74 dBm  Noise level=-69 dBm
                    Extra: Last beacon: 30ms ago
          Cell 04 - Address: 00:03:93:EA:91:C9
                    ESSID:&quot;dreamland&quot;
                    Protocol:IEEE 802.11g
                    Mode:Master
                    Channel:11
                    Encryption key:on
                    Bit Rates:1 Mb/s; 2 Mb/s; 5.5 Mb/s; 6 Mb/s; 9 Mb/s
                              11 Mb/s; 12 Mb/s; 18 Mb/s; 24 Mb/s; 36 Mb/s
                              48 Mb/s; 54 Mb/s
                    Quality=100/100  Signal level=-77 dBm  Noise level=-69 dBm
                    Extra: Last beacon: 2796ms ago
          Cell 05 - Address: 00:14:BF:2B:A1:EF
                    ESSID:&quot;linksys&quot;
                    Protocol:IEEE 802.11bg
                    Mode:Master
                    Channel:6
                    Encryption key:off
                    Bit Rates:1 Mb/s; 2 Mb/s; 5.5 Mb/s; 6 Mb/s; 9 Mb/s
                              11 Mb/s; 12 Mb/s; 18 Mb/s; 24 Mb/s; 36 Mb/s
                              48 Mb/s; 54 Mb/s
                    Quality=100/100  Signal level=-74 dBm  Noise level=-69 dBm
                    Extra: Last beacon: 61ms ago
          Cell 06 - Address: 00:18:39:E4:3B:45
                    ESSID:&quot;Elroy&quot;
                    Protocol:IEEE 802.11bg
                    Mode:Master
                    Channel:6
                    Encryption key:on
                    Bit Rates:1 Mb/s; 2 Mb/s; 5.5 Mb/s; 6 Mb/s; 9 Mb/s
                              11 Mb/s; 12 Mb/s; 18 Mb/s; 24 Mb/s; 36 Mb/s
                              48 Mb/s; 54 Mb/s
                    Quality=100/100  Signal level=-81 dBm  Noise level=-69 dBm
                    Extra: Last beacon: 254ms ago
          Cell 07 - Address: 00:0F:66:B2:0E:2E
                    ESSID:&quot;&lt;hidden&gt;&quot;
                    Protocol:IEEE 802.11bg
                    Mode:Master
                    Channel:6
                    Encryption key:on
                    Bit Rates:1 Mb/s; 2 Mb/s; 5.5 Mb/s; 6 Mb/s; 9 Mb/s
                              11 Mb/s; 12 Mb/s; 18 Mb/s; 24 Mb/s; 36 Mb/s
                              48 Mb/s; 54 Mb/s
                    Quality=100/100  Signal level=-84 dBm  Noise level=-69 dBm
                    Extra: Last beacon: 267ms ago
          Cell 08 - Address: 00:13:10:0E:DA:13
                    ESSID:&quot;scubear&quot;
                    Protocol:IEEE 802.11bg
                    Mode:Master
                    Channel:6
                    Encryption key:off
                    Bit Rates:1 Mb/s; 2 Mb/s; 5.5 Mb/s; 6 Mb/s; 9 Mb/s
                              11 Mb/s; 12 Mb/s; 18 Mb/s; 24 Mb/s; 36 Mb/s
                              48 Mb/s; 54 Mb/s
                    Quality=100/100  Signal level=-83 dBm  Noise level=-69 dBm
                    Extra: Last beacon: 1800ms ago
</PRE>

<!--endarticle-->
    <HR>
    <P><UL>
        <!--threads-->
	<LI>Previous message: <A HREF="000072.html">Testing report for new patches
</A></li>
	<LI>Next message: <A HREF="000080.html">Testing report for new patches
</A></li>
         <LI> <B>Messages sorted by:</B> 
              <a href="date.html#78">[ date ]</a>
              <a href="thread.html#78">[ thread ]</a>
              <a href="subject.html#78">[ subject ]</a>
              <a href="author.html#78">[ author ]</a>
         </LI>
       </UL>

<hr>
<a href="https://lists.berlios.de/mailman/listinfo/bcm43xx-dev">More information about the Bcm43xx-dev
mailing list</a><br>
</body></html>
