<!DOCTYPE HTML PUBLIC "-//W3C//DTD HTML 4.01 Transitional//EN">
<HTML>
 <HEAD>
   <TITLE> bcm43xx-fwcutter and Dell TrueMobile 1180
   </TITLE>
   <LINK REL="Index" HREF="http://lists.berlios.de/pipermail/bcm43xx-dev/2007-January/index.html" >
   <LINK REL="made" HREF="mailto:bcm43xx-dev%40lists.berlios.de?Subject=Re%3A%20bcm43xx-fwcutter%20and%20Dell%20TrueMobile%201180&In-Reply-To=%3Ccc2477a0701311302h65fdf950o170c37d8148bf056%40mail.gmail.com%3E">
   <META NAME="robots" CONTENT="index,nofollow">
   <style type="text/css">
       pre {
           white-space: pre-wrap;       /* css-2.1, curent FF, Opera, Safari */
           }
   </style>
   <META http-equiv="Content-Type" content="text/html; charset=us-ascii">
   <LINK REL="Previous"  HREF="000269.html">
   <LINK REL="Next"  HREF="000275.html">
 </HEAD>
 <BODY BGCOLOR="#ffffff">
   <H1>bcm43xx-fwcutter and Dell TrueMobile 1180</H1>
    <B>wy</B> 
    <A HREF="mailto:bcm43xx-dev%40lists.berlios.de?Subject=Re%3A%20bcm43xx-fwcutter%20and%20Dell%20TrueMobile%201180&In-Reply-To=%3Ccc2477a0701311302h65fdf950o170c37d8148bf056%40mail.gmail.com%3E"
       TITLE="bcm43xx-fwcutter and Dell TrueMobile 1180">wilyeo at gmail.com
       </A><BR>
    <I>Wed Jan 31 22:02:45 CET 2007</I>
    <P><UL>
        <LI>Previous message: <A HREF="000269.html">bcm43xx-fwcutter and Dell TrueMobile 1180
</A></li>
        <LI>Next message: <A HREF="000275.html">bcm43xx-fwcutter and Dell TrueMobile 1180
</A></li>
         <LI> <B>Messages sorted by:</B> 
              <a href="date.html#274">[ date ]</a>
              <a href="thread.html#274">[ thread ]</a>
              <a href="subject.html#274">[ subject ]</a>
              <a href="author.html#274">[ author ]</a>
         </LI>
       </UL>
    <HR>  
<!--beginarticle-->
<PRE>On 1/31/07, Larry Finger &lt;<A HREF="https://lists.berlios.de/mailman/listinfo/bcm43xx-dev">larry.finger at lwfinger.net</A>&gt; wrote:
&gt;<i>
</I>&gt;<i> Pavel Roskin wrote:
</I>&gt;<i> &gt; On Wed, 2007-01-31 at 10:00 -0600, Larry Finger wrote:
</I>&gt;<i> &gt;&gt; wy wrote:
</I>&gt;<i> &gt;&gt;&gt; Hi,
</I>&gt;<i> &gt;&gt;&gt;   I currently running on kernel 2.6.19-1.2895.fc6.  Let me know if
</I>&gt;<i> some
</I>&gt;<i> &gt;&gt;&gt; information is needed.
</I>&gt;<i> &gt;&gt; Your lspci -v output tells me that your device is a BCM4303, which is
</I>&gt;<i> an 802.11b interface. Your
</I>&gt;<i> &gt;&gt; kernel should be OK for that device. From the dmesg output, the bcm43xx
</I>&gt;<i> driver has not been loaded,
</I>&gt;<i> &gt;&gt; but there is no indication as to why.
</I>&gt;<i> &gt;
</I>&gt;<i> &gt; Larry, while you are talking about dmesg _output_, wy referred to dmesg
</I>&gt;<i> &gt; _content_, presumably the contents of /var/log/dmesg, which includes
</I>&gt;<i> &gt; only kernel messages at boot.
</I>&gt;<i> &gt;
</I>&gt;<i> &gt; wy, you need to run the &quot;dmesg&quot; command to get the kernel messages.  The
</I>&gt;<i> &gt; part you sent is actually the least useful part of the kernel log.  The
</I>&gt;<i> &gt; useful part is what happens after the driver is loaded.  Oh, and please
</I>&gt;<i> &gt; write in plain text without HTML, otherwise your logs double in side.
</I>&gt;<i> &gt;
</I>&gt;<i>
</I>&gt;<i> I was not aware that some distros make /var/log/'dmesg. I've only run
</I>&gt;<i> SuSE, which puts that stuff in
</I>&gt;<i> /var/log/boot.msg. Yes, I do want the output of the dmesg command. I'll be
</I>&gt;<i> more clear next time.
</I>&gt;<i>
</I>&gt;<i> Larry
</I>


Here is the out of the dmesg .


Linux version 2.6.19-1.2895.fc6 (<A HREF="https://lists.berlios.de/mailman/listinfo/bcm43xx-dev">brewbuilder at hs20-bc2-2.build.redhat.com</A>)
(gcc version 4.1.1 20070105 (Red Hat 4.1.1-51)) #1 SMP Wed Jan 10 19:28:18
EST 2007
BIOS-provided physical RAM map:
 BIOS-e820: 0000000000000000 - 000000000009fc00 (usable)
 BIOS-e820: 000000000009fc00 - 00000000000a0000 (reserved)
 BIOS-e820: 0000000000100000 - 000000001ffe2800 (usable)
 BIOS-e820: 000000001ffe2800 - 0000000020000000 (reserved)
 BIOS-e820: 00000000feda0000 - 00000000fee00000 (reserved)
 BIOS-e820: 00000000ffb80000 - 0000000100000000 (reserved)
0MB HIGHMEM available.
511MB LOWMEM available.
Using x86 segment limits to approximate NX protection
Entering add_active_range(0, 0, 131042) 0 entries of 256 used
Zone PFN ranges:
  DMA             0 -&gt;     4096
  Normal       4096 -&gt;   131042
  HighMem    131042 -&gt;   131042
early_node_map[1] active PFN ranges
    0:        0 -&gt;   131042
On node 0 totalpages: 131042
  DMA zone: 32 pages used for memmap
  DMA zone: 0 pages reserved
  DMA zone: 4064 pages, LIFO batch:0
  Normal zone: 991 pages used for memmap
  Normal zone: 125955 pages, LIFO batch:31
  HighMem zone: 0 pages used for memmap
DMI 2.3 present.
Using APIC driver default
ACPI: RSDP (v000 DELL                                  ) @ 0x000fde50
ACPI: RSDT (v001 DELL    CPi R   0x27d20817 ASL  0x00000061) @ 0x000fde64
ACPI: FADT (v001 DELL    CPi R   0x27d20817 ASL  0x00000061) @ 0x000fde90
ACPI: DSDT (v001 INT430 SYSFexxx 0x00001001 MSFT 0x0100000e) @ 0x00000000
ACPI: PM-Timer IO Port: 0x808
Allocating PCI resources starting at 30000000 (gap: 20000000:deda0000)
Detected 1196.157 MHz processor.
Built 1 zonelists.  Total pages: 130019
Kernel command line: ro root=LABEL=/ rhgb quiet
Local APIC disabled by BIOS -- you can enable it with &quot;lapic&quot;
mapped APIC to ffffd000 (01425000)
Enabling fast FPU save and restore... done.
Enabling unmasked SIMD FPU exception support... done.
Initializing CPU#0
CPU 0 irqstacks, hard=c0808000 soft=c07e8000
PID hash table entries: 2048 (order: 11, 8192 bytes)
Console: colour VGA+ 80x25
Dentry cache hash table entries: 65536 (order: 6, 262144 bytes)
Inode-cache hash table entries: 32768 (order: 5, 131072 bytes)
Memory: 512712k/524168k available (2210k kernel code, 10868k reserved, 1135k
data, 244k init, 0k highmem)
virtual kernel memory layout:
    fixmap  : 0xffc56000 - 0xfffff000   (3748 kB)
    pkmap   : 0xff800000 - 0xffc00000   (4096 kB)
    vmalloc : 0xe0800000 - 0xff7fe000   ( 495 MB)
    lowmem  : 0xc0000000 - 0xdffe2000   ( 511 MB)
      .init : 0xc07a6000 - 0xc07e3000   ( 244 kB)
      .data : 0xc0628bff - 0xc07448f4   (1135 kB)
      .text : 0xc0400000 - 0xc0628bff   (2210 kB)
Checking if this processor honours the WP bit even in supervisor mode... Ok.
Calibrating delay using timer specific routine.. 2394.37 BogoMIPS
(lpj=1197189)
Security Framework v1.0.0 initialized
SELinux:  Initializing.
SELinux:  Starting in permissive mode
selinux_register_security:  Registering secondary module capability
Capability LSM initialized as secondary
Mount-cache hash table entries: 512
CPU: After generic identify, caps: bfebf9ff 00000000 00000000 00000000
00000400 00000000 00000000
CPU: Trace cache: 12K uops, L1 D cache: 8K
CPU: L2 cache: 512K
CPU: Hyper-Threading is disabled
CPU: After all inits, caps: bfebf1ff 00000000 00000000 00000080 00000400
00000000 00000000
Intel machine check architecture supported.
Intel machine check reporting enabled on CPU#0.
CPU0: Intel P4/Xeon Extended MCE MSRs (12) available
CPU0: Thermal monitoring enabled
Checking 'hlt' instruction... OK.
SMP alternatives: switching to UP code
Freeing SMP alternatives: 12k freed
ACPI: Core revision 20060707
ACPI: setting ELCR to 0200 (from 0800)
CPU0: Intel Mobile Intel(R) Pentium(R) 4 - M CPU 1.70GHz stepping 07
SMP motherboard not detected.
Local APIC not detected. Using dummy APIC emulation.
Brought up 1 CPUs
sizeof(vma)=84 bytes
sizeof(page)=32 bytes
sizeof(inode)=424 bytes
sizeof(dentry)=144 bytes
sizeof(ext3inode)=600 bytes
sizeof(buffer_head)=56 bytes
sizeof(skbuff)=172 bytes
sizeof(task_struct)=1376 bytes
checking if image is initramfs... it is
Freeing initrd memory: 1490k freed
NET: Registered protocol family 16
ACPI: bus type pci registered
PCI: PCI BIOS revision 2.10 entry at 0xfbfee, last bus=2
PCI: Using configuration type 1
Setting up standard PCI resources
ACPI: Interpreter enabled
ACPI: Using PIC for interrupt routing
ACPI: PCI Root Bridge [PCI0] (0000:00)
PCI: Probing PCI hardware (bus 00)
ACPI: Assume root bridge [\_SB_.PCI0] bus is 0
PCI quirk: region 0800-087f claimed by ICH4 ACPI/GPIO/TCO
PCI quirk: region 0880-08bf claimed by ICH4 GPIO
PCI: Ignoring BAR0-3 of IDE controller 0000:00:1f.1
Boot video device is 0000:01:00.0
PCI: Transparent bridge - 0000:00:1e.0
ACPI: PCI Interrupt Routing Table [\_SB_.PCI0._PRT]
ACPI: PCI Interrupt Link [LNKA] (IRQs 9 10 *11)
ACPI: PCI Interrupt Link [LNKB] (IRQs 5 7) *11
ACPI: PCI Interrupt Link [LNKC] (IRQs 9 10 *11)
ACPI: PCI Interrupt Link [LNKD] (IRQs 5 7 9 10 *11)
ACPI: PCI Interrupt Routing Table [\_SB_.PCI0.AGP_._PRT]
ACPI: PCI Interrupt Routing Table [\_SB_.PCI0.PCIE._PRT]
ACPI: Power Resource [PADA] (on)
Linux Plug and Play Support v0.97 (c) Adam Belay
pnp: PnP ACPI init
pnp: PnP ACPI: found 18 devices
usbcore: registered new interface driver usbfs
usbcore: registered new interface driver hub
usbcore: registered new device driver usb
PCI: Using ACPI for IRQ routing
PCI: If a device doesn't work, try &quot;pci=routeirq&quot;.  If it helps, post a
report
NetLabel: Initializing
NetLabel:  domain hash size = 128
NetLabel:  protocols = UNLABELED CIPSOv4
NetLabel:  unlabeled traffic allowed by default
pnp: 00:02: ioport range 0x4d0-0x4d1 has been reserved
pnp: 00:02: ioport range 0x800-0x805 could not be reserved
pnp: 00:02: ioport range 0x808-0x80f could not be reserved
pnp: 00:03: ioport range 0x806-0x807 has been reserved
pnp: 00:03: ioport range 0x810-0x85f could not be reserved
pnp: 00:03: ioport range 0x860-0x87f has been reserved
pnp: 00:03: ioport range 0x880-0x8bf has been reserved
pnp: 00:03: ioport range 0x8c0-0x8df has been reserved
pnp: 00:03: ioport range 0x8e0-0x8ff has been reserved
pnp: 00:04: ioport range 0xf000-0xf0fe has been reserved
pnp: 00:04: ioport range 0xf100-0xf1fe has been reserved
pnp: 00:04: ioport range 0xf200-0xf2fe has been reserved
pnp: 00:04: ioport range 0xf400-0xf4fe has been reserved
pnp: 00:04: ioport range 0xf500-0xf5fe has been reserved
pnp: 00:04: ioport range 0xf600-0xf6fe has been reserved
pnp: 00:04: ioport range 0xf800-0xf8fe has been reserved
pnp: 00:04: ioport range 0xf900-0xf9fe has been reserved
pnp: 00:09: ioport range 0x900-0x91f has been reserved
pnp: 00:09: ioport range 0x3f0-0x3f1 has been reserved
pnp: 00:10: ioport range 0xbf40-0xbf5f has been reserved
pnp: 00:10: ioport range 0xbf20-0xbf3f has been reserved
PCI: Bridge: 0000:00:01.0
  IO window: c000-cfff
  MEM window: fc000000-fdffffff
  PREFETCH window: e0000000-e7ffffff
PCI: Bus 3, cardbus bridge: 0000:02:01.0
  IO window: 0000e000-0000e0ff
  IO window: 0000e400-0000e4ff
  PREFETCH window: 30000000-31ffffff
  MEM window: f4000000-f5ffffff
PCI: Bus 7, cardbus bridge: 0000:02:01.1
  IO window: 0000e800-0000e8ff
  IO window: 00001000-000010ff
  PREFETCH window: 32000000-33ffffff
  MEM window: f6000000-f7ffffff
PCI: Bridge: 0000:00:1e.0
  IO window: e000-ffff
  MEM window: f4000000-fbffffff
  PREFETCH window: 30000000-34ffffff
PCI: Setting latency timer of device 0000:00:1e.0 to 64
PCI: Enabling device 0000:02:01.0 (0000 -&gt; 0003)
ACPI: PCI Interrupt Link [LNKD] enabled at IRQ 11
PCI: setting IRQ 11 as level-triggered
ACPI: PCI Interrupt 0000:02:01.0[A] -&gt; Link [LNKD] -&gt; GSI 11 (level, low) -&gt;
IRQ 11
PCI: Enabling device 0000:02:01.1 (0000 -&gt; 0003)
ACPI: PCI Interrupt 0000:02:01.1[A] -&gt; Link [LNKD] -&gt; GSI 11 (level, low) -&gt;
IRQ 11
NET: Registered protocol family 2
IP route cache hash table entries: 4096 (order: 2, 16384 bytes)
TCP established hash table entries: 16384 (order: 6, 327680 bytes)
TCP bind hash table entries: 8192 (order: 5, 163840 bytes)
TCP: Hash tables configured (established 16384 bind 8192)
TCP reno registered
speedstep: frequency transition measured seems out of range (0 nSec),
falling back to a safe one of 500000 nSec.
apm: BIOS version 1.2 Flags 0x03 (Driver version 1.16ac)
apm: overridden by ACPI.
audit: initializing netlink socket (disabled)
audit(1170247476.363:1): initialized
Total HugeTLB memory allocated, 0
VFS: Disk quotas dquot_6.5.1
Dquot-cache hash table entries: 1024 (order 0, 4096 bytes)
SELinux:  Registering netfilter hooks
ksign: Installing public key data
Loading keyring
- Added public key A803A00FB8A89D68
- User ID: Red Hat, Inc. (Kernel Module GPG key)
io scheduler noop registered
io scheduler anticipatory registered
io scheduler deadline registered
io scheduler cfq registered (default)
pci_hotplug: PCI Hot Plug PCI Core version: 0.5
ACPI: CPU0 (power states: C1[C1] C2[C2])
ACPI: Processor [CPU0] (supports 8 throttling states)
ACPI: Thermal Zone [THM] (32 C)
isapnp: Scanning for PnP cards...
isapnp: No Plug &amp; Play device found
Real Time Clock Driver v1.12ac
Non-volatile memory driver v1.2
Linux agpgart interface v0.101 (c) Dave Jones
agpgart: Detected an Intel i845 Chipset.
agpgart: AGP aperture is 64M @ 0xe8000000
Serial: 8250/16550 driver $Revision: 1.90 $ 4 ports, IRQ sharing enabled
serial8250: ttyS0 at I/O 0x3f8 (irq = 4) is a 16550A
serial8250: ttyS1 at I/O 0x2f8 (irq = 3) is a 16550A
00:0d: ttyS0 at I/O 0x3f8 (irq = 4) is a 16550A
ACPI: PCI Interrupt Link [LNKB] enabled at IRQ 5
PCI: setting IRQ 5 as level-triggered
ACPI: PCI Interrupt 0000:00:1f.6[B] -&gt; Link [LNKB] -&gt; GSI 5 (level, low) -&gt;
IRQ 5
ACPI: PCI interrupt for device 0000:00:1f.6 disabled
RAMDISK driver initialized: 16 RAM disks of 16384K size 4096 blocksize
Uniform Multi-Platform E-IDE driver Revision: 7.00alpha2
ide: Assuming 33MHz system bus speed for PIO modes; override with idebus=xx
ICH3M: IDE controller at PCI slot 0000:00:1f.1
PCI: Enabling device 0000:00:1f.1 (0005 -&gt; 0007)
ACPI: PCI Interrupt Link [LNKA] enabled at IRQ 11
ACPI: PCI Interrupt 0000:00:1f.1[A] -&gt; Link [LNKA] -&gt; GSI 11 (level, low) -&gt;
IRQ 11
ICH3M: chipset revision 2
ICH3M: not 100% native mode: will probe irqs later
    ide0: BM-DMA at 0xbfa0-0xbfa7, BIOS settings: hda:DMA, hdb:pio
    ide1: BM-DMA at 0xbfa8-0xbfaf, BIOS settings: hdc:DMA, hdd:pio
Probing IDE interface ide0...
hda: HITACHI_DK23EA-30, ATA DISK drive
ide0 at 0x1f0-0x1f7,0x3f6 on irq 14
Probing IDE interface ide1...
hdc: HL-DT-STCD-RW/DVD-ROM GCC-4240N, ATAPI CD/DVD-ROM drive
ide1 at 0x170-0x177,0x376 on irq 15
hda: max request size: 128KiB
hda: 58605120 sectors (30005 MB) w/2048KiB Cache, CHS=58140/16/63, UDMA(100)
hda: cache flushes supported
 hda: hda1 hda2 hda3 hda4 &lt; hda5 hda6 &gt;
ide-floppy driver 0.99.newide
Yenta: CardBus bridge found at 0000:02:01.0 [1028:012b]
Yenta: Using CSCINT to route CSC interrupts to PCI
Yenta: Routing CardBus interrupts to PCI
Yenta TI: socket 0000:02:01.0, mfunc 0x01261222, devctl 0x64
Yenta: ISA IRQ mask 0x0498, PCI irq 11
Socket status: 30000006
pcmcia: parent PCI bridge I/O window: 0xe000 - 0xffff
cs: IO port probe 0xe000-0xffff: clean.
pcmcia: parent PCI bridge Memory window: 0xf4000000 - 0xfbffffff
pcmcia: parent PCI bridge Memory window: 0x30000000 - 0x34ffffff
Yenta: CardBus bridge found at 0000:02:01.1 [1028:012b]
Yenta: Using CSCINT to route CSC interrupts to PCI
Yenta: Routing CardBus interrupts to PCI
Yenta TI: socket 0000:02:01.1, mfunc 0x01261222, devctl 0x64
Yenta: ISA IRQ mask 0x0498, PCI irq 11
Socket status: 30000006
pcmcia: parent PCI bridge I/O window: 0xe000 - 0xffff
cs: IO port probe 0xe000-0xffff: clean.
pcmcia: parent PCI bridge Memory window: 0xf4000000 - 0xfbffffff
pcmcia: parent PCI bridge Memory window: 0x30000000 - 0x34ffffff
usbcore: registered new interface driver libusual
usbcore: registered new interface driver hiddev
usbcore: registered new interface driver usbhid
drivers/usb/input/hid-core.c: v2.6:USB HID core driver
PNP: PS/2 Controller [PNP0303:KBC,PNP0f13:PS2M] at 0x60,0x64 irq 1,12
serio: i8042 KBD port at 0x60,0x64 irq 1
serio: i8042 AUX port at 0x60,0x64 irq 12
mice: PS/2 mouse device common for all mice
TCP bic registered
Initializing XFRM netlink socket
NET: Registered protocol family 1
NET: Registered protocol family 17
Using IPI No-Shortcut mode
ACPI: (supports S0 S1 S3 S4 S5)
Time: tsc clocksource has been installed.
Freeing unused kernel memory: 244k freed
Write protecting the kernel read-only data: 416k
Time: acpi_pm clocksource has been installed.
input: AT Translated Set 2 keyboard as /class/input/input0
USB Universal Host Controller Interface driver v3.0
ACPI: PCI Interrupt 0000:00:1d.0[A] -&gt; Link [LNKA] -&gt; GSI 11 (level, low) -&gt;
IRQ 11
PCI: Setting latency timer of device 0000:00:1d.0 to 64
uhci_hcd 0000:00:1d.0: UHCI Host Controller
uhci_hcd 0000:00:1d.0: new USB bus registered, assigned bus number 1
uhci_hcd 0000:00:1d.0: irq 11, io base 0x0000bf80
usb usb1: configuration #1 chosen from 1 choice
hub 1-0:1.0: USB hub found
hub 1-0:1.0: 2 ports detected
ohci_hcd: 2006 August 04 USB 1.1 'Open' Host Controller (OHCI) Driver (PCI)
usb 1-1: new full speed USB device using uhci_hcd and address 2
SCSI subsystem initialized
libata version 2.00 loaded.
Synaptics Touchpad, model: 1, fw: 5.9, id: 0x9b4cb1, caps: 0x884793/0x0
serio: Synaptics pass-through port at isa0060/serio1/input0
usb 1-1: configuration #1 chosen from 1 choice
input: SynPS/2 Synaptics TouchPad as /class/input/input1
libusual: request for usb-storage succeeded, but module is not present
kjournald starting.  Commit interval 5 seconds
EXT3-fs: mounted filesystem with ordered data mode.
input: PS/2 Generic Mouse as /class/input/input2
audit(1170247485.560:2): enforcing=1 old_enforcing=0 auid=4294967295
security:  3 users, 6 roles, 1586 types, 172 bools, 1 sens, 1024 cats
security:  59 classes, 49636 rules
SELinux:  Completing initialization.
SELinux:  Setting up existing superblocks.
SELinux: initialized (dev hda3, type ext3), uses xattr
SELinux: initialized (dev usbfs, type usbfs), uses genfs_contexts
SELinux: initialized (dev tmpfs, type tmpfs), uses transition SIDs
SELinux: initialized (dev debugfs, type debugfs), uses genfs_contexts
SELinux: initialized (dev selinuxfs, type selinuxfs), uses genfs_contexts
SELinux: initialized (dev mqueue, type mqueue), uses transition SIDs
SELinux: initialized (dev hugetlbfs, type hugetlbfs), uses genfs_contexts
SELinux: initialized (dev devpts, type devpts), uses transition SIDs
SELinux: initialized (dev eventpollfs, type eventpollfs), uses task SIDs
SELinux: initialized (dev inotifyfs, type inotifyfs), uses genfs_contexts
SELinux: initialized (dev tmpfs, type tmpfs), uses transition SIDs
SELinux: initialized (dev futexfs, type futexfs), uses genfs_contexts
SELinux: initialized (dev pipefs, type pipefs), uses task SIDs
SELinux: initialized (dev sockfs, type sockfs), uses task SIDs
SELinux: initialized (dev cpuset, type cpuset), not configured for labeling
SELinux: initialized (dev proc, type proc), uses genfs_contexts
SELinux: initialized (dev bdev, type bdev), uses genfs_contexts
SELinux: initialized (dev rootfs, type rootfs), uses genfs_contexts
SELinux: initialized (dev sysfs, type sysfs), uses genfs_contexts
audit(1170247485.925:3): policy loaded auid=4294967295
Initializing USB Mass Storage driver...
scsi0 : SCSI emulation for USB Mass Storage devices
usbcore: registered new interface driver usb-storage
USB Mass Storage support registered.
usb-storage: device found at 2
usb-storage: waiting for device to settle before scanning
hdc: ATAPI 24X DVD-ROM CD-R/RW drive, 2048kB Cache, UDMA(33)
Uniform CD-ROM driver Revision: 3.20
NET: Registered protocol family 23
found SMC SuperIO Chip (devid=0x0e rev=01 base=0x002e): LPC47N252
smsc_ircc_present: can't get sir_base of 0x2f8
parport: PnPBIOS parport detected.
parport0: PC-style at 0x378 (0x778), irq 7 [PCSPP,TRISTATE]
iTCO_wdt: Intel TCO WatchDog Timer Driver v1.00 (08-Oct-2006)
iTCO_wdt: Found a ICH3-M TCO device (Version=1, TCOBASE=0x0860)
iTCO_wdt: initialized. heartbeat=30 sec (nowayout=0)
input: PC Speaker as /class/input/input3
ieee80211_crypt: registered algorithm 'NULL'
intel_rng: FWH not detected
ACPI: PCI Interrupt Link [LNKC] enabled at IRQ 11
ACPI: PCI Interrupt 0000:02:00.0[A] -&gt; Link [LNKC] -&gt; GSI 11 (level, low) -&gt;
IRQ 11
3c59x: Donald Becker and others. www.scyld.com/network/vortex.html
0000:02:00.0: 3Com PCI 3c905C Tornado at e0852c00.
ieee80211: 802.11 data/management/control stack, git-1.1.13
ieee80211: Copyright (C) 2004-2005 Intel Corporation &lt;
<A HREF="https://lists.berlios.de/mailman/listinfo/bcm43xx-dev">jketreno at linux.intel.com</A>&gt;
Floppy drive(s): fd0 is 1.44M
FDC 0 is a post-1991 82077
cs: IO port probe 0x100-0x3af: excluding 0x280-0x287
cs: IO port probe 0x3e0-0x4ff: clean.
cs: IO port probe 0x820-0x8ff: clean.
cs: IO port probe 0xc00-0xcf7: clean.
cs: IO port probe 0xa00-0xaff: clean.
cs: IO port probe 0x100-0x3af: excluding 0x280-0x287
cs: IO port probe 0x3e0-0x4ff: clean.
cs: IO port probe 0x820-0x8ff: clean.
cs: IO port probe 0xc00-0xcf7: clean.
cs: IO port probe 0xa00-0xaff: clean.
ACPI: PCI Interrupt 0000:00:1f.5[B] -&gt; Link [LNKB] -&gt; GSI 5 (level, low) -&gt;
IRQ 5
PCI: Setting latency timer of device 0000:00:1f.5 to 64
scsi 0:0:0:0: Direct-Access     Flash    Drive UT_USB20   0.00 PQ: 0 ANSI: 2
SCSI device sda: 1008000 512-byte hdwr sectors (516 MB)
sda: Write Protect is off
sda: Mode Sense: 00 00 00 00
sda: assuming drive cache: write through
SCSI device sda: 1008000 512-byte hdwr sectors (516 MB)
sda: Write Protect is off
sda: Mode Sense: 00 00 00 00
sda: assuming drive cache: write through
 sda: sda1
sd 0:0:0:0: Attached scsi removable disk sda
usb-storage: device scan complete
intel8x0_measure_ac97_clock: measured 50335 usecs
intel8x0: clocking to 48000
ACPI: PCI Interrupt 0000:00:1f.6[B] -&gt; Link [LNKB] -&gt; GSI 5 (level, low) -&gt;
IRQ 5
PCI: Setting latency timer of device 0000:00:1f.6 to 64
MC'97 1 converters and GPIO not ready (0xff00)
sd 0:0:0:0: Attached scsi generic sg0 type 0
lp0: using parport0 (interrupt-driven).
lp0: console ready
sonypi: Sony Programmable I/O Controller Driver v1.26.
SELinux: initialized (dev ramfs, type ramfs), uses genfs_contexts
NET: Registered protocol family 10
lo: Disabled Privacy Extensions
Mobile IPv6
[drm] Initialized drm 1.0.1 20051102
ACPI: PCI Interrupt 0000:01:00.0[A] -&gt; Link [LNKA] -&gt; GSI 11 (level, low) -&gt;
IRQ 11
[drm] Initialized radeon 1.25.0 20060524 on minor 0
ACPI: AC Adapter [AC] (off-line)
ACPI: Battery Slot [BAT0] (battery present)
ACPI: Battery Slot [BAT1] (battery absent)
ACPI: Lid Switch [LID]
ACPI: Power Button (CM) [PBTN]
ACPI: Sleep Button (CM) [SBTN]
ACPI: ACPI Dock Station Driver
ibm_acpi: ec object not found
ACPI: Video Device [VID] (multi-head: yes  rom: no  post: no)
md: Autodetecting RAID arrays.
md: autorun ...
md: ... autorun DONE.
device-mapper: ioctl: 4.10.0-ioctl (2006-09-14) initialised:
<A HREF="https://lists.berlios.de/mailman/listinfo/bcm43xx-dev">dm-devel at redhat.com</A>
device-mapper: multipath: version 1.0.5 loaded
EXT3 FS on hda3, internal journal
kjournald starting.  Commit interval 5 seconds
EXT3 FS on hda2, internal journal
EXT3-fs: mounted filesystem with ordered data mode.
SELinux: initialized (dev hda2, type ext3), uses xattr
SELinux: initialized (dev tmpfs, type tmpfs), uses transition SIDs
kjournald starting.  Commit interval 5 seconds
EXT3 FS on hda6, internal journal
EXT3-fs: mounted filesystem with ordered data mode.
SELinux: initialized (dev hda6, type ext3), uses xattr
Adding 1052216k swap on /dev/hda5.  Priority:-1 extents:1 across:1052216k
SELinux: initialized (dev binfmt_misc, type binfmt_misc), uses
genfs_contexts
ip6_tables: (C) 2000-2006 Netfilter Core Team
ip_tables: (C) 2000-2006 Netfilter Core Team
Netfilter messages via NETLINK v0.30.
ip_conntrack version 2.4 (4095 buckets, 32760 max) - 232 bytes per conntrack
process `sysctl' is using deprecated sysctl (syscall)
net.ipv6.neigh.lo.base_reachable_time; Use
net.ipv6.neigh.lo.base_reachable_time_ms instead.
eth0:  setting half-duplex.
ADDRCONF(NETDEV_UP): eth0: link is not ready
SELinux: initialized (dev rpc_pipefs, type rpc_pipefs), uses genfs_contexts
Bluetooth: Core ver 2.11
NET: Registered protocol family 31
Bluetooth: HCI device and connection manager initialized
Bluetooth: HCI socket layer initialized
Bluetooth: L2CAP ver 2.8
Bluetooth: L2CAP socket layer initialized
Bluetooth: RFCOMM socket layer initialized
Bluetooth: RFCOMM TTY layer initialized
Bluetooth: RFCOMM ver 1.8
Bluetooth: HIDP (Human Interface Emulation) ver 1.1
SELinux: initialized (dev autofs, type autofs), uses genfs_contexts
SELinux: initialized (dev autofs, type autofs), uses genfs_contexts
SELinux: initialized (dev autofs, type autofs), uses genfs_contexts
mtrr: 0xe0000000,0x8000000 overlaps existing 0xe0000000,0x1000000
mtrr: 0xe0000000,0x8000000 overlaps existing 0xe0000000,0x1000000
mtrr: 0xe0000000,0x8000000 overlaps existing 0xe0000000,0x1000000
agpgart: Found an AGP 2.0 compliant device at 0000:00:00.0.
agpgart: Putting AGP V2 device at 0000:00:00.0 into 1x mode
agpgart: Putting AGP V2 device at 0000:01:00.0 into 1x mode
[drm] Setting GART location based on new memory map
[drm] writeback test succeeded in 2 usecs
-------------- next part --------------
An HTML attachment was scrubbed...
URL: &lt;<A HREF="https://lists.berlios.de/pipermail/bcm43xx-dev/attachments/20070131/088dbad8/attachment.html">https://lists.berlios.de/pipermail/bcm43xx-dev/attachments/20070131/088dbad8/attachment.html</A>&gt;
</PRE>

<!--endarticle-->
    <HR>
    <P><UL>
        <!--threads-->
	<LI>Previous message: <A HREF="000269.html">bcm43xx-fwcutter and Dell TrueMobile 1180
</A></li>
	<LI>Next message: <A HREF="000275.html">bcm43xx-fwcutter and Dell TrueMobile 1180
</A></li>
         <LI> <B>Messages sorted by:</B> 
              <a href="date.html#274">[ date ]</a>
              <a href="thread.html#274">[ thread ]</a>
              <a href="subject.html#274">[ subject ]</a>
              <a href="author.html#274">[ author ]</a>
         </LI>
       </UL>

<hr>
<a href="https://lists.berlios.de/mailman/listinfo/bcm43xx-dev">More information about the Bcm43xx-dev
mailing list</a><br>
</body></html>
