<!DOCTYPE HTML PUBLIC "-//W3C//DTD HTML 4.01 Transitional//EN">
<HTML>
 <HEAD>
   <TITLE> Assertion failed in parse_cookie() (d80211 tree)
   </TITLE>
   <LINK REL="Index" HREF="http://lists.berlios.de/pipermail/bcm43xx-dev/2007-February/index.html" >
   <LINK REL="made" HREF="mailto:bcm43xx-dev%40lists.berlios.de?Subject=Re%3A%20Assertion%20failed%20in%20parse_cookie%28%29%20%28d80211%20tree%29&In-Reply-To=%3C20070210172518.GA24647%40srcf.ucam.org%3E">
   <META NAME="robots" CONTENT="index,nofollow">
   <style type="text/css">
       pre {
           white-space: pre-wrap;       /* css-2.1, curent FF, Opera, Safari */
           }
   </style>
   <META http-equiv="Content-Type" content="text/html; charset=us-ascii">
   <LINK REL="Previous"  HREF="000452.html">
   <LINK REL="Next"  HREF="000456.html">
 </HEAD>
 <BODY BGCOLOR="#ffffff">
   <H1>Assertion failed in parse_cookie() (d80211 tree)</H1>
    <B>Matthew Garrett</B> 
    <A HREF="mailto:bcm43xx-dev%40lists.berlios.de?Subject=Re%3A%20Assertion%20failed%20in%20parse_cookie%28%29%20%28d80211%20tree%29&In-Reply-To=%3C20070210172518.GA24647%40srcf.ucam.org%3E"
       TITLE="Assertion failed in parse_cookie() (d80211 tree)">mjg59 at srcf.ucam.org
       </A><BR>
    <I>Sat Feb 10 18:25:19 CET 2007</I>
    <P><UL>
        <LI>Previous message: <A HREF="000452.html">Assertion failed in parse_cookie() (d80211 tree)
</A></li>
        <LI>Next message: <A HREF="000456.html">The new SSB subsystem for bcm43xx (and others)
</A></li>
         <LI> <B>Messages sorted by:</B> 
              <a href="date.html#454">[ date ]</a>
              <a href="thread.html#454">[ thread ]</a>
              <a href="subject.html#454">[ subject ]</a>
              <a href="author.html#454">[ author ]</a>
         </LI>
       </UL>
    <HR>  
<!--beginarticle-->
<PRE>On Sat, Feb 10, 2007 at 06:00:59PM +0100, Michael Buesch wrote:

&gt;<i> Strange. THat shouldn't happen.
</I>&gt;<i> Can you post complete dmesg?
</I>
Attached.

-- 
Matthew Garrett | <A HREF="https://lists.berlios.de/mailman/listinfo/bcm43xx-dev">mjg59 at srcf.ucam.org</A>
-------------- next part --------------
Feb 10 16:06:02 vaio kernel: [    0.000000] Linux version 2.6.20-7-generic (<A HREF="https://lists.berlios.de/mailman/listinfo/bcm43xx-dev">root at drosophila</A>) (gcc version 4.1.2 20070106 (prerelease) (Ubuntu 4.1.1-21ubuntu7)) #3 SMP Sat Feb 10 14:26:43 UTC 2007 (Ubuntu Unofficial)
Feb 10 16:06:02 vaio kernel: [    0.000000] BIOS-provided physical RAM map:
Feb 10 16:06:02 vaio kernel: [    0.000000] sanitize start
Feb 10 16:06:02 vaio kernel: [    0.000000] sanitize end
Feb 10 16:06:02 vaio kernel: [    0.000000] copy_e820_map() start: 0000000000000000 size: 000000000009f800 end: 000000000009f800 type: 1
Feb 10 16:06:02 vaio kernel: [    0.000000] copy_e820_map() type is E820_RAM
Feb 10 16:06:02 vaio kernel: [    0.000000] copy_e820_map() start: 000000000009f800 size: 0000000000000800 end: 00000000000a0000 type: 2
Feb 10 16:06:02 vaio kernel: [    0.000000] copy_e820_map() start: 00000000000dc000 size: 0000000000024000 end: 0000000000100000 type: 2
Feb 10 16:06:02 vaio kernel: [    0.000000] copy_e820_map() start: 0000000000100000 size: 000000001f580000 end: 000000001f680000 type: 1
Feb 10 16:06:02 vaio kernel: [    0.000000] copy_e820_map() type is E820_RAM
Feb 10 16:06:02 vaio kernel: [    0.000000] copy_e820_map() start: 000000001f680000 size: 0000000000013000 end: 000000001f693000 type: 3
Feb 10 16:06:02 vaio kernel: [    0.000000] copy_e820_map() start: 000000001f693000 size: 000000000006d000 end: 000000001f700000 type: 4
Feb 10 16:06:02 vaio kernel: [    0.000000] copy_e820_map() start: 000000001f700000 size: 0000000000900000 end: 0000000020000000 type: 2
Feb 10 16:06:02 vaio kernel: [    0.000000] copy_e820_map() start: 00000000e0000000 size: 0000000010000000 end: 00000000f0000000 type: 2
Feb 10 16:06:02 vaio kernel: [    0.000000] copy_e820_map() start: 00000000fec00000 size: 0000000000010000 end: 00000000fec10000 type: 2
Feb 10 16:06:02 vaio kernel: [    0.000000] copy_e820_map() start: 00000000fed14000 size: 0000000000006000 end: 00000000fed1a000 type: 2
Feb 10 16:06:02 vaio kernel: [    0.000000] copy_e820_map() start: 00000000fed1c000 size: 0000000000074000 end: 00000000fed90000 type: 2
Feb 10 16:06:02 vaio kernel: [    0.000000] copy_e820_map() start: 00000000fee00000 size: 0000000000001000 end: 00000000fee01000 type: 2
Feb 10 16:06:02 vaio kernel: [    0.000000] copy_e820_map() start: 00000000ff000000 size: 0000000001000000 end: 0000000100000000 type: 2
Feb 10 16:06:02 vaio kernel: [    0.000000]  BIOS-e820: 0000000000000000 - 000000000009f800 (usable)
Feb 10 16:06:02 vaio kernel: [    0.000000]  BIOS-e820: 000000000009f800 - 00000000000a0000 (reserved)
Feb 10 16:06:02 vaio kernel: [    0.000000]  BIOS-e820: 00000000000dc000 - 0000000000100000 (reserved)
Feb 10 16:06:02 vaio kernel: [    0.000000]  BIOS-e820: 0000000000100000 - 000000001f680000 (usable)
Feb 10 16:06:02 vaio kernel: [    0.000000]  BIOS-e820: 000000001f680000 - 000000001f693000 (ACPI data)
Feb 10 16:06:02 vaio kernel: [    0.000000]  BIOS-e820: 000000001f693000 - 000000001f700000 (ACPI NVS)
Feb 10 16:06:02 vaio kernel: [    0.000000]  BIOS-e820: 000000001f700000 - 0000000020000000 (reserved)
Feb 10 16:06:02 vaio kernel: [    0.000000]  BIOS-e820: 00000000e0000000 - 00000000f0000000 (reserved)
Feb 10 16:06:02 vaio kernel: [    0.000000]  BIOS-e820: 00000000fec00000 - 00000000fec10000 (reserved)
Feb 10 16:06:02 vaio kernel: [    0.000000]  BIOS-e820: 00000000fed14000 - 00000000fed1a000 (reserved)
Feb 10 16:06:02 vaio kernel: [    0.000000]  BIOS-e820: 00000000fed1c000 - 00000000fed90000 (reserved)
Feb 10 16:06:02 vaio kernel: [    0.000000]  BIOS-e820: 00000000fee00000 - 00000000fee01000 (reserved)
Feb 10 16:06:02 vaio kernel: [    0.000000]  BIOS-e820: 00000000ff000000 - 0000000100000000 (reserved)
Feb 10 16:06:02 vaio kernel: [    0.000000] 0MB HIGHMEM available.
Feb 10 16:06:02 vaio kernel: [    0.000000] 502MB LOWMEM available.
Feb 10 16:06:02 vaio kernel: [    0.000000] found SMP MP-table at 000f6490
Feb 10 16:06:02 vaio kernel: [    0.000000] Entering add_active_range(0, 0, 128640) 0 entries of 256 used
Feb 10 16:06:02 vaio kernel: [    0.000000] Zone PFN ranges:
Feb 10 16:06:02 vaio kernel: [    0.000000]   DMA             0 -&gt;     4096
Feb 10 16:06:02 vaio kernel: [    0.000000]   Normal       4096 -&gt;   128640
Feb 10 16:06:02 vaio kernel: [    0.000000]   HighMem    128640 -&gt;   128640
Feb 10 16:06:02 vaio kernel: [    0.000000] early_node_map[1] active PFN ranges
Feb 10 16:06:02 vaio kernel: [    0.000000]     0:        0 -&gt;   128640
Feb 10 16:06:02 vaio kernel: [    0.000000] On node 0 totalpages: 128640
Feb 10 16:06:02 vaio kernel: [    0.000000]   DMA zone: 32 pages used for memmap
Feb 10 16:06:02 vaio kernel: [    0.000000]   DMA zone: 0 pages reserved
Feb 10 16:06:02 vaio kernel: [    0.000000]   DMA zone: 4064 pages, LIFO batch:0
Feb 10 16:06:02 vaio kernel: [    0.000000]   Normal zone: 973 pages used for memmap
Feb 10 16:06:02 vaio kernel: [    0.000000]   Normal zone: 123571 pages, LIFO batch:31
Feb 10 16:06:02 vaio kernel: [    0.000000]   HighMem zone: 0 pages used for memmap
Feb 10 16:06:02 vaio kernel: [    0.000000] DMI present.
Feb 10 16:06:02 vaio kernel: [    0.000000] ACPI: RSDP (v000 PTLTD                                 ) @ 0x000f63c0
Feb 10 16:06:02 vaio kernel: [    0.000000] ACPI: RSDT (v001   Sony       N0 0x20060224 PTL  0x00000000) @ 0x1f68b529
Feb 10 16:06:02 vaio kernel: [    0.000000] ACPI: FADT (v002   Sony       N0 0x20060224 PTL  0x0000005a) @ 0x1f692dde
Feb 10 16:06:02 vaio kernel: [    0.000000] ACPI: MADT (v001   Sony       N0 0x20060224 PTL  0x0000005a) @ 0x1f692e62
Feb 10 16:06:02 vaio kernel: [    0.000000] ACPI: BOOT (v001   Sony       N0 0x20060224 PTL  0x00000001) @ 0x1f692fd8
Feb 10 16:06:02 vaio kernel: [    0.000000] ACPI: MCFG (v001   Sony       N0 0x20060224 PTL  0x0000005a) @ 0x1f692f02
Feb 10 16:06:02 vaio kernel: [    0.000000] ACPI: MADT (v001   Sony       N0 0x20060224 PTL  0x00000000) @ 0x1f692f70
Feb 10 16:06:02 vaio kernel: [    0.000000] ACPI: SSDT (v001   Sony       N0 0x20060224 PTL  0x20050624) @ 0x1f68c6fb
Feb 10 16:06:02 vaio kernel: [    0.000000] ACPI: SSDT (v001   Sony       N0 0x20060224 PTL  0x20050624) @ 0x1f68bf30
Feb 10 16:06:02 vaio kernel: [    0.000000] ACPI: SSDT (v001   Sony       N0 0x20060224 PTL  0x20050624) @ 0x1f68b56d
Feb 10 16:06:02 vaio kernel: [    0.000000] ACPI: DSDT (v001   Sony       N0 0x20060224 PTL  0x0100000e) @ 0x00000000
Feb 10 16:06:02 vaio kernel: [    0.000000] ACPI: PM-Timer IO Port: 0x1008
Feb 10 16:06:02 vaio kernel: [    0.000000] ACPI: Local APIC address 0xfee00000
Feb 10 16:06:02 vaio kernel: [    0.000000] ACPI: 2 duplicate APIC table ignored.
Feb 10 16:06:02 vaio kernel: [    0.000000] ACPI: LAPIC (acpi_id[0x00] lapic_id[0x00] enabled)
Feb 10 16:06:02 vaio kernel: [    0.000000] Processor #0 6:14 APIC version 20
Feb 10 16:06:02 vaio kernel: [    0.000000] ACPI: LAPIC (acpi_id[0x01] lapic_id[0x01] enabled)
Feb 10 16:06:02 vaio kernel: [    0.000000] Processor #1 6:14 APIC version 20
Feb 10 16:06:02 vaio kernel: [    0.000000] ACPI: LAPIC_NMI (acpi_id[0x00] high edge lint[0x1])
Feb 10 16:06:02 vaio kernel: [    0.000000] ACPI: LAPIC_NMI (acpi_id[0x01] high edge lint[0x1])
Feb 10 16:06:02 vaio kernel: [    0.000000] ACPI: IOAPIC (id[0x01] address[0xfec00000] gsi_base[0])
Feb 10 16:06:02 vaio kernel: [    0.000000] IOAPIC[0]: apic_id 1, version 32, address 0xfec00000, GSI 0-23
Feb 10 16:06:02 vaio kernel: [    0.000000] ACPI: INT_SRC_OVR (bus 0 bus_irq 0 global_irq 2 dfl dfl)
Feb 10 16:06:02 vaio kernel: [    0.000000] ACPI: INT_SRC_OVR (bus 0 bus_irq 9 global_irq 9 high level)
Feb 10 16:06:02 vaio kernel: [    0.000000] ACPI: IRQ0 used by override.
Feb 10 16:06:02 vaio kernel: [    0.000000] ACPI: IRQ2 used by override.
Feb 10 16:06:02 vaio kernel: [    0.000000] ACPI: IRQ9 used by override.
Feb 10 16:06:02 vaio kernel: [    0.000000] Enabling APIC mode:  Flat.  Using 1 I/O APICs
Feb 10 16:06:02 vaio kernel: [    0.000000] Using ACPI (MADT) for SMP configuration information
Feb 10 16:06:02 vaio kernel: [    0.000000] Allocating PCI resources starting at 30000000 (gap: 20000000:c0000000)
Feb 10 16:06:02 vaio kernel: [    0.000000] Detected 1666.925 MHz processor.
Feb 10 16:06:02 vaio kernel: [   16.087685] Built 1 zonelists.  Total pages: 127635
Feb 10 16:06:02 vaio kernel: [   16.087689] Kernel command line: root=UUID=6c320b9a-5afb-4364-8cf2-5529a338355d ro quiet splash
Feb 10 16:06:02 vaio kernel: [   16.087851] mapped APIC to ffffd000 (fee00000)
Feb 10 16:06:02 vaio kernel: [   16.087853] mapped IOAPIC to ffffc000 (fec00000)
Feb 10 16:06:02 vaio kernel: [   16.087856] Enabling fast FPU save and restore... done.
Feb 10 16:06:02 vaio kernel: [   16.087859] Enabling unmasked SIMD FPU exception support... done.
Feb 10 16:06:02 vaio kernel: [   16.087867] Initializing CPU#0
Feb 10 16:06:02 vaio kernel: [   16.087940] PID hash table entries: 2048 (order: 11, 8192 bytes)
Feb 10 16:06:02 vaio kernel: [   16.089633] Console: colour VGA+ 80x25
Feb 10 16:06:02 vaio kernel: [   16.089786] Dentry cache hash table entries: 65536 (order: 6, 262144 bytes)
Feb 10 16:06:02 vaio kernel: [   16.089972] Inode-cache hash table entries: 32768 (order: 5, 131072 bytes)
Feb 10 16:06:02 vaio kernel: [   16.100891] Memory: 466268k/514560k available (1979k kernel code, 47652k reserved, 882k data, 324k init, 0k highmem)
Feb 10 16:06:02 vaio kernel: [   16.100901] virtual kernel memory layout:
Feb 10 16:06:02 vaio kernel: [   16.100902]     fixmap  : 0xfff4e000 - 0xfffff000   ( 708 kB)
Feb 10 16:06:02 vaio kernel: [   16.100904]     pkmap   : 0xff800000 - 0xffc00000   (4096 kB)
Feb 10 16:06:02 vaio kernel: [   16.100905]     vmalloc : 0xe0000000 - 0xff7fe000   ( 503 MB)
Feb 10 16:06:02 vaio kernel: [   16.100906]     lowmem  : 0xc0000000 - 0xdf680000   ( 502 MB)
Feb 10 16:06:02 vaio kernel: [   16.100908]       .init : 0xc03d1000 - 0xc0422000   ( 324 kB)
Feb 10 16:06:02 vaio kernel: [   16.100909]       .data : 0xc02eec04 - 0xc03cb6d4   ( 882 kB)
Feb 10 16:06:02 vaio kernel: [   16.100910]       .text : 0xc0100000 - 0xc02eec04   (1979 kB)
Feb 10 16:06:02 vaio kernel: [   16.100914] Checking if this processor honours the WP bit even in supervisor mode... Ok.
Feb 10 16:06:02 vaio kernel: [   16.179901] Calibrating delay using timer specific routine.. 3337.64 BogoMIPS (lpj=6675288)
Feb 10 16:06:02 vaio kernel: [   16.179939] Security Framework v1.0.0 initialized
Feb 10 16:06:02 vaio kernel: [   16.179946] SELinux:  Disabled at boot.
Feb 10 16:06:02 vaio kernel: [   16.179963] Mount-cache hash table entries: 512
Feb 10 16:06:02 vaio kernel: [   16.180086] CPU: After generic identify, caps: bfe9fbff 00100000 00000000 00000000 0000c1a9 00000000 00000000
Feb 10 16:06:02 vaio kernel: [   16.180094] monitor/mwait feature present.
Feb 10 16:06:02 vaio kernel: [   16.180096] using mwait in idle threads.
Feb 10 16:06:02 vaio kernel: [   16.180100] CPU: L1 I cache: 32K, L1 D cache: 32K
Feb 10 16:06:02 vaio kernel: [   16.180103] CPU: L2 cache: 2048K
Feb 10 16:06:02 vaio kernel: [   16.180106] CPU: Physical Processor ID: 0
Feb 10 16:06:02 vaio kernel: [   16.180108] CPU: Processor Core ID: 0
Feb 10 16:06:02 vaio kernel: [   16.180110] CPU: After all inits, caps: bfe9fbff 00100000 00000000 00002940 0000c1a9 00000000 00000000
Feb 10 16:06:02 vaio kernel: [   16.180128] Checking 'hlt' instruction... OK.
Feb 10 16:06:02 vaio kernel: [   16.195992] SMP alternatives: switching to UP code
Feb 10 16:06:02 vaio kernel: [   16.196237] ACPI: Core revision 20060707
Feb 10 16:06:02 vaio kernel: [   16.234900] CPU0: Intel Genuine Intel(R) CPU           T2300  @ 1.66GHz stepping 08
Feb 10 16:06:02 vaio kernel: [   16.234920] SMP alternatives: switching to SMP code
Feb 10 16:06:02 vaio kernel: [   16.234947] Booting processor 1/1 eip 3000
Feb 10 16:06:02 vaio kernel: [   16.245359] Initializing CPU#1
Feb 10 16:06:02 vaio kernel: [   16.323823] Calibrating delay using timer specific routine.. 3333.82 BogoMIPS (lpj=6667659)
Feb 10 16:06:02 vaio kernel: [   16.323831] CPU: After generic identify, caps: bfe9fbff 00100000 00000000 00000000 0000c1a9 00000000 00000000
Feb 10 16:06:02 vaio kernel: [   16.323836] monitor/mwait feature present.
Feb 10 16:06:02 vaio kernel: [   16.323840] CPU: L1 I cache: 32K, L1 D cache: 32K
Feb 10 16:06:02 vaio kernel: [   16.323842] CPU: L2 cache: 2048K
Feb 10 16:06:02 vaio kernel: [   16.323844] CPU: Physical Processor ID: 0
Feb 10 16:06:02 vaio kernel: [   16.323846] CPU: Processor Core ID: 1
Feb 10 16:06:02 vaio kernel: [   16.323848] CPU: After all inits, caps: bfe9fbff 00100000 00000000 00002940 0000c1a9 00000000 00000000
Feb 10 16:06:02 vaio kernel: [   16.324337] CPU1: Intel Genuine Intel(R) CPU           T2300  @ 1.66GHz stepping 08
Feb 10 16:06:02 vaio kernel: [   16.324361] Total of 2 processors activated (6671.47 BogoMIPS).
Feb 10 16:06:02 vaio kernel: [   16.324564] ENABLING IO-APIC IRQs
Feb 10 16:06:02 vaio kernel: [   16.324773] ..TIMER: vector=0x31 apic1=0 pin1=2 apic2=-1 pin2=-1
Feb 10 16:06:02 vaio kernel: [   16.603688] checking TSC synchronization across 2 CPUs: passed.
Feb 10 16:06:02 vaio kernel: [    0.004000] Brought up 2 CPUs
Feb 10 16:06:02 vaio kernel: [    0.155010] migration_cost=78
Feb 10 16:06:02 vaio kernel: [    0.155301] Booting paravirtualized kernel on bare hardware
Feb 10 16:06:02 vaio kernel: [    0.155403] Time: 16:05:38  Date: 01/10/107
Feb 10 16:06:02 vaio kernel: [    0.155433] NET: Registered protocol family 16
Feb 10 16:06:02 vaio kernel: [    0.155522] EISA bus registered
Feb 10 16:06:02 vaio kernel: [    0.155526] ACPI: bus type pci registered
Feb 10 16:06:02 vaio kernel: [    0.155537] PCI: Using MMCONFIG
Feb 10 16:06:02 vaio kernel: [    0.156326] Setting up standard PCI resources
Feb 10 16:06:02 vaio kernel: [    0.162371] ACPI: Interpreter enabled
Feb 10 16:06:02 vaio kernel: [    0.162374] ACPI: Using IOAPIC for interrupt routing
Feb 10 16:06:02 vaio kernel: [    0.162753] ACPI: PCI Root Bridge [PCI0] (0000:00)
Feb 10 16:06:02 vaio kernel: [    0.162759] PCI: Probing PCI hardware (bus 00)
Feb 10 16:06:02 vaio kernel: [    0.163377] Boot video device is 0000:00:02.0
Feb 10 16:06:02 vaio kernel: [    0.163985] PCI quirk: region 1000-107f claimed by ICH6 ACPI/GPIO/TCO
Feb 10 16:06:02 vaio kernel: [    0.163989] PCI quirk: region 1180-11bf claimed by ICH6 GPIO
Feb 10 16:06:02 vaio kernel: [    0.164983] PCI: Transparent bridge - 0000:00:1e.0
Feb 10 16:06:02 vaio kernel: [    0.165053] PCI: Bus #0a (-#0d) is hidden behind transparent bridge #09 (-#0a) (try 'pci=assign-busses')
Feb 10 16:06:02 vaio kernel: [    0.165056] Please report the result to linux-kernel to fix this permanently
Feb 10 16:06:02 vaio kernel: [    0.165130] ACPI: PCI Interrupt Routing Table [\_SB_.PCI0._PRT]
Feb 10 16:06:02 vaio kernel: [    0.169277] ACPI: PCI Interrupt Routing Table [\_SB_.PCI0.RP01._PRT]
Feb 10 16:06:02 vaio kernel: [    0.169850] ACPI: PCI Interrupt Routing Table [\_SB_.PCI0.RP02._PRT]
Feb 10 16:06:02 vaio kernel: [    0.170193] ACPI: PCI Interrupt Routing Table [\_SB_.PCI0.RP03._PRT]
Feb 10 16:06:02 vaio kernel: [    0.170465] ACPI: PCI Interrupt Routing Table [\_SB_.PCI0.RP04._PRT]
Feb 10 16:06:02 vaio kernel: [    0.172240] ACPI: PCI Interrupt Routing Table [\_SB_.PCI0.PCIB._PRT]
Feb 10 16:06:02 vaio kernel: [    0.173406] ACPI: PCI Interrupt Link [LNKA] (IRQs 10) *5
Feb 10 16:06:02 vaio kernel: [    0.173667] ACPI: PCI Interrupt Link [LNKB] (IRQs *10)
Feb 10 16:06:02 vaio kernel: [    0.173929] ACPI: PCI Interrupt Link [LNKC] (IRQs *10)
Feb 10 16:06:02 vaio kernel: [    0.174187] ACPI: PCI Interrupt Link [LNKD] (IRQs *10)
Feb 10 16:06:02 vaio kernel: [    0.174441] ACPI: PCI Interrupt Link [LNKE] (IRQs 10) *0, disabled.
Feb 10 16:06:02 vaio kernel: [    0.174698] ACPI: PCI Interrupt Link [LNKF] (IRQs *10)
Feb 10 16:06:02 vaio kernel: [    0.174956] ACPI: PCI Interrupt Link [LNKG] (IRQs *10)
Feb 10 16:06:02 vaio kernel: [    0.175212] ACPI: PCI Interrupt Link [LNKH] (IRQs *10)
Feb 10 16:06:02 vaio kernel: [    0.177787] Linux Plug and Play Support v0.97 (c) Adam Belay
Feb 10 16:06:02 vaio kernel: [    0.177796] pnp: PnP ACPI init
Feb 10 16:06:02 vaio kernel: [    0.180781] pnp: PnP ACPI: found 10 devices
Feb 10 16:06:02 vaio kernel: [    0.180785] PnPBIOS: Disabled by ACPI PNP
Feb 10 16:06:02 vaio kernel: [    0.180830] PCI: Using ACPI for IRQ routing
Feb 10 16:06:02 vaio kernel: [    0.180832] PCI: If a device doesn't work, try &quot;pci=routeirq&quot;.  If it helps, post a report
Feb 10 16:06:02 vaio kernel: [    0.181426] PCI: Ignore bogus resource 6 [0:0] of 0000:00:02.0
Feb 10 16:06:02 vaio kernel: [    0.181433] PCI: Bridge: 0000:00:1c.0
Feb 10 16:06:02 vaio kernel: [    0.181436]   IO window: 2000-2fff
Feb 10 16:06:02 vaio kernel: [    0.181443]   MEM window: d6000000-d7ffffff
Feb 10 16:06:02 vaio kernel: [    0.181448]   PREFETCH window: d0000000-d1ffffff
Feb 10 16:06:02 vaio kernel: [    0.181453] PCI: Bridge: 0000:00:1c.1
Feb 10 16:06:02 vaio kernel: [    0.181455]   IO window: disabled.
Feb 10 16:06:02 vaio kernel: [    0.181461]   MEM window: dc000000-dc0fffff
Feb 10 16:06:02 vaio kernel: [    0.181465]   PREFETCH window: disabled.
Feb 10 16:06:02 vaio kernel: [    0.181470] PCI: Bridge: 0000:00:1c.2
Feb 10 16:06:02 vaio kernel: [    0.181474]   IO window: 3000-3fff
Feb 10 16:06:02 vaio kernel: [    0.181479]   MEM window: d8000000-d9ffffff
Feb 10 16:06:02 vaio kernel: [    0.181484]   PREFETCH window: d2000000-d3ffffff
Feb 10 16:06:02 vaio kernel: [    0.181490] PCI: Bridge: 0000:00:1c.3
Feb 10 16:06:02 vaio kernel: [    0.181493]   IO window: 4000-4fff
Feb 10 16:06:02 vaio kernel: [    0.181499]   MEM window: da000000-dbffffff
Feb 10 16:06:02 vaio kernel: [    0.181503]   PREFETCH window: d4000000-d5ffffff
Feb 10 16:06:02 vaio kernel: [    0.181516] PCI: Bus 10, cardbus bridge: 0000:09:04.0
Feb 10 16:06:02 vaio kernel: [    0.181518]   IO window: 00005000-000050ff
Feb 10 16:06:02 vaio kernel: [    0.181523]   IO window: 00005400-000054ff
Feb 10 16:06:02 vaio kernel: [    0.181528]   PREFETCH window: 30000000-33ffffff
Feb 10 16:06:02 vaio kernel: [    0.181534]   MEM window: 34000000-37ffffff
Feb 10 16:06:02 vaio kernel: [    0.181539] PCI: Bridge: 0000:00:1e.0
Feb 10 16:06:02 vaio kernel: [    0.181542]   IO window: 5000-5fff
Feb 10 16:06:02 vaio kernel: [    0.181548]   MEM window: dc100000-dc1fffff
Feb 10 16:06:02 vaio kernel: [    0.181553]   PREFETCH window: 30000000-33ffffff
Feb 10 16:06:02 vaio kernel: [    0.181581] ACPI: PCI Interrupt 0000:00:1c.0[A] -&gt; GSI 16 (level, low) -&gt; IRQ 16
Feb 10 16:06:02 vaio kernel: [    0.181587] PCI: Setting latency timer of device 0000:00:1c.0 to 64
Feb 10 16:06:02 vaio kernel: [    0.181609] ACPI: PCI Interrupt 0000:00:1c.1[B] -&gt; GSI 17 (level, low) -&gt; IRQ 17
Feb 10 16:06:02 vaio kernel: [    0.181615] PCI: Setting latency timer of device 0000:00:1c.1 to 64
Feb 10 16:06:02 vaio kernel: [    0.181637] ACPI: PCI Interrupt 0000:00:1c.2[C] -&gt; GSI 18 (level, low) -&gt; IRQ 18
Feb 10 16:06:02 vaio kernel: [    0.181643] PCI: Setting latency timer of device 0000:00:1c.2 to 64
Feb 10 16:06:02 vaio kernel: [    0.181664] ACPI: PCI Interrupt 0000:00:1c.3[D] -&gt; GSI 19 (level, low) -&gt; IRQ 19
Feb 10 16:06:02 vaio kernel: [    0.181670] PCI: Setting latency timer of device 0000:00:1c.3 to 64
Feb 10 16:06:02 vaio kernel: [    0.181683] PCI: Setting latency timer of device 0000:00:1e.0 to 64
Feb 10 16:06:02 vaio kernel: [    0.181703] ACPI: PCI Interrupt 0000:09:04.0[A] -&gt; GSI 20 (level, low) -&gt; IRQ 20
Feb 10 16:06:02 vaio kernel: [    0.181738] NET: Registered protocol family 2
Feb 10 16:06:02 vaio kernel: [    0.269024] IP route cache hash table entries: 4096 (order: 2, 16384 bytes)
Feb 10 16:06:02 vaio kernel: [    0.269099] TCP established hash table entries: 16384 (order: 5, 131072 bytes)
Feb 10 16:06:02 vaio kernel: [    0.269197] TCP bind hash table entries: 8192 (order: 4, 65536 bytes)
Feb 10 16:06:02 vaio kernel: [    0.269246] TCP: Hash tables configured (established 16384 bind 8192)
Feb 10 16:06:02 vaio kernel: [    0.269249] TCP reno registered
Feb 10 16:06:02 vaio kernel: [    0.296910] checking if image is initramfs... it is
Feb 10 16:06:02 vaio kernel: [    4.047575] Freeing initrd memory: 39523k freed
Feb 10 16:06:02 vaio kernel: [    4.048287] Simple Boot Flag at 0x37 set to 0x1
Feb 10 16:06:02 vaio kernel: [    4.048766] audit: initializing netlink socket (disabled)
Feb 10 16:06:02 vaio kernel: [    4.048783] audit(1171123541.480:1): initialized
Feb 10 16:06:02 vaio kernel: [    4.048959] VFS: Disk quotas dquot_6.5.1
Feb 10 16:06:02 vaio kernel: [    4.048986] Dquot-cache hash table entries: 1024 (order 0, 4096 bytes)
Feb 10 16:06:02 vaio kernel: [    4.049039] io scheduler noop registered
Feb 10 16:06:02 vaio kernel: [    4.049042] io scheduler anticipatory registered
Feb 10 16:06:02 vaio kernel: [    4.049044] io scheduler deadline registered
Feb 10 16:06:02 vaio kernel: [    4.049056] io scheduler cfq registered (default)
Feb 10 16:06:02 vaio kernel: [    4.049317] PCI: Setting latency timer of device 0000:00:1c.0 to 64
Feb 10 16:06:02 vaio kernel: [    4.049371] assign_interrupt_mode Found MSI capability
Feb 10 16:06:02 vaio kernel: [    4.049424] Allocate Port Service[0000:00:1c.0:pcie00]
Feb 10 16:06:02 vaio kernel: [    4.049467] Allocate Port Service[0000:00:1c.0:pcie02]
Feb 10 16:06:02 vaio kernel: [    4.049507] Allocate Port Service[0000:00:1c.0:pcie03]
Feb 10 16:06:02 vaio kernel: [    4.049627] PCI: Setting latency timer of device 0000:00:1c.1 to 64
Feb 10 16:06:02 vaio kernel: [    4.049680] assign_interrupt_mode Found MSI capability
Feb 10 16:06:02 vaio kernel: [    4.049719] Allocate Port Service[0000:00:1c.1:pcie00]
Feb 10 16:06:02 vaio kernel: [    4.049755] Allocate Port Service[0000:00:1c.1:pcie02]
Feb 10 16:06:02 vaio kernel: [    4.049789] Allocate Port Service[0000:00:1c.1:pcie03]
Feb 10 16:06:02 vaio kernel: [    4.049911] PCI: Setting latency timer of device 0000:00:1c.2 to 64
Feb 10 16:06:02 vaio kernel: [    4.049964] assign_interrupt_mode Found MSI capability
Feb 10 16:06:02 vaio kernel: [    4.050002] Allocate Port Service[0000:00:1c.2:pcie00]
Feb 10 16:06:02 vaio kernel: [    4.050038] Allocate Port Service[0000:00:1c.2:pcie02]
Feb 10 16:06:02 vaio kernel: [    4.050077] Allocate Port Service[0000:00:1c.2:pcie03]
Feb 10 16:06:02 vaio kernel: [    4.050193] PCI: Setting latency timer of device 0000:00:1c.3 to 64
Feb 10 16:06:02 vaio kernel: [    4.050246] assign_interrupt_mode Found MSI capability
Feb 10 16:06:02 vaio kernel: [    4.050285] Allocate Port Service[0000:00:1c.3:pcie00]
Feb 10 16:06:02 vaio kernel: [    4.050320] Allocate Port Service[0000:00:1c.3:pcie02]
Feb 10 16:06:02 vaio kernel: [    4.050359] Allocate Port Service[0000:00:1c.3:pcie03]
Feb 10 16:06:02 vaio kernel: [    4.050547] isapnp: Scanning for PnP cards...
Feb 10 16:06:02 vaio kernel: [    4.404597] isapnp: No Plug &amp; Play device found
Feb 10 16:06:02 vaio kernel: [    4.430184] Real Time Clock Driver v1.12ac
Feb 10 16:06:02 vaio kernel: [    4.430261] Serial: 8250/16550 driver $Revision: 1.90 $ 4 ports, IRQ sharing enabled
Feb 10 16:06:02 vaio kernel: [    4.430965] mice: PS/2 mouse device common for all mice
Feb 10 16:06:02 vaio kernel: [    4.431562] RAMDISK driver initialized: 16 RAM disks of 65536K size 1024 blocksize
Feb 10 16:06:02 vaio kernel: [    4.431671] Uniform Multi-Platform E-IDE driver Revision: 7.00alpha2
Feb 10 16:06:02 vaio kernel: [    4.431675] ide: Assuming 33MHz system bus speed for PIO modes; override with idebus=xx
Feb 10 16:06:02 vaio kernel: [    4.431983] PNP: PS/2 Controller [PNP0303:PS2K,PNP0f13:PS2M] at 0x60,0x64 irq 1,12
Feb 10 16:06:02 vaio kernel: [    4.434349] serio: i8042 KBD port at 0x60,0x64 irq 1
Feb 10 16:06:02 vaio kernel: [    4.434354] serio: i8042 AUX port at 0x60,0x64 irq 12
Feb 10 16:06:02 vaio kernel: [    4.434489] EISA: Probing bus 0 at eisa.0
Feb 10 16:06:02 vaio kernel: [    4.434497] Cannot allocate resource for EISA slot 1
Feb 10 16:06:02 vaio kernel: [    4.434501] Cannot allocate resource for EISA slot 2
Feb 10 16:06:02 vaio kernel: [    4.434505] Cannot allocate resource for EISA slot 3
Feb 10 16:06:02 vaio kernel: [    4.434507] Cannot allocate resource for EISA slot 4
Feb 10 16:06:02 vaio kernel: [    4.434510] Cannot allocate resource for EISA slot 5
Feb 10 16:06:02 vaio kernel: [    4.434526] EISA: Detected 0 cards.
Feb 10 16:06:02 vaio kernel: [    4.464703] TCP cubic registered
Feb 10 16:06:02 vaio kernel: [    4.464715] NET: Registered protocol family 1
Feb 10 16:06:02 vaio kernel: [    4.464720] NET: Registered protocol family 8
Feb 10 16:06:02 vaio kernel: [    4.464723] NET: Registered protocol family 20
Feb 10 16:06:02 vaio kernel: [    4.464759] Starting balanced_irq
Feb 10 16:06:02 vaio kernel: [    4.464767] Using IPI No-Shortcut mode
Feb 10 16:06:02 vaio kernel: [    4.464888] input: AT Translated Set 2 keyboard as /class/input/input0
Feb 10 16:06:02 vaio kernel: [    4.464914]  S3 S4 S5)
Feb 10 16:06:02 vaio kernel: [    4.464952]   Magic number: 11:933:84
Feb 10 16:06:02 vaio kernel: [    4.465247] Freeing unused kernel memory: 324k freed
Feb 10 16:06:02 vaio kernel: [    4.465644] Time: tsc clocksource has been installed.
Feb 10 16:06:02 vaio kernel: [    5.687635] ACPI (exconfig-0455): Dynamic SSDT Load - OemId [  Sony] OemTableId [      N0] [20060707]
Feb 10 16:06:02 vaio kernel: [    5.687873] ACPI (exconfig-0455): Dynamic SSDT Load - OemId [  Sony] OemTableId [      N0] [20060707]
Feb 10 16:06:02 vaio kernel: [    5.688568] ACPI: CPU0 (power states: C1[C1] C2[C2])
Feb 10 16:06:02 vaio kernel: [    5.688573] ACPI: Processor [CPU0] (supports 8 throttling states)
Feb 10 16:06:02 vaio kernel: [    5.689090] ACPI (exconfig-0455): Dynamic SSDT Load - OemId [  Sony] OemTableId [      N0] [20060707]
Feb 10 16:06:02 vaio kernel: [    5.689304] ACPI (exconfig-0455): Dynamic SSDT Load - OemId [  Sony] OemTableId [      N0] [20060707]
Feb 10 16:06:02 vaio kernel: [    5.689766] ACPI: CPU1 (power states: C1[C1] C2[C2])
Feb 10 16:06:02 vaio kernel: [    5.689770] ACPI: Processor [CPU1] (supports 8 throttling states)
Feb 10 16:06:02 vaio kernel: [    5.940000] ACPI: Thermal Zone [ATF0] (34 C)
Feb 10 16:06:02 vaio kernel: [    5.944000] ACPI: Thermal Zone [DTS0] (33 C)
Feb 10 16:06:02 vaio kernel: [    5.944000] ACPI: Thermal Zone [DTS1] (29 C)
Feb 10 16:06:02 vaio kernel: [    5.948000] Time: acpi_pm clocksource has been installed.
Feb 10 16:06:02 vaio kernel: [    6.268000] usbcore: registered new interface driver usbfs
Feb 10 16:06:02 vaio kernel: [    6.268000] usbcore: registered new interface driver hub
Feb 10 16:06:02 vaio kernel: [    6.268000] usbcore: registered new device driver usb
Feb 10 16:06:02 vaio kernel: [    6.268000] USB Universal Host Controller Interface driver v3.0
Feb 10 16:06:02 vaio kernel: [    6.268000] ACPI: PCI Interrupt 0000:00:1d.0[A] -&gt; GSI 19 (level, low) -&gt; IRQ 19
Feb 10 16:06:02 vaio kernel: [    6.268000] PCI: Setting latency timer of device 0000:00:1d.0 to 64
Feb 10 16:06:02 vaio kernel: [    6.268000] uhci_hcd 0000:00:1d.0: UHCI Host Controller
Feb 10 16:06:02 vaio kernel: [    6.268000] uhci_hcd 0000:00:1d.0: new USB bus registered, assigned bus number 1
Feb 10 16:06:02 vaio kernel: [    6.268000] uhci_hcd 0000:00:1d.0: irq 19, io base 0x00001820
Feb 10 16:06:02 vaio kernel: [    6.268000] usb usb1: configuration #1 chosen from 1 choice
Feb 10 16:06:02 vaio kernel: [    6.268000] hub 1-0:1.0: USB hub found
Feb 10 16:06:02 vaio kernel: [    6.268000] hub 1-0:1.0: 2 ports detected
Feb 10 16:06:02 vaio kernel: [    6.328000] ieee1394: Initialized config rom entry `ip1394'
Feb 10 16:06:02 vaio kernel: [    6.372000] ACPI: PCI Interrupt 0000:00:1d.1[B] -&gt; GSI 19 (level, low) -&gt; IRQ 19
Feb 10 16:06:02 vaio kernel: [    6.372000] PCI: Setting latency timer of device 0000:00:1d.1 to 64
Feb 10 16:06:02 vaio kernel: [    6.372000] uhci_hcd 0000:00:1d.1: UHCI Host Controller
Feb 10 16:06:02 vaio kernel: [    6.372000] uhci_hcd 0000:00:1d.1: new USB bus registered, assigned bus number 2
Feb 10 16:06:02 vaio kernel: [    6.372000] uhci_hcd 0000:00:1d.1: irq 19, io base 0x00001840
Feb 10 16:06:02 vaio kernel: [    6.372000] usb usb2: configuration #1 chosen from 1 choice
Feb 10 16:06:02 vaio kernel: [    6.372000] hub 2-0:1.0: USB hub found
Feb 10 16:06:02 vaio kernel: [    6.372000] hub 2-0:1.0: 2 ports detected
Feb 10 16:06:02 vaio kernel: [    6.484000] ACPI: PCI Interrupt 0000:00:1d.2[C] -&gt; GSI 19 (level, low) -&gt; IRQ 19
Feb 10 16:06:02 vaio kernel: [    6.484000] PCI: Setting latency timer of device 0000:00:1d.2 to 64
Feb 10 16:06:02 vaio kernel: [    6.484000] uhci_hcd 0000:00:1d.2: UHCI Host Controller
Feb 10 16:06:02 vaio kernel: [    6.484000] uhci_hcd 0000:00:1d.2: new USB bus registered, assigned bus number 3
Feb 10 16:06:02 vaio kernel: [    6.484000] uhci_hcd 0000:00:1d.2: irq 19, io base 0x00001860
Feb 10 16:06:02 vaio kernel: [    6.484000] usb usb3: configuration #1 chosen from 1 choice
Feb 10 16:06:02 vaio kernel: [    6.484000] hub 3-0:1.0: USB hub found
Feb 10 16:06:02 vaio kernel: [    6.484000] hub 3-0:1.0: 2 ports detected
Feb 10 16:06:02 vaio kernel: [    6.596000] ACPI: PCI Interrupt 0000:00:1d.3[A] -&gt; GSI 19 (level, low) -&gt; IRQ 19
Feb 10 16:06:02 vaio kernel: [    6.596000] PCI: Setting latency timer of device 0000:00:1d.3 to 64
Feb 10 16:06:02 vaio kernel: [    6.596000] uhci_hcd 0000:00:1d.3: UHCI Host Controller
Feb 10 16:06:02 vaio kernel: [    6.596000] uhci_hcd 0000:00:1d.3: new USB bus registered, assigned bus number 4
Feb 10 16:06:02 vaio kernel: [    6.596000] uhci_hcd 0000:00:1d.3: irq 19, io base 0x00001880
Feb 10 16:06:02 vaio kernel: [    6.596000] usb usb4: configuration #1 chosen from 1 choice
Feb 10 16:06:02 vaio kernel: [    6.596000] hub 4-0:1.0: USB hub found
Feb 10 16:06:02 vaio kernel: [    6.596000] hub 4-0:1.0: 2 ports detected
Feb 10 16:06:02 vaio kernel: [    6.700000] ACPI: PCI Interrupt 0000:00:1d.7[D] -&gt; GSI 23 (level, low) -&gt; IRQ 21
Feb 10 16:06:02 vaio kernel: [    6.700000] PCI: Setting latency timer of device 0000:00:1d.7 to 64
Feb 10 16:06:02 vaio kernel: [    6.700000] ehci_hcd 0000:00:1d.7: EHCI Host Controller
Feb 10 16:06:02 vaio kernel: [    6.700000] ehci_hcd 0000:00:1d.7: new USB bus registered, assigned bus number 5
Feb 10 16:06:02 vaio kernel: [    6.700000] ehci_hcd 0000:00:1d.7: debug port 1
Feb 10 16:06:02 vaio kernel: [    6.700000] PCI: cache line size of 32 is not supported by device 0000:00:1d.7
Feb 10 16:06:02 vaio kernel: [    6.700000] ehci_hcd 0000:00:1d.7: irq 21, io mem 0xdc544000
Feb 10 16:06:02 vaio kernel: [    6.704000] ehci_hcd 0000:00:1d.7: USB 2.0 started, EHCI 1.00, driver 10 Dec 2004
Feb 10 16:06:02 vaio kernel: [    6.704000] usb usb5: configuration #1 chosen from 1 choice
Feb 10 16:06:02 vaio kernel: [    6.704000] hub 5-0:1.0: USB hub found
Feb 10 16:06:02 vaio kernel: [    6.704000] hub 5-0:1.0: 8 ports detected
Feb 10 16:06:02 vaio kernel: [    6.744000] usb 2-2: new full speed USB device using uhci_hcd and address 2
Feb 10 16:06:02 vaio kernel: [    6.816000] ACPI: PCI Interrupt 0000:09:04.1[B] -&gt; GSI 21 (level, low) -&gt; IRQ 22
Feb 10 16:06:02 vaio kernel: [    6.864000] ohci1394: fw-host0: OHCI-1394 1.1 (PCI): IRQ=[22]  MMIO=[dc105000-dc1057ff]  Max Packet=[2048]  IR/IT contexts=[4/8]
Feb 10 16:06:02 vaio kernel: [    6.864000] ICH7: IDE controller at PCI slot 0000:00:1f.1
Feb 10 16:06:02 vaio kernel: [    6.864000] ACPI: PCI Interrupt 0000:00:1f.1[B] -&gt; GSI 22 (level, low) -&gt; IRQ 23
Feb 10 16:06:02 vaio kernel: [    6.864000] ICH7: chipset revision 2
Feb 10 16:06:02 vaio kernel: [    6.864000] ICH7: not 100%% native mode: will probe irqs later
Feb 10 16:06:02 vaio kernel: [    6.864000]     ide0: BM-DMA at 0x1810-0x1817, BIOS settings: hda:DMA, hdb:pio
Feb 10 16:06:02 vaio kernel: [    6.864000] Probing IDE interface ide0...
Feb 10 16:06:02 vaio kernel: [    6.872000] SCSI subsystem initialized
Feb 10 16:06:02 vaio kernel: [    6.880000] libata version 2.00 loaded.
Feb 10 16:06:02 vaio kernel: [    7.092000] usb 5-4: new high speed USB device using ehci_hcd and address 2
Feb 10 16:06:02 vaio kernel: [    7.300000] usb 5-4: configuration #1 chosen from 1 choice
Feb 10 16:06:02 vaio kernel: [    7.312000] usbcore: registered new interface driver libusual
Feb 10 16:06:02 vaio kernel: [    7.316000] Initializing USB Mass Storage driver...
Feb 10 16:06:02 vaio kernel: [    7.316000] scsi0 : SCSI emulation for USB Mass Storage devices
Feb 10 16:06:02 vaio kernel: [    7.316000] usbcore: registered new interface driver usb-storage
Feb 10 16:06:02 vaio kernel: [    7.316000] USB Mass Storage support registered.
Feb 10 16:06:02 vaio kernel: [    7.316000] usb-storage: device found at 2
Feb 10 16:06:02 vaio kernel: [    7.316000] usb-storage: waiting for device to settle before scanning
Feb 10 16:06:02 vaio kernel: [    7.608000] hda: MATSHITAUJ-832D, ATAPI CD/DVD-ROM drive
Feb 10 16:06:02 vaio kernel: [    7.944000] ide0 at 0x1f0-0x1f7,0x3f6 on irq 14
Feb 10 16:06:02 vaio kernel: [    7.948000] ata_piix 0000:00:1f.2: version 2.00ac7
Feb 10 16:06:02 vaio kernel: [    7.948000] ata_piix 0000:00:1f.2: MAP [ P0 P2 XX XX ]
Feb 10 16:06:02 vaio kernel: [    7.948000] ata_piix 0000:00:1f.2: invalid MAP value 0
Feb 10 16:06:02 vaio kernel: [    8.108000] ACPI: PCI Interrupt 0000:00:1f.2[B] -&gt; GSI 22 (level, low) -&gt; IRQ 23
Feb 10 16:06:02 vaio kernel: [    8.108000] PCI: Setting latency timer of device 0000:00:1f.2 to 64
Feb 10 16:06:02 vaio kernel: [    8.108000] ata1: SATA max UDMA/133 cmd 0x18D0 ctl 0x18C6 bmdma 0x18B0 irq 23
Feb 10 16:06:02 vaio kernel: [    8.108000] ata2: SATA max UDMA/133 cmd 0x18C8 ctl 0x18C2 bmdma 0x18B8 irq 23
Feb 10 16:06:02 vaio kernel: [    8.108000] scsi1 : ata_piix
Feb 10 16:06:02 vaio kernel: [    8.148000] ieee1394: Host added: ID:BUS[0-00:1023]  GUID[0800460302056347]
Feb 10 16:06:02 vaio kernel: [    8.284000] ata1.00: ATA-7, max UDMA/133, 156301488 sectors: LBA48 NCQ (depth 0/32)
Feb 10 16:06:02 vaio kernel: [    8.284000] ata1.00: ata1: dev 0 multi count 16
Feb 10 16:06:02 vaio kernel: [    8.304000] ata1.00: configured for UDMA/133
Feb 10 16:06:02 vaio kernel: [    8.304000] scsi2 : ata_piix
Feb 10 16:06:02 vaio kernel: [    8.464000] ATA: abnormal status 0x7F on port 0x18CF
Feb 10 16:06:02 vaio kernel: [    8.468000] scsi 1:0:0:0: Direct-Access     ATA      ST98823AS        3.14 PQ: 0 ANSI: 5
Feb 10 16:06:02 vaio kernel: [    8.472000] SCSI device sda: 156301488 512-byte hdwr sectors (80026 MB)
Feb 10 16:06:02 vaio kernel: [    8.472000] sda: Write Protect is off
Feb 10 16:06:02 vaio kernel: [    8.472000] sda: Mode Sense: 00 3a 00 00
Feb 10 16:06:02 vaio kernel: [    8.472000] SCSI device sda: write cache: enabled, read cache: enabled, doesn't support DPO or FUA
Feb 10 16:06:02 vaio kernel: [    8.472000] SCSI device sda: 156301488 512-byte hdwr sectors (80026 MB)
Feb 10 16:06:02 vaio kernel: [    8.472000] sda: Write Protect is off
Feb 10 16:06:02 vaio kernel: [    8.472000] sda: Mode Sense: 00 3a 00 00
Feb 10 16:06:02 vaio kernel: [    8.472000] SCSI device sda: write cache: enabled, read cache: enabled, doesn't support DPO or FUA
Feb 10 16:06:02 vaio kernel: [    8.472000]  sda:&lt;6&gt;hda: ATAPI 24X DVD-ROM DVD-R CD-R/RW drive, 2048kB Cache, UDMA(33)
Feb 10 16:06:02 vaio kernel: [    8.480000] Uniform CD-ROM driver Revision: 3.20
Feb 10 16:06:02 vaio kernel: [    8.484000]  sda1 sda2 sda3 &lt; sda5 &gt;
Feb 10 16:06:02 vaio kernel: [    8.516000] sd 1:0:0:0: Attached scsi disk sda
Feb 10 16:06:02 vaio kernel: [    8.520000] sd 1:0:0:0: Attached scsi generic sg0 type 0
Feb 10 16:06:02 vaio kernel: [    8.836000] Attempting manual resume
Feb 10 16:06:02 vaio kernel: [    8.836000] swsusp: Resume From Partition 8:5
Feb 10 16:06:02 vaio kernel: [    8.836000] PM: Checking swsusp image.
Feb 10 16:06:02 vaio kernel: [    8.836000] PM: Resume from disk failed.
Feb 10 16:06:02 vaio kernel: [    8.872000] kjournald starting.  Commit interval 5 seconds
Feb 10 16:06:02 vaio kernel: [    8.872000] EXT3-fs: mounted filesystem with ordered data mode.
Feb 10 16:06:02 vaio kernel: [   12.328000] usb-storage: device scan complete
Feb 10 16:06:02 vaio kernel: [   12.332000] scsi 0:0:0:0: Direct-Access     Sony     USB   HS-CARD    4.52 PQ: 0 ANSI: 0
Feb 10 16:06:02 vaio kernel: [   12.380000] sd 0:0:0:0: Attached scsi removable disk sdb
Feb 10 16:06:02 vaio kernel: [   12.380000] sd 0:0:0:0: Attached scsi generic sg1 type 0
Feb 10 16:06:02 vaio kernel: [   19.528000] pci_hotplug: PCI Hot Plug PCI Core version: 0.5
Feb 10 16:06:02 vaio kernel: [   19.556000] shpchp: Standard Hot Plug PCI Controller Driver version: 0.4
Feb 10 16:06:02 vaio kernel: [   20.012000] Yenta: CardBus bridge found at 0000:09:04.0 [104d:81e6]
Feb 10 16:06:02 vaio kernel: [   20.012000] Yenta: Enabling burst memory read transactions
Feb 10 16:06:02 vaio kernel: [   20.012000] Yenta: Using CSCINT to route CSC interrupts to PCI
Feb 10 16:06:02 vaio kernel: [   20.012000] Yenta: Routing CardBus interrupts to PCI
Feb 10 16:06:02 vaio kernel: [   20.012000] Yenta TI: socket 0000:09:04.0, mfunc 0x01a21b22, devctl 0x64
Feb 10 16:06:02 vaio kernel: [   20.180000] iTCO_vendor_support: vendor-support=0
Feb 10 16:06:02 vaio kernel: [   20.188000] iTCO_wdt: Intel TCO WatchDog Timer Driver v1.01 (11-Nov-2006)
Feb 10 16:06:02 vaio kernel: [   20.188000] iTCO_wdt: failed to reset NO_REBOOT flag, reboot disabled by hardware
Feb 10 16:06:02 vaio kernel: [   20.188000] iTCO_wdt: No card detected
Feb 10 16:06:02 vaio kernel: [   20.240000] Linux agpgart interface v0.101 (c) Dave Jones
Feb 10 16:06:02 vaio kernel: [   20.260000] Yenta: ISA IRQ mask 0x0cf8, PCI irq 20
Feb 10 16:06:02 vaio kernel: [   20.260000] Socket status: 30000006
Feb 10 16:06:02 vaio kernel: [   20.260000] Yenta: Raising subordinate bus# of parent bus (#09) from #0a to #0d
Feb 10 16:06:02 vaio kernel: [   20.260000] pcmcia: parent PCI bridge I/O window: 0x5000 - 0x5fff
Feb 10 16:06:02 vaio kernel: [   20.260000] cs: IO port probe 0x5000-0x5fff: clean.
Feb 10 16:06:02 vaio kernel: [   20.260000] pcmcia: parent PCI bridge Memory window: 0xdc100000 - 0xdc1fffff
Feb 10 16:06:02 vaio kernel: [   20.260000] pcmcia: parent PCI bridge Memory window: 0x30000000 - 0x33ffffff
Feb 10 16:06:02 vaio kernel: [   20.260000] ACPI: PCI Interrupt 0000:09:04.2[C] -&gt; GSI 22 (level, low) -&gt; IRQ 23
Feb 10 16:06:02 vaio kernel: [   20.260000] agpgart: Detected an Intel 945GM Chipset.
Feb 10 16:06:02 vaio kernel: [   20.260000] agpgart: Detected 7932K stolen memory.
Feb 10 16:06:02 vaio kernel: [   20.280000] agpgart: AGP aperture is 256M @ 0xc0000000
Feb 10 16:06:02 vaio kernel: [   20.520000] intel_rng: FWH not detected
Feb 10 16:06:02 vaio kernel: [   20.680000] ACPI: PCI Interrupt 0000:07:00.0[A] -&gt; GSI 18 (level, low) -&gt; IRQ 18
Feb 10 16:06:02 vaio kernel: [   20.680000] PCI: Setting latency timer of device 0000:07:00.0 to 64
Feb 10 16:06:02 vaio kernel: [   20.680000] sky2 v1.10 addr 0xd8000000 irq 18 Yukon-FE (0xb7) rev 1
Feb 10 16:06:02 vaio kernel: [   20.680000] sky2 eth0: addr 00:01:4a:f6:7f:e1
Feb 10 16:06:02 vaio kernel: [   20.752000] input: PS/2 Mouse as /class/input/input1
Feb 10 16:06:02 vaio kernel: [   20.772000] input: AlpsPS/2 ALPS GlidePoint as /class/input/input2
Feb 10 16:06:02 vaio kernel: [   20.984000] cs: IO port probe 0x100-0x3af: clean.
Feb 10 16:06:02 vaio kernel: [   20.988000] cs: IO port probe 0x3e0-0x4ff: excluding 0x4d0-0x4d7
Feb 10 16:06:02 vaio kernel: [   20.988000] cs: IO port probe 0x820-0x8ff: clean.
Feb 10 16:06:02 vaio kernel: [   20.988000] cs: IO port probe 0xc00-0xcf7: clean.
Feb 10 16:06:02 vaio kernel: [   20.988000] cs: IO port probe 0xa00-0xaff: clean.
Feb 10 16:06:02 vaio kernel: [   21.172000] ACPI: PCI Interrupt 0000:06:00.0[A] -&gt; GSI 17 (level, low) -&gt; IRQ 17
Feb 10 16:06:02 vaio kernel: [   21.172000] PCI: Setting latency timer of device 0000:06:00.0 to 64
Feb 10 16:06:02 vaio kernel: [   21.172000] ssb: Sonics Silicon Backplane found on PCI device 0000:06:00.0
Feb 10 16:06:02 vaio kernel: [   21.284000] wmaster0: Selected rate control algorithm 'simple'
Feb 10 16:06:02 vaio kernel: [   21.372000] ACPI: PCI Interrupt 0000:00:1b.0[A] -&gt; GSI 21 (level, low) -&gt; IRQ 22
Feb 10 16:06:02 vaio kernel: [   21.372000] PCI: Setting latency timer of device 0000:00:1b.0 to 64
Feb 10 16:06:02 vaio kernel: [   21.440000] bcm43xx_d80211: Broadcom 4311 WLAN found
Feb 10 16:06:02 vaio kernel: [   22.140000] lp: driver loaded but no devices found
Feb 10 16:06:02 vaio kernel: [   22.192000] Adding 1510068k swap on /dev/disk/by-uuid/91c72319-e9bb-4be0-9e2d-832ef7ef65ac.  Priority:-1 extents:1 across:1510068k
Feb 10 16:06:02 vaio kernel: [   22.252000] EXT3 FS on sda2, internal journal
Feb 10 16:06:02 vaio kernel: [   23.084000] ACPI: AC Adapter [ACAD] (on-line)
Feb 10 16:06:02 vaio kernel: [   23.180000] ACPI: Battery Slot [BAT1] (battery absent)
Feb 10 16:06:02 vaio kernel: [   23.200000] input: Lid Switch as /class/input/input3
Feb 10 16:06:02 vaio kernel: [   23.200000] ACPI: Lid Switch [LID0]
Feb 10 16:06:02 vaio kernel: [   23.224000] input: Power Button (CM) as /class/input/input4
Feb 10 16:06:02 vaio kernel: [   23.224000] ACPI: Power Button (CM) [PWRB]
Feb 10 16:06:02 vaio kernel: [   23.316000] ACPI: ACPI Dock Station Driver 
Feb 10 16:06:02 vaio kernel: [   23.348000] Using specific hotkey driver
Feb 10 16:06:02 vaio kernel: [   23.460000] ibm_acpi: ec object not found
Feb 10 16:06:03 vaio kernel: [   25.308000] ppdev: user-space parallel port driver
Feb 10 16:06:04 vaio kernel: [   26.496000] [drm] Initialized drm 1.1.0 20060810
Feb 10 16:06:04 vaio kernel: [   26.672000] ACPI: PCI Interrupt 0000:00:02.0[A] -&gt; GSI 16 (level, low) -&gt; IRQ 16
Feb 10 16:06:04 vaio kernel: [   26.672000] [drm] Initialized i915 1.6.0 20060119 on minor 0
Feb 10 16:06:06 vaio kernel: [   28.504000] apm: BIOS not found.
Feb 10 16:06:07 vaio kernel: [   29.464000] Capability LSM initialized
Feb 10 16:06:08 vaio kernel: [   30.576000] sonypi: Sony Programmable I/O Controller Driver v1.26.
Feb 10 16:06:08 vaio kernel: [   30.576000] sonypi: detected type3 model, verbose = 0, fnkeyinit = off, camera = off, compat = off, mask = 0xffffffff, useinput = on, acpi = on
Feb 10 16:06:08 vaio kernel: [   30.576000] sonypi: enabled at irq=11, port1=0x1080, port2=0x1084
Feb 10 16:06:08 vaio kernel: [   30.576000] sonypi: device allocated minor is 63
Feb 10 16:06:08 vaio kernel: [   30.576000] input: Sony Vaio Jogdial as /class/input/input5
Feb 10 16:06:08 vaio kernel: [   30.576000] input: Sony Vaio Keys as /class/input/input6
Feb 10 16:06:09 vaio kernel: [   31.528000] NET: Registered protocol family 10
Feb 10 16:06:09 vaio kernel: [   31.528000] lo: Disabled Privacy Extensions
Feb 10 16:06:09 vaio kernel: [   31.812000] Bluetooth: Core ver 2.11
Feb 10 16:06:09 vaio kernel: [   31.812000] NET: Registered protocol family 31
Feb 10 16:06:09 vaio kernel: [   31.812000] Bluetooth: HCI device and connection manager initialized
Feb 10 16:06:09 vaio kernel: [   31.812000] Bluetooth: HCI socket layer initialized
Feb 10 16:06:10 vaio kernel: [   31.860000] Bluetooth: L2CAP ver 2.8
Feb 10 16:06:10 vaio kernel: [   31.860000] Bluetooth: L2CAP socket layer initialized
Feb 10 16:06:10 vaio kernel: [   32.056000] Bluetooth: RFCOMM socket layer initialized
Feb 10 16:06:10 vaio kernel: [   32.056000] Bluetooth: RFCOMM TTY layer initialized
Feb 10 16:06:10 vaio kernel: [   32.056000] Bluetooth: RFCOMM ver 1.8
Feb 10 16:08:00 vaio kernel: [  142.500000] bcm43xx_d80211: Adding Interface type 2
Feb 10 16:08:00 vaio kernel: [  142.532000] bcm43xx_d80211: Found PHY: Analog 4, Type 2, Revision 8
Feb 10 16:08:00 vaio kernel: [  142.532000] bcm43xx_d80211: Found Radio: Manuf 0x17F, Version 0x2050, Revision 2
Feb 10 16:08:00 vaio kernel: [  142.692000] bcm43xx_d80211: Loading firmware version 351.126 (2006-07-29 05:54:02)
Feb 10 16:08:00 vaio kernel: [  142.700000] bcm43xx_d80211: Radio turned on
Feb 10 16:08:00 vaio kernel: [  142.788000] bcm43xx_d80211: Chip initialized
Feb 10 16:08:00 vaio kernel: [  142.788000] bcm43xx_d80211: 32-bit DMA initialized
Feb 10 16:08:00 vaio kernel: [  142.804000] bcm43xx_d80211: Wireless interface started
Feb 10 16:08:00 vaio kernel: [  142.824000] wmaster0: Does not support passive scan, disabled
Feb 10 16:08:11 vaio kernel: [  153.744000] wlan0: no IPv6 routers present
Feb 10 16:08:13 vaio kernel: [  155.488000] wlan0: starting scan
Feb 10 16:08:15 vaio kernel: [  157.140000] wlan0: scan completed
Feb 10 16:10:07 vaio kernel: [  269.140000] wlan0: starting scan
Feb 10 16:10:08 vaio kernel: [  270.768000] wlan0: scan completed
Feb 10 16:10:41 vaio kernel: [  303.276000] wlan0: Initial auth_alg=0
Feb 10 16:10:41 vaio kernel: [  303.276000] wlan0: authenticate with AP 00:16:b6:1e:c7:2b
Feb 10 16:10:41 vaio kernel: [  303.276000] wlan0: RX authentication from 00:16:b6:1e:c7:2b (alg=0 transaction=2 status=0)
Feb 10 16:10:41 vaio kernel: [  303.276000] wlan0: authenticated
Feb 10 16:10:41 vaio kernel: [  303.276000] wlan0: associate with AP 00:16:b6:1e:c7:2b
Feb 10 16:10:41 vaio kernel: [  303.280000] wlan0: RX AssocResp from 00:16:b6:1e:c7:2b (capab=0x1 status=0 aid=3)
Feb 10 16:10:41 vaio kernel: [  303.280000] wlan0: associated
Feb 10 16:10:50 vaio kernel: [  311.956000] NET: Registered protocol family 17
Feb 10 16:12:18 vaio kernel: [  400.016000] device wlan0 entered promiscuous mode
Feb 10 16:12:18 vaio kernel: [  400.016000] audit(1171123938.207:2): dev=wlan0 prom=256 old_prom=0 auid=4294967295
Feb 10 16:12:18 vaio kernel: [  400.680000] device wlan0 left promiscuous mode
Feb 10 16:12:18 vaio kernel: [  400.680000] audit(1171123938.871:3): dev=wlan0 prom=0 old_prom=256 auid=4294967295
Feb 10 16:12:21 vaio kernel: [  403.668000] device wlan0 entered promiscuous mode
Feb 10 16:12:21 vaio kernel: [  403.668000] audit(1171123941.859:4): dev=wlan0 prom=256 old_prom=0 auid=4294967295
Feb 10 16:14:49 vaio kernel: [  550.808000] device wlan0 left promiscuous mode
Feb 10 16:14:49 vaio kernel: [  550.808000] audit(1171124089.007:5): dev=wlan0 prom=0 old_prom=256 auid=4294967295
Feb 10 16:18:01 vaio kernel: [  743.064000] bcm43xx_d80211: ASSERTION FAILED (0) at: ubuntu/wireless/d80211/bcm43xx/bcm43xx_dma.c:1012:parse_cookie()
Feb 10 16:18:01 vaio kernel: [  743.064000] bcm43xx_d80211: ASSERTION FAILED (ring &amp;&amp; *slot &gt;= 0 &amp;&amp; *slot &lt; ring-&gt;nr_slots) at: ubuntu/wireless/d80211/bcm43xx/bcm43xx_dma.c:1015:parse_cookie()
Feb 10 16:20:01 vaio kernel: [  863.096000] bcm43xx_d80211: ASSERTION FAILED (0) at: ubuntu/wireless/d80211/bcm43xx/bcm43xx_dma.c:1012:parse_cookie()
Feb 10 16:20:01 vaio kernel: [  863.096000] bcm43xx_d80211: ASSERTION FAILED (ring &amp;&amp; *slot &gt;= 0 &amp;&amp; *slot &lt; ring-&gt;nr_slots) at: ubuntu/wireless/d80211/bcm43xx/bcm43xx_dma.c:1015:parse_cookie()
Feb 10 16:22:01 vaio kernel: [  983.152000] bcm43xx_d80211: ASSERTION FAILED (0) at: ubuntu/wireless/d80211/bcm43xx/bcm43xx_dma.c:1012:parse_cookie()
Feb 10 16:22:01 vaio kernel: [  983.152000] bcm43xx_d80211: ASSERTION FAILED (ring &amp;&amp; *slot &gt;= 0 &amp;&amp; *slot &lt; ring-&gt;nr_slots) at: ubuntu/wireless/d80211/bcm43xx/bcm43xx_dma.c:1015:parse_cookie()
Feb 10 16:26:01 vaio kernel: [ 1223.236000] bcm43xx_d80211: ASSERTION FAILED (0) at: ubuntu/wireless/d80211/bcm43xx/bcm43xx_dma.c:1012:parse_cookie()
Feb 10 16:26:01 vaio kernel: [ 1223.236000] bcm43xx_d80211: ASSERTION FAILED (ring &amp;&amp; *slot &gt;= 0 &amp;&amp; *slot &lt; ring-&gt;nr_slots) at: ubuntu/wireless/d80211/bcm43xx/bcm43xx_dma.c:1015:parse_cookie()
</PRE>

<!--endarticle-->
    <HR>
    <P><UL>
        <!--threads-->
	<LI>Previous message: <A HREF="000452.html">Assertion failed in parse_cookie() (d80211 tree)
</A></li>
	<LI>Next message: <A HREF="000456.html">The new SSB subsystem for bcm43xx (and others)
</A></li>
         <LI> <B>Messages sorted by:</B> 
              <a href="date.html#454">[ date ]</a>
              <a href="thread.html#454">[ thread ]</a>
              <a href="subject.html#454">[ subject ]</a>
              <a href="author.html#454">[ author ]</a>
         </LI>
       </UL>

<hr>
<a href="https://lists.berlios.de/mailman/listinfo/bcm43xx-dev">More information about the Bcm43xx-dev
mailing list</a><br>
</body></html>
