<!DOCTYPE HTML PUBLIC "-//W3C//DTD HTML 4.01 Transitional//EN">
<HTML>
 <HEAD>
   <TITLE> card 4318 rev2 doesn't work at ad-hoc with kernel 2.6.32
   </TITLE>
   <LINK REL="Index" HREF="http://lists.berlios.de/pipermail/bcm43xx-dev/2010-February/index.html" >
   <LINK REL="made" HREF="mailto:bcm43xx-dev%40lists.berlios.de?Subject=Re%3A%20card%204318%20rev2%20doesn%27t%20work%20at%20ad-hoc%20with%20kernel%202.6.32&In-Reply-To=%3C201002282025.12593.toekimov%40gmail.com%3E">
   <META NAME="robots" CONTENT="index,nofollow">
   <style type="text/css">
       pre {
           white-space: pre-wrap;       /* css-2.1, curent FF, Opera, Safari */
           }
   </style>
   <META http-equiv="Content-Type" content="text/html; charset=us-ascii">
   <LINK REL="Previous"  HREF="007057.html">
   
 </HEAD>
 <BODY BGCOLOR="#ffffff">
   <H1>card 4318 rev2 doesn't work at ad-hoc with kernel 2.6.32</H1>
    <B>Ekimov Alexandr</B> 
    <A HREF="mailto:bcm43xx-dev%40lists.berlios.de?Subject=Re%3A%20card%204318%20rev2%20doesn%27t%20work%20at%20ad-hoc%20with%20kernel%202.6.32&In-Reply-To=%3C201002282025.12593.toekimov%40gmail.com%3E"
       TITLE="card 4318 rev2 doesn't work at ad-hoc with kernel 2.6.32">toekimov at gmail.com
       </A><BR>
    <I>Sun Feb 28 18:25:12 CET 2010</I>
    <P><UL>
        <LI>Previous message: <A HREF="007057.html">LP-PHY Fatal DMA error 0x00000800 on non-ULV Core 2 Duo?!?!!??!
</A></li>
        
         <LI> <B>Messages sorted by:</B> 
              <a href="date.html#7058">[ date ]</a>
              <a href="thread.html#7058">[ thread ]</a>
              <a href="subject.html#7058">[ subject ]</a>
              <a href="author.html#7058">[ author ]</a>
         </LI>
       </UL>
    <HR>  
<!--beginarticle-->
<PRE>Hello,
My broadcom card works fine with kernel 2.6.30 and it doesn't with  kernel 
2.6.32.
Card works at ad-hoc mode without encryption. Other device can see point, can 
connect to it. Connection takes long time, about 20-30 secs. But no ping, 
nothing.

Details
dmesg output in attach.
OS: Debian Linux testing 2.6.32-trunk-amd64
Card:  Broadcom Corporation BCM4318 [AirForce One 54g] 802.11g Wireless LAN 
Controller (rev 02)
        Subsystem: ASUSTeK Computer Inc. WL-138G V2 802.11g WLAN PCI Card
04:06.0 0280: 14e4:4318 (rev 02)
        Subsystem: 1043:100f
        Control: I/O- Mem+ BusMaster+ SpecCycle- MemWINV- VGASnoop- ParErr- 
Stepping- SERR+ FastB2B- DisINTx-
        Status: Cap- 66MHz- UDF- FastB2B- ParErr- DEVSEL=fast &gt;TAbort- 
&lt;TAbort- &lt;MAbort- &gt;SERR- &lt;PERR- INTx-
        Latency: 64
        Interrupt: pin A routed to IRQ 21
        Region 0: Memory at fbffc000 (32-bit, non-prefetchable) [size=8K]
        Kernel driver in use: b43-pci-bridge
--
Ekimov Alexander
-------------- next part --------------
[    0.000000] Initializing cgroup subsys cpuset                                     
[    0.000000] Initializing cgroup subsys cpu                                        
[    0.000000] Linux version 2.6.32-trunk-amd64 (Debian 2.6.32-5) (<A HREF="https://lists.berlios.de/mailman/listinfo/bcm43xx-dev">ben at decadent.org.uk</A>) (gcc version 4.3.4 (Debian 4.3.4-6) ) #1 SMP Sun Jan 10 22:40:40 UTC 2010                                                                                                                                                         
[    0.000000] Command line: BOOT_IMAGE=//vmlinuz-2.6.32-trunk-amd64 root=UUID=6bb1bace-a4ca-4fed-98b9-b6d64aca7cbe ro quiet                                 
[    0.000000] KERNEL supported cpus:                                                                                                                        
[    0.000000]   Intel GenuineIntel                                                                                                                          
[    0.000000]   AMD AuthenticAMD                                                                                                                            
[    0.000000]   Centaur CentaurHauls                                                                                                                        
[    0.000000] BIOS-provided physical RAM map:                                                                                                               
[    0.000000]  BIOS-e820: 0000000000000000 - 000000000009fc00 (usable)                                                                                      
[    0.000000]  BIOS-e820: 000000000009fc00 - 00000000000a0000 (reserved)                                                                                    
[    0.000000]  BIOS-e820: 00000000000e6000 - 0000000000100000 (reserved)                                                                                    
[    0.000000]  BIOS-e820: 0000000000100000 - 000000007ff90000 (usable)                                                                                      
[    0.000000]  BIOS-e820: 000000007ff90000 - 000000007ffa8000 (ACPI data)                                                                                   
[    0.000000]  BIOS-e820: 000000007ffa8000 - 000000007ffd0000 (ACPI NVS)                                                                                    
[    0.000000]  BIOS-e820: 000000007ffd0000 - 0000000080000000 (reserved)                                                                                    
[    0.000000]  BIOS-e820: 00000000fff00000 - 0000000100000000 (reserved)                                                                                    
[    0.000000] DMI present.                                                                                                                                  
[    0.000000] AMI BIOS detected: BIOS may corrupt low RAM, working around it.                                                                               
[    0.000000] e820 update range: 0000000000000000 - 0000000000010000 (usable) ==&gt; (reserved)                                                                
[    0.000000] last_pfn = 0x7ff90 max_arch_pfn = 0x400000000                                                                                                 
[    0.000000] MTRR default type: uncachable                                                                                                                 
[    0.000000] MTRR fixed ranges enabled:                                                                                                                    
[    0.000000]   00000-9FFFF write-back                                                                                                                      
[    0.000000]   A0000-EFFFF uncachable                                                                                                                      
[    0.000000]   F0000-FFFFF write-protect                                                                                                                   
[    0.000000] MTRR variable ranges enabled:                                                                                                                 
[    0.000000]   0 base 000000000000 mask FFFF80000000 write-back                                                                                            
[    0.000000]   1 disabled                                                                                                                                  
[    0.000000]   2 disabled                                                                                                                                  
[    0.000000]   3 disabled                                                                                                                                  
[    0.000000]   4 disabled                                                                                                                                  
[    0.000000]   5 disabled                                                                                                                                  
[    0.000000]   6 disabled                                                                                                                                  
[    0.000000]   7 disabled                                                                                                                                  
[    0.000000] x86 PAT enabled: cpu 0, old 0x7040600070406, new 0x7010600070106                                                                              
[    0.000000] initial memory mapped : 0 - 20000000                                                                                                          
[    0.000000] Using GB pages for direct mapping                                                                                                             
[    0.000000] init_memory_mapping: 0000000000000000-000000007ff90000                                                                                        
[    0.000000]  0000000000 - 0040000000 page 1G                                                                                                              
[    0.000000]  0040000000 - 007fe00000 page 2M                                                                                                              
[    0.000000]  007fe00000 - 007ff90000 page 4k                                                                                                              
[    0.000000] kernel direct mapping tables up to 7ff90000 @ 10000-13000                                                                                     
[    0.000000] RAMDISK: 376e5000 - 37fef8a5                                                                                                                  
[    0.000000] ACPI: RSDP 00000000000fb8b0 00014 (v00 ACPIAM)                                                                                                
[    0.000000] ACPI: RSDT 000000007ff90000 00038 (v01 091109 RSDT1219 20090911 MSFT 00000097)                                                                
[    0.000000] ACPI: FACP 000000007ff90200 00084 (v01 091109 FACP1219 20090911 MSFT 00000097)                                                                
[    0.000000] ACPI Warning: Optional field Pm2ControlBlock has zero address or length: 0000000000000000/1 (20090903/tbfadt-557)                             
[    0.000000] ACPI: DSDT 000000007ff90440 0E774 (v01  A1152 A1152000 00000000 INTL 20060113)                                                                
[    0.000000] ACPI: FACS 000000007ffa8000 00040                                                                                                             
[    0.000000] ACPI: APIC 000000007ff90390 0006C (v01 091109 APIC1219 20090911 MSFT 00000097)                                                                
[    0.000000] ACPI: MCFG 000000007ff90400 0003C (v01 091109 OEMMCFG  20090911 MSFT 00000097)                                                                
[    0.000000] ACPI: OEMB 000000007ffa8040 00072 (v01 091109 OEMB1219 20090911 MSFT 00000097)                                                                
[    0.000000] ACPI: HPET 000000007ff9f440 00038 (v01 091109 OEMHPET  20090911 MSFT 00000097)                                                                
[    0.000000] ACPI: Local APIC address 0xfee00000                                                                                                           
[    0.000000] Scanning NUMA topology in Northbridge 24                                                                                                      
[    0.000000] No NUMA configuration found                                                                                                                   
[    0.000000] Faking a node at 0000000000000000-000000007ff90000                                                                                            
[    0.000000] Bootmem setup node 0 0000000000000000-000000007ff90000                                                                                        
[    0.000000]   NODE_DATA [0000000000012000 - 0000000000019fff]                                                                                             
[    0.000000]   bootmap [000000000001a000 -  0000000000029ff7] pages 10                                                                                     
[    0.000000] (7 early reservations) ==&gt; bootmem [0000000000 - 007ff90000]                                                                                  
[    0.000000]   #0 [0000000000 - 0000001000]   BIOS data page ==&gt; [0000000000 - 0000001000]                                                                 
[    0.000000]   #1 [0000006000 - 0000008000]       TRAMPOLINE ==&gt; [0000006000 - 0000008000]                                                                 
[    0.000000]   #2 [0001000000 - 000165d9d4]    TEXT DATA BSS ==&gt; [0001000000 - 000165d9d4]                                                                 
[    0.000000]   #3 [00376e5000 - 0037fef8a5]          RAMDISK ==&gt; [00376e5000 - 0037fef8a5]                                                                 
[    0.000000]   #4 [000009fc00 - 0000100000]    BIOS reserved ==&gt; [000009fc00 - 0000100000]                                                                 
[    0.000000]   #5 [000165e000 - 000165e290]              BRK ==&gt; [000165e000 - 000165e290]                                                                 
[    0.000000]   #6 [0000010000 - 0000012000]          PGTABLE ==&gt; [0000010000 - 0000012000]                                                                 
[    0.000000] found SMP MP-table at [ffff8800000ff780] ff780                                                                                                
[    0.000000]  [ffffea0000000000-ffffea0001bfffff] PMD -&gt; [ffff880001c00000-ffff8800037fffff] on node 0                                                     
[    0.000000] Zone PFN ranges:                                                                                                                              
[    0.000000]   DMA      0x00000010 -&gt; 0x00001000                                                                                                           
[    0.000000]   DMA32    0x00001000 -&gt; 0x00100000                                                                                                           
[    0.000000]   Normal   0x00100000 -&gt; 0x00100000                                                                                                           
[    0.000000] Movable zone start PFN for each node                                                                                                          
[    0.000000] early_node_map[2] active PFN ranges                                                                                                           
[    0.000000]     0: 0x00000010 -&gt; 0x0000009f                                                                                                               
[    0.000000]     0: 0x00000100 -&gt; 0x0007ff90                                                                                                               
[    0.000000] On node 0 totalpages: 524063                                                                                                                  
[    0.000000]   DMA zone: 56 pages used for memmap                                                                                                          
[    0.000000]   DMA zone: 101 pages reserved                                                                                                                
[    0.000000]   DMA zone: 3826 pages, LIFO batch:0                                                                                                          
[    0.000000]   DMA32 zone: 7111 pages used for memmap                                                                                                      
[    0.000000]   DMA32 zone: 512969 pages, LIFO batch:31                                                                                                     
[    0.000000] ACPI: PM-Timer IO Port: 0x808                                                                                                                 
[    0.000000] ACPI: Local APIC address 0xfee00000                                                                                                           
[    0.000000] ACPI: LAPIC (acpi_id[0x01] lapic_id[0x00] enabled)                                                                                            
[    0.000000] ACPI: LAPIC (acpi_id[0x02] lapic_id[0x01] enabled)                                                                                            
[    0.000000] ACPI: LAPIC (acpi_id[0x03] lapic_id[0x02] enabled)                                                                                            
[    0.000000] ACPI: LAPIC (acpi_id[0x04] lapic_id[0x83] disabled)                                                                                           
[    0.000000] ACPI: IOAPIC (id[0x03] address[0xfec00000] gsi_base[0])                                                                                       
[    0.000000] IOAPIC[0]: apic_id 3, version 33, address 0xfec00000, GSI 0-23                                                                                
[    0.000000] ACPI: INT_SRC_OVR (bus 0 bus_irq 0 global_irq 2 dfl dfl)                                                                                      
[    0.000000] ACPI: INT_SRC_OVR (bus 0 bus_irq 9 global_irq 9 low level)                                                                                    
[    0.000000] ACPI: IRQ0 used by override.                                                                                                                  
[    0.000000] ACPI: IRQ2 used by override.                                                                                                                  
[    0.000000] ACPI: IRQ9 used by override.                                                                                                                  
[    0.000000] Using ACPI (MADT) for SMP configuration information                                                                                           
[    0.000000] ACPI: HPET id: 0x8300 base: 0xfed00000                                                                                                        
[    0.000000] SMP: Allowing 4 CPUs, 1 hotplug CPUs                                                                                                          
[    0.000000] nr_irqs_gsi: 24                                                                                                                               
[    0.000000] PM: Registered nosave memory: 000000000009f000 - 00000000000a0000                                                                             
[    0.000000] PM: Registered nosave memory: 00000000000a0000 - 00000000000e6000                                                                             
[    0.000000] PM: Registered nosave memory: 00000000000e6000 - 0000000000100000                                                                             
[    0.000000] Allocating PCI resources starting at 80000000 (gap: 80000000:7ff00000)                                                                        
[    0.000000] Booting paravirtualized kernel on bare hardware                                                                                               
[    0.000000] NR_CPUS:512 nr_cpumask_bits:512 nr_cpu_ids:4 nr_node_ids:1                                                                                    
[    0.000000] PERCPU: Embedded 29 pages/cpu @ffff880001800000 s89880 r8192 d20712 u524288                                                                   
[    0.000000] pcpu-alloc: s89880 r8192 d20712 u524288 alloc=1*2097152                                                                                       
[    0.000000] pcpu-alloc: [0] 0 1 2 3                                                                                                                       
[    0.000000] Built 1 zonelists in Node order, mobility grouping on.  Total pages: 516795                                                                   
[    0.000000] Policy zone: DMA32                                                                                                                            
[    0.000000] Kernel command line: BOOT_IMAGE=//vmlinuz-2.6.32-trunk-amd64 root=UUID=6bb1bace-a4ca-4fed-98b9-b6d64aca7cbe ro quiet                          
[    0.000000] PID hash table entries: 4096 (order: 3, 32768 bytes)                                                                                          
[    0.000000] Initializing CPU#0                                                                                                                            
[    0.000000] Checking aperture...                                                                                                                          
[    0.000000] No AGP bridge found                                                                                                                           
[    0.000000] Node 0: aperture @ 222000000 size 32 MB                                                                                                       
[    0.000000] Aperture beyond 4GB. Ignoring.                                                                                                                
[    0.000000] Memory: 2051016k/2096704k available (2981k kernel code, 452k absent, 45236k reserved, 1843k data, 576k init)                                  
[    0.000000] SLUB: Genslabs=14, HWalign=64, Order=0-3, MinObjects=0, CPUs=4, Nodes=1                                                                       
[    0.000000] Hierarchical RCU implementation.                                                                                                              
[    0.000000] NR_IRQS:4352 nr_irqs:440                                                                                                                      
[    0.000000] spurious 8259A interrupt: IRQ7.                                                                                                               
[    0.000000] Console: colour VGA+ 80x25                                                                                                                    
[    0.000000] console [tty0] enabled                                                                                                                        
[    0.000000] hpet clockevent registered                                                                                                                    
[    0.000000]   alloc irq_desc for 24 on node 0                                                                                                             
[    0.000000]   alloc kstat_irqs on node 0                                                                                                                  
[    0.000000] HPET: 4 timers in total, 1 timers will be used for per-cpu timer                                                                              
[    0.000000] Fast TSC calibration using PIT                                                                                                                
[    0.000000] Detected 2608.543 MHz processor.                                                                                                              
[    0.008004] Calibrating delay loop (skipped), value calculated using timer frequency.. 5217.07 BogoMIPS (lpj=10434156)                                    
[    0.008021] Security Framework initialized                                                                                                                
[    0.008025] SELinux:  Disabled at boot.                                                                                                                   
[    0.008144] Dentry cache hash table entries: 262144 (order: 9, 2097152 bytes)                                                                             
[    0.008760] Inode-cache hash table entries: 131072 (order: 8, 1048576 bytes)                                                                              
[    0.009043] Mount-cache hash table entries: 256                                                                                                           
[    0.009137] Initializing cgroup subsys ns                                                                                                                 
[    0.009140] Initializing cgroup subsys cpuacct                                                                                                            
[    0.009143] Initializing cgroup subsys devices                                                                                                            
[    0.009145] Initializing cgroup subsys freezer                                                                                                            
[    0.009146] Initializing cgroup subsys net_cls                                                                                                            
[    0.009160] CPU: L1 I Cache: 64K (64 bytes/line), D cache 64K (64 bytes/line)                                                                             
[    0.009162] CPU: L2 Cache: 512K (64 bytes/line)                                                                                                           
[    0.009164] CPU 0/0x0 -&gt; Node 0                                                                                                                           
[    0.009166] tseg: 0000000000                                                                                                                              
[    0.009175] CPU: Physical Processor ID: 0                                                                                                                 
[    0.009176] CPU: Processor Core ID: 0                                                                                                                     
[    0.009178] mce: CPU supports 6 MCE banks                                                                                                                 
[    0.009185] using C1E aware idle routine                                                                                                                  
[    0.009187] Performance Events: AMD PMU driver.                                                                                                           
[    0.009190] ... version:                0                                                                                                                 
[    0.009191] ... bit width:              48                                                                                                                
[    0.009193] ... generic registers:      4                                                                                                                 
[    0.009194] ... value mask:             0000ffffffffffff                                                                                                  
[    0.009195] ... max period:             00007fffffffffff                                                                                                  
[    0.009197] ... fixed-purpose events:   0                                                                                                                 
[    0.009198] ... event mask:             000000000000000f                                                                                                  
[    0.009771] ACPI: Core revision 20090903                                                                                                                  
[    0.028045] Setting APIC routing to flat                                                                                                                  
[    0.032263] ..TIMER: vector=0x30 apic1=0 pin1=2 apic2=-1 pin2=-1                                                                                          
[    0.071946] CPU0: AMD Phenom(tm) II X3 710 Processor stepping 02                                                                                          
[    0.072001] Booting processor 1 APIC 0x1 ip 0x6000                                                                                                        
[    0.012000] Initializing CPU#1                                                                                                                            
[    0.012000] Calibrating delay using timer specific routine.. 5217.59 BogoMIPS (lpj=10435193)                                                              
[    0.012000] CPU: L1 I Cache: 64K (64 bytes/line), D cache 64K (64 bytes/line)                                                                             
[    0.012000] CPU: L2 Cache: 512K (64 bytes/line)                                                                                                           
[    0.012000] CPU 1/0x1 -&gt; Node 0                                                                                                                           
[    0.012000] CPU: Physical Processor ID: 0                                                                                                                 
[    0.012000] CPU: Processor Core ID: 1                                                                                                                     
[    0.156077] CPU1: AMD Phenom(tm) II X3 710 Processor stepping 02                                                                                          
[    0.156083] checking TSC synchronization [CPU#0 -&gt; CPU#1]: passed.                                                                                        
[    0.160044] Booting processor 2 APIC 0x2 ip 0x6000                                                                                                        
[    0.012000] Initializing CPU#2                                                                                                                            
[    0.012000] Calibrating delay using timer specific routine.. 5217.58 BogoMIPS (lpj=10435166)                                                              
[    0.012000] CPU: L1 I Cache: 64K (64 bytes/line), D cache 64K (64 bytes/line)                                                                             
[    0.012000] CPU: L2 Cache: 512K (64 bytes/line)                                                                                                           
[    0.012000] CPU 2/0x2 -&gt; Node 0                                                                                                                           
[    0.012000] CPU: Physical Processor ID: 0                                                                                                                 
[    0.012000] CPU: Processor Core ID: 2                                                                                                                     
[    0.248082] CPU2: AMD Phenom(tm) II X3 710 Processor stepping 02                                                                                          
[    0.248087] checking TSC synchronization [CPU#0 -&gt; CPU#2]: passed.                                                                                        
[    0.252015] Brought up 3 CPUs                                                                                                                             
[    0.252017] Total of 3 processors activated (15652.25 BogoMIPS).                                                                                          
[    0.253230] CPU0 attaching sched-domain:                                                                                                                  
[    0.253232]  domain 0: span 0-2 level MC                                                                                                                  
[    0.253234]   groups: 0 1 2                                                                                                                               
[    0.253239] CPU1 attaching sched-domain:                                                                                                                  
[    0.253240]  domain 0: span 0-2 level MC                                                                                                                  
[    0.253242]   groups: 1 2 0                                                                                                                               
[    0.253245] CPU2 attaching sched-domain:                                                                                                                  
[    0.253247]  domain 0: span 0-2 level MC                                                                                                                  
[    0.253248]   groups: 2 0 1                                                                                                                               
[    0.253361] devtmpfs: initialized                                                                                                                         
[    0.256356] regulator: core version 0.5                                                                                                                   
[    0.256390] NET: Registered protocol family 16                                                                                                            
[    0.256450] node 0 link 0: io port [1000, ffffff]                                                                                                         
[    0.256452] TOM: 0000000080000000 aka 2048M                                                                                                               
[    0.256454] Fam 10h mmconf [e0000000, efffffff]                                                                                                           
[    0.256456] node 0 link 0: mmio [a0000, bffff]                                                                                                            
[    0.256458] node 0 link 0: mmio [80000000, dfffffff]                                                                                                      
[    0.256460] node 0 link 0: mmio [e0000000, efffffff] ==&gt; none                                                                                             
[    0.256462] node 0 link 0: mmio [f0000000, fbafffff]                                                                                                      
[    0.256464] node 0 link 0: mmio [fbb00000, fbcfffff]                                                                                                      
[    0.256466] node 0 link 0: mmio [fbd00000, ffefffff]                                                                                                      
[    0.256468] bus: [00,07] on node 0 link 0                                                                                                                 
[    0.256470] bus: 00 index 0 io port: [0, ffff]                                                                                                            
[    0.256471] bus: 00 index 1 mmio: [a0000, bffff]                                                                                                          
[    0.256473] bus: 00 index 2 mmio: [80000000, dfffffff]                                                                                                    
[    0.256475] bus: 00 index 3 mmio: [f0000000, fcffffffff]                                                                                                  
[    0.256482] ACPI: bus type pci registered                                                                                                                 
[    0.256526] PCI: MCFG configuration 0: base e0000000 segment 0 buses 0 - 255                                                                              
[    0.256529] PCI: Not using MMCONFIG.                                                                                                                      
[    0.256530] PCI: Using configuration type 1 for base access                                                                                               
[    0.256531] PCI: Using configuration type 1 for extended access                                                                                           
[    0.256573] mtrr: your CPUs had inconsistent fixed MTRR settings                                                                                          
[    0.256575] mtrr: probably your BIOS does not setup all CPUs.                                                                                             
[    0.256576] mtrr: corrected configuration.                                                                                                                
[    0.256801] bio: create slab &lt;bio-0&gt; at 0                                                                                                                 
[    0.257334] ACPI: EC: Look up EC in DSDT                                                                                                                  
[    0.259348] ACPI Error (psargs-0359): [ECEN] Namespace lookup failure, AE_NOT_FOUND                                                                       
[    0.259352] ACPI Error (psparse-0537): Method parse/execution failed [\] (Node ffffffff81640fc0), AE_NOT_FOUND                                            
[    0.259441] ACPI: Executed 3 blocks of module-level executable AML code                                                                                   
[    0.342725] ACPI: Interpreter enabled                                                                                                                     
[    0.342730] ACPI: (supports S0 S1 S3 S4 S5)                                                                                                               
[    0.342752] ACPI: Using IOAPIC for interrupt routing                                                                                                      
[    0.342804] PCI: MCFG configuration 0: base e0000000 segment 0 buses 0 - 255                                                                              
[    0.346969] PCI: MCFG area at e0000000 reserved in ACPI motherboard resources                                                                             
[    0.350151] PCI: Using MMCONFIG at e0000000 - efffffff                                                                                                    
[    0.356940] ACPI Warning: Incorrect checksum in table [OEMB] - 22, should be 19 (20090903/tbutils-314)                                                    
[    0.357036] ACPI: No dock devices found.                                                                                                                  
[    0.357181] ACPI: PCI Root Bridge [PCI0] (0000:00)                                                                                                        
[    0.357285] pci 0000:00:06.0: PME# supported from D0 D3hot D3cold                                                                                         
[    0.357288] pci 0000:00:06.0: PME# disabled                                                                                                               
[    0.357315] pci 0000:00:07.0: PME# supported from D0 D3hot D3cold                                                                                         
[    0.357318] pci 0000:00:07.0: PME# disabled                                                                                                               
[    0.357359] pci 0000:00:11.0: reg 10 io port: [0xa000-0xa007]                                                                                             
[    0.357366] pci 0000:00:11.0: reg 14 io port: [0x9000-0x9003]                                                                                             
[    0.357372] pci 0000:00:11.0: reg 18 io port: [0x8000-0x8007]                                                                                             
[    0.357378] pci 0000:00:11.0: reg 1c io port: [0x7000-0x7003]                                                                                             
[    0.357384] pci 0000:00:11.0: reg 20 io port: [0x6000-0x600f]                                                                                             
[    0.357391] pci 0000:00:11.0: reg 24 32bit mmio: [0xfbaffc00-0xfbafffff]                                                                                  
[    0.357432] pci 0000:00:12.0: reg 10 32bit mmio: [0xfbafd000-0xfbafdfff]                                                                                  
[    0.357481] pci 0000:00:12.1: reg 10 32bit mmio: [0xfbafe000-0xfbafefff]                                                                                  
[    0.357547] pci 0000:00:12.2: reg 10 32bit mmio: [0xfbaff800-0xfbaff8ff]                                                                                  
[    0.357594] pci 0000:00:12.2: supports D1 D2                                                                                                              
[    0.357596] pci 0000:00:12.2: PME# supported from D0 D1 D2 D3hot                                                                                          
[    0.357599] pci 0000:00:12.2: PME# disabled                                                                                                               
[    0.357629] pci 0000:00:13.0: reg 10 32bit mmio: [0xfbafb000-0xfbafbfff]                                                                                  
[    0.357678] pci 0000:00:13.1: reg 10 32bit mmio: [0xfbafc000-0xfbafcfff]                                                                                  
[    0.357744] pci 0000:00:13.2: reg 10 32bit mmio: [0xfbaff400-0xfbaff4ff]                                                                                  
[    0.357791] pci 0000:00:13.2: supports D1 D2                                                                                                              
[    0.357792] pci 0000:00:13.2: PME# supported from D0 D1 D2 D3hot                                                                                          
[    0.357796] pci 0000:00:13.2: PME# disabled                                                                                                               
[    0.357901] pci 0000:00:14.1: reg 10 io port: [0x00-0x07]                                                                                                 
[    0.357907] pci 0000:00:14.1: reg 14 io port: [0x00-0x03]                                                                                                 
[    0.357913] pci 0000:00:14.1: reg 18 io port: [0x00-0x07]                                                                                                 
[    0.357919] pci 0000:00:14.1: reg 1c io port: [0x00-0x03]                                                                                                 
[    0.357925] pci 0000:00:14.1: reg 20 io port: [0xff00-0xff0f]                                                                                             
[    0.357984] pci 0000:00:14.2: reg 10 64bit mmio: [0xfbaf4000-0xfbaf7fff]                                                                                  
[    0.358023] pci 0000:00:14.2: PME# supported from D0 D3hot D3cold                                                                                         
[    0.358027] pci 0000:00:14.2: PME# disabled                                                                                                               
[    0.358122] pci 0000:00:14.5: reg 10 32bit mmio: [0xfbafa000-0xfbafafff]                                                                                  
[    0.358238] pci 0000:01:05.0: reg 10 32bit mmio pref: [0xd0000000-0xdfffffff]                                                                             
[    0.358242] pci 0000:01:05.0: reg 14 io port: [0xb000-0xb0ff]                                                                                             
[    0.358245] pci 0000:01:05.0: reg 18 32bit mmio: [0xfbce0000-0xfbceffff]                                                                                  
[    0.358251] pci 0000:01:05.0: reg 24 32bit mmio: [0xfbb00000-0xfbbfffff]                                                                                  
[    0.358260] pci 0000:01:05.0: supports D1 D2                                                                                                              
[    0.358275] pci 0000:01:05.1: reg 10 32bit mmio: [0xfbcfc000-0xfbcfffff]                                                                                  
[    0.358290] pci 0000:01:05.1: supports D1 D2                                                                                                              
[    0.358326] pci 0000:00:01.0: bridge io port: [0xb000-0xbfff]                                                                                             
[    0.358329] pci 0000:00:01.0: bridge 32bit mmio: [0xfbb00000-0xfbcfffff]                                                                                  
[    0.358332] pci 0000:00:01.0: bridge 64bit mmio pref: [0xd0000000-0xdfffffff]                                                                             
[    0.358375] pci 0000:02:00.0: reg 10 64bit mmio: [0xfbdc0000-0xfbdfffff]                                                                                  
[    0.358381] pci 0000:02:00.0: reg 18 io port: [0xcc00-0xcc7f]                                                                                             
[    0.358429] pci 0000:02:00.0: PME# supported from D3hot D3cold                                                                                            
[    0.358433] pci 0000:02:00.0: PME# disabled                                                                                                               
[    0.358484] pci 0000:00:06.0: bridge io port: [0xc000-0xcfff]                                                                                             
[    0.358487] pci 0000:00:06.0: bridge 32bit mmio: [0xfbd00000-0xfbdfffff]                                                                                  
[    0.358550] pci 0000:03:00.0: reg 10 64bit mmio: [0xfbeff800-0xfbefffff]                                                                                  
[    0.358560] pci 0000:03:00.0: reg 18 io port: [0xd800-0xd8ff]                                                                                             
[    0.358633] pci 0000:03:00.0: supports D2                                                                                                                 
[    0.358634] pci 0000:03:00.0: PME# supported from D2 D3hot D3cold                                                                                         
[    0.358640] pci 0000:03:00.0: PME# disabled                                                                                                               
[    0.358700] pci 0000:00:07.0: bridge io port: [0xd000-0xdfff]                                                                                             
[    0.358702] pci 0000:00:07.0: bridge 32bit mmio: [0xfbe00000-0xfbefffff]                                                                                  
[    0.358771] pci 0000:04:05.0: reg 20 io port: [0xe880-0xe89f]                                                                                             
[    0.358804] pci 0000:04:05.0: supports D1 D2                                                                                                              
[    0.358806] pci 0000:04:05.0: PME# supported from D0 D1 D2 D3hot                                                                                          
[    0.358810] pci 0000:04:05.0: PME# disabled                                                                                                               
[    0.358871] pci 0000:04:05.1: reg 20 io port: [0xec00-0xec1f]                                                                                             
[    0.358904] pci 0000:04:05.1: supports D1 D2                                                                                                              
[    0.358906] pci 0000:04:05.1: PME# supported from D0 D1 D2 D3hot                                                                                          
[    0.358910] pci 0000:04:05.1: PME# disabled                                                                                                               
[    0.358949] pci 0000:04:05.2: reg 10 32bit mmio: [0xfbfffc00-0xfbfffcff]                                                                                  
[    0.359004] pci 0000:04:05.2: supports D1 D2                                                                                                              
[    0.359006] pci 0000:04:05.2: PME# supported from D0 D1 D2 D3hot                                                                                          
[    0.359010] pci 0000:04:05.2: PME# disabled                                                                                                               
[    0.359043] pci 0000:04:06.0: reg 10 32bit mmio: [0xfbffc000-0xfbffdfff]                                                                                  
[    0.359124] pci 0000:00:14.4: transparent bridge                                                                                                          
[    0.359128] pci 0000:00:14.4: bridge io port: [0xe000-0xefff]                                                                                             
[    0.359132] pci 0000:00:14.4: bridge 32bit mmio: [0xfbf00000-0xfbffffff]                                                                                  
[    0.359148] ACPI: PCI Interrupt Routing Table [\_SB_.PCI0._PRT]                                                                                           
[    0.359344] ACPI: PCI Interrupt Routing Table [\_SB_.PCI0.P0P1._PRT]                                                                                      
[    0.359411] ACPI: PCI Interrupt Routing Table [\_SB_.PCI0.PCE6._PRT]                                                                                      
[    0.359463] ACPI: PCI Interrupt Routing Table [\_SB_.PCI0.PCE7._PRT]                                                                                      
[    0.359538] ACPI: PCI Interrupt Routing Table [\_SB_.PCI0.P0PC._PRT]                                                                                      
[    0.363947] ACPI: PCI Interrupt Link [LNKA] (IRQs 4 *7 10 11 12 14 15)                                                                                    
[    0.364066] ACPI: PCI Interrupt Link [LNKB] (IRQs 4 7 *10 11 12 14 15)                                                                                    
[    0.364177] ACPI: PCI Interrupt Link [LNKC] (IRQs 4 7 *10 11 12 14 15)                                                                                    
[    0.364285] ACPI: PCI Interrupt Link [LNKD] (IRQs 4 7 10 *11 12 14 15)                                                                                    
[    0.364393] ACPI: PCI Interrupt Link [LNKE] (IRQs 4 7 *10 11 12 14 15)                                                                                    
[    0.364501] ACPI: PCI Interrupt Link [LNKF] (IRQs 4 7 *10 11 12 14 15)                                                                                    
[    0.364608] ACPI: PCI Interrupt Link [LNKG] (IRQs 4 7 10 *11 12 14 15)                                                                                    
[    0.364716] ACPI: PCI Interrupt Link [LNKH] (IRQs 4 7 10 11 12 14 15) *0, disabled.                                                                       
[    0.364793] vgaarb: device added: PCI:0000:01:05.0,decodes=io+mem,owns=io+mem,locks=none                                                                  
[    0.364797] vgaarb: loaded                                                                                                                                
[    0.364839] PCI: Using ACPI for IRQ routing                                                                                                               
[    0.364990] hpet0: at MMIO 0xfed00000, IRQs 2, 8, 24, 0                                                                                                   
[    0.364994] hpet0: 4 comparators, 32-bit 14.318180 MHz counter                                                                                            
[    0.368022] hpet: hpet2 irq 24 for MSI                                                                                                                    
[    0.368042] Switching to clocksource tsc                                                                                                                  
[    0.368700] pnp: PnP ACPI init                                                                                                                            
[    0.368708] ACPI: bus type pnp registered                                                                                                                 
[    0.372391] pnp: PnP ACPI: found 14 devices                                                                                                               
[    0.372392] ACPI: ACPI bus type pnp unregistered                                                                                                          
[    0.372402] system 00:07: iomem range 0xfec00000-0xfec00fff could not be reserved                                                                         
[    0.372405] system 00:07: iomem range 0xfee00000-0xfee00fff has been reserved                                                                             
[    0.372409] system 00:08: ioport range 0x4d0-0x4d1 has been reserved                                                                                      
[    0.372411] system 00:08: ioport range 0x40b-0x40b has been reserved                                                                                      
[    0.372414] system 00:08: ioport range 0x4d6-0x4d6 has been reserved                                                                                      
[    0.372416] system 00:08: ioport range 0xc00-0xc01 has been reserved                                                                                      
[    0.372418] system 00:08: ioport range 0xc14-0xc14 has been reserved                                                                                      
[    0.372420] system 00:08: ioport range 0xc50-0xc51 has been reserved                                                                                      
[    0.372422] system 00:08: ioport range 0xc52-0xc52 has been reserved                                                                                      
[    0.372425] system 00:08: ioport range 0xc6c-0xc6c has been reserved                                                                                      
[    0.372427] system 00:08: ioport range 0xc6f-0xc6f has been reserved                                                                                      
[    0.372429] system 00:08: ioport range 0xcd0-0xcd1 has been reserved                                                                                      
[    0.372432] system 00:08: ioport range 0xcd2-0xcd3 has been reserved                                                                                      
[    0.372434] system 00:08: ioport range 0xcd4-0xcd5 has been reserved                                                                                      
[    0.372436] system 00:08: ioport range 0xcd6-0xcd7 has been reserved                                                                                      
[    0.372438] system 00:08: ioport range 0xcd8-0xcdf has been reserved                                                                                      
[    0.372440] system 00:08: ioport range 0xb00-0xb3f has been reserved                                                                                      
[    0.372442] system 00:08: ioport range 0x800-0x89f has been reserved                                                                                      
[    0.372444] system 00:08: ioport range 0xb00-0xb0f has been reserved                                                                                      
[    0.372446] system 00:08: ioport range 0xb20-0xb3f has been reserved                                                                                      
[    0.372448] system 00:08: ioport range 0x900-0x90f has been reserved                                                                                      
[    0.372451] system 00:08: ioport range 0x910-0x91f has been reserved                                                                                      
[    0.372453] system 00:08: ioport range 0xfe00-0xfefe has been reserved                                                                                    
[    0.372456] system 00:08: iomem range 0xffb80000-0xffbfffff has been reserved                                                                             
[    0.372458] system 00:08: iomem range 0xfec10000-0xfec1001f has been reserved                                                                             
[    0.372462] system 00:0b: ioport range 0x230-0x23f has been reserved                                                                                      
[    0.372464] system 00:0b: ioport range 0x290-0x29f has been reserved                                                                                      
[    0.372466] system 00:0b: ioport range 0xf40-0xf4f has been reserved                                                                                      
[    0.372468] system 00:0b: ioport range 0xa30-0xa3f has been reserved                                                                                      
[    0.372473] system 00:0c: iomem range 0xe0000000-0xefffffff has been reserved                                                                             
[    0.372477] system 00:0d: iomem range 0x0-0x9ffff could not be reserved                                                                                   
[    0.372479] system 00:0d: iomem range 0xc0000-0xcffff has been reserved                                                                                   
[    0.372481] system 00:0d: iomem range 0xe0000-0xfffff could not be reserved                                                                               
[    0.372483] system 00:0d: iomem range 0x100000-0x7fffffff could not be reserved                                                                           
[    0.372485] system 00:0d: iomem range 0xfec00000-0xffffffff could not be reserved                                                                         
[    0.377137] pci 0000:00:01.0: PCI bridge, secondary bus 0000:01                                                                                           
[    0.377139] pci 0000:00:01.0:   IO window: 0xb000-0xbfff                                                                                                  
[    0.377142] pci 0000:00:01.0:   MEM window: 0xfbb00000-0xfbcfffff                                                                                         
[    0.377145] pci 0000:00:01.0:   PREFETCH window: 0x000000d0000000-0x000000dfffffff                                                                        
[    0.377148] pci 0000:00:06.0: PCI bridge, secondary bus 0000:02                                                                                           
[    0.377150] pci 0000:00:06.0:   IO window: 0xc000-0xcfff                                                                                                  
[    0.377153] pci 0000:00:06.0:   MEM window: 0xfbd00000-0xfbdfffff                                                                                         
[    0.377155] pci 0000:00:06.0:   PREFETCH window: disabled                                                                                                 
[    0.377157] pci 0000:00:07.0: PCI bridge, secondary bus 0000:03                                                                                           
[    0.377159] pci 0000:00:07.0:   IO window: 0xd000-0xdfff                                                                                                  
[    0.377162] pci 0000:00:07.0:   MEM window: 0xfbe00000-0xfbefffff                                                                                         
[    0.377164] pci 0000:00:07.0:   PREFETCH window: disabled                                                                                                 
[    0.377167] pci 0000:00:14.4: PCI bridge, secondary bus 0000:04                                                                                           
[    0.377169] pci 0000:00:14.4:   IO window: 0xe000-0xefff                                                                                                  
[    0.377174] pci 0000:00:14.4:   MEM window: 0xfbf00000-0xfbffffff                                                                                         
[    0.377177] pci 0000:00:14.4:   PREFETCH window: disabled                                                                                                 
[    0.377187]   alloc irq_desc for 18 on node 0                                                                                                             
[    0.377188]   alloc kstat_irqs on node 0                                                                                                                  
[    0.377192] pci 0000:00:06.0: PCI INT A -&gt; GSI 18 (level, low) -&gt; IRQ 18                                                                                  
[    0.377195] pci 0000:00:06.0: setting latency timer to 64                                                                                                 
[    0.377199]   alloc irq_desc for 19 on node 0                                                                                                             
[    0.377200]   alloc kstat_irqs on node 0                                                                                                                  
[    0.377203] pci 0000:00:07.0: PCI INT A -&gt; GSI 19 (level, low) -&gt; IRQ 19                                                                                  
[    0.377205] pci 0000:00:07.0: setting latency timer to 64                                                                                                 
[    0.377211] pci_bus 0000:00: resource 0 io:  [0x00-0xffff]                                                                                                
[    0.377213] pci_bus 0000:00: resource 1 mem: [0x000000-0xffffffffffffffff]                                                                                
[    0.377215] pci_bus 0000:01: resource 0 io:  [0xb000-0xbfff]                                                                                              
[    0.377217] pci_bus 0000:01: resource 1 mem: [0xfbb00000-0xfbcfffff]                                                                                      
[    0.377219] pci_bus 0000:01: resource 2 pref mem [0xd0000000-0xdfffffff]                                                                                  
[    0.377221] pci_bus 0000:02: resource 0 io:  [0xc000-0xcfff]                                                                                              
[    0.377223] pci_bus 0000:02: resource 1 mem: [0xfbd00000-0xfbdfffff]                                                                                      
[    0.377225] pci_bus 0000:03: resource 0 io:  [0xd000-0xdfff]                                                                                              
[    0.377226] pci_bus 0000:03: resource 1 mem: [0xfbe00000-0xfbefffff]                                                                                      
[    0.377228] pci_bus 0000:04: resource 0 io:  [0xe000-0xefff]                                                                                              
[    0.377230] pci_bus 0000:04: resource 1 mem: [0xfbf00000-0xfbffffff]                                                                                      
[    0.377232] pci_bus 0000:04: resource 3 io:  [0x00-0xffff]                                                                                                
[    0.377234] pci_bus 0000:04: resource 4 mem: [0x000000-0xffffffffffffffff]                                                                                
[    0.377254] NET: Registered protocol family 2                                                                                                             
[    0.377339] IP route cache hash table entries: 65536 (order: 7, 524288 bytes)                                                                             
[    0.377816] TCP established hash table entries: 262144 (order: 10, 4194304 bytes)                                                                         
[    0.378866] TCP bind hash table entries: 65536 (order: 8, 1048576 bytes)                                                                                  
[    0.379161] TCP: Hash tables configured (established 262144 bind 65536)                                                                                   
[    0.379163] TCP reno registered                                                                                                                           
[    0.379233] NET: Registered protocol family 1                                                                                                             
[    0.523914] pci 0000:01:05.0: Boot video device                                                                                                           
[    0.524004] Unpacking initramfs...                                                                                                                        
[    0.683111] Freeing initrd memory: 9258k freed                                                                                                            
[    0.685954] audit: initializing netlink socket (disabled)                                                                                                 
[    0.685964] type=2000 audit(1266736910.683:1): initialized                                                                                                
[    0.686125] HugeTLB registered 2 MB page size, pre-allocated 0 pages                                                                                      
[    0.687097] VFS: Disk quotas dquot_6.5.2                                                                                                                  
[    0.687135] Dquot-cache hash table entries: 512 (order 0, 4096 bytes)                                                                                     
[    0.687199] msgmni has been set to 4023                                                                                                                   
[    0.687337] alg: No test for stdrng (krng)                                                                                                                
[    0.687373] Block layer SCSI generic (bsg) driver version 0.4 loaded (major 253)                                                                          
[    0.687375] io scheduler noop registered                                                                                                                  
[    0.687377] io scheduler anticipatory registered                                                                                                          
[    0.687378] io scheduler deadline registered                                                                                                              
[    0.687400] io scheduler cfq registered (default)                                                                                                         
[    0.687507]   alloc irq_desc for 25 on node 0                                                                                                             
[    0.687509]   alloc kstat_irqs on node 0                                                                                                                  
[    0.687516] pcieport 0000:00:06.0: irq 25 for MSI/MSI-X                                                                                                   
[    0.687520] pcieport 0000:00:06.0: setting latency timer to 64                                                                                            
[    0.687587]   alloc irq_desc for 26 on node 0                                                                                                             
[    0.687589]   alloc kstat_irqs on node 0                                                                                                                  
[    0.687592] pcieport 0000:00:07.0: irq 26 for MSI/MSI-X                                                                                                   
[    0.687596] pcieport 0000:00:07.0: setting latency timer to 64                                                                                            
[    0.688603] Serial: 8250/16550 driver, 4 ports, IRQ sharing enabled                                                                                       
[    0.688699] serial8250: ttyS0 at I/O 0x3f8 (irq = 4) is a 16550A                                                                                          
[    0.688954] 00:09: ttyS0 at I/O 0x3f8 (irq = 4) is a 16550A                                                                                               
[    0.689079] input: Macintosh mouse button emulation as /devices/virtual/input/input0                                                                      
[    0.689119] PNP: No PS/2 controller found. Probing ports directly.                                                                                        
[    0.689501] serio: i8042 KBD port at 0x60,0x64 irq 1                                                                                                      
[    0.689510] serio: i8042 AUX port at 0x60,0x64 irq 12                                                                                                     
[    0.689598] mice: PS/2 mouse device common for all mice                                                                                                   
[    0.689613] Driver 'rtc_cmos' needs updating - please use bus_type methods                                                                                
[    0.689633] rtc_cmos 00:03: RTC can wake from S4                                                                                                          
[    0.689660] rtc_cmos 00:03: rtc core: registered rtc_cmos as rtc0                                                                                         
[    0.689683] rtc0: alarms up to one month, y3k, 114 bytes nvram, hpet irqs                                                                                 
[    0.689692] cpuidle: using governor ladder                                                                                                                
[    0.689694] cpuidle: using governor menu                                                                                                                  
[    0.689697] No iBFT detected.                                                                                                                             
[    0.689926] TCP cubic registered                                                                                                                          
[    0.690001] NET: Registered protocol family 10                                                                                                            
[    0.690370] lo: Disabled Privacy Extensions                                                                                                               
[    0.690582] Mobile IPv6                                                                                                                                   
[    0.690584] NET: Registered protocol family 17                                                                                                            
[    0.690641] registered taskstats version 1                                                                                                                
[    0.690995] rtc_cmos 00:03: setting system clock to 2010-02-21 07:21:51 UTC (1266736911)                                                                  
[    0.691030] Freeing unused kernel memory: 576k freed                                                                                                      
[    0.691172] Write protecting the kernel read-only data: 4096k                                                                                             
[    0.779616] firewire_ohci 0000:03:00.0: PCI INT A -&gt; GSI 19 (level, low) -&gt; IRQ 19                                                                        
[    0.779624] firewire_ohci 0000:03:00.0: setting latency timer to 64                                                                                       
[    0.791750] SCSI subsystem initialized                                                                                                                    
[    0.798020] usbcore: registered new interface driver usbfs                                                                                                
[    0.798041] usbcore: registered new interface driver hub                                                                                                  
[    0.798163] usbcore: registered new device driver usb                                                                                                     
[    0.799202] ehci_hcd: USB 2.0 'Enhanced' Host Controller (EHCI) Driver                                                                                    
[    0.799295]   alloc irq_desc for 17 on node 0                                                                                                             
[    0.799297]   alloc kstat_irqs on node 0                                                                                                                  
[    0.799304] ehci_hcd 0000:00:12.2: PCI INT B -&gt; GSI 17 (level, low) -&gt; IRQ 17                                                                             
[    0.799321] ehci_hcd 0000:00:12.2: EHCI Host Controller                                                                                                   
[    0.799343] ehci_hcd 0000:00:12.2: new USB bus registered, assigned bus number 1                                                                          
[    0.799364] ehci_hcd 0000:00:12.2: applying AMD SB600/SB700 USB freeze workaround                                                                         
[    0.799376] ehci_hcd 0000:00:12.2: debug port 1                                                                                                           
[    0.799396] ehci_hcd 0000:00:12.2: irq 17, io mem 0xfbaff800                                                                                              
[    0.805432] Uniform Multi-Platform E-IDE driver                                                                                                           
[    0.807412] ATL1E 0000:02:00.0: PCI INT A -&gt; GSI 18 (level, low) -&gt; IRQ 18                                                                                
[    0.807421] ATL1E 0000:02:00.0: setting latency timer to 64                                                                                               
[    0.807919] ehci_hcd 0000:00:12.2: USB 2.0 started, EHCI 1.00                                                                                             
[    0.807936] usb usb1: New USB device found, idVendor=1d6b, idProduct=0002                                                                                 
[    0.807939] usb usb1: New USB device strings: Mfr=3, Product=2, SerialNumber=1                                                                            
[    0.807940] usb usb1: Product: EHCI Host Controller                                                                                                       
[    0.807942] usb usb1: Manufacturer: Linux 2.6.32-trunk-amd64 ehci_hcd                                                                                     
[    0.807943] usb usb1: SerialNumber: 0000:00:12.2                                                                                                          
[    0.808004] usb usb1: configuration #1 chosen from 1 choice                                                                                               
[    0.808027] hub 1-0:1.0: USB hub found                                                                                                                    
[    0.808032] hub 1-0:1.0: 6 ports detected                                                                                                                 
[    0.808141] input: Power Button as /devices/LNXSYSTM:00/LNXSYBUS:00/PNP0C0C:00/input/input1                                                               
[    0.808151] ACPI: Power Button [PWRB]                                                                                                                     
[    0.808202] input: Power Button as /devices/LNXSYSTM:00/LNXPWRBN:00/input/input2                                                                          
[    0.808204] ACPI: Power Button [PWRF]                                                                                                                     
[    0.808610] atiixp 0000:00:14.1: IDE controller (0x1002:0x439c rev 0x00)                                                                                  
[    0.808617]   alloc irq_desc for 16 on node 0                                                                                                             
[    0.808619]   alloc kstat_irqs on node 0                                                                                                                  
[    0.808624] ATIIXP_IDE 0000:00:14.1: PCI INT A -&gt; GSI 16 (level, low) -&gt; IRQ 16                                                                           
[    0.808637] atiixp 0000:00:14.1: not 100% native mode: will probe irqs later                                                                              
[    0.808642]     ide0: BM-DMA at 0xff00-0xff07                                                                                                             
[    0.808646] atiixp 0000:00:14.1: simplex device: DMA disabled                                                                                             
[    0.808648] ide1: DMA disabled                                                                                                                            
[    0.808649] Probing IDE interface ide0...                                                                                                                 
[    0.831666]   alloc irq_desc for 21 on node 0                                                                                                             
[    0.831668]   alloc kstat_irqs on node 0                                                                                                                  
[    0.831672] b43-pci-bridge 0000:04:06.0: PCI INT A -&gt; GSI 21 (level, low) -&gt; IRQ 21                                                                       
[    0.831738] FDC 0 is a post-1991 82077                                                                                                                    
[    0.831813] libata version 3.00 loaded.                                                                                                                   
[    0.855934] firewire_ohci: Added fw-ohci device 0000:03:00.0, OHCI version 1.10                                                                           
[    0.887982] ssb: Sonics Silicon Backplane found on PCI device 0000:04:06.0                                                                                
[    1.060319] hda: Hitachi HDT725025VLAT80, ATA DISK drive                                                                                                  
[    1.308077] firewire_core: created device fw0: GUID 001e8c0001d42516, S400                                                                                
[    1.900023] hdb: Optiarc DVD RW AD-7203A, ATAPI CD/DVD-ROM drive                                                                                          
[    1.900056] hda: host max PIO4 wanted PIO255(auto-tune) selected PIO4                                                                                     
[    1.900207] hda: UDMA/100 mode selected                                                                                                                   
[    1.900356] hdb: host max PIO4 wanted PIO255(auto-tune) selected PIO4                                                                                     
[    1.900620] hdb: UDMA/66 mode selected                                                                                                                    
[    1.900948] Probing IDE interface ide1...                                                                                                                 
[    1.903923] ide1: no devices on the port                                                                                                                  
[    1.903957] ide0 at 0x1f0-0x1f7,0x3f6 on irq 14                                                                                                           
[    1.931370] ide1 at 0x170-0x177,0x376 on irq 15                                                                                                           
[    1.931492] ehci_hcd 0000:00:13.2: PCI INT B -&gt; GSI 19 (level, low) -&gt; IRQ 19                                                                             
[    1.931505] ehci_hcd 0000:00:13.2: EHCI Host Controller                                                                                                   
[    1.931514] ehci_hcd 0000:00:13.2: new USB bus registered, assigned bus number 2                                                                          
[    1.931531] ehci_hcd 0000:00:13.2: applying AMD SB600/SB700 USB freeze workaround                                                                         
[    1.931543] ehci_hcd 0000:00:13.2: debug port 1                                                                                                           
[    1.931554] ehci_hcd 0000:00:13.2: irq 19, io mem 0xfbaff400                                                                                              
[    1.940024] ehci_hcd 0000:00:13.2: USB 2.0 started, EHCI 1.00                                                                                             
[    1.940040] usb usb2: New USB device found, idVendor=1d6b, idProduct=0002                                                                                 
[    1.940042] usb usb2: New USB device strings: Mfr=3, Product=2, SerialNumber=1                                                                            
[    1.940044] usb usb2: Product: EHCI Host Controller                                                                                                       
[    1.940045] usb usb2: Manufacturer: Linux 2.6.32-trunk-amd64 ehci_hcd                                                                                     
[    1.940047] usb usb2: SerialNumber: 0000:00:13.2                                                                                                          
[    1.940106] usb usb2: configuration #1 chosen from 1 choice                                                                                               
[    1.940127] hub 2-0:1.0: USB hub found                                                                                                                    
[    1.940131] hub 2-0:1.0: 6 ports detected                                                                                                                 
[    1.940211] ahci 0000:00:11.0: version 3.0                                                                                                                
[    1.940218]   alloc irq_desc for 22 on node 0                                                                                                             
[    1.940220]   alloc kstat_irqs on node 0                                                                                                                  
[    1.940224] ahci 0000:00:11.0: PCI INT A -&gt; GSI 22 (level, low) -&gt; IRQ 22                                                                                 
[    1.940326] ahci 0000:00:11.0: AHCI 0001.0100 32 slots 6 ports 3 Gbps 0x3f impl SATA mode                                                                 
[    1.940329] ahci 0000:00:11.0: flags: 64bit ncq sntf ilck pm led clo pmp pio slum part ccc                                                                
[    1.940619] ehci_hcd 0000:04:05.2: PCI INT C -&gt; GSI 22 (level, low) -&gt; IRQ 22                                                                             
[    1.940631] ehci_hcd 0000:04:05.2: EHCI Host Controller                                                                                                   
[    1.940642] ehci_hcd 0000:04:05.2: new USB bus registered, assigned bus number 3                                                                          
[    1.940676] ehci_hcd 0000:04:05.2: irq 22, io mem 0xfbfffc00                                                                                              
[    1.940688] scsi0 : ahci                                                                                                                                  
[    1.940757] scsi1 : ahci                                                                                                                                  
[    1.940797] scsi2 : ahci                                                                                                                                  
[    1.940834] scsi3 : ahci                                                                                                                                  
[    1.940872] scsi4 : ahci                                                                                                                                  
[    1.940911] scsi5 : ahci                                                                                                                                  
[    1.940942] ata1: SATA max UDMA/133 abar <A HREF="https://lists.berlios.de/mailman/listinfo/bcm43xx-dev">m1024 at 0xfbaffc00</A> port 0xfbaffd00 irq 22                                                                          
[    1.940946] ata2: SATA max UDMA/133 abar <A HREF="https://lists.berlios.de/mailman/listinfo/bcm43xx-dev">m1024 at 0xfbaffc00</A> port 0xfbaffd80 irq 22                                                                          
[    1.940949] ata3: SATA max UDMA/133 abar <A HREF="https://lists.berlios.de/mailman/listinfo/bcm43xx-dev">m1024 at 0xfbaffc00</A> port 0xfbaffe00 irq 22                                                                          
[    1.940951] ata4: SATA max UDMA/133 abar <A HREF="https://lists.berlios.de/mailman/listinfo/bcm43xx-dev">m1024 at 0xfbaffc00</A> port 0xfbaffe80 irq 22                                                                          
[    1.940954] ata5: SATA max UDMA/133 abar <A HREF="https://lists.berlios.de/mailman/listinfo/bcm43xx-dev">m1024 at 0xfbaffc00</A> port 0xfbafff00 irq 22                                                                          
[    1.940957] ata6: SATA max UDMA/133 abar <A HREF="https://lists.berlios.de/mailman/listinfo/bcm43xx-dev">m1024 at 0xfbaffc00</A> port 0xfbafff80 irq 22                                                                          
[    1.952024] ehci_hcd 0000:04:05.2: USB 2.0 started, EHCI 1.00                                                                                             
[    1.952042] usb usb3: New USB device found, idVendor=1d6b, idProduct=0002                                                                                 
[    1.952044] usb usb3: New USB device strings: Mfr=3, Product=2, SerialNumber=1                                                                            
[    1.952046] usb usb3: Product: EHCI Host Controller                                                                                                       
[    1.952047] usb usb3: Manufacturer: Linux 2.6.32-trunk-amd64 ehci_hcd                                                                                     
[    1.952049] usb usb3: SerialNumber: 0000:04:05.2                                                                                                          
[    1.952098] usb usb3: configuration #1 chosen from 1 choice                                                                                               
[    1.952116] hub 3-0:1.0: USB hub found                                                                                                                    
[    1.952121] hub 3-0:1.0: 4 ports detected                                                                                                                 
[    2.010721] ohci_hcd: USB 1.1 'Open' Host Controller (OHCI) Driver                                                                                        
[    2.010800] ohci_hcd 0000:00:12.0: PCI INT A -&gt; GSI 16 (level, low) -&gt; IRQ 16                                                                             
[    2.010814] ohci_hcd 0000:00:12.0: OHCI Host Controller                                                                                                   
[    2.010825] ohci_hcd 0000:00:12.0: new USB bus registered, assigned bus number 4                                                                          
[    2.010848] ohci_hcd 0000:00:12.0: irq 16, io mem 0xfbafd000                                                                                              
[    2.022571] uhci_hcd: USB Universal Host Controller Interface driver                                                                                      
[    2.022630]   alloc irq_desc for 20 on node 0                                                                                                             
[    2.022633]   alloc kstat_irqs on node 0                                                                                                                  
[    2.022637] uhci_hcd 0000:04:05.0: PCI INT A -&gt; GSI 20 (level, low) -&gt; IRQ 20                                                                             
[    2.022645] uhci_hcd 0000:04:05.0: UHCI Host Controller                                                                                                   
[    2.022666] uhci_hcd 0000:04:05.0: new USB bus registered, assigned bus number 5                                                                          
[    2.022699] uhci_hcd 0000:04:05.0: irq 20, io base 0x0000e880                                                                                             
[    2.022730] usb usb5: New USB device found, idVendor=1d6b, idProduct=0001                                                                                 
[    2.022732] usb usb5: New USB device strings: Mfr=3, Product=2, SerialNumber=1                                                                            
[    2.022733] usb usb5: Product: UHCI Host Controller                                                                                                       
[    2.022735] usb usb5: Manufacturer: Linux 2.6.32-trunk-amd64 uhci_hcd                                                                                     
[    2.022736] usb usb5: SerialNumber: 0000:04:05.0                                                                                                          
[    2.022787] usb usb5: configuration #1 chosen from 1 choice                                                                                               
[    2.022807] hub 5-0:1.0: USB hub found                                                                                                                    
[    2.022812] hub 5-0:1.0: 2 ports detected                                                                                                                 
[    2.022878] uhci_hcd 0000:04:05.1: PCI INT B -&gt; GSI 21 (level, low) -&gt; IRQ 21                                                                             
[    2.022884] uhci_hcd 0000:04:05.1: UHCI Host Controller                                                                                                   
[    2.022891] uhci_hcd 0000:04:05.1: new USB bus registered, assigned bus number 6                                                                          
[    2.022923] uhci_hcd 0000:04:05.1: irq 21, io base 0x0000ec00                                                                                             
[    2.022950] usb usb6: New USB device found, idVendor=1d6b, idProduct=0001                                                                                 
[    2.022952] usb usb6: New USB device strings: Mfr=3, Product=2, SerialNumber=1                                                                            
[    2.022953] usb usb6: Product: UHCI Host Controller                                                                                                       
[    2.022955] usb usb6: Manufacturer: Linux 2.6.32-trunk-amd64 uhci_hcd                                                                                     
[    2.022956] usb usb6: SerialNumber: 0000:04:05.1                                                                                                          
[    2.022994] usb usb6: configuration #1 chosen from 1 choice                                                                                               
[    2.023013] hub 6-0:1.0: USB hub found                                                                                                                    
[    2.023017] hub 6-0:1.0: 2 ports detected                                                                                                                 
[    2.068018] usb usb4: New USB device found, idVendor=1d6b, idProduct=0001                                                                                 
[    2.068021] usb usb4: New USB device strings: Mfr=3, Product=2, SerialNumber=1                                                                            
[    2.068023] usb usb4: Product: OHCI Host Controller                                                                                                       
[    2.068025] usb usb4: Manufacturer: Linux 2.6.32-trunk-amd64 ohci_hcd                                                                                     
[    2.068026] usb usb4: SerialNumber: 0000:00:12.0                                                                                                          
[    2.068081] usb usb4: configuration #1 chosen from 1 choice                                                                                               
[    2.068099] hub 4-0:1.0: USB hub found                                                                                                                    
[    2.068106] hub 4-0:1.0: 3 ports detected                                                                                                                 
[    2.068172] ohci_hcd 0000:00:12.1: PCI INT A -&gt; GSI 16 (level, low) -&gt; IRQ 16                                                                             
[    2.068185] ohci_hcd 0000:00:12.1: OHCI Host Controller                                                                                                   
[    2.068192] ohci_hcd 0000:00:12.1: new USB bus registered, assigned bus number 7                                                                          
[    2.068205] ohci_hcd 0000:00:12.1: irq 16, io mem 0xfbafe000                                                                                              
[    2.128085] usb usb7: New USB device found, idVendor=1d6b, idProduct=0001                                                                                 
[    2.128088] usb usb7: New USB device strings: Mfr=3, Product=2, SerialNumber=1                                                                            
[    2.128089] usb usb7: Product: OHCI Host Controller                                                                                                       
[    2.128091] usb usb7: Manufacturer: Linux 2.6.32-trunk-amd64 ohci_hcd                                                                                     
[    2.128092] usb usb7: SerialNumber: 0000:00:12.1                                                                                                          
[    2.128146] usb usb7: configuration #1 chosen from 1 choice                                                                                               
[    2.128164] hub 7-0:1.0: USB hub found                                                                                                                    
[    2.128171] hub 7-0:1.0: 3 ports detected                                                                                                                 
