<!DOCTYPE HTML PUBLIC "-//W3C//DTD HTML 4.01 Transitional//EN">
<HTML>
 <HEAD>
   <TITLE> Problems  with BCM4318 (Wireless LAN PCI Adapter WL-138G V)
   </TITLE>
   <LINK REL="Index" HREF="http://lists.berlios.de/pipermail/bcm43xx-dev/2008-February/index.html" >
   <LINK REL="made" HREF="mailto:bcm43xx-dev%40lists.berlios.de?Subject=Re%3A%20Problems%20%20with%20BCM4318%20%28Wireless%20LAN%20PCI%20Adapter%20WL-138G%20V%29&In-Reply-To=%3CE1JLTEe-0007TJ-00%40relay.mixmail.com%3E">
   <META NAME="robots" CONTENT="index,nofollow">
   <style type="text/css">
       pre {
           white-space: pre-wrap;       /* css-2.1, curent FF, Opera, Safari */
           }
   </style>
   <META http-equiv="Content-Type" content="text/html; charset=us-ascii">
   <LINK REL="Previous"  HREF="003337.html">
   <LINK REL="Next"  HREF="003339.html">
 </HEAD>
 <BODY BGCOLOR="#ffffff">
   <H1>Problems  with BCM4318 (Wireless LAN PCI Adapter WL-138G V)</H1>
    <B>Pedro P </B> 
    <A HREF="mailto:bcm43xx-dev%40lists.berlios.de?Subject=Re%3A%20Problems%20%20with%20BCM4318%20%28Wireless%20LAN%20PCI%20Adapter%20WL-138G%20V%29&In-Reply-To=%3CE1JLTEe-0007TJ-00%40relay.mixmail.com%3E"
       TITLE="Problems  with BCM4318 (Wireless LAN PCI Adapter WL-138G V)">pedroabcd at mixmail.com
       </A><BR>
    <I>Sun Feb  3 02:01:15 CET 2008</I>
    <P><UL>
        <LI>Previous message: <A HREF="003337.html">Problems with BCM4318 (Wireless LAN PCI Adapter WL-138G V2 )
</A></li>
        <LI>Next message: <A HREF="003339.html">Problems with BCM4318 (Wireless LAN PCI Adapter WL-138G V)
</A></li>
         <LI> <B>Messages sorted by:</B> 
              <a href="date.html#3338">[ date ]</a>
              <a href="thread.html#3338">[ thread ]</a>
              <a href="subject.html#3338">[ subject ]</a>
              <a href="author.html#3338">[ author ]</a>
         </LI>
       </UL>
    <HR>  
<!--beginarticle-->
<PRE>
Hello David, thanks for answering me.
I don't have installed bcm43xx-fwcutter package, I've only installed opensuse 10.30,
directly.My knowledge of linux is very limited.
The results of run in console are:

The first console is:
<A HREF="https://lists.berlios.de/mailman/listinfo/bcm43xx-dev">javier at linux-lo</A>:~&gt; lsmod | grep bcm43xx
bcm43xx               419548  0
firmware_class         13568  2 microcode,bcm43xx
ieee80211softmac       34432  1 bcm43xx
ieee80211              35400  2 bcm43xx,ieee80211softmac

The second console is:
<A HREF="https://lists.berlios.de/mailman/listinfo/bcm43xx-dev">javier at linux-lo</A>:~&gt; dmesg
Linux version 2.6.22.5-31-default (<A HREF="https://lists.berlios.de/mailman/listinfo/bcm43xx-dev">geeko at buildhost</A>) (gcc version 4.2.1 (SUSE Linux)) #1
SMP 2007/09/21 22:29:00 UTC
BIOS-provided physical RAM map:
 BIOS-e820: 0000000000000000 - 000000000009fc00 (usable)
 BIOS-e820: 000000000009fc00 - 00000000000a0000 (reserved)
 BIOS-e820: 00000000000e4000 - 0000000000100000 (reserved)
 BIOS-e820: 0000000000100000 - 000000007ffa0000 (usable)
 BIOS-e820: 000000007ffa0000 - 000000007ffae000 (ACPI data)
 BIOS-e820: 000000007ffae000 - 000000007ffe0000 (ACPI NVS)
 BIOS-e820: 000000007ffe0000 - 0000000080000000 (reserved)
 BIOS-e820: 00000000fee00000 - 00000000fee01000 (reserved)
 BIOS-e820: 00000000ffb80000 - 0000000100000000 (reserved)
1151MB HIGHMEM available.
896MB LOWMEM available.
found SMP MP-table at 000ff780
Entering add_active_range(0, 0, 524192) 0 entries of 256 used
Zone PFN ranges:
  DMA             0 -&gt;     4096
  Normal       4096 -&gt;   229376
  HighMem    229376 -&gt;   524192
early_node_map[1] active PFN ranges
    0:        0 -&gt;   524192
On node 0 totalpages: 524192
  DMA zone: 32 pages used for memmap
  DMA zone: 0 pages reserved
  DMA zone: 4064 pages, LIFO batch:0
  Normal zone: 1760 pages used for memmap
  Normal zone: 223520 pages, LIFO batch:31
  HighMem zone: 2303 pages used for memmap
  HighMem zone: 292513 pages, LIFO batch:31
DMI 2.4 present.
Using APIC driver default
ACPI: RSDP 000FB7E0, 0014 (r0 ACPIAM)
ACPI: RSDT 7FFA0000, 003C (r1 A_M_I_ OEMRSDT   8000706 MSFT       97)
ACPI: FACP 7FFA0200, 0084 (r2 A_M_I_ OEMFACP   8000706 MSFT       97)
ACPI: DSDT 7FFA05C0, 6316 (r1  A0600 A0600000        0 INTL 20051117)
ACPI: FACS 7FFAE000, 0040
ACPI: APIC 7FFA0390, 006C (r1 A_M_I_ OEMAPIC   8000706 MSFT       97)
ACPI: MCFG 7FFA0400, 003C (r1 A_M_I_ OEMMCFG   8000706 MSFT       97)
ACPI: OEMB 7FFAE040, 0080 (r1 A_M_I_ AMI_OEM   8000706 MSFT       97)
ACPI: HPET 7FFA68E0, 0038 (r1 A_M_I_ OEMHPET   8000706 MSFT       97)
ACPI: GSCI 7FFAE0C0, 2024 (r1 A_M_I_ GMCHSCI   8000706 MSFT       97)
ACPI: PM-Timer IO Port: 0x808
ACPI: Local APIC address 0xfee00000
ACPI: LAPIC (acpi_id[0x01] lapic_id[0x00] enabled)
Processor #0 6:15 APIC version 20
ACPI: LAPIC (acpi_id[0x02] lapic_id[0x01] enabled)
Processor #1 6:15 APIC version 20
ACPI: LAPIC (acpi_id[0x03] lapic_id[0x02] enabled)
Processor #2 6:15 APIC version 20
ACPI: LAPIC (acpi_id[0x04] lapic_id[0x03] enabled)
Processor #3 6:15 APIC version 20
ACPI: IOAPIC (id[0x04] address[0xfec00000] gsi_base[0])
IOAPIC[0]: apic_id 4, version 32, address 0xfec00000, GSI 0-23
ACPI: INT_SRC_OVR (bus 0 bus_irq 0 global_irq 2 dfl dfl)
ACPI: INT_SRC_OVR (bus 0 bus_irq 9 global_irq 9 high level)
ACPI: IRQ0 used by override.
ACPI: IRQ2 used by override.
ACPI: IRQ9 used by override.
Enabling APIC mode:  Flat.  Using 1 I/O APICs
ACPI: HPET id: 0x8086a201 base: 0xfed00000
Using ACPI (MADT) for SMP configuration information
Allocating PCI resources starting at 88000000 (gap: 80000000:7ee00000)
Built 1 zonelists.  Total pages: 520097
Kernel command line: root=/dev/disk/by-id/scsi-SATA_SAMSUNG_HD501LJS0MUJDWPA11586-part1
vga=0x31a    resume=/dev/sda5 splash=silent
bootsplash: silent mode.
mapped APIC to ffffd000 (fee00000)
mapped IOAPIC to ffffc000 (fec00000)
Enabling fast FPU save and restore... done.
Enabling unmasked SIMD FPU exception support... done.
Initializing CPU#0
PID hash table entries: 4096 (order: 12, 16384 bytes)
Detected 2400.101 MHz processor.
Console: colour dummy device 80x25
Dentry cache hash table entries: 131072 (order: 7, 524288 bytes)
Inode-cache hash table entries: 65536 (order: 6, 262144 bytes)
Memory: 2070756k/2096768k available (1825k kernel code, 24768k reserved, 764k data, 228k
init, 1179264k highmem)
virtual kernel memory layout:
    fixmap  : 0xffdf4000 - 0xfffff000   (2092 kB)
    pkmap   : 0xff800000 - 0xffc00000   (4096 kB)
    vmalloc : 0xf8800000 - 0xff7fe000   ( 111 MB)
    lowmem  : 0xc0000000 - 0xf8000000   ( 896 MB)
      .init : 0xc038e000 - 0xc03c7000   ( 228 kB)
      .data : 0xc02c86ed - 0xc0387964   ( 764 kB)
      .text : 0xc0100000 - 0xc02c86ed   (1825 kB)
Checking if this processor honours the WP bit even in supervisor mode... Ok.
hpet0: at MMIO 0xfed00000, IRQs 2, 8, 0
hpet0: 3 64-bit timers, 14318180 Hz
Calibrating delay using timer specific routine.. 4803.25 BogoMIPS (lpj=9606509)
Security Framework v1.0.0 initialized
Mount-cache hash table entries: 512
CPU: After generic identify, caps: bfebfbff 20100000 00000000 00000000 0000e3bd 00000000
00000001
monitor/mwait feature present.
using mwait in idle threads.
CPU: L1 I cache: 32K, L1 D cache: 32K
CPU: L2 cache: 4096K
CPU: Physical Processor ID: 0
CPU: Processor Core ID: 0
CPU: After all inits, caps: bfebfbff 20100000 00000000 00003940 0000e3bd 00000000 00000001
Intel machine check architecture supported.
Intel machine check reporting enabled on CPU#0.
Compat vDSO mapped to ffffe000.
Checking 'hlt' instruction... OK.
SMP alternatives: switching to UP code
Unpacking initramfs... done
Freeing initrd memory: 4040k freed
ACPI: Core revision 20070126
Parsing all Control Methods:
Table [DSDT](id 0001) - 840 Objects with 63 Devices 232 Methods 29 Regions
 tbxface-0587 [00] tb_load_namespace     : ACPI Tables successfully acquired
evxfevnt-0091 [00] enable                : Transition to ACPI mode successful
CPU0: Intel(R) Core(TM)2 Quad CPU    Q6600  @ 2.40GHz stepping 0b
SMP alternatives: switching to SMP code
Booting processor 1/1 eip 3000
Initializing CPU#1
Calibrating delay using timer specific routine.. 4799.98 BogoMIPS (lpj=9599969)
CPU: After generic identify, caps: bfebfbff 20100000 00000000 00000000 0000e3bd 00000000
00000001
monitor/mwait feature present.
CPU: L1 I cache: 32K, L1 D cache: 32K
CPU: L2 cache: 4096K
CPU: Physical Processor ID: 0
CPU: Processor Core ID: 1
CPU: After all inits, caps: bfebfbff 20100000 00000000 00003940 0000e3bd 00000000 00000001
Intel machine check architecture supported.
Intel machine check reporting enabled on CPU#1.
CPU1: Intel(R) Core(TM)2 Quad CPU    Q6600  @ 2.40GHz stepping 0b
SMP alternatives: switching to SMP code
Booting processor 2/2 eip 3000
Initializing CPU#2
Calibrating delay using timer specific routine.. 4426.04 BogoMIPS (lpj=8852088)
CPU: After generic identify, caps: bfebfbff 20100000 00000000 00000000 0000e3bd 00000000
00000001
monitor/mwait feature present.
CPU: L1 I cache: 32K, L1 D cache: 32K
CPU: L2 cache: 4096K
CPU: Physical Processor ID: 0
CPU: Processor Core ID: 2
CPU: After all inits, caps: bfebfbff 20100000 00000000 00003940 0000e3bd 00000000 00000001
Intel machine check architecture supported.
Intel machine check reporting enabled on CPU#2.
CPU2: Intel(R) Core(TM)2 Quad CPU    Q6600  @ 2.40GHz stepping 0b
SMP alternatives: switching to SMP code
Booting processor 3/3 eip 3000
Initializing CPU#3
Calibrating delay using timer specific routine.. 4800.03 BogoMIPS (lpj=9600065)
CPU: After generic identify, caps: bfebfbff 20100000 00000000 00000000 0000e3bd 00000000
00000001
monitor/mwait feature present.
CPU: L1 I cache: 32K, L1 D cache: 32K
CPU: L2 cache: 4096K
CPU: Physical Processor ID: 0
CPU: Processor Core ID: 3
CPU: After all inits, caps: bfebfbff 20100000 00000000 00003940 0000e3bd 00000000 00000001
Intel machine check architecture supported.
Intel machine check reporting enabled on CPU#3.
CPU3: Intel(R) Core(TM)2 Quad CPU    Q6600  @ 2.40GHz stepping 0b
Total of 4 processors activated (18829.31 BogoMIPS).
ENABLING IO-APIC IRQs
.TIMER: vector=0x31 apic1=0 pin1=2 apic2=-1 pin2=-1
checking TSC synchronization [CPU#0 -&gt; CPU#1]: passed.
checking TSC synchronization [CPU#0 -&gt; CPU#2]: passed.
checking TSC synchronization [CPU#0 -&gt; CPU#3]: passed.
Brought up 4 CPUs
migration_cost=52,3406
Booting paravirtualized kernel on bare hardware
NET: Registered protocol family 16
ACPI: bus type pci registered
PCI: BIOS Bug: MCFG area at f0000000 is not E820-reserved
PCI: Not using MMCONFIG.
PCI: PCI BIOS revision 3.00 entry at 0xf0031, last bus=4
PCI: Using configuration type 1
Setting up standard PCI resources
evgpeblk-0956 [00] ev_create_gpe_block   : GPE 00 to 1F [_GPE] 4 regs on int 0x9
evgpeblk-1052 [00] ev_initialize_gpe_bloc: Found 11 Wake, Enabled 2 Runtime GPEs in this block
Completing Region/Field/Buffer/Package
initialization:....................................................................................................................................................
Initialized 28/29 Regions 36/36 Fields 48/48 Buffers 36/37 Packages (849 nodes)
Initializing Device/Processor/Thermal objects by executing _INI methods:
Executed 0 _INI methods requiring 0 _STA executions (examined 69 objects)
ACPI: Interpreter enabled
ACPI: (supports S0 S1 S3 S4 S5)
ACPI: Using IOAPIC for interrupt routing
ACPI: PCI Root Bridge [PCI0] (0000:00)
PCI: Probing PCI hardware (bus 00)
PCI quirk: region 0800-087f claimed by ICH6 ACPI/GPIO/TCO
PCI quirk: region 0480-04bf claimed by ICH6 GPIO
PCI: Transparent bridge - 0000:00:1e.0
ACPI: PCI Interrupt Routing Table [\_SB_.PCI0._PRT]
ACPI: PCI Interrupt Routing Table [\_SB_.PCI0.P0P2._PRT]
ACPI: PCI Interrupt Routing Table [\_SB_.PCI0.P0P1._PRT]
ACPI: PCI Interrupt Routing Table [\_SB_.PCI0.P0P4._PRT]
ACPI: PCI Interrupt Routing Table [\_SB_.PCI0.P0P5._PRT]
ACPI: PCI Interrupt Link [LNKA] (IRQs 3 4 5 6 7 10 *11 12 14 15)
ACPI: PCI Interrupt Link [LNKB] (IRQs 3 4 5 6 7 *10 11 12 14 15)
ACPI: PCI Interrupt Link [LNKC] (IRQs *3 4 5 6 7 10 11 12 14 15)
ACPI: PCI Interrupt Link [LNKD] (IRQs 3 4 5 6 7 10 *11 12 14 15)
ACPI: PCI Interrupt Link [LNKE] (IRQs 3 4 5 6 7 10 11 12 14 15) *0, disabled.
ACPI: PCI Interrupt Link [LNKF] (IRQs 3 4 5 6 7 10 11 12 14 15) *0, disabled.
ACPI: PCI Interrupt Link [LNKG] (IRQs 3 4 5 6 7 10 11 12 14 15) *0, disabled.
ACPI: PCI Interrupt Link [LNKH] (IRQs 3 4 *5 6 7 10 11 12 14 15)
Linux Plug and Play Support v0.97 (c) Adam Belay
pnp: PnP ACPI init
ACPI: bus type pnp registered
pnp: PnP ACPI: found 18 devices
ACPI: ACPI bus type pnp unregistered
PnPBIOS: Disabled by ACPI PNP
PCI: Using ACPI for IRQ routing
PCI: If a device doesn't work, try &quot;pci=routeirq&quot;.  If it helps, post a report
ACPI: RTC can wake from S4
pnp: 00:01: iomem range 0xfed14000-0xfed19fff has been reserved
pnp: 00:07: ioport range 0x290-0x297 has been reserved
pnp: 00:08: iomem range 0xfed1c000-0xfed1ffff has been reserved
pnp: 00:08: iomem range 0xfed20000-0xfed8ffff has been reserved
pnp: 00:0b: iomem range 0xffc00000-0xfff7ffff could not be reserved
pnp: 00:0c: iomem range 0xfec00000-0xfec00fff has been reserved
pnp: 00:0c: iomem range 0xfee00000-0xfee00fff could not be reserved
pnp: 00:10: iomem range 0xf0000000-0xf3ffffff has been reserved
pnp: 00:11: iomem range 0x0-0x9ffff could not be reserved
pnp: 00:11: iomem range 0xc0000-0xcffff could not be reserved
pnp: 00:11: iomem range 0xe0000-0xfffff could not be reserved
pnp: 00:11: iomem range 0x100000-0x7fffffff could not be reserved
Time: tsc clocksource has been installed.
Switched to NOHz mode on CPU #0
Switched to NOHz mode on CPU #1
Switched to NOHz mode on CPU #2
Switched to NOHz mode on CPU #3
PCI: Bridge: 0000:00:01.0
  IO window: e000-efff
  MEM window: fa000000-fe9fffff
  PREFETCH window: e0000000-efffffff
PCI: Bridge: 0000:00:1c.0
  IO window: disabled.
  MEM window: disabled.
  PREFETCH window: disabled.
PCI: Bridge: 0000:00:1c.1
  IO window: disabled.
  MEM window: fea00000-feafffff
  PREFETCH window: disabled.
PCI: Bridge: 0000:00:1e.0
  IO window: disabled.
  MEM window: feb00000-febfffff
  PREFETCH window: disabled.
ACPI: PCI Interrupt 0000:00:01.0[A] -&gt; GSI 16 (level, low) -&gt; IRQ 16
PCI: Setting latency timer of device 0000:00:01.0 to 64
ACPI: PCI Interrupt 0000:00:1c.0[A] -&gt; GSI 16 (level, low) -&gt; IRQ 16
PCI: Setting latency timer of device 0000:00:1c.0 to 64
ACPI: PCI Interrupt 0000:00:1c.1[B] -&gt; GSI 17 (level, low) -&gt; IRQ 17
PCI: Setting latency timer of device 0000:00:1c.1 to 64
PCI: Setting latency timer of device 0000:00:1e.0 to 64
NET: Registered protocol family 2
IP route cache hash table entries: 32768 (order: 5, 131072 bytes)
TCP established hash table entries: 131072 (order: 8, 1572864 bytes)
TCP bind hash table entries: 65536 (order: 7, 524288 bytes)
TCP: Hash tables configured (established 131072 bind 65536)
TCP reno registered
Machine check exception polling timer started.
audit: initializing netlink socket (disabled)
audit(1201986921.976:1): initialized
highmem bounce pool size: 64 pages
Total HugeTLB memory allocated, 0
VFS: Disk quotas dquot_6.5.1
Dquot-cache hash table entries: 1024 (order 0, 4096 bytes)
io scheduler noop registered
io scheduler anticipatory registered
io scheduler deadline registered
io scheduler cfq registered (default)
Boot video device is 0000:01:00.0
PCI: Setting latency timer of device 0000:00:01.0 to 64
assign_interrupt_mode Found MSI capability
Allocate Port Service[0000:00:01.0:pcie00]
PCI: Setting latency timer of device 0000:00:1c.0 to 64
assign_interrupt_mode Found MSI capability
Allocate Port Service[0000:00:1c.0:pcie00]
Allocate Port Service[0000:00:1c.0:pcie02]
PCI: Setting latency timer of device 0000:00:1c.1 to 64
assign_interrupt_mode Found MSI capability
Allocate Port Service[0000:00:1c.1:pcie00]
Allocate Port Service[0000:00:1c.1:pcie02]
vesafb: framebuffer at 0xfb000000, mapped to 0xf8880000, using 10240k, total 14336k
vesafb: mode is 1280x1024x16, linelength=2560, pages=1
vesafb: protected mode interface info at c000:b580
vesafb: pmi: set display start = c00cb5e3, set palette = c00cb63e
vesafb: pmi: ports = 3b4 3b5 3ba 3c0 3c1 3c4 3c5 3c6 3c7 3c8 3c9 3cc 3ce 3cf 3d0 3d1 3d2
3d3 3d4 3d5 3da
vesafb: scrolling: redraw
vesafb: Truecolor: size=0:5:6:5, shift=0:11:5:0
bootsplash 3.1.6-2004/03/31: looking for picture...
bootsplash: silentjpeg size 98233 bytes
bootsplash: ...found (1280x1024, 35219 bytes, v3).
Console: switching to colour frame buffer device 156x60
fb0: VESA VGA frame buffer device
isapnp: Scanning for PnP cards...
isapnp: No Plug &amp; Play device found
Real Time Clock Driver v1.12ac
hpet_resources: 0xfed00000 is busy
Serial: 8250/16550 driver $Revision: 1.90 $ 4 ports, IRQ sharing enabled
serial8250: ttyS0 at I/O 0x3f8 (irq = 4) is a 16550A
00:0f: ttyS0 at I/O 0x3f8 (irq = 4) is a 16550A
floppy0: no floppy controllers found
PNP: PS/2 Controller [PNP0303:PS2K,PNP0f03:PS2M] at 0x60,0x64 irq 1,12
serio: i8042 KBD port at 0x60,0x64 irq 1
serio: i8042 AUX port at 0x60,0x64 irq 12
mice: PS/2 mouse device common for all mice
input: AT Translated Set 2 keyboard as /class/input/input0
input: PC Speaker as /class/input/input1
logips2pp: Detected unknown logitech mouse model 115
input: ImExPS/2 Logitech Explorer Mouse as /class/input/input2
NET: Registered protocol family 1
Using IPI No-Shortcut mode
Freeing unused kernel memory: 228k freed
ACPI Warning (tbutils-0158): Incorrect checksum in table [OEMB] -  D2, should be CD [20070126]
ACPI: SSDT 7FFB00F0, 01D2 (r1    AMI   CPU1PM        1 INTL 20060113)
Parsing all Control Methods:
Table [SSDT](id 00B9) - 9 Objects with 0 Devices 3 Methods 0 Regions
ACPI: SSDT 7FFB02D0, 0143 (r1    AMI   CPU2PM        1 INTL 20060113)
Parsing all Control Methods:
Table [SSDT](id 00BC) - 7 Objects with 0 Devices 4 Methods 0 Regions
ACPI: SSDT 7FFB0420, 0143 (r1    AMI   CPU3PM        1 INTL 20060113)
Parsing all Control Methods:
Table [SSDT](id 00BF) - 7 Objects with 0 Devices 4 Methods 0 Regions
ACPI: SSDT 7FFB0570, 0143 (r1    AMI   CPU4PM        1 INTL 20060113)
Parsing all Control Methods:
Table [SSDT](id 00C2) - 7 Objects with 0 Devices 4 Methods 0 Regions
SCSI subsystem initialized
libata version 3.00 loaded.
ata_piix 0000:00:1f.1: version 2.11
ACPI: PCI Interrupt 0000:00:1f.1[A] -&gt; GSI 18 (level, low) -&gt; IRQ 18
PCI: Setting latency timer of device 0000:00:1f.1 to 64
scsi0 : ata_piix
scsi1 : ata_piix
ata1: PATA max UDMA/133 cmd 0x000101f0 ctl 0x000103f6 bmdma 0x0001ffa0 irq 14
ata2: PATA max UDMA/133 cmd 0x00010170 ctl 0x00010376 bmdma 0x0001ffa8 irq 15
ata1.00: ATAPI: ASUS    DRW-1814BL, 1.13, max UDMA/66
ata1.00: configured for UDMA/66
scsi 0:0:0:0: CD-ROM            ASUS     DRW-1814BL       1.13 PQ: 0 ANSI: 5
ata_piix 0000:00:1f.2: MAP [ P0 P2 P1 P3 ]
ACPI: PCI Interrupt 0000:00:1f.2[B] -&gt; GSI 19 (level, low) -&gt; IRQ 19
PCI: Setting latency timer of device 0000:00:1f.2 to 64
scsi2 : ata_piix
scsi3 : ata_piix
ata3: SATA max UDMA/133 cmd 0x0001d400 ctl 0x0001d082 bmdma 0x0001c880 irq 19
ata4: SATA max UDMA/133 cmd 0x0001d000 ctl 0x0001cc02 bmdma 0x0001c888 irq 19
ata3.00: ATA-8: SAMSUNG HD501LJ, CR100-12, max UDMA7
ata3.00: 976773168 sectors, multi 16: LBA48 NCQ (depth 0/32)
ata3.00: configured for UDMA/133
scsi 2:0:0:0: Direct-Access     ATA      SAMSUNG HD501LJ  CR10 PQ: 0 ANSI: 5
BIOS EDD facility v0.16 2004-Jun-25, 1 devices found
usbcore: registered new interface driver usbfs
usbcore: registered new interface driver hub
usbcore: registered new device driver usb
sd 2:0:0:0: [sda] 976773168 512-byte hardware sectors (500108 MB)
sd 2:0:0:0: [sda] Write Protect is off
sd 2:0:0:0: [sda] Mode Sense: 00 3a 00 00
sd 2:0:0:0: [sda] Write cache: enabled, read cache: enabled, doesn't support DPO or FUA
sd 2:0:0:0: [sda] 976773168 512-byte hardware sectors (500108 MB)
sd 2:0:0:0: [sda] Write Protect is off
sd 2:0:0:0: [sda] Mode Sense: 00 3a 00 00
sd 2:0:0:0: [sda] Write cache: enabled, read cache: enabled, doesn't support DPO or FUA
 sda: sda1 sda2 &lt; sda5 &gt;
sd 2:0:0:0: [sda] Attached SCSI disk
USB Universal Host Controller Interface driver v3.0
ACPI: PCI Interrupt 0000:00:1d.0[A] -&gt; GSI 23 (level, low) -&gt; IRQ 20
PCI: Setting latency timer of device 0000:00:1d.0 to 64
uhci_hcd 0000:00:1d.0: UHCI Host Controller
uhci_hcd 0000:00:1d.0: new USB bus registered, assigned bus number 1
uhci_hcd 0000:00:1d.0: irq 20, io base 0x0000d480
usb usb1: new device found, idVendor=0000, idProduct=0000
usb usb1: new device strings: Mfr=3, Product=2, SerialNumber=1
usb usb1: Product: UHCI Host Controller
usb usb1: Manufacturer: Linux 2.6.22.5-31-default uhci_hcd
usb usb1: SerialNumber: 0000:00:1d.0
usb usb1: configuration #1 chosen from 1 choice
hub 1-0:1.0: USB hub found
hub 1-0:1.0: 2 ports detected
ACPI: PCI Interrupt 0000:00:1d.1[B] -&gt; GSI 19 (level, low) -&gt; IRQ 19
PCI: Setting latency timer of device 0000:00:1d.1 to 64
uhci_hcd 0000:00:1d.1: UHCI Host Controller
uhci_hcd 0000:00:1d.1: new USB bus registered, assigned bus number 2
uhci_hcd 0000:00:1d.1: irq 19, io base 0x0000d800
usb usb2: new device found, idVendor=0000, idProduct=0000
usb usb2: new device strings: Mfr=3, Product=2, SerialNumber=1
usb usb2: Product: UHCI Host Controller
usb usb2: Manufacturer: Linux 2.6.22.5-31-default uhci_hcd
usb usb2: SerialNumber: 0000:00:1d.1
usb usb2: configuration #1 chosen from 1 choice
hub 2-0:1.0: USB hub found
hub 2-0:1.0: 2 ports detected
ACPI: PCI Interrupt 0000:00:1d.2[C] -&gt; GSI 18 (level, low) -&gt; IRQ 18
PCI: Setting latency timer of device 0000:00:1d.2 to 64
uhci_hcd 0000:00:1d.2: UHCI Host Controller
uhci_hcd 0000:00:1d.2: new USB bus registered, assigned bus number 3
uhci_hcd 0000:00:1d.2: irq 18, io base 0x0000d880
usb usb3: new device found, idVendor=0000, idProduct=0000
usb usb3: new device strings: Mfr=3, Product=2, SerialNumber=1
usb usb3: Product: UHCI Host Controller
usb usb3: Manufacturer: Linux 2.6.22.5-31-default uhci_hcd
usb usb3: SerialNumber: 0000:00:1d.2
usb usb3: configuration #1 chosen from 1 choice
hub 3-0:1.0: USB hub found
hub 3-0:1.0: 2 ports detected
ACPI: PCI Interrupt 0000:00:1d.3[D] -&gt; GSI 16 (level, low) -&gt; IRQ 16
PCI: Setting latency timer of device 0000:00:1d.3 to 64
uhci_hcd 0000:00:1d.3: UHCI Host Controller
uhci_hcd 0000:00:1d.3: new USB bus registered, assigned bus number 4
uhci_hcd 0000:00:1d.3: irq 16, io base 0x0000dc00
usb usb4: new device found, idVendor=0000, idProduct=0000
usb usb4: new device strings: Mfr=3, Product=2, SerialNumber=1
usb usb4: Product: UHCI Host Controller
usb usb4: Manufacturer: Linux 2.6.22.5-31-default uhci_hcd
usb usb4: SerialNumber: 0000:00:1d.3
usb usb4: configuration #1 chosen from 1 choice
hub 4-0:1.0: USB hub found
hub 4-0:1.0: 2 ports detected
usb 2-1: new full speed USB device using uhci_hcd and address 2
ACPI: PCI Interrupt 0000:00:1d.7[A] -&gt; GSI 23 (level, low) -&gt; IRQ 20
PCI: Setting latency timer of device 0000:00:1d.7 to 64
ehci_hcd 0000:00:1d.7: EHCI Host Controller
ehci_hcd 0000:00:1d.7: new USB bus registered, assigned bus number 5
ehci_hcd 0000:00:1d.7: debug port 1
PCI: cache line size of 32 is not supported by device 0000:00:1d.7
ehci_hcd 0000:00:1d.7: irq 20, io mem 0xf9ffbc00
ehci_hcd 0000:00:1d.7: USB 2.0 started, EHCI 1.00, driver 10 Dec 2004
usb usb5: new device found, idVendor=0000, idProduct=0000
usb usb5: new device strings: Mfr=3, Product=2, SerialNumber=1
usb usb5: Product: EHCI Host Controller
usb usb5: Manufacturer: Linux 2.6.22.5-31-default ehci_hcd
usb 2-1: device descriptor read/all, error -71
usb usb5: SerialNumber: 0000:00:1d.7
usb usb5: configuration #1 chosen from 1 choice
hub 5-0:1.0: USB hub found
hub 5-0:1.0: 8 ports detected
swsusp: Basic memory bitmaps created
swsusp: Basic memory bitmaps freed
Attempting manual resume
usb 5-8: new high speed USB device using ehci_hcd and address 3
usb 5-8: new device found, idVendor=0bda, idProduct=0111
usb 5-8: new device strings: Mfr=1, Product=2, SerialNumber=3
usb 5-8: Product: USB2.0-CRW
usb 5-8: Manufacturer: Generic
usb 5-8: SerialNumber: 20021111153705700
usb 5-8: configuration #1 chosen from 1 choice
usb 2-1: new full speed USB device using uhci_hcd and address 4
usb 2-1: new device found, idVendor=069b, idProduct=0704
usb 2-1: new device strings: Mfr=1, Product=2, SerialNumber=3
usb 2-1: Product: Thomson USB CDC Device
usb 2-1: Manufacturer: Thomson Inc.
usb 2-1: SerialNumber: 0011E3B3507A
usb 2-1: configuration #1 chosen from 1 choice
kjournald starting.  Commit interval 5 seconds
EXT3 FS on sda1, internal journal
EXT3-fs: mounted filesystem with ordered data mode.
scsi 0:0:0:0: Attached scsi generic sg0 type 5
sd 2:0:0:0: Attached scsi generic sg1 type 0
ACPI: PCI Interrupt 0000:02:00.0[A] -&gt; GSI 17 (level, low) -&gt; IRQ 17
PCI: Setting latency timer of device 0000:02:00.0 to 64
atl1 0000:02:00.0: version 2.0.7
eth0: register 'cdc_ether' at usb-0000:00:1d.1-1, CDC Ethernet Device, 00:11:e3:b3:50:7a
usbcore: registered new interface driver cdc_ether
rtc_cmos 00:03: rtc core: registered rtc_cmos as rtc0
rtc_cmos: probe of 00:03 failed with error -16
ACPI: PCI Interrupt 0000:00:1b.0[A] -&gt; GSI 16 (level, low) -&gt; IRQ 16
PCI: Setting latency timer of device 0000:00:1b.0 to 64
Uniform Multi-Platform E-IDE driver Revision: 7.00alpha2
ide: Assuming 33MHz system bus speed for PIO modes; override with idebus=xx
ieee80211_crypt: registered algorithm 'NULL'
Initializing USB Mass Storage driver...
scsi4 : SCSI emulation for USB Mass Storage devices
usb-storage: device found at 3
usb-storage: waiting for device to settle before scanning
usbcore: registered new interface driver usb-storage
USB Mass Storage support registered.
hda_codec: Unknown model for ALC883, trying auto-probe from BIOS...
ALSA sound/pci/hda/hda_codec.c:2331: autoconfig: line_outs=1 (0x14/0x0/0x0/0x0/0x0)
ALSA sound/pci/hda/hda_codec.c:2335:    speaker_outs=0 (0x0/0x0/0x0/0x0/0x0)
ALSA sound/pci/hda/hda_codec.c:2339:    hp_outs=1 (0x1b/0x0/0x0/0x0/0x0)
ALSA sound/pci/hda/hda_codec.c:2347:    inputs: mic=0x18, fmic=0x19, line=0x1a, fline=0x0,
cd=0x0, aux=0x0
iTCO_vendor_support: vendor-support=0
Linux agpgart interface v0.102 (c) Dave Jones
input: Power Button (FF) as /class/input/input3
ACPI: Power Button (FF) [PWRF]
input: Power Button (CM) as /class/input/input4
ACPI: Power Button (CM) [PWRB]
iTCO_wdt: Intel TCO WatchDog Timer Driver v1.01 (21-Jan-2007)
iTCO_wdt: Found a ICH7 or ICH7R TCO device (Version=2, TCOBASE=0x0860)
iTCO_wdt: initialized. heartbeat=30 sec (nowayout=0)
sr0: scsi3-mmc drive: 48x/48x writer dvd-ram cd/rw xa/form2 cdda tray
Uniform CD-ROM driver Revision: 3.20
sr 0:0:0:0: Attached scsi CD-ROM sr0
ACPI: PCI Interrupt 0000:00:1f.3[B] -&gt; GSI 19 (level, low) -&gt; IRQ 19
ieee80211: 802.11 data/management/control stack, git-1.1.13
ieee80211: Copyright (C) 2004-2005 Intel Corporation &lt;<A HREF="https://lists.berlios.de/mailman/listinfo/bcm43xx-dev">jketreno at linux.intel.com</A>&gt;
intel_rng: FWH not detected
bcm43xx driver
ACPI: PCI Interrupt 0000:04:01.0[A] -&gt; GSI 16 (level, low) -&gt; IRQ 16
bcm43xx: Chip ID 0x4318, rev 0x2
bcm43xx: Number of cores: 4
bcm43xx: Core 0: ID 0x800, rev 0xd, vendor 0x4243
bcm43xx: Core 1: ID 0x812, rev 0x9, vendor 0x4243
bcm43xx: Core 2: ID 0x804, rev 0xc, vendor 0x4243
bcm43xx: Core 3: ID 0x80d, rev 0x7, vendor 0x4243
bcm43xx: PHY connected
bcm43xx: Detected PHY: Analog: 3, Type 2, Revision 7
bcm43xx: Detected Radio: ID: 8205017f (Manuf: 17f Ver: 2050 Rev: 8)
bcm43xx: Radio turned off
bcm43xx: Radio turned off
parport_pc 00:06: reported by Plug and Play ACPI
parport0: PC-style at 0x378 (0x778), irq 7, dma 3 [PCSPP,TRISTATE,COMPAT,EPP,ECP,DMA]
Adding 6080560k swap on /dev/sda5.  Priority:-1 extents:1 across:6080560k
device-mapper: ioctl: 4.11.0-ioctl (2006-10-12) initialised: <A HREF="https://lists.berlios.de/mailman/listinfo/bcm43xx-dev">dm-devel at redhat.com</A>
scsi 4:0:0:0: Direct-Access     Generic- Compact Flash    1.00 PQ: 0 ANSI: 0 CCS
sd 4:0:0:0: [sdb] Attached SCSI removable disk
sd 4:0:0:0: Attached scsi generic sg2 type 0
scsi 4:0:0:1: Direct-Access     Generic- SM/xD-Picture    1.00 PQ: 0 ANSI: 0 CCS
sd 4:0:0:1: [sdc] Attached SCSI removable disk
sd 4:0:0:1: Attached scsi generic sg3 type 0
scsi 4:0:0:2: Direct-Access     Generic- SD/MMC           1.00 PQ: 0 ANSI: 0 CCS
sd 4:0:0:2: [sdd] Attached SCSI removable disk
sd 4:0:0:2: Attached scsi generic sg4 type 0
scsi 4:0:0:3: Direct-Access     Generic- MS/MS-Pro        1.00 PQ: 0 ANSI: 0 CCS
sd 4:0:0:3: [sde] Attached SCSI removable disk
sd 4:0:0:3: Attached scsi generic sg5 type 0
usb-storage: device scan complete
loop: module loaded
AppArmor: AppArmor initialized
audit(1201986986.479:2):  type=1505 info=&quot;AppArmor initialized&quot; pid=2229
IA-32 Microcode Update Driver: v1.14a &lt;<A HREF="https://lists.berlios.de/mailman/listinfo/bcm43xx-dev">tigran at aivazian.fsnet.co.uk</A>&gt;
powernow: This module only works with AMD K7 CPUs
processor_perflib-0519 [00] processor_get_psd     : Invalid _PSD data
processor_perflib-0519 [00] processor_get_psd     : Invalid _PSD data
processor_perflib-0519 [00] processor_get_psd     : Invalid _PSD data
processor_perflib-0519 [00] processor_get_psd     : Invalid _PSD data
bcm43xx: PHY connected
bcm43xx: Error: Microcode &quot;bcm43xx_microcode5.fw&quot; not available or load failed.
bcm43xx: core_up for active 802.11 core failed (-2)
audit(1201986999.646:3): audit_backlog_limit=320 old=64 by auid=4294967295 res=1
audit(1201986999.646:4): audit_pid=3116 old=0 by auid=4294967295
NET: Registered protocol family 10
lo: Disabled Privacy Extensions
Mobile IPv6
bcm43xx: Error: Microcode &quot;bcm43xx_microcode5.fw&quot; not available or load failed.
bcm43xx: core_up for active 802.11 core failed (-2)
SoftMAC: Associate: Scanning for networks first.
SoftMAC: Associate: failed to initiate scan. Is device up?
bcm43xx: set security called, .level = 0, .enabled = 0, .encrypt = 0
ADDRCONF(NETDEV_UP): eth1: link is not ready
bootsplash: status on console 0 changed to on
NET: Registered protocol family 17
ip6_tables: (C) 2000-2006 Netfilter Core Team
ip_tables: (C) 2000-2006 Netfilter Core Team
eth0: no IPv6 routers present
bcm43xx: Error: Microcode &quot;bcm43xx_microcode5.fw&quot; not available or load failed.
bcm43xx: core_up for active 802.11 core failed (-2)
bcm43xx: Error: Microcode &quot;bcm43xx_microcode5.fw&quot; not available or load failed.
bcm43xx: core_up for active 802.11 core failed (-2)
bcm43xx: Error: Microcode &quot;bcm43xx_microcode5.fw&quot; not available or load failed.
bcm43xx: core_up for active 802.11 core failed (-2)
bcm43xx: Error: Microcode &quot;bcm43xx_microcode5.fw&quot; not available or load failed.
bcm43xx: core_up for active 802.11 core failed (-2)
bcm43xx: Error: Microcode &quot;bcm43xx_microcode5.fw&quot; not available or load failed.
bcm43xx: core_up for active 802.11 core failed (-2)
bcm43xx: Error: Microcode &quot;bcm43xx_microcode5.fw&quot; not available or load failed.
bcm43xx: core_up for active 802.11 core failed (-2)
bcm43xx: Error: Microcode &quot;bcm43xx_microcode5.fw&quot; not available or load failed.
bcm43xx: core_up for active 802.11 core failed (-2)
bcm43xx: Error: Microcode &quot;bcm43xx_microcode5.fw&quot; not available or load failed.
bcm43xx: core_up for active 802.11 core failed (-2)
bcm43xx: Error: Microcode &quot;bcm43xx_microcode5.fw&quot; not available or load failed.
bcm43xx: core_up for active 802.11 core failed (-2)
bcm43xx: Error: Microcode &quot;bcm43xx_microcode5.fw&quot; not available or load failed.
bcm43xx: core_up for active 802.11 core failed (-2)
bcm43xx: Error: Microcode &quot;bcm43xx_microcode5.fw&quot; not available or load failed.
bcm43xx: core_up for active 802.11 core failed (-2)
bcm43xx: Error: Microcode &quot;bcm43xx_microcode5.fw&quot; not available or load failed.
bcm43xx: core_up for active 802.11 core failed (-2)
bcm43xx: Error: Microcode &quot;bcm43xx_microcode5.fw&quot; not available or load failed.
bcm43xx: core_up for active 802.11 core failed (-2)
bcm43xx: Error: Microcode &quot;bcm43xx_microcode5.fw&quot; not available or load failed.
bcm43xx: core_up for active 802.11 core failed (-2)
bcm43xx: Error: Microcode &quot;bcm43xx_microcode5.fw&quot; not available or load failed.
bcm43xx: core_up for active 802.11 core failed (-2)
bcm43xx: Error: Microcode &quot;bcm43xx_microcode5.fw&quot; not available or load failed.
bcm43xx: core_up for active 802.11 core failed (-2)
bcm43xx: Error: Microcode &quot;bcm43xx_microcode5.fw&quot; not available or load failed.
bcm43xx: core_up for active 802.11 core failed (-2)
bcm43xx: Error: Microcode &quot;bcm43xx_microcode5.fw&quot; not available or load failed.
bcm43xx: core_up for active 802.11 core failed (-2)
bcm43xx: Error: Microcode &quot;bcm43xx_microcode5.fw&quot; not available or load failed.
bcm43xx: core_up for active 802.11 core failed (-2)
bcm43xx: Error: Microcode &quot;bcm43xx_microcode5.fw&quot; not available or load failed.
bcm43xx: core_up for active 802.11 core failed (-2)
bcm43xx: Error: Microcode &quot;bcm43xx_microcode5.fw&quot; not available or load failed.
bcm43xx: core_up for active 802.11 core failed (-2)
bcm43xx: Error: Microcode &quot;bcm43xx_microcode5.fw&quot; not available or load failed.
bcm43xx: core_up for active 802.11 core failed (-2)
bcm43xx: Error: Microcode &quot;bcm43xx_microcode5.fw&quot; not available or load failed.
bcm43xx: core_up for active 802.11 core failed (-2)
bcm43xx: Error: Microcode &quot;bcm43xx_microcode5.fw&quot; not available or load failed.
bcm43xx: core_up for active 802.11 core failed (-2)
bcm43xx: Error: Microcode &quot;bcm43xx_microcode5.fw&quot; not available or load failed.
bcm43xx: core_up for active 802.11 core failed (-2)
bcm43xx: Error: Microcode &quot;bcm43xx_microcode5.fw&quot; not available or load failed.
bcm43xx: core_up for active 802.11 core failed (-2)
bcm43xx: Error: Microcode &quot;bcm43xx_microcode5.fw&quot; not available or load failed.
bcm43xx: core_up for active 802.11 core failed (-2)
bcm43xx: Error: Microcode &quot;bcm43xx_microcode5.fw&quot; not available or load failed.
bcm43xx: core_up for active 802.11 core failed (-2)
bcm43xx: Error: Microcode &quot;bcm43xx_microcode5.fw&quot; not available or load failed.
bcm43xx: core_up for active 802.11 core failed (-2)
bcm43xx: Error: Microcode &quot;bcm43xx_microcode5.fw&quot; not available or load failed.
bcm43xx: core_up for active 802.11 core failed (-2)
bcm43xx: Error: Microcode &quot;bcm43xx_microcode5.fw&quot; not available or load failed.
bcm43xx: core_up for active 802.11 core failed (-2)
bcm43xx: Error: Microcode &quot;bcm43xx_microcode5.fw&quot; not available or load failed.
bcm43xx: core_up for active 802.11 core failed (-2)
bcm43xx: Error: Microcode &quot;bcm43xx_microcode5.fw&quot; not available or load failed.
bcm43xx: core_up for active 802.11 core failed (-2)
bcm43xx: Error: Microcode &quot;bcm43xx_microcode5.fw&quot; not available or load failed.
bcm43xx: core_up for active 802.11 core failed (-2)
bcm43xx: Error: Microcode &quot;bcm43xx_microcode5.fw&quot; not available or load failed.
bcm43xx: core_up for active 802.11 core failed (-2)
bcm43xx: Error: Microcode &quot;bcm43xx_microcode5.fw&quot; not available or load failed.
bcm43xx: core_up for active 802.11 core failed (-2)
bcm43xx: Error: Microcode &quot;bcm43xx_microcode5.fw&quot; not available or load failed.
bcm43xx: core_up for active 802.11 core failed (-2)
bcm43xx: Error: Microcode &quot;bcm43xx_microcode5.fw&quot; not available or load failed.
bcm43xx: core_up for active 802.11 core failed (-2)
bcm43xx: Error: Microcode &quot;bcm43xx_microcode5.fw&quot; not available or load failed.
bcm43xx: core_up for active 802.11 core failed (-2)
bcm43xx: Error: Microcode &quot;bcm43xx_microcode5.fw&quot; not available or load failed.
bcm43xx: core_up for active 802.11 core failed (-2)
bcm43xx: Error: Microcode &quot;bcm43xx_microcode5.fw&quot; not available or load failed.
bcm43xx: core_up for active 802.11 core failed (-2)
bcm43xx: Error: Microcode &quot;bcm43xx_microcode5.fw&quot; not available or load failed.
bcm43xx: core_up for active 802.11 core failed (-2)
bcm43xx: Error: Microcode &quot;bcm43xx_microcode5.fw&quot; not available or load failed.
bcm43xx: core_up for active 802.11 core failed (-2)
bcm43xx: Error: Microcode &quot;bcm43xx_microcode5.fw&quot; not available or load failed.
bcm43xx: core_up for active 802.11 core failed (-2)
bcm43xx: Error: Microcode &quot;bcm43xx_microcode5.fw&quot; not available or load failed.
bcm43xx: core_up for active 802.11 core failed (-2)
bcm43xx: Error: Microcode &quot;bcm43xx_microcode5.fw&quot; not available or load failed.
bcm43xx: core_up for active 802.11 core failed (-2)
bcm43xx: Error: Microcode &quot;bcm43xx_microcode5.fw&quot; not available or load failed.
bcm43xx: core_up for active 802.11 core failed (-2)
bcm43xx: Error: Microcode &quot;bcm43xx_microcode5.fw&quot; not available or load failed.
bcm43xx: core_up for active 802.11 core failed (-2)
bcm43xx: Error: Microcode &quot;bcm43xx_microcode5.fw&quot; not available or load failed.
bcm43xx: core_up for active 802.11 core failed (-2)
bcm43xx: Error: Microcode &quot;bcm43xx_microcode5.fw&quot; not available or load failed.
bcm43xx: core_up for active 802.11 core failed (-2)
bcm43xx: Error: Microcode &quot;bcm43xx_microcode5.fw&quot; not available or load failed.
bcm43xx: core_up for active 802.11 core failed (-2)
bcm43xx: Error: Microcode &quot;bcm43xx_microcode5.fw&quot; not available or load failed.
bcm43xx: core_up for active 802.11 core failed (-2)
bcm43xx: Error: Microcode &quot;bcm43xx_microcode5.fw&quot; not available or load failed.
bcm43xx: core_up for active 802.11 core failed (-2)
bcm43xx: Error: Microcode &quot;bcm43xx_microcode5.fw&quot; not available or load failed.
bcm43xx: core_up for active 802.11 core failed (-2)
bcm43xx: Error: Microcode &quot;bcm43xx_microcode5.fw&quot; not available or load failed.
bcm43xx: core_up for active 802.11 core failed (-2)
bcm43xx: Error: Microcode &quot;bcm43xx_microcode5.fw&quot; not available or load failed.
bcm43xx: core_up for active 802.11 core failed (-2)
bcm43xx: Error: Microcode &quot;bcm43xx_microcode5.fw&quot; not available or load failed.
bcm43xx: core_up for active 802.11 core failed (-2)
bcm43xx: Error: Microcode &quot;bcm43xx_microcode5.fw&quot; not available or load failed.
bcm43xx: core_up for active 802.11 core failed (-2)
bcm43xx: Error: Microcode &quot;bcm43xx_microcode5.fw&quot; not available or load failed.
bcm43xx: core_up for active 802.11 core failed (-2)
bcm43xx: Error: Microcode &quot;bcm43xx_microcode5.fw&quot; not available or load failed.
bcm43xx: core_up for active 802.11 core failed (-2)
bcm43xx: Error: Microcode &quot;bcm43xx_microcode5.fw&quot; not available or load failed.
bcm43xx: core_up for active 802.11 core failed (-2)
bcm43xx: Error: Microcode &quot;bcm43xx_microcode5.fw&quot; not available or load failed.
bcm43xx: core_up for active 802.11 core failed (-2)
bcm43xx: Error: Microcode &quot;bcm43xx_microcode5.fw&quot; not available or load failed.
bcm43xx: core_up for active 802.11 core failed (-2)
bcm43xx: Error: Microcode &quot;bcm43xx_microcode5.fw&quot; not available or load failed.
bcm43xx: core_up for active 802.11 core failed (-2)
bcm43xx: Error: Microcode &quot;bcm43xx_microcode5.fw&quot; not available or load failed.
bcm43xx: core_up for active 802.11 core failed (-2)
bcm43xx: Error: Microcode &quot;bcm43xx_microcode5.fw&quot; not available or load failed.
bcm43xx: core_up for active 802.11 core failed (-2)
bcm43xx: Error: Microcode &quot;bcm43xx_microcode5.fw&quot; not available or load failed.
bcm43xx: core_up for active 802.11 core failed (-2)
bcm43xx: Error: Microcode &quot;bcm43xx_microcode5.fw&quot; not available or load failed.
bcm43xx: core_up for active 802.11 core failed (-2)
bcm43xx: Error: Microcode &quot;bcm43xx_microcode5.fw&quot; not available or load failed.
bcm43xx: core_up for active 802.11 core failed (-2)
bcm43xx: Error: Microcode &quot;bcm43xx_microcode5.fw&quot; not available or load failed.
bcm43xx: core_up for active 802.11 core failed (-2)
bcm43xx: Error: Microcode &quot;bcm43xx_microcode5.fw&quot; not available or load failed.
bcm43xx: core_up for active 802.11 core failed (-2)
bcm43xx: Error: Microcode &quot;bcm43xx_microcode5.fw&quot; not available or load failed.
bcm43xx: core_up for active 802.11 core failed (-2)
bcm43xx: Error: Microcode &quot;bcm43xx_microcode5.fw&quot; not available or load failed.
bcm43xx: core_up for active 802.11 core failed (-2)
bcm43xx: Error: Microcode &quot;bcm43xx_microcode5.fw&quot; not available or load failed.
bcm43xx: core_up for active 802.11 core failed (-2)
bcm43xx: Error: Microcode &quot;bcm43xx_microcode5.fw&quot; not available or load failed.
bcm43xx: core_up for active 802.11 core failed (-2)
bcm43xx: Error: Microcode &quot;bcm43xx_microcode5.fw&quot; not available or load failed.
bcm43xx: core_up for active 802.11 core failed (-2)
bcm43xx: Error: Microcode &quot;bcm43xx_microcode5.fw&quot; not available or load failed.
bcm43xx: core_up for active 802.11 core failed (-2)
bcm43xx: Error: Microcode &quot;bcm43xx_microcode5.fw&quot; not available or load failed.
bcm43xx: core_up for active 802.11 core failed (-2)
bcm43xx: Error: Microcode &quot;bcm43xx_microcode5.fw&quot; not available or load failed.
bcm43xx: core_up for active 802.11 core failed (-2)
bcm43xx: Error: Microcode &quot;bcm43xx_microcode5.fw&quot; not available or load failed.
bcm43xx: core_up for active 802.11 core failed (-2)
bcm43xx: Error: Microcode &quot;bcm43xx_microcode5.fw&quot; not available or load failed.
bcm43xx: core_up for active 802.11 core failed (-2)
bcm43xx: Error: Microcode &quot;bcm43xx_microcode5.fw&quot; not available or load failed.
bcm43xx: core_up for active 802.11 core failed (-2)
bcm43xx: Error: Microcode &quot;bcm43xx_microcode5.fw&quot; not available or load failed.
bcm43xx: core_up for active 802.11 core failed (-2)
bcm43xx: Error: Microcode &quot;bcm43xx_microcode5.fw&quot; not available or load failed.
bcm43xx: core_up for active 802.11 core failed (-2)
bcm43xx: Error: Microcode &quot;bcm43xx_microcode5.fw&quot; not available or load failed.
bcm43xx: core_up for active 802.11 core failed (-2)
bcm43xx: Error: Microcode &quot;bcm43xx_microcode5.fw&quot; not available or load failed.
bcm43xx: core_up for active 802.11 core failed (-2)
bcm43xx: Error: Microcode &quot;bcm43xx_microcode5.fw&quot; not available or load failed.
bcm43xx: core_up for active 802.11 core failed (-2)
bcm43xx: Error: Microcode &quot;bcm43xx_microcode5.fw&quot; not available or load failed.
bcm43xx: core_up for active 802.11 core failed (-2)
bcm43xx: Error: Microcode &quot;bcm43xx_microcode5.fw&quot; not available or load failed.
bcm43xx: core_up for active 802.11 core failed (-2)
bcm43xx: Error: Microcode &quot;bcm43xx_microcode5.fw&quot; not available or load failed.
bcm43xx: core_up for active 802.11 core failed (-2)
bcm43xx: Error: Microcode &quot;bcm43xx_microcode5.fw&quot; not available or load failed.
bcm43xx: core_up for active 802.11 core failed (-2)
bcm43xx: Error: Microcode &quot;bcm43xx_microcode5.fw&quot; not available or load failed.
bcm43xx: core_up for active 802.11 core failed (-2)
bcm43xx: Error: Microcode &quot;bcm43xx_microcode5.fw&quot; not available or load failed.
bcm43xx: core_up for active 802.11 core failed (-2)
bcm43xx: Error: Microcode &quot;bcm43xx_microcode5.fw&quot; not available or load failed.
bcm43xx: core_up for active 802.11 core failed (-2)
bcm43xx: Error: Microcode &quot;bcm43xx_microcode5.fw&quot; not available or load failed.
bcm43xx: core_up for active 802.11 core failed (-2)
bcm43xx: Error: Microcode &quot;bcm43xx_microcode5.fw&quot; not available or load failed.
bcm43xx: core_up for active 802.11 core failed (-2)
bcm43xx: Error: Microcode &quot;bcm43xx_microcode5.fw&quot; not available or load failed.
bcm43xx: core_up for active 802.11 core failed (-2)
bcm43xx: Error: Microcode &quot;bcm43xx_microcode5.fw&quot; not available or load failed.
bcm43xx: core_up for active 802.11 core failed (-2)
bcm43xx: Error: Microcode &quot;bcm43xx_microcode5.fw&quot; not available or load failed.
bcm43xx: core_up for active 802.11 core failed (-2)
bcm43xx: Error: Microcode &quot;bcm43xx_microcode5.fw&quot; not available or load failed.
bcm43xx: core_up for active 802.11 core failed (-2)<A HREF="https://lists.berlios.de/mailman/listinfo/bcm43xx-dev">javier at linux-losada</A>:~&gt; dmesg
Linux version 2.6.22.5-31-default (<A HREF="https://lists.berlios.de/mailman/listinfo/bcm43xx-dev">geeko at buildhost</A>) (gcc version 4.2.1 (SUSE Linux)) #1
SMP 2007/09/21 22:29:00 UTC
BIOS-provided physical RAM map:
 BIOS-e820: 0000000000000000 - 000000000009fc00 (usable)
 BIOS-e820: 000000000009fc00 - 00000000000a0000 (reserved)
 BIOS-e820: 00000000000e4000 - 0000000000100000 (reserved)
 BIOS-e820: 0000000000100000 - 000000007ffa0000 (usable)
 BIOS-e820: 000000007ffa0000 - 000000007ffae000 (ACPI data)
 BIOS-e820: 000000007ffae000 - 000000007ffe0000 (ACPI NVS)
 BIOS-e820: 000000007ffe0000 - 0000000080000000 (reserved)
 BIOS-e820: 00000000fee00000 - 00000000fee01000 (reserved)
 BIOS-e820: 00000000ffb80000 - 0000000100000000 (reserved)
1151MB HIGHMEM available.
896MB LOWMEM available.
found SMP MP-table at 000ff780
Entering add_active_range(0, 0, 524192) 0 entries of 256 used
Zone PFN ranges:
  DMA             0 -&gt;     4096
  Normal       4096 -&gt;   229376
  HighMem    229376 -&gt;   524192
early_node_map[1] active PFN ranges
    0:        0 -&gt;   524192
On node 0 totalpages: 524192
  DMA zone: 32 pages used for memmap
  DMA zone: 0 pages reserved
  DMA zone: 4064 pages, LIFO batch:0
  Normal zone: 1760 pages used for memmap
  Normal zone: 223520 pages, LIFO batch:31
  HighMem zone: 2303 pages used for memmap
  HighMem zone: 292513 pages, LIFO batch:31
DMI 2.4 present.
Using APIC driver default
ACPI: RSDP 000FB7E0, 0014 (r0 ACPIAM)
ACPI: RSDT 7FFA0000, 003C (r1 A_M_I_ OEMRSDT   8000706 MSFT       97)
ACPI: FACP 7FFA0200, 0084 (r2 A_M_I_ OEMFACP   8000706 MSFT       97)
ACPI: DSDT 7FFA05C0, 6316 (r1  A0600 A0600000        0 INTL 20051117)
ACPI: FACS 7FFAE000, 0040
ACPI: APIC 7FFA0390, 006C (r1 A_M_I_ OEMAPIC   8000706 MSFT       97)
ACPI: MCFG 7FFA0400, 003C (r1 A_M_I_ OEMMCFG   8000706 MSFT       97)
ACPI: OEMB 7FFAE040, 0080 (r1 A_M_I_ AMI_OEM   8000706 MSFT       97)
ACPI: HPET 7FFA68E0, 0038 (r1 A_M_I_ OEMHPET   8000706 MSFT       97)
ACPI: GSCI 7FFAE0C0, 2024 (r1 A_M_I_ GMCHSCI   8000706 MSFT       97)
ACPI: PM-Timer IO Port: 0x808
ACPI: Local APIC address 0xfee00000
ACPI: LAPIC (acpi_id[0x01] lapic_id[0x00] enabled)
Processor #0 6:15 APIC version 20
ACPI: LAPIC (acpi_id[0x02] lapic_id[0x01] enabled)
Processor #1 6:15 APIC version 20
ACPI: LAPIC (acpi_id[0x03] lapic_id[0x02] enabled)
Processor #2 6:15 APIC version 20
ACPI: LAPIC (acpi_id[0x04] lapic_id[0x03] enabled)
Processor #3 6:15 APIC version 20
ACPI: IOAPIC (id[0x04] address[0xfec00000] gsi_base[0])
IOAPIC[0]: apic_id 4, version 32, address 0xfec00000, GSI 0-23
ACPI: INT_SRC_OVR (bus 0 bus_irq 0 global_irq 2 dfl dfl)
ACPI: INT_SRC_OVR (bus 0 bus_irq 9 global_irq 9 high level)
ACPI: IRQ0 used by override.
ACPI: IRQ2 used by override.
ACPI: IRQ9 used by override.
Enabling APIC mode:  Flat.  Using 1 I/O APICs
ACPI: HPET id: 0x8086a201 base: 0xfed00000
Using ACPI (MADT) for SMP configuration information
Allocating PCI resources starting at 88000000 (gap: 80000000:7ee00000)
Built 1 zonelists.  Total pages: 520097
Kernel command line: root=/dev/disk/by-id/scsi-SATA_SAMSUNG_HD501LJS0MUJDWPA11586-part1
vga=0x31a    resume=/dev/sda5 splash=silent
bootsplash: silent mode.
mapped APIC to ffffd000 (fee00000)
mapped IOAPIC to ffffc000 (fec00000)
Enabling fast FPU save and restore... done.
Enabling unmasked SIMD FPU exception support... done.
Initializing CPU#0
PID hash table entries: 4096 (order: 12, 16384 bytes)
Detected 2400.101 MHz processor.
Console: colour dummy device 80x25
Dentry cache hash table entries: 131072 (order: 7, 524288 bytes)
Inode-cache hash table entries: 65536 (order: 6, 262144 bytes)
Memory: 2070756k/2096768k available (1825k kernel code, 24768k reserved, 764k data, 228k
init, 1179264k highmem)
virtual kernel memory layout:
    fixmap  : 0xffdf4000 - 0xfffff000   (2092 kB)
    pkmap   : 0xff800000 - 0xffc00000   (4096 kB)
    vmalloc : 0xf8800000 - 0xff7fe000   ( 111 MB)
    lowmem  : 0xc0000000 - 0xf8000000   ( 896 MB)
      .init : 0xc038e000 - 0xc03c7000   ( 228 kB)
      .data : 0xc02c86ed - 0xc0387964   ( 764 kB)
      .text : 0xc0100000 - 0xc02c86ed   (1825 kB)
Checking if this processor honours the WP bit even in supervisor mode... Ok.
hpet0: at MMIO 0xfed00000, IRQs 2, 8, 0
hpet0: 3 64-bit timers, 14318180 Hz
Calibrating delay using timer specific routine.. 4803.25 BogoMIPS (lpj=9606509)
Security Framework v1.0.0 initialized
Mount-cache hash table entries: 512
CPU: After generic identify, caps: bfebfbff 20100000 00000000 00000000 0000e3bd 00000000
00000001
monitor/mwait feature present.
using mwait in idle threads.
CPU: L1 I cache: 32K, L1 D cache: 32K
CPU: L2 cache: 4096K
CPU: Physical Processor ID: 0
CPU: Processor Core ID: 0
CPU: After all inits, caps: bfebfbff 20100000 00000000 00003940 0000e3bd 00000000 00000001
Intel machine check architecture supported.
Intel machine check reporting enabled on CPU#0.
Compat vDSO mapped to ffffe000.
Checking 'hlt' instruction... OK.
SMP alternatives: switching to UP code
Unpacking initramfs... done
Freeing initrd memory: 4040k freed
ACPI: Core revision 20070126
Parsing all Control Methods:
Table [DSDT](id 0001) - 840 Objects with 63 Devices 232 Methods 29 Regions
 tbxface-0587 [00] tb_load_namespace     : ACPI Tables successfully acquired
evxfevnt-0091 [00] enable                : Transition to ACPI mode successful
CPU0: Intel(R) Core(TM)2 Quad CPU    Q6600  @ 2.40GHz stepping 0b
SMP alternatives: switching to SMP code
Booting processor 1/1 eip 3000
Initializing CPU#1
Calibrating delay using timer specific routine.. 4799.98 BogoMIPS (lpj=9599969)
CPU: After generic identify, caps: bfebfbff 20100000 00000000 00000000 0000e3bd 00000000
00000001
monitor/mwait feature present.
CPU: L1 I cache: 32K, L1 D cache: 32K
CPU: L2 cache: 4096K
CPU: Physical Processor ID: 0
CPU: Processor Core ID: 1
CPU: After all inits, caps: bfebfbff 20100000 00000000 00003940 0000e3bd 00000000 00000001
Intel machine check architecture supported.
Intel machine check reporting enabled on CPU#1.
CPU1: Intel(R) Core(TM)2 Quad CPU    Q6600  @ 2.40GHz stepping 0b
SMP alternatives: switching to SMP code
Booting processor 2/2 eip 3000
Initializing CPU#2
Calibrating delay using timer specific routine.. 4426.04 BogoMIPS (lpj=8852088)
CPU: After generic identify, caps: bfebfbff 20100000 00000000 00000000 0000e3bd 00000000
00000001
monitor/mwait feature present.
CPU: L1 I cache: 32K, L1 D cache: 32K
CPU: L2 cache: 4096K
CPU: Physical Processor ID: 0
CPU: Processor Core ID: 2
CPU: After all inits, caps: bfebfbff 20100000 00000000 00003940 0000e3bd 00000000 00000001
Intel machine check architecture supported.
Intel machine check reporting enabled on CPU#2.
CPU2: Intel(R) Core(TM)2 Quad CPU    Q6600  @ 2.40GHz stepping 0b
SMP alternatives: switching to SMP code
Booting processor 3/3 eip 3000
Initializing CPU#3
Calibrating delay using timer specific routine.. 4800.03 BogoMIPS (lpj=9600065)
CPU: After generic identify, caps: bfebfbff 20100000 00000000 00000000 0000e3bd 00000000
00000001
monitor/mwait feature present.
CPU: L1 I cache: 32K, L1 D cache: 32K
CPU: L2 cache: 4096K
CPU: Physical Processor ID: 0
CPU: Processor Core ID: 3
CPU: After all inits, caps: bfebfbff 20100000 00000000 00003940 0000e3bd 00000000 00000001
Intel machine check architecture supported.
Intel machine check reporting enabled on CPU#3.
CPU3: Intel(R) Core(TM)2 Quad CPU    Q6600  @ 2.40GHz stepping 0b
Total of 4 processors activated (18829.31 BogoMIPS).
ENABLING IO-APIC IRQs
.TIMER: vector=0x31 apic1=0 pin1=2 apic2=-1 pin2=-1
checking TSC synchronization [CPU#0 -&gt; CPU#1]: passed.
checking TSC synchronization [CPU#0 -&gt; CPU#2]: passed.
checking TSC synchronization [CPU#0 -&gt; CPU#3]: passed.
Brought up 4 CPUs
migration_cost=52,3406
Booting paravirtualized kernel on bare hardware
NET: Registered protocol family 16
ACPI: bus type pci registered
PCI: BIOS Bug: MCFG area at f0000000 is not E820-reserved
PCI: Not using MMCONFIG.
PCI: PCI BIOS revision 3.00 entry at 0xf0031, last bus=4
PCI: Using configuration type 1
Setting up standard PCI resources
evgpeblk-0956 [00] ev_create_gpe_block   : GPE 00 to 1F [_GPE] 4 regs on int 0x9
evgpeblk-1052 [00] ev_initialize_gpe_bloc: Found 11 Wake, Enabled 2 Runtime GPEs in this block
Completing Region/Field/Buffer/Package
initialization:....................................................................................................................................................
Initialized 28/29 Regions 36/36 Fields 48/48 Buffers 36/37 Packages (849 nodes)
Initializing Device/Processor/Thermal objects by executing _INI methods:
Executed 0 _INI methods requiring 0 _STA executions (examined 69 objects)
ACPI: Interpreter enabled
ACPI: (supports S0 S1 S3 S4 S5)
ACPI: Using IOAPIC for interrupt routing
ACPI: PCI Root Bridge [PCI0] (0000:00)
PCI: Probing PCI hardware (bus 00)
PCI quirk: region 0800-087f claimed by ICH6 ACPI/GPIO/TCO
PCI quirk: region 0480-04bf claimed by ICH6 GPIO
PCI: Transparent bridge - 0000:00:1e.0
ACPI: PCI Interrupt Routing Table [\_SB_.PCI0._PRT]
ACPI: PCI Interrupt Routing Table [\_SB_.PCI0.P0P2._PRT]
ACPI: PCI Interrupt Routing Table [\_SB_.PCI0.P0P1._PRT]
ACPI: PCI Interrupt Routing Table [\_SB_.PCI0.P0P4._PRT]
ACPI: PCI Interrupt Routing Table [\_SB_.PCI0.P0P5._PRT]
ACPI: PCI Interrupt Link [LNKA] (IRQs 3 4 5 6 7 10 *11 12 14 15)
ACPI: PCI Interrupt Link [LNKB] (IRQs 3 4 5 6 7 *10 11 12 14 15)
ACPI: PCI Interrupt Link [LNKC] (IRQs *3 4 5 6 7 10 11 12 14 15)
ACPI: PCI Interrupt Link [LNKD] (IRQs 3 4 5 6 7 10 *11 12 14 15)
ACPI: PCI Interrupt Link [LNKE] (IRQs 3 4 5 6 7 10 11 12 14 15) *0, disabled.
ACPI: PCI Interrupt Link [LNKF] (IRQs 3 4 5 6 7 10 11 12 14 15) *0, disabled.
ACPI: PCI Interrupt Link [LNKG] (IRQs 3 4 5 6 7 10 11 12 14 15) *0, disabled.
ACPI: PCI Interrupt Link [LNKH] (IRQs 3 4 *5 6 7 10 11 12 14 15)
Linux Plug and Play Support v0.97 (c) Adam Belay
pnp: PnP ACPI init
ACPI: bus type pnp registered
pnp: PnP ACPI: found 18 devices
ACPI: ACPI bus type pnp unregistered
PnPBIOS: Disabled by ACPI PNP
PCI: Using ACPI for IRQ routing
PCI: If a device doesn't work, try &quot;pci=routeirq&quot;.  If it helps, post a report
ACPI: RTC can wake from S4
pnp: 00:01: iomem range 0xfed14000-0xfed19fff has been reserved
pnp: 00:07: ioport range 0x290-0x297 has been reserved
pnp: 00:08: iomem range 0xfed1c000-0xfed1ffff has been reserved
pnp: 00:08: iomem range 0xfed20000-0xfed8ffff has been reserved
pnp: 00:0b: iomem range 0xffc00000-0xfff7ffff could not be reserved
pnp: 00:0c: iomem range 0xfec00000-0xfec00fff has been reserved
pnp: 00:0c: iomem range 0xfee00000-0xfee00fff could not be reserved
pnp: 00:10: iomem range 0xf0000000-0xf3ffffff has been reserved
pnp: 00:11: iomem range 0x0-0x9ffff could not be reserved
pnp: 00:11: iomem range 0xc0000-0xcffff could not be reserved
pnp: 00:11: iomem range 0xe0000-0xfffff could not be reserved
pnp: 00:11: iomem range 0x100000-0x7fffffff could not be reserved
Time: tsc clocksource has been installed.
Switched to NOHz mode on CPU #0
Switched to NOHz mode on CPU #1
Switched to NOHz mode on CPU #2
Switched to NOHz mode on CPU #3
PCI: Bridge: 0000:00:01.0
  IO window: e000-efff
  MEM window: fa000000-fe9fffff
  PREFETCH window: e0000000-efffffff
PCI: Bridge: 0000:00:1c.0
  IO window: disabled.
  MEM window: disabled.
  PREFETCH window: disabled.
PCI: Bridge: 0000:00:1c.1
  IO window: disabled.
  MEM window: fea00000-feafffff
  PREFETCH window: disabled.
PCI: Bridge: 0000:00:1e.0
  IO window: disabled.
  MEM window: feb00000-febfffff
  PREFETCH window: disabled.
ACPI: PCI Interrupt 0000:00:01.0[A] -&gt; GSI 16 (level, low) -&gt; IRQ 16
PCI: Setting latency timer of device 0000:00:01.0 to 64
ACPI: PCI Interrupt 0000:00:1c.0[A] -&gt; GSI 16 (level, low) -&gt; IRQ 16
PCI: Setting latency timer of device 0000:00:1c.0 to 64
ACPI: PCI Interrupt 0000:00:1c.1[B] -&gt; GSI 17 (level, low) -&gt; IRQ 17
PCI: Setting latency timer of device 0000:00:1c.1 to 64
PCI: Setting latency timer of device 0000:00:1e.0 to 64
NET: Registered protocol family 2
IP route cache hash table entries: 32768 (order: 5, 131072 bytes)
TCP established hash table entries: 131072 (order: 8, 1572864 bytes)
TCP bind hash table entries: 65536 (order: 7, 524288 bytes)
TCP: Hash tables configured (established 131072 bind 65536)
TCP reno registered
Machine check exception polling timer started.
audit: initializing netlink socket (disabled)
audit(1201986921.976:1): initialized
highmem bounce pool size: 64 pages
Total HugeTLB memory allocated, 0
VFS: Disk quotas dquot_6.5.1
Dquot-cache hash table entries: 1024 (order 0, 4096 bytes)
io scheduler noop registered
io scheduler anticipatory registered
io scheduler deadline registered
io scheduler cfq registered (default)
Boot video device is 0000:01:00.0
PCI: Setting latency timer of device 0000:00:01.0 to 64
assign_interrupt_mode Found MSI capability
Allocate Port Service[0000:00:01.0:pcie00]
PCI: Setting latency timer of device 0000:00:1c.0 to 64
assign_interrupt_mode Found MSI capability
Allocate Port Service[0000:00:1c.0:pcie00]
Allocate Port Service[0000:00:1c.0:pcie02]
PCI: Setting latency timer of device 0000:00:1c.1 to 64
assign_interrupt_mode Found MSI capability
Allocate Port Service[0000:00:1c.1:pcie00]
Allocate Port Service[0000:00:1c.1:pcie02]
vesafb: framebuffer at 0xfb000000, mapped to 0xf8880000, using 10240k, total 14336k
vesafb: mode is 1280x1024x16, linelength=2560, pages=1
vesafb: protected mode interface info at c000:b580
vesafb: pmi: set display start = c00cb5e3, set palette = c00cb63e
vesafb: pmi: ports = 3b4 3b5 3ba 3c0 3c1 3c4 3c5 3c6 3c7 3c8 3c9 3cc 3ce 3cf 3d0 3d1 3d2
3d3 3d4 3d5 3da
vesafb: scrolling: redraw
vesafb: Truecolor: size=0:5:6:5, shift=0:11:5:0
bootsplash 3.1.6-2004/03/31: looking for picture...
bootsplash: silentjpeg size 98233 bytes
bootsplash: ...found (1280x1024, 35219 bytes, v3).
Console: switching to colour frame buffer device 156x60
fb0: VESA VGA frame buffer device
isapnp: Scanning for PnP cards...
isapnp: No Plug &amp; Play device found
Real Time Clock Driver v1.12ac
hpet_resources: 0xfed00000 is busy
Serial: 8250/16550 driver $Revision: 1.90 $ 4 ports, IRQ sharing enabled
serial8250: ttyS0 at I/O 0x3f8 (irq = 4) is a 16550A
00:0f: ttyS0 at I/O 0x3f8 (irq = 4) is a 16550A
floppy0: no floppy controllers found
PNP: PS/2 Controller [PNP0303:PS2K,PNP0f03:PS2M] at 0x60,0x64 irq 1,12
serio: i8042 KBD port at 0x60,0x64 irq 1
serio: i8042 AUX port at 0x60,0x64 irq 12
mice: PS/2 mouse device common for all mice
input: AT Translated Set 2 keyboard as /class/input/input0
input: PC Speaker as /class/input/input1
logips2pp: Detected unknown logitech mouse model 115
input: ImExPS/2 Logitech Explorer Mouse as /class/input/input2
NET: Registered protocol family 1
Using IPI No-Shortcut mode
Freeing unused kernel memory: 228k freed
ACPI Warning (tbutils-0158): Incorrect checksum in table [OEMB] -  D2, should be CD [20070126]
ACPI: SSDT 7FFB00F0, 01D2 (r1    AMI   CPU1PM        1 INTL 20060113)
Parsing all Control Methods:
Table [SSDT](id 00B9) - 9 Objects with 0 Devices 3 Methods 0 Regions
ACPI: SSDT 7FFB02D0, 0143 (r1    AMI   CPU2PM        1 INTL 20060113)
Parsing all Control Methods:
Table [SSDT](id 00BC) - 7 Objects with 0 Devices 4 Methods 0 Regions
ACPI: SSDT 7FFB0420, 0143 (r1    AMI   CPU3PM        1 INTL 20060113)
Parsing all Control Methods:
Table [SSDT](id 00BF) - 7 Objects with 0 Devices 4 Methods 0 Regions
ACPI: SSDT 7FFB0570, 0143 (r1    AMI   CPU4PM        1 INTL 20060113)
Parsing all Control Methods:
Table [SSDT](id 00C2) - 7 Objects with 0 Devices 4 Methods 0 Regions
SCSI subsystem initialized
libata version 3.00 loaded.
ata_piix 0000:00:1f.1: version 2.11
ACPI: PCI Interrupt 0000:00:1f.1[A] -&gt; GSI 18 (level, low) -&gt; IRQ 18
PCI: Setting latency timer of device 0000:00:1f.1 to 64
scsi0 : ata_piix
scsi1 : ata_piix
ata1: PATA max UDMA/133 cmd 0x000101f0 ctl 0x000103f6 bmdma 0x0001ffa0 irq 14
ata2: PATA max UDMA/133 cmd 0x00010170 ctl 0x00010376 bmdma 0x0001ffa8 irq 15
ata1.00: ATAPI: ASUS    DRW-1814BL, 1.13, max UDMA/66
ata1.00: configured for UDMA/66
scsi 0:0:0:0: CD-ROM            ASUS     DRW-1814BL       1.13 PQ: 0 ANSI: 5
ata_piix 0000:00:1f.2: MAP [ P0 P2 P1 P3 ]
ACPI: PCI Interrupt 0000:00:1f.2[B] -&gt; GSI 19 (level, low) -&gt; IRQ 19
PCI: Setting latency timer of device 0000:00:1f.2 to 64
scsi2 : ata_piix
scsi3 : ata_piix
ata3: SATA max UDMA/133 cmd 0x0001d400 ctl 0x0001d082 bmdma 0x0001c880 irq 19
ata4: SATA max UDMA/133 cmd 0x0001d000 ctl 0x0001cc02 bmdma 0x0001c888 irq 19
ata3.00: ATA-8: SAMSUNG HD501LJ, CR100-12, max UDMA7
ata3.00: 976773168 sectors, multi 16: LBA48 NCQ (depth 0/32)
ata3.00: configured for UDMA/133
scsi 2:0:0:0: Direct-Access     ATA      SAMSUNG HD501LJ  CR10 PQ: 0 ANSI: 5
BIOS EDD facility v0.16 2004-Jun-25, 1 devices found
usbcore: registered new interface driver usbfs
usbcore: registered new interface driver hub
usbcore: registered new device driver usb
sd 2:0:0:0: [sda] 976773168 512-byte hardware sectors (500108 MB)
sd 2:0:0:0: [sda] Write Protect is off
sd 2:0:0:0: [sda] Mode Sense: 00 3a 00 00
sd 2:0:0:0: [sda] Write cache: enabled, read cache: enabled, doesn't support DPO or FUA
sd 2:0:0:0: [sda] 976773168 512-byte hardware sectors (500108 MB)
sd 2:0:0:0: [sda] Write Protect is off
sd 2:0:0:0: [sda] Mode Sense: 00 3a 00 00
sd 2:0:0:0: [sda] Write cache: enabled, read cache: enabled, doesn't support DPO or FUA
 sda: sda1 sda2 &lt; sda5 &gt;
sd 2:0:0:0: [sda] Attached SCSI disk
USB Universal Host Controller Interface driver v3.0
ACPI: PCI Interrupt 0000:00:1d.0[A] -&gt; GSI 23 (level, low) -&gt; IRQ 20
PCI: Setting latency timer of device 0000:00:1d.0 to 64
uhci_hcd 0000:00:1d.0: UHCI Host Controller
uhci_hcd 0000:00:1d.0: new USB bus registered, assigned bus number 1
uhci_hcd 0000:00:1d.0: irq 20, io base 0x0000d480
usb usb1: new device found, idVendor=0000, idProduct=0000
usb usb1: new device strings: Mfr=3, Product=2, SerialNumber=1
usb usb1: Product: UHCI Host Controller
usb usb1: Manufacturer: Linux 2.6.22.5-31-default uhci_hcd
usb usb1: SerialNumber: 0000:00:1d.0
usb usb1: configuration #1 chosen from 1 choice
hub 1-0:1.0: USB hub found
hub 1-0:1.0: 2 ports detected
ACPI: PCI Interrupt 0000:00:1d.1[B] -&gt; GSI 19 (level, low) -&gt; IRQ 19
PCI: Setting latency timer of device 0000:00:1d.1 to 64
uhci_hcd 0000:00:1d.1: UHCI Host Controller
uhci_hcd 0000:00:1d.1: new USB bus registered, assigned bus number 2
uhci_hcd 0000:00:1d.1: irq 19, io base 0x0000d800
usb usb2: new device found, idVendor=0000, idProduct=0000
usb usb2: new device strings: Mfr=3, Product=2, SerialNumber=1
usb usb2: Product: UHCI Host Controller
usb usb2: Manufacturer: Linux 2.6.22.5-31-default uhci_hcd
usb usb2: SerialNumber: 0000:00:1d.1
usb usb2: configuration #1 chosen from 1 choice
hub 2-0:1.0: USB hub found
hub 2-0:1.0: 2 ports detected
ACPI: PCI Interrupt 0000:00:1d.2[C] -&gt; GSI 18 (level, low) -&gt; IRQ 18
PCI: Setting latency timer of device 0000:00:1d.2 to 64
uhci_hcd 0000:00:1d.2: UHCI Host Controller
uhci_hcd 0000:00:1d.2: new USB bus registered, assigned bus number 3
uhci_hcd 0000:00:1d.2: irq 18, io base 0x0000d880
usb usb3: new device found, idVendor=0000, idProduct=0000
usb usb3: new device strings: Mfr=3, Product=2, SerialNumber=1
usb usb3: Product: UHCI Host Controller
usb usb3: Manufacturer: Linux 2.6.22.5-31-default uhci_hcd
usb usb3: SerialNumber: 0000:00:1d.2
usb usb3: configuration #1 chosen from 1 choice
hub 3-0:1.0: USB hub found
hub 3-0:1.0: 2 ports detected
ACPI: PCI Interrupt 0000:00:1d.3[D] -&gt; GSI 16 (level, low) -&gt; IRQ 16
PCI: Setting latency timer of device 0000:00:1d.3 to 64
uhci_hcd 0000:00:1d.3: UHCI Host Controller
uhci_hcd 0000:00:1d.3: new USB bus registered, assigned bus number 4
uhci_hcd 0000:00:1d.3: irq 16, io base 0x0000dc00
usb usb4: new device found, idVendor=0000, idProduct=0000
usb usb4: new device strings: Mfr=3, Product=2, SerialNumber=1
usb usb4: Product: UHCI Host Controller
usb usb4: Manufacturer: Linux 2.6.22.5-31-default uhci_hcd
usb usb4: SerialNumber: 0000:00:1d.3
usb usb4: configuration #1 chosen from 1 choice
hub 4-0:1.0: USB hub found
hub 4-0:1.0: 2 ports detected
usb 2-1: new full speed USB device using uhci_hcd and address 2
ACPI: PCI Interrupt 0000:00:1d.7[A] -&gt; GSI 23 (level, low) -&gt; IRQ 20
PCI: Setting latency timer of device 0000:00:1d.7 to 64
ehci_hcd 0000:00:1d.7: EHCI Host Controller
ehci_hcd 0000:00:1d.7: new USB bus registered, assigned bus number 5
ehci_hcd 0000:00:1d.7: debug port 1
PCI: cache line size of 32 is not supported by device 0000:00:1d.7
ehci_hcd 0000:00:1d.7: irq 20, io mem 0xf9ffbc00
ehci_hcd 0000:00:1d.7: USB 2.0 started, EHCI 1.00, driver 10 Dec 2004
usb usb5: new device found, idVendor=0000, idProduct=0000
usb usb5: new device strings: Mfr=3, Product=2, SerialNumber=1
usb usb5: Product: EHCI Host Controller
usb usb5: Manufacturer: Linux 2.6.22.5-31-default ehci_hcd
usb 2-1: device descriptor read/all, error -71
usb usb5: SerialNumber: 0000:00:1d.7
usb usb5: configuration #1 chosen from 1 choice
hub 5-0:1.0: USB hub found
hub 5-0:1.0: 8 ports detected
swsusp: Basic memory bitmaps created
swsusp: Basic memory bitmaps freed
Attempting manual resume
usb 5-8: new high speed USB device using ehci_hcd and address 3
usb 5-8: new device found, idVendor=0bda, idProduct=0111
usb 5-8: new device strings: Mfr=1, Product=2, SerialNumber=3
usb 5-8: Product: USB2.0-CRW
usb 5-8: Manufacturer: Generic
usb 5-8: SerialNumber: 20021111153705700
usb 5-8: configuration #1 chosen from 1 choice
usb 2-1: new full speed USB device using uhci_hcd and address 4
usb 2-1: new device found, idVendor=069b, idProduct=0704
usb 2-1: new device strings: Mfr=1, Product=2, SerialNumber=3
usb 2-1: Product: Thomson USB CDC Device
usb 2-1: Manufacturer: Thomson Inc.
usb 2-1: SerialNumber: 0011E3B3507A
usb 2-1: configuration #1 chosen from 1 choice
kjournald starting.  Commit interval 5 seconds
EXT3 FS on sda1, internal journal
EXT3-fs: mounted filesystem with ordered data mode.
scsi 0:0:0:0: Attached scsi generic sg0 type 5
sd 2:0:0:0: Attached scsi generic sg1 type 0
ACPI: PCI Interrupt 0000:02:00.0[A] -&gt; GSI 17 (level, low) -&gt; IRQ 17
PCI: Setting latency timer of device 0000:02:00.0 to 64
atl1 0000:02:00.0: version 2.0.7
eth0: register 'cdc_ether' at usb-0000:00:1d.1-1, CDC Ethernet Device, 00:11:e3:b3:50:7a
usbcore: registered new interface driver cdc_ether
rtc_cmos 00:03: rtc core: registered rtc_cmos as rtc0
rtc_cmos: probe of 00:03 failed with error -16
ACPI: PCI Interrupt 0000:00:1b.0[A] -&gt; GSI 16 (level, low) -&gt; IRQ 16
PCI: Setting latency timer of device 0000:00:1b.0 to 64
Uniform Multi-Platform E-IDE driver Revision: 7.00alpha2
ide: Assuming 33MHz system bus speed for PIO modes; override with idebus=xx
ieee80211_crypt: registered algorithm 'NULL'
Initializing USB Mass Storage driver...
scsi4 : SCSI emulation for USB Mass Storage devices
usb-storage: device found at 3
usb-storage: waiting for device to settle before scanning
usbcore: registered new interface driver usb-storage
USB Mass Storage support registered.
hda_codec: Unknown model for ALC883, trying auto-probe from BIOS...
ALSA sound/pci/hda/hda_codec.c:2331: autoconfig: line_outs=1 (0x14/0x0/0x0/0x0/0x0)
ALSA sound/pci/hda/hda_codec.c:2335:    speaker_outs=0 (0x0/0x0/0x0/0x0/0x0)
ALSA sound/pci/hda/hda_codec.c:2339:    hp_outs=1 (0x1b/0x0/0x0/0x0/0x0)
ALSA sound/pci/hda/hda_codec.c:2347:    inputs: mic=0x18, fmic=0x19, line=0x1a, fline=0x0,
cd=0x0, aux=0x0
iTCO_vendor_support: vendor-support=0
Linux agpgart interface v0.102 (c) Dave Jones
input: Power Button (FF) as /class/input/input3
ACPI: Power Button (FF) [PWRF]
input: Power Button (CM) as /class/input/input4
ACPI: Power Button (CM) [PWRB]
iTCO_wdt: Intel TCO WatchDog Timer Driver v1.01 (21-Jan-2007)
iTCO_wdt: Found a ICH7 or ICH7R TCO device (Version=2, TCOBASE=0x0860)
iTCO_wdt: initialized. heartbeat=30 sec (nowayout=0)
sr0: scsi3-mmc drive: 48x/48x writer dvd-ram cd/rw xa/form2 cdda tray
Uniform CD-ROM driver Revision: 3.20
sr 0:0:0:0: Attached scsi CD-ROM sr0
ACPI: PCI Interrupt 0000:00:1f.3[B] -&gt; GSI 19 (level, low) -&gt; IRQ 19
ieee80211: 802.11 data/management/control stack, git-1.1.13
ieee80211: Copyright (C) 2004-2005 Intel Corporation &lt;<A HREF="https://lists.berlios.de/mailman/listinfo/bcm43xx-dev">jketreno at linux.intel.com</A>&gt;
intel_rng: FWH not detected
bcm43xx driver
ACPI: PCI Interrupt 0000:04:01.0[A] -&gt; GSI 16 (level, low) -&gt; IRQ 16
bcm43xx: Chip ID 0x4318, rev 0x2
bcm43xx: Number of cores: 4
bcm43xx: Core 0: ID 0x800, rev 0xd, vendor 0x4243
bcm43xx: Core 1: ID 0x812, rev 0x9, vendor 0x4243
bcm43xx: Core 2: ID 0x804, rev 0xc, vendor 0x4243
bcm43xx: Core 3: ID 0x80d, rev 0x7, vendor 0x4243
bcm43xx: PHY connected
bcm43xx: Detected PHY: Analog: 3, Type 2, Revision 7
bcm43xx: Detected Radio: ID: 8205017f (Manuf: 17f Ver: 2050 Rev: 8)
bcm43xx: Radio turned off
bcm43xx: Radio turned off
parport_pc 00:06: reported by Plug and Play ACPI
parport0: PC-style at 0x378 (0x778), irq 7, dma 3 [PCSPP,TRISTATE,COMPAT,EPP,ECP,DMA]
Adding 6080560k swap on /dev/sda5.  Priority:-1 extents:1 across:6080560k
device-mapper: ioctl: 4.11.0-ioctl (2006-10-12) initialised: <A HREF="https://lists.berlios.de/mailman/listinfo/bcm43xx-dev">dm-devel at redhat.com</A>
scsi 4:0:0:0: Direct-Access     Generic- Compact Flash    1.00 PQ: 0 ANSI: 0 CCS
sd 4:0:0:0: [sdb] Attached SCSI removable disk
sd 4:0:0:0: Attached scsi generic sg2 type 0
scsi 4:0:0:1: Direct-Access     Generic- SM/xD-Picture    1.00 PQ: 0 ANSI: 0 CCS
sd 4:0:0:1: [sdc] Attached SCSI removable disk
sd 4:0:0:1: Attached scsi generic sg3 type 0
scsi 4:0:0:2: Direct-Access     Generic- SD/MMC           1.00 PQ: 0 ANSI: 0 CCS
sd 4:0:0:2: [sdd] Attached SCSI removable disk
sd 4:0:0:2: Attached scsi generic sg4 type 0
scsi 4:0:0:3: Direct-Access     Generic- MS/MS-Pro        1.00 PQ: 0 ANSI: 0 CCS
sd 4:0:0:3: [sde] Attached SCSI removable disk
sd 4:0:0:3: Attached scsi generic sg5 type 0
usb-storage: device scan complete
loop: module loaded
AppArmor: AppArmor initialized
audit(1201986986.479:2):  type=1505 info=&quot;AppArmor initialized&quot; pid=2229
IA-32 Microcode Update Driver: v1.14a &lt;<A HREF="https://lists.berlios.de/mailman/listinfo/bcm43xx-dev">tigran at aivazian.fsnet.co.uk</A>&gt;
powernow: This module only works with AMD K7 CPUs
processor_perflib-0519 [00] processor_get_psd     : Invalid _PSD data
processor_perflib-0519 [00] processor_get_psd     : Invalid _PSD data
processor_perflib-0519 [00] processor_get_psd     : Invalid _PSD data
processor_perflib-0519 [00] processor_get_psd     : Invalid _PSD data
bcm43xx: PHY connected
bcm43xx: Error: Microcode &quot;bcm43xx_microcode5.fw&quot; not available or load failed.
bcm43xx: core_up for active 802.11 core failed (-2)
audit(1201986999.646:3): audit_backlog_limit=320 old=64 by auid=4294967295 res=1
audit(1201986999.646:4): audit_pid=3116 old=0 by auid=4294967295
NET: Registered protocol family 10
lo: Disabled Privacy Extensions
Mobile IPv6
bcm43xx: Error: Microcode &quot;bcm43xx_microcode5.fw&quot; not available or load failed.
bcm43xx: core_up for active 802.11 core failed (-2)
SoftMAC: Associate: Scanning for networks first.
SoftMAC: Associate: failed to initiate scan. Is device up?
bcm43xx: set security called, .level = 0, .enabled = 0, .encrypt = 0
ADDRCONF(NETDEV_UP): eth1: link is not ready
bootsplash: status on console 0 changed to on
NET: Registered protocol family 17
ip6_tables: (C) 2000-2006 Netfilter Core Team
ip_tables: (C) 2000-2006 Netfilter Core Team
eth0: no IPv6 routers present
bcm43xx: Error: Microcode &quot;bcm43xx_microcode5.fw&quot; not available or load failed.
bcm43xx: core_up for active 802.11 core failed (-2)
bcm43xx: Error: Microcode &quot;bcm43xx_microcode5.fw&quot; not available or load failed.
bcm43xx: core_up for active 802.11 core failed (-2)
bcm43xx: Error: Microcode &quot;bcm43xx_microcode5.fw&quot; not available or load failed.
bcm43xx: core_up for active 802.11 core failed (-2)
bcm43xx: Error: Microcode &quot;bcm43xx_microcode5.fw&quot; not available or load failed.
bcm43xx: core_up for active 802.11 core failed (-2)
bcm43xx: Error: Microcode &quot;bcm43xx_microcode5.fw&quot; not available or load failed.
bcm43xx: core_up for active 802.11 core failed (-2)
bcm43xx: Error: Microcode &quot;bcm43xx_microcode5.fw&quot; not available or load failed.
bcm43xx: core_up for active 802.11 core failed (-2)
bcm43xx: Error: Microcode &quot;bcm43xx_microcode5.fw&quot; not available or load failed.
bcm43xx: core_up for active 802.11 core failed (-2)
bcm43xx: Error: Microcode &quot;bcm43xx_microcode5.fw&quot; not available or load failed.
bcm43xx: core_up for active 802.11 core failed (-2)
bcm43xx: Error: Microcode &quot;bcm43xx_microcode5.fw&quot; not available or load failed.
bcm43xx: core_up for active 802.11 core failed (-2)
bcm43xx: Error: Microcode &quot;bcm43xx_microcode5.fw&quot; not available or load failed.
bcm43xx: core_up for active 802.11 core failed (-2)
bcm43xx: Error: Microcode &quot;bcm43xx_microcode5.fw&quot; not available or load failed.
bcm43xx: core_up for active 802.11 core failed (-2)
bcm43xx: Error: Microcode &quot;bcm43xx_microcode5.fw&quot; not available or load failed.
bcm43xx: core_up for active 802.11 core failed (-2)
bcm43xx: Error: Microcode &quot;bcm43xx_microcode5.fw&quot; not available or load failed.
bcm43xx: core_up for active 802.11 core failed (-2)
bcm43xx: Error: Microcode &quot;bcm43xx_microcode5.fw&quot; not available or load failed.
bcm43xx: core_up for active 802.11 core failed (-2)
bcm43xx: Error: Microcode &quot;bcm43xx_microcode5.fw&quot; not available or load failed.
bcm43xx: core_up for active 802.11 core failed (-2)
bcm43xx: Error: Microcode &quot;bcm43xx_microcode5.fw&quot; not available or load failed.
bcm43xx: core_up for active 802.11 core failed (-2)
bcm43xx: Error: Microcode &quot;bcm43xx_microcode5.fw&quot; not available or load failed.
bcm43xx: core_up for active 802.11 core failed (-2)
bcm43xx: Error: Microcode &quot;bcm43xx_microcode5.fw&quot; not available or load failed.
bcm43xx: core_up for active 802.11 core failed (-2)
bcm43xx: Error: Microcode &quot;bcm43xx_microcode5.fw&quot; not available or load failed.
bcm43xx: core_up for active 802.11 core failed (-2)
bcm43xx: Error: Microcode &quot;bcm43xx_microcode5.fw&quot; not available or load failed.
bcm43xx: core_up for active 802.11 core failed (-2)
bcm43xx: Error: Microcode &quot;bcm43xx_microcode5.fw&quot; not available or load failed.
bcm43xx: core_up for active 802.11 core failed (-2)
bcm43xx: Error: Microcode &quot;bcm43xx_microcode5.fw&quot; not available or load failed.
bcm43xx: core_up for active 802.11 core failed (-2)
bcm43xx: Error: Microcode &quot;bcm43xx_microcode5.fw&quot; not available or load failed.
bcm43xx: core_up for active 802.11 core failed (-2)
bcm43xx: Error: Microcode &quot;bcm43xx_microcode5.fw&quot; not available or load failed.
bcm43xx: core_up for active 802.11 core failed (-2)
bcm43xx: Error: Microcode &quot;bcm43xx_microcode5.fw&quot; not available or load failed.
bcm43xx: core_up for active 802.11 core failed (-2)
bcm43xx: Error: Microcode &quot;bcm43xx_microcode5.fw&quot; not available or load failed.
bcm43xx: core_up for active 802.11 core failed (-2)
bcm43xx: Error: Microcode &quot;bcm43xx_microcode5.fw&quot; not available or load failed.
bcm43xx: core_up for active 802.11 core failed (-2)
bcm43xx: Error: Microcode &quot;bcm43xx_microcode5.fw&quot; not available or load failed.
bcm43xx: core_up for active 802.11 core failed (-2)
bcm43xx: Error: Microcode &quot;bcm43xx_microcode5.fw&quot; not available or load failed.
bcm43xx: core_up for active 802.11 core failed (-2)
bcm43xx: Error: Microcode &quot;bcm43xx_microcode5.fw&quot; not available or load failed.
bcm43xx: core_up for active 802.11 core failed (-2)
bcm43xx: Error: Microcode &quot;bcm43xx_microcode5.fw&quot; not available or load failed.
bcm43xx: core_up for active 802.11 core failed (-2)
bcm43xx: Error: Microcode &quot;bcm43xx_microcode5.fw&quot; not available or load failed.
bcm43xx: core_up for active 802.11 core failed (-2)
bcm43xx: Error: Microcode &quot;bcm43xx_microcode5.fw&quot; not available or load failed.
bcm43xx: core_up for active 802.11 core failed (-2)
bcm43xx: Error: Microcode &quot;bcm43xx_microcode5.fw&quot; not available or load failed.
bcm43xx: core_up for active 802.11 core failed (-2)
bcm43xx: Error: Microcode &quot;bcm43xx_microcode5.fw&quot; not available or load failed.
bcm43xx: core_up for active 802.11 core failed (-2)
bcm43xx: Error: Microcode &quot;bcm43xx_microcode5.fw&quot; not available or load failed.
bcm43xx: core_up for active 802.11 core failed (-2)
bcm43xx: Error: Microcode &quot;bcm43xx_microcode5.fw&quot; not available or load failed.
bcm43xx: core_up for active 802.11 core failed (-2)
bcm43xx: Error: Microcode &quot;bcm43xx_microcode5.fw&quot; not available or load failed.
bcm43xx: core_up for active 802.11 core failed (-2)
bcm43xx: Error: Microcode &quot;bcm43xx_microcode5.fw&quot; not available or load failed.
bcm43xx: core_up for active 802.11 core failed (-2)
bcm43xx: Error: Microcode &quot;bcm43xx_microcode5.fw&quot; not available or load failed.
bcm43xx: core_up for active 802.11 core failed (-2)
bcm43xx: Error: Microcode &quot;bcm43xx_microcode5.fw&quot; not available or load failed.
bcm43xx: core_up for active 802.11 core failed (-2)
bcm43xx: Error: Microcode &quot;bcm43xx_microcode5.fw&quot; not available or load failed.
bcm43xx: core_up for active 802.11 core failed (-2)
bcm43xx: Error: Microcode &quot;bcm43xx_microcode5.fw&quot; not available or load failed.
bcm43xx: core_up for active 802.11 core failed (-2)
bcm43xx: Error: Microcode &quot;bcm43xx_microcode5.fw&quot; not available or load failed.
bcm43xx: core_up for active 802.11 core failed (-2)
bcm43xx: Error: Microcode &quot;bcm43xx_microcode5.fw&quot; not available or load failed.
bcm43xx: core_up for active 802.11 core failed (-2)
bcm43xx: Error: Microcode &quot;bcm43xx_microcode5.fw&quot; not available or load failed.
bcm43xx: core_up for active 802.11 core failed (-2)
bcm43xx: Error: Microcode &quot;bcm43xx_microcode5.fw&quot; not available or load failed.
bcm43xx: core_up for active 802.11 core failed (-2)
bcm43xx: Error: Microcode &quot;bcm43xx_microcode5.fw&quot; not available or load failed.
bcm43xx: core_up for active 802.11 core failed (-2)
bcm43xx: Error: Microcode &quot;bcm43xx_microcode5.fw&quot; not available or load failed.
bcm43xx: core_up for active 802.11 core failed (-2)
bcm43xx: Error: Microcode &quot;bcm43xx_microcode5.fw&quot; not available or load failed.
bcm43xx: core_up for active 802.11 core failed (-2)
bcm43xx: Error: Microcode &quot;bcm43xx_microcode5.fw&quot; not available or load failed.
bcm43xx: core_up for active 802.11 core failed (-2)
bcm43xx: Error: Microcode &quot;bcm43xx_microcode5.fw&quot; not available or load failed.
bcm43xx: core_up for active 802.11 core failed (-2)
bcm43xx: Error: Microcode &quot;bcm43xx_microcode5.fw&quot; not available or load failed.
bcm43xx: core_up for active 802.11 core failed (-2)
bcm43xx: Error: Microcode &quot;bcm43xx_microcode5.fw&quot; not available or load failed.
bcm43xx: core_up for active 802.11 core failed (-2)
bcm43xx: Error: Microcode &quot;bcm43xx_microcode5.fw&quot; not available or load failed.
bcm43xx: core_up for active 802.11 core failed (-2)
bcm43xx: Error: Microcode &quot;bcm43xx_microcode5.fw&quot; not available or load failed.
bcm43xx: core_up for active 802.11 core failed (-2)
bcm43xx: Error: Microcode &quot;bcm43xx_microcode5.fw&quot; not available or load failed.
bcm43xx: core_up for active 802.11 core failed (-2)
bcm43xx: Error: Microcode &quot;bcm43xx_microcode5.fw&quot; not available or load failed.
bcm43xx: core_up for active 802.11 core failed (-2)
bcm43xx: Error: Microcode &quot;bcm43xx_microcode5.fw&quot; not available or load failed.
bcm43xx: core_up for active 802.11 core failed (-2)
bcm43xx: Error: Microcode &quot;bcm43xx_microcode5.fw&quot; not available or load failed.
bcm43xx: core_up for active 802.11 core failed (-2)
bcm43xx: Error: Microcode &quot;bcm43xx_microcode5.fw&quot; not available or load failed.
bcm43xx: core_up for active 802.11 core failed (-2)
bcm43xx: Error: Microcode &quot;bcm43xx_microcode5.fw&quot; not available or load failed.
bcm43xx: core_up for active 802.11 core failed (-2)
bcm43xx: Error: Microcode &quot;bcm43xx_microcode5.fw&quot; not available or load failed.
bcm43xx: core_up for active 802.11 core failed (-2)
bcm43xx: Error: Microcode &quot;bcm43xx_microcode5.fw&quot; not available or load failed.
bcm43xx: core_up for active 802.11 core failed (-2)
bcm43xx: Error: Microcode &quot;bcm43xx_microcode5.fw&quot; not available or load failed.
bcm43xx: core_up for active 802.11 core failed (-2)
bcm43xx: Error: Microcode &quot;bcm43xx_microcode5.fw&quot; not available or load failed.
bcm43xx: core_up for active 802.11 core failed (-2)
bcm43xx: Error: Microcode &quot;bcm43xx_microcode5.fw&quot; not available or load failed.
bcm43xx: core_up for active 802.11 core failed (-2)
bcm43xx: Error: Microcode &quot;bcm43xx_microcode5.fw&quot; not available or load failed.
bcm43xx: core_up for active 802.11 core failed (-2)
bcm43xx: Error: Microcode &quot;bcm43xx_microcode5.fw&quot; not available or load failed.
bcm43xx: core_up for active 802.11 core failed (-2)
bcm43xx: Error: Microcode &quot;bcm43xx_microcode5.fw&quot; not available or load failed.
bcm43xx: core_up for active 802.11 core failed (-2)
bcm43xx: Error: Microcode &quot;bcm43xx_microcode5.fw&quot; not available or load failed.
bcm43xx: core_up for active 802.11 core failed (-2)
bcm43xx: Error: Microcode &quot;bcm43xx_microcode5.fw&quot; not available or load failed.
bcm43xx: core_up for active 802.11 core failed (-2)
bcm43xx: Error: Microcode &quot;bcm43xx_microcode5.fw&quot; not available or load failed.
bcm43xx: core_up for active 802.11 core failed (-2)
bcm43xx: Error: Microcode &quot;bcm43xx_microcode5.fw&quot; not available or load failed.
bcm43xx: core_up for active 802.11 core failed (-2)
bcm43xx: Error: Microcode &quot;bcm43xx_microcode5.fw&quot; not available or load failed.
bcm43xx: core_up for active 802.11 core failed (-2)
bcm43xx: Error: Microcode &quot;bcm43xx_microcode5.fw&quot; not available or load failed.
bcm43xx: core_up for active 802.11 core failed (-2)
bcm43xx: Error: Microcode &quot;bcm43xx_microcode5.fw&quot; not available or load failed.
bcm43xx: core_up for active 802.11 core failed (-2)
bcm43xx: Error: Microcode &quot;bcm43xx_microcode5.fw&quot; not available or load failed.
bcm43xx: core_up for active 802.11 core failed (-2)
bcm43xx: Error: Microcode &quot;bcm43xx_microcode5.fw&quot; not available or load failed.
bcm43xx: core_up for active 802.11 core failed (-2)
bcm43xx: Error: Microcode &quot;bcm43xx_microcode5.fw&quot; not available or load failed.
bcm43xx: core_up for active 802.11 core failed (-2)
bcm43xx: Error: Microcode &quot;bcm43xx_microcode5.fw&quot; not available or load failed.
bcm43xx: core_up for active 802.11 core failed (-2)
bcm43xx: Error: Microcode &quot;bcm43xx_microcode5.fw&quot; not available or load failed.
bcm43xx: core_up for active 802.11 core failed (-2)
bcm43xx: Error: Microcode &quot;bcm43xx_microcode5.fw&quot; not available or load failed.
bcm43xx: core_up for active 802.11 core failed (-2)
bcm43xx: Error: Microcode &quot;bcm43xx_microcode5.fw&quot; not available or load failed.
bcm43xx: core_up for active 802.11 core failed (-2)
bcm43xx: Error: Microcode &quot;bcm43xx_microcode5.fw&quot; not available or load failed.
bcm43xx: core_up for active 802.11 core failed (-2)
bcm43xx: Error: Microcode &quot;bcm43xx_microcode5.fw&quot; not available or load failed.
bcm43xx: core_up for active 802.11 core failed (-2)
bcm43xx: Error: Microcode &quot;bcm43xx_microcode5.fw&quot; not available or load failed.
bcm43xx: core_up for active 802.11 core failed (-2)
bcm43xx: Error: Microcode &quot;bcm43xx_microcode5.fw&quot; not available or load failed.
bcm43xx: core_up for active 802.11 core failed (-2)
bcm43xx: Error: Microcode &quot;bcm43xx_microcode5.fw&quot; not available or load failed.
bcm43xx: core_up for active 802.11 core failed (-2)
bcm43xx: Error: Microcode &quot;bcm43xx_microcode5.fw&quot; not available or load failed.
bcm43xx: core_up for active 802.11 core failed (-2)
bcm43xx: Error: Microcode &quot;bcm43xx_microcode5.fw&quot; not available or load failed.
bcm43xx: core_up for active 802.11 core failed (-2)
bcm43xx: Error: Microcode &quot;bcm43xx_microcode5.fw&quot; not available or load failed.
bcm43xx: core_up for active 802.11 core failed (-2)
bcm43xx: Error: Microcode &quot;bcm43xx_microcode5.fw&quot; not available or load failed.
bcm43xx: core_up for active 802.11 core failed (-2)
bcm43xx: Error: Microcode &quot;bcm43xx_microcode5.fw&quot; not available or load failed.
bcm43xx: core_up for active 802.11 core failed (-2)
bcm43xx: Error: Microcode &quot;bcm43xx_microcode5.fw&quot; not available or load failed.
bcm43xx: core_up for active 802.11 core failed (-2)
bcm43xx: Error: Microcode &quot;bcm43xx_microcode5.fw&quot; not available or load failed.
bcm43xx: core_up for active 802.11 core failed (-2)
bcm43xx: Error: Microcode &quot;bcm43xx_microcode5.fw&quot; not available or load failed.
bcm43xx: core_up for active 802.11 core failed (-2)
bcm43xx: Error: Microcode &quot;bcm43xx_microcode5.fw&quot; not available or load failed.
bcm43xx: core_up for active 802.11 core failed (-2)
bcm43xx: Error: Microcode &quot;bcm43xx_microcode5.fw&quot; not available or load failed.
bcm43xx: core_up for active 802.11 core failed (-2)
bcm43xx: Error: Microcode &quot;bcm43xx_microcode5.fw&quot; not available or load failed.
bcm43xx: core_up for active 802.11 core failed (-2)
---------------------------------------------------------
Ya.com ADSL 24h + Llamadas Nacionales y Locales 24h + Llamadas a M&#211;VILES.
Desde 9,95 &#128;/mes+IVA. <A HREF="http://acceso.ya.com/ADSLllamadas/3mbvoz/">http://acceso.ya.com/ADSLllamadas/3mbvoz/</A>

</PRE>

<!--endarticle-->
    <HR>
    <P><UL>
        <!--threads-->
	<LI>Previous message: <A HREF="003337.html">Problems with BCM4318 (Wireless LAN PCI Adapter WL-138G V2 )
</A></li>
	<LI>Next message: <A HREF="003339.html">Problems with BCM4318 (Wireless LAN PCI Adapter WL-138G V)
</A></li>
         <LI> <B>Messages sorted by:</B> 
              <a href="date.html#3338">[ date ]</a>
              <a href="thread.html#3338">[ thread ]</a>
              <a href="subject.html#3338">[ subject ]</a>
              <a href="author.html#3338">[ author ]</a>
         </LI>
       </UL>

<hr>
<a href="https://lists.berlios.de/mailman/listinfo/bcm43xx-dev">More information about the Bcm43xx-dev
mailing list</a><br>
</body></html>
