<!DOCTYPE HTML PUBLIC "-//W3C//DTD HTML 4.01 Transitional//EN">
<HTML>
 <HEAD>
   <TITLE> Better log files . Trying to figure out b43
   </TITLE>
   <LINK REL="Index" HREF="http://lists.berlios.de/pipermail/bcm43xx-dev/2008-February/index.html" >
   <LINK REL="made" HREF="mailto:bcm43xx-dev%40lists.berlios.de?Subject=Re%3A%20Better%20log%20files%20.%20Trying%20to%20figure%20out%20b43&In-Reply-To=%3C20080210050751.GC15477%40brie.com%3E">
   <META NAME="robots" CONTENT="index,nofollow">
   <style type="text/css">
       pre {
           white-space: pre-wrap;       /* css-2.1, curent FF, Opera, Safari */
           }
   </style>
   <META http-equiv="Content-Type" content="text/html; charset=us-ascii">
   <LINK REL="Previous"  HREF="003414.html">
   <LINK REL="Next"  HREF="003412.html">
 </HEAD>
 <BODY BGCOLOR="#ffffff">
   <H1>Better log files . Trying to figure out b43</H1>
    <B>Brian Lavender</B> 
    <A HREF="mailto:bcm43xx-dev%40lists.berlios.de?Subject=Re%3A%20Better%20log%20files%20.%20Trying%20to%20figure%20out%20b43&In-Reply-To=%3C20080210050751.GC15477%40brie.com%3E"
       TITLE="Better log files . Trying to figure out b43">brian at brie.com
       </A><BR>
    <I>Sun Feb 10 06:07:52 CET 2008</I>
    <P><UL>
        <LI>Previous message: <A HREF="003414.html">Not working now. Debugging enabled
</A></li>
        <LI>Next message: <A HREF="003412.html">Better log files . Trying to figure out b43
</A></li>
         <LI> <B>Messages sorted by:</B> 
              <a href="date.html#3411">[ date ]</a>
              <a href="thread.html#3411">[ thread ]</a>
              <a href="subject.html#3411">[ subject ]</a>
              <a href="author.html#3411">[ author ]</a>
         </LI>
       </UL>
    <HR>  
<!--beginarticle-->
<PRE>At one point I had the version 3 firmware working, but now it doesn't
seem to be working. I checked the log files and debugging is enabled
with firmware version listed.

When I was using firware version 3, I unplugged and replugged the card. 

brian
-- 
Brian Lavender
<A HREF="http://www.brie.com/brian/">http://www.brie.com/brian/</A>
-------------- next part --------------
Feb  9 20:41:15 brian-laptop kernel: [    0.000000] Linux version 2.6.24 (<A HREF="https://lists.berlios.de/mailman/listinfo/bcm43xx-dev">root at brian-laptop</A>) (gcc version 4.1.3 20070929 (prerelease) (Ubuntu 4.1.2-16ubuntu2)) #2 Sat Feb 9 17:38:49 PST 2008 (Ubuntu 2.6.22-14.51-generic)
Feb  9 20:41:15 brian-laptop kernel: [    0.000000] BIOS-provided physical RAM map:
Feb  9 20:41:15 brian-laptop kernel: [    0.000000]  BIOS-e820: 0000000000000000 - 000000000009f000 (usable)
Feb  9 20:41:15 brian-laptop kernel: [    0.000000]  BIOS-e820: 000000000009f000 - 00000000000a0000 (reserved)
Feb  9 20:41:15 brian-laptop kernel: [    0.000000]  BIOS-e820: 0000000000100000 - 000000003ffae000 (usable)
Feb  9 20:41:15 brian-laptop kernel: [    0.000000]  BIOS-e820: 000000003ffae000 - 0000000040000000 (reserved)
Feb  9 20:41:15 brian-laptop kernel: [    0.000000]  BIOS-e820: 00000000feda0000 - 00000000fee00000 (reserved)
Feb  9 20:41:15 brian-laptop kernel: [    0.000000]  BIOS-e820: 00000000ffb00000 - 0000000100000000 (reserved)
Feb  9 20:41:15 brian-laptop kernel: [    0.000000] 127MB HIGHMEM available.
Feb  9 20:41:15 brian-laptop kernel: [    0.000000] 896MB LOWMEM available.
Feb  9 20:41:15 brian-laptop kernel: [    0.000000] Entering add_active_range(0, 0, 262062) 0 entries of 256 used
Feb  9 20:41:15 brian-laptop kernel: [    0.000000] Zone PFN ranges:
Feb  9 20:41:15 brian-laptop kernel: [    0.000000]   DMA             0 -&gt;     4096
Feb  9 20:41:15 brian-laptop kernel: [    0.000000]   Normal       4096 -&gt;   229376
Feb  9 20:41:15 brian-laptop kernel: [    0.000000]   HighMem    229376 -&gt;   262062
Feb  9 20:41:15 brian-laptop kernel: [    0.000000] Movable zone start PFN for each node
Feb  9 20:41:15 brian-laptop kernel: [    0.000000] early_node_map[1] active PFN ranges
Feb  9 20:41:15 brian-laptop kernel: [    0.000000]     0:        0 -&gt;   262062
Feb  9 20:41:15 brian-laptop kernel: [    0.000000] On node 0 totalpages: 262062
Feb  9 20:41:15 brian-laptop kernel: [    0.000000]   DMA zone: 32 pages used for memmap
Feb  9 20:41:15 brian-laptop kernel: [    0.000000]   DMA zone: 0 pages reserved
Feb  9 20:41:15 brian-laptop kernel: [    0.000000]   DMA zone: 4064 pages, LIFO batch:0
Feb  9 20:41:15 brian-laptop kernel: [    0.000000]   Normal zone: 1760 pages used for memmap
Feb  9 20:41:15 brian-laptop kernel: [    0.000000]   Normal zone: 223520 pages, LIFO batch:31
Feb  9 20:41:15 brian-laptop kernel: [    0.000000]   HighMem zone: 255 pages used for memmap
Feb  9 20:41:15 brian-laptop kernel: [    0.000000]   HighMem zone: 32431 pages, LIFO batch:7
Feb  9 20:41:15 brian-laptop kernel: [    0.000000]   Movable zone: 0 pages used for memmap
Feb  9 20:41:15 brian-laptop kernel: [    0.000000] DMI 2.3 present.
Feb  9 20:41:15 brian-laptop kernel: [    0.000000] ACPI: RSDP signature @ 0xC00FDF00 checksum 0
Feb  9 20:41:15 brian-laptop kernel: [    0.000000] ACPI: RSDP 000FDF00, 0014 (r0 DELL  )
Feb  9 20:41:15 brian-laptop kernel: [    0.000000] ACPI: RSDT 3FFF0000, 0028 (r1 DELL    CPi R   27D40708 ASL        61)
Feb  9 20:41:15 brian-laptop kernel: [    0.000000] ACPI: FACP 3FFF0400, 0074 (r1 DELL    CPi R   27D40708 ASL        61)
Feb  9 20:41:15 brian-laptop kernel: [    0.000000] ACPI: DSDT 3FFF0C00, 2E04 (r1 INT430 SYSFexxx     1001 MSFT  100000E)
Feb  9 20:41:15 brian-laptop kernel: [    0.000000] ACPI: FACS 3FFFF800, 0040
Feb  9 20:41:15 brian-laptop kernel: [    0.000000] ACPI: PM-Timer IO Port: 0x808
Feb  9 20:41:15 brian-laptop kernel: [    0.000000] Allocating PCI resources starting at 50000000 (gap: 40000000:beda0000)
Feb  9 20:41:15 brian-laptop kernel: [    0.000000] Built 1 zonelists in Zone order, mobility grouping on.  Total pages: 260015
Feb  9 20:41:15 brian-laptop kernel: [    0.000000] Kernel command line: root=UUID=37330e16-ef70-48db-b739-fd1487fca15b ro quiet splash
Feb  9 20:41:15 brian-laptop kernel: [    0.000000] Enabling fast FPU save and restore... done.
Feb  9 20:41:15 brian-laptop kernel: [    0.000000] Enabling unmasked SIMD FPU exception support... done.
Feb  9 20:41:15 brian-laptop kernel: [    0.000000] Initializing CPU#0
Feb  9 20:41:15 brian-laptop kernel: [    0.000000] PID hash table entries: 4096 (order: 12, 16384 bytes)
Feb  9 20:41:15 brian-laptop kernel: [    0.000000] Detected 1598.664 MHz processor.
Feb  9 20:41:15 brian-laptop kernel: [   16.027437] Console: colour VGA+ 80x25
Feb  9 20:41:15 brian-laptop kernel: [   16.027442] console [tty0] enabled
Feb  9 20:41:15 brian-laptop kernel: [   16.028075] Dentry cache hash table entries: 131072 (order: 7, 524288 bytes)
Feb  9 20:41:15 brian-laptop kernel: [   16.028676] Inode-cache hash table entries: 65536 (order: 6, 262144 bytes)
Feb  9 20:41:15 brian-laptop kernel: [   16.061045] Memory: 995004k/1048248k available (1867k kernel code, 52528k reserved, 880k data, 296k init, 130744k highmem)
Feb  9 20:41:15 brian-laptop kernel: [   16.061054] virtual kernel memory layout:
Feb  9 20:41:15 brian-laptop kernel: [   16.061055]     fixmap  : 0xfffe9000 - 0xfffff000   (  88 kB)
Feb  9 20:41:15 brian-laptop kernel: [   16.061056]     pkmap   : 0xff800000 - 0xffc00000   (4096 kB)
Feb  9 20:41:15 brian-laptop kernel: [   16.061058]     vmalloc : 0xf8800000 - 0xff7fe000   ( 111 MB)
Feb  9 20:41:15 brian-laptop kernel: [   16.061059]     lowmem  : 0xc0000000 - 0xf8000000   ( 896 MB)
Feb  9 20:41:15 brian-laptop kernel: [   16.061060]       .init : 0xc03b2000 - 0xc03fc000   ( 296 kB)
Feb  9 20:41:15 brian-laptop kernel: [   16.061061]       .data : 0xc02d2f95 - 0xc03af1a4   ( 880 kB)
Feb  9 20:41:15 brian-laptop kernel: [   16.061063]       .text : 0xc0100000 - 0xc02d2f95   (1867 kB)
Feb  9 20:41:15 brian-laptop kernel: [   16.061066] Checking if this processor honours the WP bit even in supervisor mode... Ok.
Feb  9 20:41:15 brian-laptop kernel: [   16.061100] SLUB: Genslabs=11, HWalign=64, Order=0-1, MinObjects=4, CPUs=1, Nodes=1
Feb  9 20:41:15 brian-laptop kernel: [   16.141054] Calibrating delay using timer specific routine.. 3199.38 BogoMIPS (lpj=6398761)
Feb  9 20:41:15 brian-laptop kernel: [   16.141078] Security Framework initialized
Feb  9 20:41:15 brian-laptop kernel: [   16.141087] SELinux:  Disabled at boot.
Feb  9 20:41:15 brian-laptop kernel: [   16.141093] Mount-cache hash table entries: 512
Feb  9 20:41:15 brian-laptop kernel: [   16.141203] CPU: After generic identify, caps: afe9f9bf 00000000 00000000 00000000 00000180 00000000 00000000 00000000
Feb  9 20:41:15 brian-laptop kernel: [   16.141214] CPU: L1 I cache: 32K, L1 D cache: 32K
Feb  9 20:41:15 brian-laptop kernel: [   16.141217] CPU: L2 cache: 2048K
Feb  9 20:41:15 brian-laptop kernel: [   16.141219] CPU: After all inits, caps: afe9f9bf 00000000 00000000 00002040 00000180 00000000 00000000 00000000
Feb  9 20:41:15 brian-laptop kernel: [   16.141227] Compat vDSO mapped to ffffe000.
Feb  9 20:41:15 brian-laptop kernel: [   16.141236] CPU: Intel(R) Pentium(R) M processor 1.60GHz stepping 06
Feb  9 20:41:15 brian-laptop kernel: [   16.141241] Checking 'hlt' instruction... OK.
Feb  9 20:41:15 brian-laptop kernel: [   16.157336] Freeing SMP alternatives: 0k freed
Feb  9 20:41:15 brian-laptop kernel: [   16.157438] Early unpacking initramfs... done
Feb  9 20:41:15 brian-laptop kernel: [   18.191774] ACPI: Core revision 20070126
Feb  9 20:41:15 brian-laptop kernel: [   18.191827] ACPI: Looking for DSDT in initramfs... error, file /DSDT.aml not found.
Feb  9 20:41:15 brian-laptop kernel: [   18.193180] ACPI: setting ELCR to 0200 (from 0800)
Feb  9 20:41:15 brian-laptop kernel: [   18.195713] net_namespace: 64 bytes
Feb  9 20:41:15 brian-laptop kernel: [   18.196168] Time:  4:40:50  Date: 02/10/08
Feb  9 20:41:15 brian-laptop kernel: [   18.196188] NET: Registered protocol family 16
Feb  9 20:41:15 brian-laptop kernel: [   18.196349] EISA bus registered
Feb  9 20:41:15 brian-laptop kernel: [   18.196360] ACPI: bus type pci registered
Feb  9 20:41:15 brian-laptop kernel: [   18.230012] PCI: PCI BIOS revision 2.10 entry at 0xfc96e, last bus=2
Feb  9 20:41:15 brian-laptop kernel: [   18.230014] PCI: Using configuration type 1
Feb  9 20:41:15 brian-laptop kernel: [   18.230016] Setting up standard PCI resources
Feb  9 20:41:15 brian-laptop kernel: [   18.231743] ACPI: EC: Look up EC in DSDT
Feb  9 20:41:15 brian-laptop kernel: [   18.237591] ACPI: Interpreter enabled
Feb  9 20:41:15 brian-laptop kernel: [   18.237594] ACPI: (supports S0 S1 S3 S5)
Feb  9 20:41:15 brian-laptop kernel: [   18.237606] ACPI: Using PIC for interrupt routing
Feb  9 20:41:15 brian-laptop kernel: [   18.246486] ACPI: PCI Root Bridge [PCI0] (0000:00)
Feb  9 20:41:15 brian-laptop kernel: [   18.246845] PCI quirk: region 0800-087f claimed by ICH4 ACPI/GPIO/TCO
Feb  9 20:41:15 brian-laptop kernel: [   18.246849] PCI quirk: region 0880-08bf claimed by ICH4 GPIO
Feb  9 20:41:15 brian-laptop kernel: [   18.247257] PCI: Transparent bridge - 0000:00:1e.0
Feb  9 20:41:15 brian-laptop kernel: [   18.247311] ACPI: PCI Interrupt Routing Table [\_SB_.PCI0._PRT]
Feb  9 20:41:15 brian-laptop kernel: [   18.247637] ACPI: PCI Interrupt Routing Table [\_SB_.PCI0.AGP_._PRT]
Feb  9 20:41:15 brian-laptop kernel: [   18.247715] ACPI: PCI Interrupt Routing Table [\_SB_.PCI0.PCIE._PRT]
Feb  9 20:41:15 brian-laptop kernel: [   18.258202] ACPI: PCI Interrupt Link [LNKA] (IRQs 9 10 *11)
Feb  9 20:41:15 brian-laptop kernel: [   18.258303] ACPI: PCI Interrupt Link [LNKB] (IRQs 5 7) *11
Feb  9 20:41:15 brian-laptop kernel: [   18.258400] ACPI: PCI Interrupt Link [LNKC] (IRQs 9 10 *11)
Feb  9 20:41:15 brian-laptop kernel: [   18.258496] ACPI: PCI Interrupt Link [LNKD] (IRQs 5 7 9 10 *11)
Feb  9 20:41:15 brian-laptop kernel: [   18.258580] ACPI: PCI Interrupt Link [LNKE] (IRQs 3 4 5 6 7 9 10 11 12 14 15) *0, disabled.
Feb  9 20:41:15 brian-laptop kernel: [   18.258679] ACPI: PCI Interrupt Link [LNKH] (IRQs 3 4 5 6 7 9 10 *11 12 14 15)
Feb  9 20:41:15 brian-laptop kernel: [   18.258777] Linux Plug and Play Support v0.97 (c) Adam Belay
Feb  9 20:41:15 brian-laptop kernel: [   18.258803] pnp: PnP ACPI init
Feb  9 20:41:15 brian-laptop kernel: [   18.258810] ACPI: bus type pnp registered
Feb  9 20:41:15 brian-laptop kernel: [   18.273373] pnp: PnP ACPI: found 11 devices
Feb  9 20:41:15 brian-laptop kernel: [   18.273375] ACPI: ACPI bus type pnp unregistered
Feb  9 20:41:15 brian-laptop kernel: [   18.273380] PnPBIOS: Disabled by ACPI PNP
Feb  9 20:41:15 brian-laptop kernel: [   18.273544] PCI: Using ACPI for IRQ routing
Feb  9 20:41:15 brian-laptop kernel: [   18.273546] PCI: If a device doesn't work, try &quot;pci=routeirq&quot;.  If it helps, post a report
Feb  9 20:41:15 brian-laptop kernel: [   18.295352] NET: Registered protocol family 8
Feb  9 20:41:15 brian-laptop kernel: [   18.295355] NET: Registered protocol family 20
Feb  9 20:41:15 brian-laptop kernel: [   18.299343] Time: tsc clocksource has been installed.
Feb  9 20:41:15 brian-laptop kernel: [   18.307367] system 00:00: iomem range 0x0-0x9fbff could not be reserved
Feb  9 20:41:15 brian-laptop kernel: [   18.307370] system 00:00: iomem range 0x9fc00-0x9ffff could not be reserved
Feb  9 20:41:15 brian-laptop kernel: [   18.307373] system 00:00: iomem range 0xc0000-0xcffff could not be reserved
Feb  9 20:41:15 brian-laptop kernel: [   18.307376] system 00:00: iomem range 0xe0000-0xfffff could not be reserved
Feb  9 20:41:15 brian-laptop kernel: [   18.307380] system 00:00: iomem range 0x100000-0x3ffeffff could not be reserved
Feb  9 20:41:15 brian-laptop kernel: [   18.307383] system 00:00: iomem range 0x3fff0000-0x3fffffff could not be reserved
Feb  9 20:41:15 brian-laptop kernel: [   18.307386] system 00:00: iomem range 0xfeda0000-0xfedfffff could not be reserved
Feb  9 20:41:15 brian-laptop kernel: [   18.307390] system 00:00: iomem range 0xffb00000-0xffbfffff could not be reserved
Feb  9 20:41:15 brian-laptop kernel: [   18.307396] system 00:02: ioport range 0x4d0-0x4d1 has been reserved
Feb  9 20:41:15 brian-laptop kernel: [   18.307399] system 00:02: ioport range 0x800-0x805 has been reserved
Feb  9 20:41:15 brian-laptop kernel: [   18.307402] system 00:02: ioport range 0x808-0x80f has been reserved
Feb  9 20:41:15 brian-laptop kernel: [   18.307407] system 00:03: ioport range 0xf400-0xf4fe has been reserved
Feb  9 20:41:15 brian-laptop kernel: [   18.307410] system 00:03: ioport range 0x806-0x807 has been reserved
Feb  9 20:41:15 brian-laptop kernel: [   18.307413] system 00:03: ioport range 0x810-0x85f has been reserved
Feb  9 20:41:15 brian-laptop kernel: [   18.307416] system 00:03: ioport range 0x860-0x87f has been reserved
Feb  9 20:41:15 brian-laptop kernel: [   18.307419] system 00:03: ioport range 0x880-0x8bf has been reserved
Feb  9 20:41:15 brian-laptop kernel: [   18.307421] system 00:03: ioport range 0x8c0-0x8df has been reserved
Feb  9 20:41:15 brian-laptop kernel: [   18.307424] system 00:03: ioport range 0x8e0-0x8ff has been reserved
Feb  9 20:41:15 brian-laptop kernel: [   18.307431] system 00:08: ioport range 0x900-0x97f has been reserved
Feb  9 20:41:15 brian-laptop kernel: [   18.337782] PCI: Bridge: 0000:00:01.0
Feb  9 20:41:15 brian-laptop kernel: [   18.337784]   IO window: c000-cfff
Feb  9 20:41:15 brian-laptop kernel: [   18.337788]   MEM window: fc000000-fdffffff
Feb  9 20:41:15 brian-laptop kernel: [   18.337791]   PREFETCH window: d0000000-dfffffff
Feb  9 20:41:15 brian-laptop kernel: [   18.337799] PCI: Bus 3, cardbus bridge: 0000:02:01.0
Feb  9 20:41:15 brian-laptop kernel: [   18.337801]   IO window: 0000d000-0000d0ff
Feb  9 20:41:15 brian-laptop kernel: [   18.337805]   IO window: 0000d400-0000d4ff
Feb  9 20:41:15 brian-laptop kernel: [   18.337808]   PREFETCH window: 54000000-57ffffff
Feb  9 20:41:15 brian-laptop kernel: [   18.337812]   MEM window: 58000000-5bffffff
Feb  9 20:41:15 brian-laptop kernel: [   18.337816] PCI: Bridge: 0000:00:1e.0
Feb  9 20:41:15 brian-laptop kernel: [   18.337818]   IO window: d000-efff
Feb  9 20:41:15 brian-laptop kernel: [   18.337823]   MEM window: f6000000-fbffffff
Feb  9 20:41:15 brian-laptop kernel: [   18.337826]   PREFETCH window: disabled.
Feb  9 20:41:15 brian-laptop kernel: [   18.337840] PCI: Setting latency timer of device 0000:00:1e.0 to 64
Feb  9 20:41:15 brian-laptop kernel: [   18.337853] PCI: Enabling device 0000:02:01.0 (0000 -&gt; 0003)
Feb  9 20:41:15 brian-laptop kernel: [   18.337995] ACPI: PCI Interrupt Link [LNKD] enabled at IRQ 11
Feb  9 20:41:15 brian-laptop kernel: [   18.337998] PCI: setting IRQ 11 as level-triggered
Feb  9 20:41:15 brian-laptop kernel: [   18.338001] ACPI: PCI Interrupt 0000:02:01.0[A] -&gt; Link [LNKD] -&gt; GSI 11 (level, low) -&gt; IRQ 11
Feb  9 20:41:15 brian-laptop kernel: [   18.338014] NET: Registered protocol family 2
Feb  9 20:41:15 brian-laptop kernel: [   18.375332] IP route cache hash table entries: 32768 (order: 5, 131072 bytes)
Feb  9 20:41:15 brian-laptop kernel: [   18.375570] TCP established hash table entries: 131072 (order: 8, 1048576 bytes)
Feb  9 20:41:15 brian-laptop kernel: [   18.376523] TCP bind hash table entries: 65536 (order: 6, 262144 bytes)
Feb  9 20:41:15 brian-laptop kernel: [   18.376818] TCP: Hash tables configured (established 131072 bind 65536)
Feb  9 20:41:15 brian-laptop kernel: [   18.376821] TCP reno registered
Feb  9 20:41:15 brian-laptop kernel: [   18.387415] checking if image is initramfs...&lt;7&gt;Switched to high resolution mode on CPU 0
Feb  9 20:41:15 brian-laptop kernel: [   20.331213]  it is
Feb  9 20:41:15 brian-laptop kernel: [   22.439931] Freeing initrd memory: 40107k freed
Feb  9 20:41:15 brian-laptop kernel: [   22.440366] audit: initializing netlink socket (disabled)
Feb  9 20:41:15 brian-laptop kernel: [   22.440384] audit(1202618454.388:1): initialized
Feb  9 20:41:15 brian-laptop kernel: [   22.440544] highmem bounce pool size: 64 pages
Feb  9 20:41:15 brian-laptop kernel: [   22.442246] VFS: Disk quotas dquot_6.5.1
Feb  9 20:41:15 brian-laptop kernel: [   22.442275] Dquot-cache hash table entries: 1024 (order 0, 4096 bytes)
Feb  9 20:41:15 brian-laptop kernel: [   22.442415] io scheduler noop registered
Feb  9 20:41:15 brian-laptop kernel: [   22.442418] io scheduler anticipatory registered
Feb  9 20:41:15 brian-laptop kernel: [   22.442420] io scheduler deadline registered
Feb  9 20:41:15 brian-laptop kernel: [   22.442430] io scheduler cfq registered (default)
Feb  9 20:41:15 brian-laptop kernel: [   22.442499] Boot video device is 0000:01:00.0
Feb  9 20:41:15 brian-laptop kernel: [   22.442698] isapnp: Scanning for PnP cards...
Feb  9 20:41:15 brian-laptop kernel: [   22.795239] isapnp: No Plug &amp; Play device found
Feb  9 20:41:15 brian-laptop kernel: [   22.815724] Real Time Clock Driver v1.12ac
Feb  9 20:41:15 brian-laptop kernel: [   22.815837] Serial: 8250/16550 driver $Revision: 1.90 $ 4 ports, IRQ sharing enabled
Feb  9 20:41:15 brian-laptop kernel: [   22.816547] ACPI: PCI Interrupt Link [LNKB] enabled at IRQ 7
Feb  9 20:41:15 brian-laptop kernel: [   22.816551] PCI: setting IRQ 7 as level-triggered
Feb  9 20:41:15 brian-laptop kernel: [   22.816555] ACPI: PCI Interrupt 0000:00:1f.6[B] -&gt; Link [LNKB] -&gt; GSI 7 (level, low) -&gt; IRQ 7
Feb  9 20:41:15 brian-laptop kernel: [   22.816564] ACPI: PCI interrupt for device 0000:00:1f.6 disabled
Feb  9 20:41:15 brian-laptop kernel: [   22.817089] RAMDISK driver initialized: 16 RAM disks of 65536K size 1024 blocksize
Feb  9 20:41:15 brian-laptop kernel: [   22.817153] input: Macintosh mouse button emulation as /class/input/input0
Feb  9 20:41:15 brian-laptop kernel: [   22.817240] PNP: PS/2 Controller [PNP0303:KBC,PNP0f13:PS2M] at 0x60,0x64 irq 1,12
Feb  9 20:41:15 brian-laptop kernel: [   22.822075] serio: i8042 KBD port at 0x60,0x64 irq 1
Feb  9 20:41:15 brian-laptop kernel: [   22.822079] serio: i8042 AUX port at 0x60,0x64 irq 12
Feb  9 20:41:15 brian-laptop kernel: [   22.827294] mice: PS/2 mouse device common for all mice
Feb  9 20:41:15 brian-laptop kernel: [   22.827391] EISA: Probing bus 0 at eisa.0
Feb  9 20:41:15 brian-laptop kernel: [   22.827415] EISA: Detected 0 cards.
Feb  9 20:41:15 brian-laptop kernel: [   22.827506] TCP cubic registered
Feb  9 20:41:15 brian-laptop kernel: [   22.827513] NET: Registered protocol family 1
Feb  9 20:41:15 brian-laptop kernel: [   22.827538] Using IPI Shortcut mode
Feb  9 20:41:15 brian-laptop kernel: [   22.827654]   Magic number: 12:279:666
Feb  9 20:41:15 brian-laptop kernel: [   22.827968] Freeing unused kernel memory: 296k freed
Feb  9 20:41:15 brian-laptop kernel: [   22.831657] input: AT Translated Set 2 keyboard as /class/input/input1
Feb  9 20:41:15 brian-laptop kernel: [   24.039486] fuse init (API version 7.9)
Feb  9 20:41:15 brian-laptop kernel: [   24.049480] ACPI: CPU0 (power states: C1[C1] C2[C2] C3[C3] C4[C3])
Feb  9 20:41:15 brian-laptop kernel: [   24.049488] ACPI: Processor [CPU0] (supports 8 throttling states)
Feb  9 20:41:15 brian-laptop kernel: [   24.052994] ACPI: Thermal Zone [THM] (60 C)
Feb  9 20:41:15 brian-laptop kernel: [   24.726637] usbcore: registered new interface driver usbfs
Feb  9 20:41:15 brian-laptop kernel: [   24.726667] usbcore: registered new interface driver hub
Feb  9 20:41:15 brian-laptop kernel: [   24.733533] usbcore: registered new device driver usb
Feb  9 20:41:15 brian-laptop kernel: [   24.735012] USB Universal Host Controller Interface driver v3.0
Feb  9 20:41:15 brian-laptop kernel: [   24.735271] ACPI: PCI Interrupt Link [LNKA] enabled at IRQ 11
Feb  9 20:41:15 brian-laptop kernel: [   24.735275] ACPI: PCI Interrupt 0000:00:1d.0[A] -&gt; Link [LNKA] -&gt; GSI 11 (level, low) -&gt; IRQ 11
Feb  9 20:41:15 brian-laptop kernel: [   24.735288] PCI: Setting latency timer of device 0000:00:1d.0 to 64
Feb  9 20:41:15 brian-laptop kernel: [   24.735292] uhci_hcd 0000:00:1d.0: UHCI Host Controller
Feb  9 20:41:15 brian-laptop kernel: [   24.735522] uhci_hcd 0000:00:1d.0: new USB bus registered, assigned bus number 1
Feb  9 20:41:15 brian-laptop kernel: [   24.735547] uhci_hcd 0000:00:1d.0: irq 11, io base 0x0000bf80
Feb  9 20:41:15 brian-laptop kernel: [   24.735692] usb usb1: configuration #1 chosen from 1 choice
Feb  9 20:41:15 brian-laptop kernel: [   24.735716] hub 1-0:1.0: USB hub found
Feb  9 20:41:15 brian-laptop kernel: [   24.735721] hub 1-0:1.0: 2 ports detected
Feb  9 20:41:15 brian-laptop kernel: [   24.797840] SCSI subsystem initialized
Feb  9 20:41:15 brian-laptop kernel: [   24.837543] ACPI: PCI Interrupt 0000:00:1d.1[B] -&gt; Link [LNKD] -&gt; GSI 11 (level, low) -&gt; IRQ 11
Feb  9 20:41:15 brian-laptop kernel: [   24.837558] PCI: Setting latency timer of device 0000:00:1d.1 to 64
Feb  9 20:41:15 brian-laptop kernel: [   24.837562] uhci_hcd 0000:00:1d.1: UHCI Host Controller
Feb  9 20:41:15 brian-laptop kernel: [   24.837590] uhci_hcd 0000:00:1d.1: new USB bus registered, assigned bus number 2
Feb  9 20:41:15 brian-laptop kernel: [   24.837614] uhci_hcd 0000:00:1d.1: irq 11, io base 0x0000bf40
Feb  9 20:41:15 brian-laptop kernel: [   24.837728] usb usb2: configuration #1 chosen from 1 choice
Feb  9 20:41:15 brian-laptop kernel: [   24.837752] hub 2-0:1.0: USB hub found
Feb  9 20:41:15 brian-laptop kernel: [   24.837758] hub 2-0:1.0: 2 ports detected
Feb  9 20:41:15 brian-laptop kernel: [   24.875300] libata version 3.00 loaded.
Feb  9 20:41:15 brian-laptop kernel: [   24.941648] ACPI: PCI Interrupt Link [LNKC] enabled at IRQ 11
Feb  9 20:41:15 brian-laptop kernel: [   24.941653] ACPI: PCI Interrupt 0000:00:1d.2[C] -&gt; Link [LNKC] -&gt; GSI 11 (level, low) -&gt; IRQ 11
Feb  9 20:41:15 brian-laptop kernel: [   24.941665] PCI: Setting latency timer of device 0000:00:1d.2 to 64
Feb  9 20:41:15 brian-laptop kernel: [   24.941669] uhci_hcd 0000:00:1d.2: UHCI Host Controller
Feb  9 20:41:15 brian-laptop kernel: [   24.941694] uhci_hcd 0000:00:1d.2: new USB bus registered, assigned bus number 3
Feb  9 20:41:15 brian-laptop kernel: [   24.941718] uhci_hcd 0000:00:1d.2: irq 11, io base 0x0000bf20
Feb  9 20:41:15 brian-laptop kernel: [   24.941832] usb usb3: configuration #1 chosen from 1 choice
Feb  9 20:41:15 brian-laptop kernel: [   24.941856] hub 3-0:1.0: USB hub found
Feb  9 20:41:15 brian-laptop kernel: [   24.941862] hub 3-0:1.0: 2 ports detected
Feb  9 20:41:15 brian-laptop kernel: [   25.045610] ACPI: PCI Interrupt Link [LNKH] enabled at IRQ 11
Feb  9 20:41:15 brian-laptop kernel: [   25.045615] ACPI: PCI Interrupt 0000:00:1d.7[D] -&gt; Link [LNKH] -&gt; GSI 11 (level, low) -&gt; IRQ 11
Feb  9 20:41:15 brian-laptop kernel: [   25.045628] PCI: Setting latency timer of device 0000:00:1d.7 to 64
Feb  9 20:41:15 brian-laptop kernel: [   25.045632] ehci_hcd 0000:00:1d.7: EHCI Host Controller
Feb  9 20:41:15 brian-laptop kernel: [   25.045657] ehci_hcd 0000:00:1d.7: new USB bus registered, assigned bus number 4
Feb  9 20:41:15 brian-laptop kernel: [   25.049577] ehci_hcd 0000:00:1d.7: debug port 1
Feb  9 20:41:15 brian-laptop kernel: [   25.049583] PCI: cache line size of 32 is not supported by device 0000:00:1d.7
Feb  9 20:41:15 brian-laptop kernel: [   25.049589] ehci_hcd 0000:00:1d.7: irq 11, io mem 0xf4fffc00
Feb  9 20:41:15 brian-laptop kernel: [   25.065220] ehci_hcd 0000:00:1d.7: USB 2.0 started, EHCI 1.00, driver 10 Dec 2004
Feb  9 20:41:15 brian-laptop kernel: [   25.065331] usb usb4: configuration #1 chosen from 1 choice
Feb  9 20:41:15 brian-laptop kernel: [   25.065357] hub 4-0:1.0: USB hub found
Feb  9 20:41:15 brian-laptop kernel: [   25.065363] hub 4-0:1.0: 6 ports detected
Feb  9 20:41:15 brian-laptop kernel: [   25.164647] Marking TSC unstable due to: possible TSC halt in C2.
Feb  9 20:41:15 brian-laptop kernel: [   25.164655] Time: acpi_pm clocksource has been installed.
Feb  9 20:41:15 brian-laptop kernel: [   25.171058] ACPI: PCI Interrupt 0000:02:00.0[A] -&gt; Link [LNKC] -&gt; GSI 11 (level, low) -&gt; IRQ 11
Feb  9 20:41:15 brian-laptop kernel: [   25.189133] ssb: Core 0 found: Fast Ethernet (cc 0x806, rev 0x04, vendor 0x4243)
Feb  9 20:41:15 brian-laptop kernel: [   25.189141] ssb: Core 1 found: V90 (cc 0x807, rev 0x01, vendor 0x4243)
Feb  9 20:41:15 brian-laptop kernel: [   25.189146] ssb: Core 2 found: PCI (cc 0x804, rev 0x02, vendor 0x4243)
Feb  9 20:41:15 brian-laptop kernel: [   25.229132] ssb: Sonics Silicon Backplane found on PCI device 0000:02:00.0
Feb  9 20:41:15 brian-laptop kernel: [   25.229154] b44.c:v2.0
Feb  9 20:41:15 brian-laptop kernel: [   25.249337] eth0: Broadcom 44xx/47xx 10/100BaseT Ethernet 00:0f:1f:25:8a:ac
Feb  9 20:41:15 brian-laptop kernel: [   25.249421] ACPI: PCI Interrupt 0000:02:01.1[A] -&gt; Link [LNKD] -&gt; GSI 11 (level, low) -&gt; IRQ 11
Feb  9 20:41:15 brian-laptop kernel: [   25.299138] ohci1394: fw-host0: OHCI-1394 1.1 (PCI): IRQ=[11]  MMIO=[faffd800-faffdfff]  Max Packet=[2048]  IR/IT contexts=[4/8]
Feb  9 20:41:15 brian-laptop kernel: [   25.318354] ata_piix 0000:00:1f.1: version 2.12
Feb  9 20:41:15 brian-laptop kernel: [   25.318370] PCI: Enabling device 0000:00:1f.1 (0005 -&gt; 0007)
Feb  9 20:41:15 brian-laptop kernel: [   25.318378] ACPI: PCI Interrupt 0000:00:1f.1[A] -&gt; Link [LNKA] -&gt; GSI 11 (level, low) -&gt; IRQ 11
Feb  9 20:41:15 brian-laptop kernel: [   25.318415] PCI: Setting latency timer of device 0000:00:1f.1 to 64
Feb  9 20:41:15 brian-laptop kernel: [   25.318935] scsi0 : ata_piix
Feb  9 20:41:15 brian-laptop kernel: [   25.319297] scsi1 : ata_piix
Feb  9 20:41:15 brian-laptop kernel: [   25.320347] ata1: PATA max UDMA/100 cmd 0x1f0 ctl 0x3f6 bmdma 0xbfa0 irq 14
Feb  9 20:41:15 brian-laptop kernel: [   25.320350] ata2: PATA max UDMA/100 cmd 0x170 ctl 0x376 bmdma 0xbfa8 irq 15
Feb  9 20:41:15 brian-laptop kernel: [   25.481336] ata1.00: ATA-7: FUJITSU MHV2120AH, 000000A0, max UDMA/100
Feb  9 20:41:15 brian-laptop kernel: [   25.481339] ata1.00: 234441648 sectors, multi 8: LBA 
Feb  9 20:41:15 brian-laptop kernel: [   25.497237] ata1.00: configured for UDMA/100
Feb  9 20:41:15 brian-laptop kernel: [   25.816867] ata2.00: ATAPI: SONY CD-RW/DVD-ROM CRX830E, KDK3, max UDMA/33
Feb  9 20:41:15 brian-laptop kernel: [   25.988649] ata2.00: configured for UDMA/33
Feb  9 20:41:15 brian-laptop kernel: [   25.988758] scsi 0:0:0:0: Direct-Access     ATA      FUJITSU MHV2120A 0000 PQ: 0 ANSI: 5
Feb  9 20:41:15 brian-laptop kernel: [   25.989519] scsi 1:0:0:0: CD-ROM            SONY     CDRW/DVD CRX830E KDK3 PQ: 0 ANSI: 5
Feb  9 20:41:15 brian-laptop kernel: [   25.997402] Driver 'sd' needs updating - please use bus_type methods
Feb  9 20:41:15 brian-laptop kernel: [   25.997480] sd 0:0:0:0: [sda] 234441648 512-byte hardware sectors (120034 MB)
Feb  9 20:41:15 brian-laptop kernel: [   25.997492] sd 0:0:0:0: [sda] Write Protect is off
Feb  9 20:41:15 brian-laptop kernel: [   25.997494] sd 0:0:0:0: [sda] Mode Sense: 00 3a 00 00
Feb  9 20:41:15 brian-laptop kernel: [   25.997508] sd 0:0:0:0: [sda] Write cache: enabled, read cache: enabled, doesn't support DPO or FUA
Feb  9 20:41:15 brian-laptop kernel: [   25.997553] sd 0:0:0:0: [sda] 234441648 512-byte hardware sectors (120034 MB)
Feb  9 20:41:15 brian-laptop kernel: [   25.997562] sd 0:0:0:0: [sda] Write Protect is off
Feb  9 20:41:15 brian-laptop kernel: [   25.997564] sd 0:0:0:0: [sda] Mode Sense: 00 3a 00 00
Feb  9 20:41:15 brian-laptop kernel: [   25.997578] sd 0:0:0:0: [sda] Write cache: enabled, read cache: enabled, doesn't support DPO or FUA
Feb  9 20:41:15 brian-laptop kernel: [   25.997581]  sda:&lt;4&gt;Driver 'sr' needs updating - please use bus_type methods
Feb  9 20:41:15 brian-laptop kernel: [   26.085000]  sda1 sda2 &lt; sda5 &gt;
Feb  9 20:41:15 brian-laptop kernel: [   26.109943] sd 0:0:0:0: [sda] Attached SCSI disk
Feb  9 20:41:15 brian-laptop kernel: [   26.114743] sd 0:0:0:0: Attached scsi generic sg0 type 0
Feb  9 20:41:15 brian-laptop kernel: [   26.114763] sr 1:0:0:0: Attached scsi generic sg1 type 5
Feb  9 20:41:15 brian-laptop kernel: [   26.115824] sr0: scsi3-mmc drive: 15x/8x writer cd/rw xa/form2 cdda tray
Feb  9 20:41:15 brian-laptop kernel: [   26.115828] Uniform CD-ROM driver Revision: 3.20
Feb  9 20:41:15 brian-laptop kernel: [   26.115871] sr 1:0:0:0: Attached scsi CD-ROM sr0
Feb  9 20:41:15 brian-laptop kernel: [   26.404432] kjournald starting.  Commit interval 5 seconds
Feb  9 20:41:15 brian-laptop kernel: [   26.404444] EXT3-fs: mounted filesystem with ordered data mode.
Feb  9 20:41:15 brian-laptop kernel: [   26.587994] ieee1394: Host added: ID:BUS[0-00:1023]  GUID[364fc0001e83d8a1]
Feb  9 20:41:15 brian-laptop kernel: [   31.960126] Clocksource tsc unstable (delta = -363060960 ns)
Feb  9 20:41:15 brian-laptop kernel: [   32.728186] dcdbas dcdbas: Dell Systems Management Base Driver (version 5.6.0-3.2)
Feb  9 20:41:15 brian-laptop kernel: [   33.183995] Linux agpgart interface v0.102
Feb  9 20:41:15 brian-laptop kernel: [   33.242732] agpgart: Detected an Intel 855PM Chipset.
Feb  9 20:41:15 brian-laptop kernel: [   33.250734] agpgart: AGP aperture is 128M @ 0xe0000000
Feb  9 20:41:15 brian-laptop kernel: [   33.283318] pci_hotplug: PCI Hot Plug PCI Core version: 0.5
Feb  9 20:41:15 brian-laptop kernel: [   33.346567] shpchp: Standard Hot Plug PCI Controller Driver version: 0.4
Feb  9 20:41:15 brian-laptop kernel: [   33.478347] ACPI: AC Adapter [AC] (on-line)
Feb  9 20:41:15 brian-laptop kernel: [   33.924274] ACPI: Battery Slot [BAT0] (battery present)
Feb  9 20:41:15 brian-laptop kernel: [   33.924324] ACPI: Battery Slot [BAT1] (battery absent)
Feb  9 20:41:15 brian-laptop kernel: [   33.924469] input: Lid Switch as /class/input/input2
Feb  9 20:41:15 brian-laptop kernel: [   33.933327] ACPI: Lid Switch [LID]
Feb  9 20:41:15 brian-laptop kernel: [   33.933377] input: Power Button (CM) as /class/input/input3
Feb  9 20:41:15 brian-laptop kernel: [   33.964810] ACPI: Power Button (CM) [PBTN]
Feb  9 20:41:15 brian-laptop kernel: [   33.964869] input: Sleep Button (CM) as /class/input/input4
Feb  9 20:41:15 brian-laptop kernel: [   33.992776] ACPI: Sleep Button (CM) [SBTN]
Feb  9 20:41:15 brian-laptop kernel: [   34.696529] intel_rng: FWH not detected
Feb  9 20:41:15 brian-laptop kernel: [   34.801973] iTCO_vendor_support: vendor-support=0
Feb  9 20:41:15 brian-laptop kernel: [   34.820722] iTCO_wdt: Intel TCO WatchDog Timer Driver v1.02 (26-Jul-2007)
Feb  9 20:41:15 brian-laptop kernel: [   34.820963] iTCO_wdt: Found a ICH4-M TCO device (Version=1, TCOBASE=0x0860)
Feb  9 20:41:15 brian-laptop kernel: [   34.821002] iTCO_wdt: initialized. heartbeat=30 sec (nowayout=0)
Feb  9 20:41:15 brian-laptop kernel: [   34.972284] input: PC Speaker as /class/input/input5
Feb  9 20:41:15 brian-laptop kernel: [   35.202365] Yenta: CardBus bridge found at 0000:02:01.0 [1028:0191]
Feb  9 20:41:15 brian-laptop kernel: [   35.202382] Yenta: Using CSCINT to route CSC interrupts to PCI
Feb  9 20:41:15 brian-laptop kernel: [   35.202384] Yenta: Routing CardBus interrupts to PCI
Feb  9 20:41:15 brian-laptop kernel: [   35.202389] Yenta TI: socket 0000:02:01.0, mfunc 0x012c1202, devctl 0x64
Feb  9 20:41:15 brian-laptop kernel: [   35.432063] Yenta: ISA IRQ mask 0x0478, PCI irq 11
Feb  9 20:41:15 brian-laptop kernel: [   35.432068] Socket status: 30000020
Feb  9 20:41:15 brian-laptop kernel: [   35.432071] Yenta: Raising subordinate bus# of parent bus (#02) from #02 to #06
Feb  9 20:41:15 brian-laptop kernel: [   35.432077] pcmcia: parent PCI bridge I/O window: 0xd000 - 0xefff
Feb  9 20:41:15 brian-laptop kernel: [   35.432081] cs: IO port probe 0xd000-0xefff: clean.
Feb  9 20:41:15 brian-laptop kernel: [   35.432578] pcmcia: parent PCI bridge Memory window: 0xf6000000 - 0xfbffffff
Feb  9 20:41:15 brian-laptop kernel: [   35.616297] input: PS/2 Mouse as /class/input/input6
Feb  9 20:41:15 brian-laptop kernel: [   35.665238] input: AlpsPS/2 ALPS GlidePoint as /class/input/input7
Feb  9 20:41:15 brian-laptop kernel: [   35.919664] ACPI: PCI Interrupt 0000:00:1f.5[B] -&gt; Link [LNKB] -&gt; GSI 7 (level, low) -&gt; IRQ 7
Feb  9 20:41:15 brian-laptop kernel: [   35.919684] PCI: Setting latency timer of device 0000:00:1f.5 to 64
Feb  9 20:41:15 brian-laptop kernel: [   36.049610] cs: IO port probe 0x100-0x3af: clean.
Feb  9 20:41:15 brian-laptop kernel: [   36.050592] cs: IO port probe 0x3e0-0x4ff: clean.
Feb  9 20:41:15 brian-laptop kernel: [   36.051020] cs: IO port probe 0x820-0x8ff: clean.
Feb  9 20:41:15 brian-laptop kernel: [   36.051052] cs: IO port probe 0xc00-0xcf7: clean.
Feb  9 20:41:15 brian-laptop kernel: [   36.051487] cs: IO port probe 0xa00-0xaff: clean.
Feb  9 20:41:15 brian-laptop kernel: [   36.202480] pccard: CardBus card inserted into slot 0
Feb  9 20:41:15 brian-laptop kernel: [   36.202621] PCI: Enabling device 0000:03:00.0 (0000 -&gt; 0002)
Feb  9 20:41:15 brian-laptop kernel: [   36.202630] ACPI: PCI Interrupt 0000:03:00.0[A] -&gt; Link [LNKD] -&gt; GSI 11 (level, low) -&gt; IRQ 11
Feb  9 20:41:15 brian-laptop kernel: [   36.202641] PCI: Setting latency timer of device 0000:03:00.0 to 64
Feb  9 20:41:15 brian-laptop kernel: [   36.222300] ssb: Core 0 found: ChipCommon (cc 0x800, rev 0x0D, vendor 0x4243)
Feb  9 20:41:15 brian-laptop kernel: [   36.222309] ssb: Core 1 found: IEEE 802.11 (cc 0x812, rev 0x09, vendor 0x4243)
Feb  9 20:41:15 brian-laptop kernel: [   36.222317] ssb: Core 2 found: PCI (cc 0x804, rev 0x0C, vendor 0x4243)
Feb  9 20:41:15 brian-laptop kernel: [   36.222324] ssb: Core 3 found: PCMCIA (cc 0x80D, rev 0x07, vendor 0x4243)
Feb  9 20:41:15 brian-laptop kernel: [   36.245809] ssb: Sonics Silicon Backplane found on PCI device 0000:03:00.0
Feb  9 20:41:15 brian-laptop kernel: [   36.573109] intel8x0_measure_ac97_clock: measured 55444 usecs
Feb  9 20:41:15 brian-laptop kernel: [   36.573114] intel8x0: clocking to 48000
Feb  9 20:41:15 brian-laptop kernel: [   36.604897] b43-phy0: Broadcom 4318 WLAN found
Feb  9 20:41:15 brian-laptop kernel: [   36.645046] b43-phy0 debug: Found PHY: Analog 3, Type 2, Revision 7
Feb  9 20:41:15 brian-laptop kernel: [   36.645069] b43-phy0 debug: Found Radio: Manuf 0x17F, Version 0x2050, Revision 8
Feb  9 20:41:15 brian-laptop kernel: [   36.669542] phy0: Selected rate control algorithm 'simple'
Feb  9 20:41:15 brian-laptop kernel: [   36.987249] lp: driver loaded but no devices found
Feb  9 20:41:15 brian-laptop kernel: [   37.182689] Adding 3028212k swap on /dev/sda5.  Priority:-1 extents:1 across:3028212k
Feb  9 20:41:15 brian-laptop kernel: [   37.565847] EXT3 FS on sda1, internal journal
Feb  9 20:41:15 brian-laptop kernel: [   38.601637] NET: Registered protocol family 17
Feb  9 20:41:15 brian-laptop kernel: [   39.029304] toshiba_acpi: Unknown parameter `hotkeys_over_acpi'
Feb  9 20:41:15 brian-laptop kernel: [   39.072924] ACPI: ACPI Dock Station Driver 
Feb  9 20:41:15 brian-laptop kernel: [  107.437346] NET: Registered protocol family 10
Feb  9 20:41:15 brian-laptop kernel: [  107.438169] lo: Disabled Privacy Extensions
Feb  9 20:41:15 brian-laptop kernel: [   40.439847] ppdev: user-space parallel port driver
Feb  9 20:41:16 brian-laptop kernel: [   40.476405] ADDRCONF(NETDEV_UP): eth0: link is not ready
Feb  9 20:41:16 brian-laptop kernel: [  108.317169] input: b43-phy0 as /class/input/input8
Feb  9 20:41:16 brian-laptop kernel: [   40.762891] b43-phy0 debug: Loading firmware version 351.126 (2006-07-29 05:54:02)
Feb  9 20:41:17 brian-laptop kernel: [   41.702900] b43-phy0 debug: Chip initialized
Feb  9 20:41:17 brian-laptop kernel: [   41.703190] b43-phy0 debug: 32-bit DMA initialized
Feb  9 20:41:17 brian-laptop kernel: [   41.722847] b43-phy0 debug: Wireless interface started
Feb  9 20:41:17 brian-laptop kernel: [   41.722855] HW CONFIG: channel=1 freq=2412 phymode=2
Feb  9 20:41:17 brian-laptop kernel: [   66.803488] b43-phy0 debug: Adding Interface type 2
Feb  9 20:41:17 brian-laptop kernel: [   66.805883] ADDRCONF(NETDEV_UP): wlan0: link is not ready
Feb  9 20:41:17 brian-laptop kernel: [   66.838449] HW CONFIG: channel=1 freq=2412 phymode=2
Feb  9 20:41:17 brian-laptop kernel: [   83.682225] HW CONFIG: channel=2 freq=2417 phymode=2
Feb  9 20:41:17 brian-laptop kernel: [   83.750221] HW CONFIG: channel=3 freq=2422 phymode=2
Feb  9 20:41:17 brian-laptop kernel: [   83.818208] HW CONFIG: channel=4 freq=2427 phymode=2
Feb  9 20:41:17 brian-laptop kernel: [  111.838937] HW CONFIG: channel=5 freq=2432 phymode=2
Feb  9 20:41:17 brian-laptop kernel: [  111.906927] HW CONFIG: channel=6 freq=2437 phymode=2
Feb  9 20:41:17 brian-laptop kernel: [  111.974922] HW CONFIG: channel=7 freq=2442 phymode=2
Feb  9 20:41:18 brian-laptop kernel: [  112.042916] HW CONFIG: channel=8 freq=2447 phymode=2
Feb  9 20:41:18 brian-laptop kernel: [  112.110898] HW CONFIG: channel=9 freq=2452 phymode=2
Feb  9 20:41:18 brian-laptop kernel: [  112.178893] HW CONFIG: channel=10 freq=2457 phymode=2
Feb  9 20:41:18 brian-laptop kernel: [  112.246887] HW CONFIG: channel=11 freq=2462 phymode=2
Feb  9 20:41:18 brian-laptop kernel: [  112.314880] HW CONFIG: channel=1 freq=2412 phymode=2
Feb  9 20:41:19 brian-laptop kernel: [   42.335815] b44: eth0: Link is up at 100 Mbps, full duplex.
Feb  9 20:41:19 brian-laptop kernel: [   42.335819] b44: eth0: Flow control is off for TX and off for RX.
Feb  9 20:41:19 brian-laptop kernel: [   42.336466] ADDRCONF(NETDEV_CHANGE): eth0: link becomes ready
Feb  9 20:41:38 brian-laptop kernel: [   87.999612] Bluetooth: Core ver 2.11
Feb  9 20:41:38 brian-laptop kernel: [   87.999710] NET: Registered protocol family 31
Feb  9 20:41:38 brian-laptop kernel: [   87.999714] Bluetooth: HCI device and connection manager initialized
Feb  9 20:41:38 brian-laptop kernel: [   87.999720] Bluetooth: HCI socket layer initialized
Feb  9 20:41:38 brian-laptop kernel: [  117.367013] Bluetooth: L2CAP ver 2.9
Feb  9 20:41:38 brian-laptop kernel: [  117.367023] Bluetooth: L2CAP socket layer initialized
Feb  9 20:41:38 brian-laptop kernel: [   44.056404] Bluetooth: RFCOMM socket layer initialized
Feb  9 20:41:38 brian-laptop kernel: [   44.056418] Bluetooth: RFCOMM TTY layer initialized
Feb  9 20:41:38 brian-laptop kernel: [   44.056420] Bluetooth: RFCOMM ver 1.8
Feb  9 20:41:47 brian-laptop kernel: [  129.466556] HW CONFIG: channel=1 freq=2412 phymode=2
Feb  9 20:41:47 brian-laptop kernel: [  129.522577] HW CONFIG: channel=2 freq=2417 phymode=2
Feb  9 20:41:47 brian-laptop kernel: [  129.590600] HW CONFIG: channel=3 freq=2422 phymode=2
Feb  9 20:41:47 brian-laptop kernel: [  129.658621] HW CONFIG: channel=4 freq=2427 phymode=2
Feb  9 20:41:47 brian-laptop kernel: [  129.726655] HW CONFIG: channel=5 freq=2432 phymode=2
Feb  9 20:41:47 brian-laptop kernel: [  129.794681] HW CONFIG: channel=6 freq=2437 phymode=2
Feb  9 20:41:47 brian-laptop kernel: [  129.862278] HW CONFIG: channel=7 freq=2442 phymode=2
Feb  9 20:41:48 brian-laptop kernel: [  129.907093] HW CONFIG: channel=8 freq=2447 phymode=2
Feb  9 20:41:48 brian-laptop kernel: [  129.974739] HW CONFIG: channel=9 freq=2452 phymode=2
Feb  9 20:41:48 brian-laptop kernel: [  130.026794] HW CONFIG: channel=10 freq=2457 phymode=2
Feb  9 20:41:48 brian-laptop kernel: [  130.094392] HW CONFIG: channel=11 freq=2462 phymode=2
Feb  9 20:41:48 brian-laptop kernel: [  130.155279] HW CONFIG: channel=1 freq=2412 phymode=2
Feb  9 20:41:56 brian-laptop kernel: [  136.391675] eth0: no IPv6 routers present
Feb  9 20:41:59 brian-laptop kernel: [  139.766283] UDF-fs: No VRS found
Feb  9 20:41:59 brian-laptop kernel: [  139.815355] ISO 9660 Extensions: Microsoft Joliet Level 3
Feb  9 20:41:59 brian-laptop kernel: [  140.442723] ISOFS: changing to secondary root
Feb  9 20:42:17 brian-laptop kernel: [  171.006639] HW CONFIG: channel=1 freq=2412 phymode=2
Feb  9 20:42:17 brian-laptop kernel: [  171.035228] HW CONFIG: channel=2 freq=2417 phymode=2
Feb  9 20:42:17 brian-laptop kernel: [  171.102828] HW CONFIG: channel=3 freq=2422 phymode=2
Feb  9 20:42:17 brian-laptop kernel: [  171.170859] HW CONFIG: channel=4 freq=2427 phymode=2
Feb  9 20:42:17 brian-laptop kernel: [  171.238457] HW CONFIG: channel=5 freq=2432 phymode=2
Feb  9 20:42:17 brian-laptop kernel: [  171.306056] HW CONFIG: channel=6 freq=2437 phymode=2
Feb  9 20:42:17 brian-laptop kernel: [  171.373647] HW CONFIG: channel=7 freq=2442 phymode=2
Feb  9 20:42:18 brian-laptop kernel: [  171.435779] HW CONFIG: channel=8 freq=2447 phymode=2
Feb  9 20:42:18 brian-laptop kernel: [  171.491248] HW CONFIG: channel=9 freq=2452 phymode=2
Feb  9 20:42:18 brian-laptop kernel: [  171.547341] HW CONFIG: channel=10 freq=2457 phymode=2
Feb  9 20:42:18 brian-laptop kernel: [  171.605713] HW CONFIG: channel=11 freq=2462 phymode=2
Feb  9 20:42:18 brian-laptop kernel: [  171.673317] HW CONFIG: channel=1 freq=2412 phymode=2
Feb  9 20:42:47 brian-laptop kernel: [  180.823810] HW CONFIG: channel=1 freq=2412 phymode=2
Feb  9 20:42:47 brian-laptop kernel: [  180.879830] HW CONFIG: channel=2 freq=2417 phymode=2
Feb  9 20:42:47 brian-laptop kernel: [  180.947857] HW CONFIG: channel=3 freq=2422 phymode=2
Feb  9 20:42:47 brian-laptop kernel: [  181.015454] HW CONFIG: channel=4 freq=2427 phymode=2
Feb  9 20:42:47 brian-laptop kernel: [  181.083156] HW CONFIG: channel=5 freq=2432 phymode=2
Feb  9 20:42:47 brian-laptop kernel: [  181.150756] HW CONFIG: channel=6 freq=2437 phymode=2
Feb  9 20:42:47 brian-laptop kernel: [  181.199349] HW CONFIG: channel=7 freq=2442 phymode=2
Feb  9 20:42:48 brian-laptop kernel: [  181.267292] HW CONFIG: channel=8 freq=2447 phymode=2
Feb  9 20:42:48 brian-laptop kernel: [  181.335001] HW CONFIG: channel=9 freq=2452 phymode=2
Feb  9 20:42:48 brian-laptop kernel: [  181.399039] HW CONFIG: channel=10 freq=2457 phymode=2
Feb  9 20:42:48 brian-laptop kernel: [  181.467057] HW CONFIG: channel=11 freq=2462 phymode=2
Feb  9 20:42:48 brian-laptop kernel: [  181.534615] HW CONFIG: channel=1 freq=2412 phymode=2
Feb  9 20:42:59 brian-laptop kernel: [  184.307617] pccard: card ejected from slot 0
Feb  9 20:42:59 brian-laptop kernel: [  184.364605] b43-phy0 debug: Removing Interface type 2
Feb  9 20:42:59 brian-laptop kernel: [  184.388703] hald-addon-keyb[4615] general protection eip:b7e847bc esp:bfefb918 error:0
Feb  9 20:42:59 brian-laptop kernel: [  184.420810] b43-phy0 debug: Wireless interface stopped
Feb  9 20:42:59 brian-laptop kernel: [  184.420856] b43-phy0 debug: DMA-32 0x0200 (RX) max used slots: 1/64
Feb  9 20:42:59 brian-laptop kernel: [  184.502303] b43-phy0 ERROR: DMA RX reset timed out
Feb  9 20:42:59 brian-laptop kernel: [  184.502382] b43-phy0 debug: DMA-32 0x02A0 (TX) max used slots: 0/128
Feb  9 20:42:59 brian-laptop kernel: [  184.661490] b43-phy0 ERROR: DMA TX reset timed out
Feb  9 20:42:59 brian-laptop kernel: [  184.661507] b43-phy0 debug: DMA-32 0x0280 (TX) max used slots: 0/128
Feb  9 20:42:59 brian-laptop kernel: [  184.820771] b43-phy0 ERROR: DMA TX reset timed out
Feb  9 20:42:59 brian-laptop kernel: [  184.820786] b43-phy0 debug: DMA-32 0x0260 (TX) max used slots: 0/128
Feb  9 20:42:59 brian-laptop kernel: [  184.984834] b43-phy0 ERROR: DMA TX reset timed out
Feb  9 20:42:59 brian-laptop kernel: [  184.984850] b43-phy0 debug: DMA-32 0x0240 (TX) max used slots: 0/128
Feb  9 20:43:00 brian-laptop kernel: [  185.144897] b43-phy0 ERROR: DMA TX reset timed out
Feb  9 20:43:00 brian-laptop kernel: [  185.144915] b43-phy0 debug: DMA-32 0x0220 (TX) max used slots: 2/128
Feb  9 20:43:00 brian-laptop kernel: [  185.305556] b43-phy0 ERROR: DMA TX reset timed out
Feb  9 20:43:00 brian-laptop kernel: [  185.305572] b43-phy0 debug: DMA-32 0x0200 (TX) max used slots: 0/128
Feb  9 20:43:00 brian-laptop kernel: [  185.465017] b43-phy0 ERROR: DMA TX reset timed out
Feb  9 20:43:00 brian-laptop kernel: [  185.465683] ssb: Failed to switch to core 0
Feb  9 20:43:00 brian-laptop kernel: [  185.521320] ACPI: PCI interrupt for device 0000:03:00.0 disabled
Feb  9 20:43:04 brian-laptop kernel: [  190.108834] pccard: CardBus card inserted into slot 0
Feb  9 20:43:04 brian-laptop kernel: [  190.109050] PCI: Enabling device 0000:03:00.0 (0000 -&gt; 0002)
Feb  9 20:43:04 brian-laptop kernel: [  190.109065] ACPI: PCI Interrupt 0000:03:00.0[A] -&gt; Link [LNKD] -&gt; GSI 11 (level, low) -&gt; IRQ 11
Feb  9 20:43:04 brian-laptop kernel: [  190.109086] PCI: Setting latency timer of device 0000:03:00.0 to 64
Feb  9 20:43:04 brian-laptop kernel: [  190.132866] ssb: Core 0 found: ChipCommon (cc 0x800, rev 0x0D, vendor 0x4243)
Feb  9 20:43:04 brian-laptop kernel: [  190.132884] ssb: Core 1 found: IEEE 802.11 (cc 0x812, rev 0x09, vendor 0x4243)
Feb  9 20:43:04 brian-laptop kernel: [  190.132898] ssb: Core 2 found: PCI (cc 0x804, rev 0x0C, vendor 0x4243)
Feb  9 20:43:04 brian-laptop kernel: [  190.132911] ssb: Core 3 found: PCMCIA (cc 0x80D, rev 0x07, vendor 0x4243)
Feb  9 20:43:04 brian-laptop kernel: [  190.173603] b43-phy1: Broadcom 4318 WLAN found
Feb  9 20:43:04 brian-laptop kernel: [   71.295723] b43-phy1 debug: Found PHY: Analog 3, Type 2, Revision 7
Feb  9 20:43:04 brian-laptop kernel: [   71.295749] b43-phy1 debug: Found Radio: Manuf 0x17F, Version 0x2050, Revision 8
Feb  9 20:43:04 brian-laptop kernel: [   71.334998] phy1: Selected rate control algorithm 'simple'
Feb  9 20:43:04 brian-laptop kernel: [   71.335489] ssb: Sonics Silicon Backplane found on PCI device 0000:03:00.0
Feb  9 20:43:04 brian-laptop kernel: [   71.375095] input: b43-phy1 as /class/input/input9
Feb  9 20:43:04 brian-laptop kernel: [   71.556302] b43-phy1 debug: Loading firmware version 351.126 (2006-07-29 05:54:02)
Feb  9 20:43:05 brian-laptop kernel: [   72.527523] b43-phy1 debug: Chip initialized
Feb  9 20:43:05 brian-laptop kernel: [   72.527842] b43-phy1 debug: 32-bit DMA initialized
Feb  9 20:43:05 brian-laptop kernel: [   72.547532] b43-phy1 debug: Wireless interface started
Feb  9 20:43:05 brian-laptop kernel: [   72.547540] HW CONFIG: channel=1 freq=2412 phymode=2
Feb  9 20:43:05 brian-laptop kernel: [   96.862953] b43-phy1 debug: Adding Interface type 2
Feb  9 20:43:05 brian-laptop kernel: [   96.865158] ADDRCONF(NETDEV_UP): wlan0: link is not ready
Feb  9 20:43:06 brian-laptop kernel: [   96.908975] HW CONFIG: channel=1 freq=2412 phymode=2
Feb  9 20:43:06 brian-laptop kernel: [   72.685212] HW CONFIG: channel=2 freq=2417 phymode=2
Feb  9 20:43:06 brian-laptop kernel: [  194.106709] HW CONFIG: channel=3 freq=2422 phymode=2
Feb  9 20:43:06 brian-laptop kernel: [  194.174769] HW CONFIG: channel=4 freq=2427 phymode=2
Feb  9 20:43:06 brian-laptop kernel: [  194.242760] HW CONFIG: channel=5 freq=2432 phymode=2
Feb  9 20:43:06 brian-laptop kernel: [  194.310788] HW CONFIG: channel=6 freq=2437 phymode=2
Feb  9 20:43:06 brian-laptop kernel: [  194.378813] HW CONFIG: channel=7 freq=2442 phymode=2
Feb  9 20:43:06 brian-laptop kernel: [  194.446838] HW CONFIG: channel=8 freq=2447 phymode=2
Feb  9 20:43:06 brian-laptop kernel: [  194.515030] HW CONFIG: channel=9 freq=2452 phymode=2
Feb  9 20:43:06 brian-laptop kernel: [   72.935417] HW CONFIG: channel=10 freq=2457 phymode=2
Feb  9 20:43:06 brian-laptop kernel: [   73.003405] HW CONFIG: channel=11 freq=2462 phymode=2
Feb  9 20:43:06 brian-laptop kernel: [   73.071265] HW CONFIG: channel=1 freq=2412 phymode=2
Feb  9 20:43:36 brian-laptop kernel: [  225.909759] HW CONFIG: channel=1 freq=2412 phymode=2
Feb  9 20:43:36 brian-laptop kernel: [  225.965131] HW CONFIG: channel=2 freq=2417 phymode=2
Feb  9 20:43:36 brian-laptop kernel: [  226.033152] HW CONFIG: channel=3 freq=2422 phymode=2
Feb  9 20:43:36 brian-laptop kernel: [  226.101182] HW CONFIG: channel=4 freq=2427 phymode=2
Feb  9 20:43:36 brian-laptop kernel: [  226.169203] HW CONFIG: channel=5 freq=2432 phymode=2
Feb  9 20:43:36 brian-laptop kernel: [  226.238356] HW CONFIG: channel=6 freq=2437 phymode=2
Feb  9 20:43:36 brian-laptop kernel: [  226.305258] HW CONFIG: channel=7 freq=2442 phymode=2
Feb  9 20:43:36 brian-laptop kernel: [  226.375735] HW CONFIG: channel=8 freq=2447 phymode=2
Feb  9 20:43:36 brian-laptop kernel: [  226.441304] HW CONFIG: channel=9 freq=2452 phymode=2
Feb  9 20:43:36 brian-laptop kernel: [  226.512504] HW CONFIG: channel=10 freq=2457 phymode=2
Feb  9 20:43:36 brian-laptop kernel: [  226.577363] HW CONFIG: channel=11 freq=2462 phymode=2
Feb  9 20:43:36 brian-laptop kernel: [  226.650088] HW CONFIG: channel=1 freq=2412 phymode=2
Feb  9 20:43:50 brian-laptop kernel: [  239.760389] HW CONFIG: channel=1 freq=2412 phymode=2
Feb  9 20:43:50 brian-laptop kernel: [   89.885594] HW CONFIG: channel=2 freq=2417 phymode=2
Feb  9 20:43:50 brian-laptop kernel: [   89.953564] HW CONFIG: channel=3 freq=2422 phymode=2
Feb  9 20:43:50 brian-laptop kernel: [  240.243827] HW CONFIG: channel=4 freq=2427 phymode=2
Feb  9 20:43:50 brian-laptop kernel: [  240.304047] HW CONFIG: channel=5 freq=2432 phymode=2
Feb  9 20:43:50 brian-laptop kernel: [  240.371638] HW CONFIG: channel=6 freq=2437 phymode=2
Feb  9 20:43:50 brian-laptop kernel: [  240.424438] HW CONFIG: channel=7 freq=2442 phymode=2
Feb  9 20:43:50 brian-laptop kernel: [  240.480487] HW CONFIG: channel=8 freq=2447 phymode=2
Feb  9 20:43:50 brian-laptop kernel: [  240.548093] HW CONFIG: channel=9 freq=2452 phymode=2
Feb  9 20:43:50 brian-laptop kernel: [  240.608710] HW CONFIG: channel=10 freq=2457 phymode=2
Feb  9 20:43:50 brian-laptop kernel: [  240.660762] HW CONFIG: channel=11 freq=2462 phymode=2
Feb  9 20:43:51 brian-laptop kernel: [  240.709187] HW CONFIG: channel=1 freq=2412 phymode=2
Feb  9 20:44:13 brian-laptop kernel: [  241.606005] HW CONFIG: channel=1 freq=2412 phymode=2
Feb  9 20:44:13 brian-laptop kernel: [   90.552515] HW CONFIG: channel=2 freq=2417 phymode=2
Feb  9 20:44:13 brian-laptop kernel: [  241.840770] HW CONFIG: channel=3 freq=2422 phymode=2
Feb  9 20:44:13 brian-laptop kernel: [  241.908777] HW CONFIG: channel=4 freq=2427 phymode=2
Feb  9 20:44:13 brian-laptop kernel: [  241.976388] HW CONFIG: channel=5 freq=2432 phymode=2
Feb  9 20:44:13 brian-laptop kernel: [  242.043988] HW CONFIG: channel=6 freq=2437 phymode=2
Feb  9 20:44:13 brian-laptop kernel: [  242.084768] HW CONFIG: channel=7 freq=2442 phymode=2
Feb  9 20:44:13 brian-laptop kernel: [  242.152368] HW CONFIG: channel=8 freq=2447 phymode=2
Feb  9 20:44:13 brian-laptop kernel: [  242.208496] HW CONFIG: channel=9 freq=2452 phymode=2
Feb  9 20:44:13 brian-laptop kernel: [  242.276094] HW CONFIG: channel=10 freq=2457 phymode=2
Feb  9 20:44:13 brian-laptop kernel: [  242.340203] HW CONFIG: channel=11 freq=2462 phymode=2
Feb  9 20:44:14 brian-laptop kernel: [  242.407796] HW CONFIG: channel=1 freq=2412 phymode=2
Feb  9 20:44:33 brian-laptop kernel: [  250.356350] b43-phy1 debug: Using hardware based encryption for keyidx: 0, mac: ff:ff:ff:ff:ff:ff
Feb  9 20:44:42 brian-laptop kernel: [  250.802551] HW CONFIG: channel=1 freq=2412 phymode=2
Feb  9 20:44:42 brian-laptop kernel: [  250.858386] HW CONFIG: channel=2 freq=2417 phymode=2
Feb  9 20:44:42 brian-laptop kernel: [   94.043847] HW CONFIG: channel=3 freq=2422 phymode=2
Feb  9 20:44:42 brian-laptop kernel: [  251.051840] HW CONFIG: channel=4 freq=2427 phymode=2
Feb  9 20:44:42 brian-laptop kernel: [  251.112070] HW CONFIG: channel=5 freq=2432 phymode=2
Feb  9 20:44:42 brian-laptop kernel: [  251.179660] HW CONFIG: channel=6 freq=2437 phymode=2
Feb  9 20:44:42 brian-laptop kernel: [  251.247267] HW CONFIG: channel=7 freq=2442 phymode=2
Feb  9 20:44:42 brian-laptop kernel: [  251.303317] HW CONFIG: channel=8 freq=2447 phymode=2
Feb  9 20:44:42 brian-laptop kernel: [  251.359448] HW CONFIG: channel=9 freq=2452 phymode=2
Feb  9 20:44:43 brian-laptop kernel: [  251.403614] HW CONFIG: channel=10 freq=2457 phymode=2
Feb  9 20:44:43 brian-laptop kernel: [  251.451851] HW CONFIG: channel=11 freq=2462 phymode=2
Feb  9 20:44:43 brian-laptop kernel: [  251.515917] HW CONFIG: channel=1 freq=2412 phymode=2
-------------- next part --------------
Feb  9 19:42:50 brian-laptop kernel: [    0.000000] Linux version 2.6.24 (<A HREF="https://lists.berlios.de/mailman/listinfo/bcm43xx-dev">root at brian-laptop</A>) (gcc version 4.1.3 20070929 (prerelease) (Ubuntu 4.1.2-16ubuntu2)) #2 Sat Feb 9 17:38:49 PST 2008 (Ubuntu 2.6.22-14.51-generic)
Feb  9 19:42:50 brian-laptop kernel: [    0.000000] BIOS-provided physical RAM map:
Feb  9 19:42:50 brian-laptop kernel: [    0.000000]  BIOS-e820: 0000000000000000 - 000000000009f000 (usable)
Feb  9 19:42:50 brian-laptop kernel: [    0.000000]  BIOS-e820: 000000000009f000 - 00000000000a0000 (reserved)
Feb  9 19:42:50 brian-laptop kernel: [    0.000000]  BIOS-e820: 0000000000100000 - 000000003ffae000 (usable)
Feb  9 19:42:50 brian-laptop kernel: [    0.000000]  BIOS-e820: 000000003ffae000 - 0000000040000000 (reserved)
Feb  9 19:42:50 brian-laptop kernel: [    0.000000]  BIOS-e820: 00000000feda0000 - 00000000fee00000 (reserved)
Feb  9 19:42:50 brian-laptop kernel: [    0.000000]  BIOS-e820: 00000000ffb00000 - 0000000100000000 (reserved)
Feb  9 19:42:50 brian-laptop kernel: [    0.000000] 127MB HIGHMEM available.
Feb  9 19:42:50 brian-laptop kernel: [    0.000000] 896MB LOWMEM available.
Feb  9 19:42:50 brian-laptop kernel: [    0.000000] Entering add_active_range(0, 0, 262062) 0 entries of 256 used
Feb  9 19:42:50 brian-laptop kernel: [    0.000000] Zone PFN ranges:
Feb  9 19:42:50 brian-laptop kernel: [    0.000000]   DMA             0 -&gt;     4096
Feb  9 19:42:50 brian-laptop kernel: [    0.000000]   Normal       4096 -&gt;   229376
Feb  9 19:42:50 brian-laptop kernel: [    0.000000]   HighMem    229376 -&gt;   262062
Feb  9 19:42:50 brian-laptop kernel: [    0.000000] Movable zone start PFN for each node
Feb  9 19:42:50 brian-laptop kernel: [    0.000000] early_node_map[1] active PFN ranges
Feb  9 19:42:50 brian-laptop kernel: [    0.000000]     0:        0 -&gt;   262062
Feb  9 19:42:50 brian-laptop kernel: [    0.000000] On node 0 totalpages: 262062
Feb  9 19:42:50 brian-laptop kernel: [    0.000000]   DMA zone: 32 pages used for memmap
Feb  9 19:42:50 brian-laptop kernel: [    0.000000]   DMA zone: 0 pages reserved
Feb  9 19:42:50 brian-laptop kernel: [    0.000000]   DMA zone: 4064 pages, LIFO batch:0
Feb  9 19:42:50 brian-laptop kernel: [    0.000000]   Normal zone: 1760 pages used for memmap
Feb  9 19:42:50 brian-laptop kernel: [    0.000000]   Normal zone: 223520 pages, LIFO batch:31
Feb  9 19:42:50 brian-laptop kernel: [    0.000000]   HighMem zone: 255 pages used for memmap
Feb  9 19:42:50 brian-laptop kernel: [    0.000000]   HighMem zone: 32431 pages, LIFO batch:7
Feb  9 19:42:50 brian-laptop kernel: [    0.000000]   Movable zone: 0 pages used for memmap
Feb  9 19:42:50 brian-laptop kernel: [    0.000000] DMI 2.3 present.
Feb  9 19:42:50 brian-laptop kernel: [    0.000000] ACPI: RSDP signature @ 0xC00FDF00 checksum 0
Feb  9 19:42:50 brian-laptop kernel: [    0.000000] ACPI: RSDP 000FDF00, 0014 (r0 DELL  )
Feb  9 19:42:50 brian-laptop kernel: [    0.000000] ACPI: RSDT 3FFF0000, 0028 (r1 DELL    CPi R   27D40708 ASL        61)
Feb  9 19:42:50 brian-laptop kernel: [    0.000000] ACPI: FACP 3FFF0400, 0074 (r1 DELL    CPi R   27D40708 ASL        61)
Feb  9 19:42:50 brian-laptop kernel: [    0.000000] ACPI: DSDT 3FFF0C00, 2E04 (r1 INT430 SYSFexxx     1001 MSFT  100000E)
Feb  9 19:42:50 brian-laptop kernel: [    0.000000] ACPI: FACS 3FFFF800, 0040
Feb  9 19:42:50 brian-laptop kernel: [    0.000000] ACPI: PM-Timer IO Port: 0x808
Feb  9 19:42:50 brian-laptop kernel: [    0.000000] Allocating PCI resources starting at 50000000 (gap: 40000000:beda0000)
Feb  9 19:42:50 brian-laptop kernel: [    0.000000] Built 1 zonelists in Zone order, mobility grouping on.  Total pages: 260015
Feb  9 19:42:50 brian-laptop kernel: [    0.000000] Kernel command line: root=UUID=37330e16-ef70-48db-b739-fd1487fca15b ro quiet splash
Feb  9 19:42:50 brian-laptop kernel: [    0.000000] Enabling fast FPU save and restore... done.
Feb  9 19:42:50 brian-laptop kernel: [    0.000000] Enabling unmasked SIMD FPU exception support... done.
Feb  9 19:42:50 brian-laptop kernel: [    0.000000] Initializing CPU#0
Feb  9 19:42:50 brian-laptop kernel: [    0.000000] PID hash table entries: 4096 (order: 12, 16384 bytes)
Feb  9 19:42:50 brian-laptop kernel: [    0.000000] Detected 1598.701 MHz processor.
Feb  9 19:42:50 brian-laptop kernel: [   14.896312] Console: colour VGA+ 80x25
Feb  9 19:42:50 brian-laptop kernel: [   14.896317] console [tty0] enabled
Feb  9 19:42:50 brian-laptop kernel: [   14.896950] Dentry cache hash table entries: 131072 (order: 7, 524288 bytes)
Feb  9 19:42:50 brian-laptop kernel: [   14.897562] Inode-cache hash table entries: 65536 (order: 6, 262144 bytes)
Feb  9 19:42:50 brian-laptop kernel: [   14.929852] Memory: 995004k/1048248k available (1867k kernel code, 52528k reserved, 880k data, 296k init, 130744k highmem)
Feb  9 19:42:50 brian-laptop kernel: [   14.929860] virtual kernel memory layout:
Feb  9 19:42:50 brian-laptop kernel: [   14.929861]     fixmap  : 0xfffe9000 - 0xfffff000   (  88 kB)
Feb  9 19:42:50 brian-laptop kernel: [   14.929863]     pkmap   : 0xff800000 - 0xffc00000   (4096 kB)
Feb  9 19:42:50 brian-laptop kernel: [   14.929864]     vmalloc : 0xf8800000 - 0xff7fe000   ( 111 MB)
Feb  9 19:42:50 brian-laptop kernel: [   14.929865]     lowmem  : 0xc0000000 - 0xf8000000   ( 896 MB)
Feb  9 19:42:50 brian-laptop kernel: [   14.929867]       .init : 0xc03b2000 - 0xc03fc000   ( 296 kB)
Feb  9 19:42:50 brian-laptop kernel: [   14.929868]       .data : 0xc02d2f95 - 0xc03af1a4   ( 880 kB)
Feb  9 19:42:50 brian-laptop kernel: [   14.929869]       .text : 0xc0100000 - 0xc02d2f95   (1867 kB)
Feb  9 19:42:50 brian-laptop kernel: [   14.929873] Checking if this processor honours the WP bit even in supervisor mode... Ok.
Feb  9 19:42:50 brian-laptop kernel: [   14.929907] SLUB: Genslabs=11, HWalign=64, Order=0-1, MinObjects=4, CPUs=1, Nodes=1
Feb  9 19:42:50 brian-laptop kernel: [   15.009861] Calibrating delay using timer specific routine.. 3199.37 BogoMIPS (lpj=6398743)
Feb  9 19:42:50 brian-laptop kernel: [   15.009885] Security Framework initialized
Feb  9 19:42:50 brian-laptop kernel: [   15.009894] SELinux:  Disabled at boot.
Feb  9 19:42:50 brian-laptop kernel: [   15.009900] Mount-cache hash table entries: 512
Feb  9 19:42:50 brian-laptop kernel: [   15.010009] CPU: After generic identify, caps: afe9f9bf 00000000 00000000 00000000 00000180 00000000 00000000 00000000
Feb  9 19:42:50 brian-laptop kernel: [   15.010021] CPU: L1 I cache: 32K, L1 D cache: 32K
Feb  9 19:42:50 brian-laptop kernel: [   15.010023] CPU: L2 cache: 2048K
Feb  9 19:42:50 brian-laptop kernel: [   15.010026] CPU: After all inits, caps: afe9f9bf 00000000 00000000 00002040 00000180 00000000 00000000 00000000
Feb  9 19:42:50 brian-laptop kernel: [   15.010033] Compat vDSO mapped to ffffe000.
Feb  9 19:42:50 brian-laptop kernel: [   15.010043] CPU: Intel(R) Pentium(R) M processor 1.60GHz stepping 06
Feb  9 19:42:50 brian-laptop kernel: [   15.010048] Checking 'hlt' instruction... OK.
Feb  9 19:42:50 brian-laptop kernel: [   15.026143] Freeing SMP alternatives: 0k freed
Feb  9 19:42:50 brian-laptop kernel: [   15.026247] Early unpacking initramfs... done
Feb  9 19:42:50 brian-laptop kernel: [   17.060510] ACPI: Core revision 20070126
Feb  9 19:42:50 brian-laptop kernel: [   17.060563] ACPI: Looking for DSDT in initramfs... error, file /DSDT.aml not found.
Feb  9 19:42:50 brian-laptop kernel: [   17.061916] ACPI: setting ELCR to 0200 (from 0800)
Feb  9 19:42:50 brian-laptop kernel: [   17.064449] net_namespace: 64 bytes
Feb  9 19:42:50 brian-laptop kernel: [   17.064903] Time:  3:42:25  Date: 02/10/08
Feb  9 19:42:50 brian-laptop kernel: [   17.064923] NET: Registered protocol family 16
Feb  9 19:42:50 brian-laptop kernel: [   17.065084] EISA bus registered
Feb  9 19:42:50 brian-laptop kernel: [   17.065094] ACPI: bus type pci registered
Feb  9 19:42:50 brian-laptop kernel: [   17.098748] PCI: PCI BIOS revision 2.10 entry at 0xfc96e, last bus=2
Feb  9 19:42:50 brian-laptop kernel: [   17.098750] PCI: Using configuration type 1
Feb  9 19:42:50 brian-laptop kernel: [   17.098752] Setting up standard PCI resources
Feb  9 19:42:50 brian-laptop kernel: [   17.100479] ACPI: EC: Look up EC in DSDT
Feb  9 19:42:50 brian-laptop kernel: [   17.106307] ACPI: Interpreter enabled
Feb  9 19:42:50 brian-laptop kernel: [   17.106311] ACPI: (supports S0 S1 S3 S5)
Feb  9 19:42:50 brian-laptop kernel: [   17.106322] ACPI: Using PIC for interrupt routing
Feb  9 19:42:50 brian-laptop kernel: [   17.115287] ACPI: PCI Root Bridge [PCI0] (0000:00)
Feb  9 19:42:50 brian-laptop kernel: [   17.115646] PCI quirk: region 0800-087f claimed by ICH4 ACPI/GPIO/TCO
Feb  9 19:42:50 brian-laptop kernel: [   17.115650] PCI quirk: region 0880-08bf claimed by ICH4 GPIO
Feb  9 19:42:50 brian-laptop kernel: [   17.116058] PCI: Transparent bridge - 0000:00:1e.0
Feb  9 19:42:50 brian-laptop kernel: [   17.116112] ACPI: PCI Interrupt Routing Table [\_SB_.PCI0._PRT]
Feb  9 19:42:50 brian-laptop kernel: [   17.116437] ACPI: PCI Interrupt Routing Table [\_SB_.PCI0.AGP_._PRT]
Feb  9 19:42:50 brian-laptop kernel: [   17.116516] ACPI: PCI Interrupt Routing Table [\_SB_.PCI0.PCIE._PRT]
Feb  9 19:42:50 brian-laptop kernel: [   17.127001] ACPI: PCI Interrupt Link [LNKA] (IRQs 9 10 *11)
Feb  9 19:42:50 brian-laptop kernel: [   17.127102] ACPI: PCI Interrupt Link [LNKB] (IRQs 5 7) *11
Feb  9 19:42:50 brian-laptop kernel: [   17.127199] ACPI: PCI Interrupt Link [LNKC] (IRQs 9 10 *11)
Feb  9 19:42:50 brian-laptop kernel: [   17.127295] ACPI: PCI Interrupt Link [LNKD] (IRQs 5 7 9 10 *11)
Feb  9 19:42:50 brian-laptop kernel: [   17.127378] ACPI: PCI Interrupt Link [LNKE] (IRQs 3 4 5 6 7 9 10 11 12 14 15) *0, disabled.
Feb  9 19:42:50 brian-laptop kernel: [   17.127477] ACPI: PCI Interrupt Link [LNKH] (IRQs 3 4 5 6 7 9 10 *11 12 14 15)
Feb  9 19:42:50 brian-laptop kernel: [   17.127575] Linux Plug and Play Support v0.97 (c) Adam Belay
Feb  9 19:42:50 brian-laptop kernel: [   17.127602] pnp: PnP ACPI init
Feb  9 19:42:50 brian-laptop kernel: [   17.127608] ACPI: bus type pnp registered
Feb  9 19:42:50 brian-laptop kernel: [   17.141042] pnp: PnP ACPI: found 11 devices
Feb  9 19:42:50 brian-laptop kernel: [   17.141044] ACPI: ACPI bus type pnp unregistered
Feb  9 19:42:50 brian-laptop kernel: [   17.141049] PnPBIOS: Disabled by ACPI PNP
Feb  9 19:42:50 brian-laptop kernel: [   17.141213] PCI: Using ACPI for IRQ routing
Feb  9 19:42:50 brian-laptop kernel: [   17.141215] PCI: If a device doesn't work, try &quot;pci=routeirq&quot;.  If it helps, post a report
Feb  9 19:42:50 brian-laptop kernel: [   17.160163] NET: Registered protocol family 8
Feb  9 19:42:50 brian-laptop kernel: [   17.160165] NET: Registered protocol family 20
Feb  9 19:42:50 brian-laptop kernel: [   17.164154] Time: tsc clocksource has been installed.
Feb  9 19:42:50 brian-laptop kernel: [   17.172177] system 00:00: iomem range 0x0-0x9fbff could not be reserved
Feb  9 19:42:50 brian-laptop kernel: [   17.172180] system 00:00: iomem range 0x9fc00-0x9ffff could not be reserved
Feb  9 19:42:50 brian-laptop kernel: [   17.172183] system 00:00: iomem range 0xc0000-0xcffff could not be reserved
Feb  9 19:42:50 brian-laptop kernel: [   17.172186] system 00:00: iomem range 0xe0000-0xfffff could not be reserved
Feb  9 19:42:50 brian-laptop kernel: [   17.172190] system 00:00: iomem range 0x100000-0x3ffeffff could not be reserved
Feb  9 19:42:50 brian-laptop kernel: [   17.172193] system 00:00: iomem range 0x3fff0000-0x3fffffff could not be reserved
Feb  9 19:42:50 brian-laptop kernel: [   17.172196] system 00:00: iomem range 0xfeda0000-0xfedfffff could not be reserved
Feb  9 19:42:50 brian-laptop kernel: [   17.172199] system 00:00: iomem range 0xffb00000-0xffbfffff could not be reserved
Feb  9 19:42:50 brian-laptop kernel: [   17.172206] system 00:02: ioport range 0x4d0-0x4d1 has been reserved
Feb  9 19:42:50 brian-laptop kernel: [   17.172209] system 00:02: ioport range 0x800-0x805 has been reserved
Feb  9 19:42:50 brian-laptop kernel: [   17.172212] system 00:02: ioport range 0x808-0x80f has been reserved
Feb  9 19:42:50 brian-laptop kernel: [   17.172217] system 00:03: ioport range 0xf400-0xf4fe has been reserved
Feb  9 19:42:50 brian-laptop kernel: [   17.172220] system 00:03: ioport range 0x806-0x807 has been reserved
Feb  9 19:42:50 brian-laptop kernel: [   17.172223] system 00:03: ioport range 0x810-0x85f has been reserved
Feb  9 19:42:50 brian-laptop kernel: [   17.172226] system 00:03: ioport range 0x860-0x87f has been reserved
Feb  9 19:42:50 brian-laptop kernel: [   17.172229] system 00:03: ioport range 0x880-0x8bf has been reserved
Feb  9 19:42:50 brian-laptop kernel: [   17.172231] system 00:03: ioport range 0x8c0-0x8df has been reserved
Feb  9 19:42:50 brian-laptop kernel: [   17.172234] system 00:03: ioport range 0x8e0-0x8ff has been reserved
Feb  9 19:42:50 brian-laptop kernel: [   17.172241] system 00:08: ioport range 0x900-0x97f has been reserved
Feb  9 19:42:50 brian-laptop kernel: [   17.202592] PCI: Bridge: 0000:00:01.0
Feb  9 19:42:50 brian-laptop kernel: [   17.202595]   IO window: c000-cfff
Feb  9 19:42:50 brian-laptop kernel: [   17.202598]   MEM window: fc000000-fdffffff
Feb  9 19:42:50 brian-laptop kernel: [   17.202601]   PREFETCH window: d0000000-dfffffff
Feb  9 19:42:50 brian-laptop kernel: [   17.202609] PCI: Bus 3, cardbus bridge: 0000:02:01.0
Feb  9 19:42:50 brian-laptop kernel: [   17.202611]   IO window: 0000d000-0000d0ff
Feb  9 19:42:50 brian-laptop kernel: [   17.202615]   IO window: 0000d400-0000d4ff
Feb  9 19:42:50 brian-laptop kernel: [   17.202619]   PREFETCH window: 54000000-57ffffff
Feb  9 19:42:50 brian-laptop kernel: [   17.202623]   MEM window: 58000000-5bffffff
Feb  9 19:42:50 brian-laptop kernel: [   17.202626] PCI: Bridge: 0000:00:1e.0
Feb  9 19:42:50 brian-laptop kernel: [   17.202629]   IO window: d000-efff
Feb  9 19:42:50 brian-laptop kernel: [   17.202633]   MEM window: f6000000-fbffffff
Feb  9 19:42:50 brian-laptop kernel: [   17.202637]   PREFETCH window: disabled.
Feb  9 19:42:50 brian-laptop kernel: [   17.202651] PCI: Setting latency timer of device 0000:00:1e.0 to 64
Feb  9 19:42:50 brian-laptop kernel: [   17.202663] PCI: Enabling device 0000:02:01.0 (0000 -&gt; 0003)
Feb  9 19:42:50 brian-laptop kernel: [   17.202805] ACPI: PCI Interrupt Link [LNKD] enabled at IRQ 11
Feb  9 19:42:50 brian-laptop kernel: [   17.202808] PCI: setting IRQ 11 as level-triggered
Feb  9 19:42:50 brian-laptop kernel: [   17.202811] ACPI: PCI Interrupt 0000:02:01.0[A] -&gt; Link [LNKD] -&gt; GSI 11 (level, low) -&gt; IRQ 11
Feb  9 19:42:50 brian-laptop kernel: [   17.202824] NET: Registered protocol family 2
Feb  9 19:42:50 brian-laptop kernel: [   17.240142] IP route cache hash table entries: 32768 (order: 5, 131072 bytes)
Feb  9 19:42:50 brian-laptop kernel: [   17.240379] TCP established hash table entries: 131072 (order: 8, 1048576 bytes)
Feb  9 19:42:50 brian-laptop kernel: [   17.241333] TCP bind hash table entries: 65536 (order: 6, 262144 bytes)
Feb  9 19:42:50 brian-laptop kernel: [   17.241626] TCP: Hash tables configured (established 131072 bind 65536)
Feb  9 19:42:50 brian-laptop kernel: [   17.241629] TCP reno registered
Feb  9 19:42:50 brian-laptop kernel: [   17.252225] checking if image is initramfs...&lt;7&gt;Switched to high resolution mode on CPU 0
Feb  9 19:42:50 brian-laptop kernel: [   19.197176]  it is
Feb  9 19:42:50 brian-laptop kernel: [   21.306248] Freeing initrd memory: 40107k freed
Feb  9 19:42:50 brian-laptop kernel: [   21.306684] audit: initializing netlink socket (disabled)
Feb  9 19:42:50 brian-laptop kernel: [   21.306703] audit(1202614949.384:1): initialized
Feb  9 19:42:50 brian-laptop kernel: [   21.306863] highmem bounce pool size: 64 pages
Feb  9 19:42:50 brian-laptop kernel: [   21.308593] VFS: Disk quotas dquot_6.5.1
Feb  9 19:42:50 brian-laptop kernel: [   21.308623] Dquot-cache hash table entries: 1024 (order 0, 4096 bytes)
Feb  9 19:42:50 brian-laptop kernel: [   21.308767] io scheduler noop registered
Feb  9 19:42:50 brian-laptop kernel: [   21.308769] io scheduler anticipatory registered
Feb  9 19:42:50 brian-laptop kernel: [   21.308771] io scheduler deadline registered
Feb  9 19:42:50 brian-laptop kernel: [   21.308782] io scheduler cfq registered (default)
Feb  9 19:42:50 brian-laptop kernel: [   21.308850] Boot video device is 0000:01:00.0
Feb  9 19:42:50 brian-laptop kernel: [   21.309049] isapnp: Scanning for PnP cards...
Feb  9 19:42:50 brian-laptop kernel: [   21.661593] isapnp: No Plug &amp; Play device found
Feb  9 19:42:50 brian-laptop kernel: [   21.681964] Real Time Clock Driver v1.12ac
Feb  9 19:42:50 brian-laptop kernel: [   21.682076] Serial: 8250/16550 driver $Revision: 1.90 $ 4 ports, IRQ sharing enabled
Feb  9 19:42:50 brian-laptop kernel: [   21.682793] ACPI: PCI Interrupt Link [LNKB] enabled at IRQ 7
Feb  9 19:42:50 brian-laptop kernel: [   21.682798] PCI: setting IRQ 7 as level-triggered
Feb  9 19:42:50 brian-laptop kernel: [   21.682801] ACPI: PCI Interrupt 0000:00:1f.6[B] -&gt; Link [LNKB] -&gt; GSI 7 (level, low) -&gt; IRQ 7
Feb  9 19:42:50 brian-laptop kernel: [   21.682810] ACPI: PCI interrupt for device 0000:00:1f.6 disabled
Feb  9 19:42:50 brian-laptop kernel: [   21.683342] RAMDISK driver initialized: 16 RAM disks of 65536K size 1024 blocksize
Feb  9 19:42:50 brian-laptop kernel: [   21.683407] input: Macintosh mouse button emulation as /class/input/input0
Feb  9 19:42:50 brian-laptop kernel: [   21.683492] PNP: PS/2 Controller [PNP0303:KBC,PNP0f13:PS2M] at 0x60,0x64 irq 1,12
Feb  9 19:42:50 brian-laptop kernel: [   21.688449] serio: i8042 KBD port at 0x60,0x64 irq 1
Feb  9 19:42:50 brian-laptop kernel: [   21.688453] serio: i8042 AUX port at 0x60,0x64 irq 12
Feb  9 19:42:50 brian-laptop kernel: [   21.692235] mice: PS/2 mouse device common for all mice
Feb  9 19:42:50 brian-laptop kernel: [   21.692335] EISA: Probing bus 0 at eisa.0
Feb  9 19:42:50 brian-laptop kernel: [   21.692359] EISA: Detected 0 cards.
Feb  9 19:42:50 brian-laptop kernel: [   21.692452] TCP cubic registered
Feb  9 19:42:50 brian-laptop kernel: [   21.692460] NET: Registered protocol family 1
Feb  9 19:42:50 brian-laptop kernel: [   21.692485] Using IPI Shortcut mode
Feb  9 19:42:50 brian-laptop kernel: [   21.692611]   Magic number: 12:723:714
Feb  9 19:42:50 brian-laptop kernel: [   21.692923] Freeing unused kernel memory: 296k freed
Feb  9 19:42:50 brian-laptop kernel: [   21.696430] input: AT Translated Set 2 keyboard as /class/input/input1
Feb  9 19:42:50 brian-laptop kernel: [   22.904064] fuse init (API version 7.9)
Feb  9 19:42:50 brian-laptop kernel: [   22.914037] ACPI: CPU0 (power states: C1[C1] C2[C2] C3[C3] C4[C3])
Feb  9 19:42:50 brian-laptop kernel: [   22.914045] ACPI: Processor [CPU0] (supports 8 throttling states)
Feb  9 19:42:50 brian-laptop kernel: [   22.917439] ACPI: Thermal Zone [THM] (58 C)
Feb  9 19:42:50 brian-laptop kernel: [   23.597605] usbcore: registered new interface driver usbfs
Feb  9 19:42:50 brian-laptop kernel: [   23.597635] usbcore: registered new interface driver hub
Feb  9 19:42:50 brian-laptop kernel: [   23.610555] usbcore: registered new device driver usb
Feb  9 19:42:50 brian-laptop kernel: [   23.630206] USB Universal Host Controller Interface driver v3.0
Feb  9 19:42:50 brian-laptop kernel: [   23.630493] ACPI: PCI Interrupt Link [LNKA] enabled at IRQ 11
Feb  9 19:42:50 brian-laptop kernel: [   23.630496] ACPI: PCI Interrupt 0000:00:1d.0[A] -&gt; Link [LNKA] -&gt; GSI 11 (level, low) -&gt; IRQ 11
Feb  9 19:42:50 brian-laptop kernel: [   23.630510] PCI: Setting latency timer of device 0000:00:1d.0 to 64
Feb  9 19:42:50 brian-laptop kernel: [   23.630514] uhci_hcd 0000:00:1d.0: UHCI Host Controller
Feb  9 19:42:50 brian-laptop kernel: [   23.632536] uhci_hcd 0000:00:1d.0: new USB bus registered, assigned bus number 1
Feb  9 19:42:50 brian-laptop kernel: [   23.632562] uhci_hcd 0000:00:1d.0: irq 11, io base 0x0000bf80
Feb  9 19:42:50 brian-laptop kernel: [   23.632721] usb usb1: configuration #1 chosen from 1 choice
Feb  9 19:42:50 brian-laptop kernel: [   23.632746] hub 1-0:1.0: USB hub found
Feb  9 19:42:50 brian-laptop kernel: [   23.632751] hub 1-0:1.0: 2 ports detected
Feb  9 19:42:50 brian-laptop kernel: [   23.706231] SCSI subsystem initialized
Feb  9 19:42:50 brian-laptop kernel: [   23.734487] ACPI: PCI Interrupt 0000:00:1d.1[B] -&gt; Link [LNKD] -&gt; GSI 11 (level, low) -&gt; IRQ 11
Feb  9 19:42:50 brian-laptop kernel: [   23.734502] PCI: Setting latency timer of device 0000:00:1d.1 to 64
Feb  9 19:42:50 brian-laptop kernel: [   23.734506] uhci_hcd 0000:00:1d.1: UHCI Host Controller
Feb  9 19:42:50 brian-laptop kernel: [   23.734532] uhci_hcd 0000:00:1d.1: new USB bus registered, assigned bus number 2
Feb  9 19:42:50 brian-laptop kernel: [   23.734555] uhci_hcd 0000:00:1d.1: irq 11, io base 0x0000bf40
Feb  9 19:42:50 brian-laptop kernel: [   23.734677] usb usb2: configuration #1 chosen from 1 choice
Feb  9 19:42:50 brian-laptop kernel: [   23.734701] hub 2-0:1.0: USB hub found
Feb  9 19:42:50 brian-laptop kernel: [   23.734706] hub 2-0:1.0: 2 ports detected
Feb  9 19:42:50 brian-laptop kernel: [   23.751042] libata version 3.00 loaded.
Feb  9 19:42:50 brian-laptop kernel: [   23.838580] ACPI: PCI Interrupt Link [LNKC] enabled at IRQ 11
Feb  9 19:42:50 brian-laptop kernel: [   23.838585] ACPI: PCI Interrupt 0000:00:1d.2[C] -&gt; Link [LNKC] -&gt; GSI 11 (level, low) -&gt; IRQ 11
Feb  9 19:42:50 brian-laptop kernel: [   23.838598] PCI: Setting latency timer of device 0000:00:1d.2 to 64
Feb  9 19:42:50 brian-laptop kernel: [   23.838602] uhci_hcd 0000:00:1d.2: UHCI Host Controller
Feb  9 19:42:50 brian-laptop kernel: [   23.838627] uhci_hcd 0000:00:1d.2: new USB bus registered, assigned bus number 3
Feb  9 19:42:50 brian-laptop kernel: [   23.838651] uhci_hcd 0000:00:1d.2: irq 11, io base 0x0000bf20
Feb  9 19:42:50 brian-laptop kernel: [   23.838764] usb usb3: configuration #1 chosen from 1 choice
Feb  9 19:42:50 brian-laptop kernel: [   23.838788] hub 3-0:1.0: USB hub found
Feb  9 19:42:50 brian-laptop kernel: [   23.838794] hub 3-0:1.0: 2 ports detected
Feb  9 19:42:50 brian-laptop kernel: [   23.942674] ACPI: PCI Interrupt Link [LNKH] enabled at IRQ 11
Feb  9 19:42:50 brian-laptop kernel: [   23.942678] ACPI: PCI Interrupt 0000:00:1d.7[D] -&gt; Link [LNKH] -&gt; GSI 11 (level, low) -&gt; IRQ 11
Feb  9 19:42:50 brian-laptop kernel: [   23.942690] PCI: Setting latency timer of device 0000:00:1d.7 to 64
Feb  9 19:42:50 brian-laptop kernel: [   23.942694] ehci_hcd 0000:00:1d.7: EHCI Host Controller
Feb  9 19:42:50 brian-laptop kernel: [   23.942720] ehci_hcd 0000:00:1d.7: new USB bus registered, assigned bus number 4
Feb  9 19:42:50 brian-laptop kernel: [   23.946639] ehci_hcd 0000:00:1d.7: debug port 1
Feb  9 19:42:50 brian-laptop kernel: [   23.946645] PCI: cache line size of 32 is not supported by device 0000:00:1d.7
Feb  9 19:42:50 brian-laptop kernel: [   23.946650] ehci_hcd 0000:00:1d.7: irq 11, io mem 0xf4fffc00
Feb  9 19:42:50 brian-laptop kernel: [   23.962158] ehci_hcd 0000:00:1d.7: USB 2.0 started, EHCI 1.00, driver 10 Dec 2004
Feb  9 19:42:50 brian-laptop kernel: [   23.962262] usb usb4: configuration #1 chosen from 1 choice
Feb  9 19:42:50 brian-laptop kernel: [   23.962287] hub 4-0:1.0: USB hub found
Feb  9 19:42:50 brian-laptop kernel: [   23.962293] hub 4-0:1.0: 6 ports detected
Feb  9 19:42:50 brian-laptop kernel: [   23.997175] Marking TSC unstable due to: possible TSC halt in C2.
Feb  9 19:42:50 brian-laptop kernel: [   23.998120] Time: acpi_pm clocksource has been installed.
Feb  9 19:42:50 brian-laptop kernel: [   24.068205] ACPI: PCI Interrupt 0000:02:00.0[A] -&gt; Link [LNKC] -&gt; GSI 11 (level, low) -&gt; IRQ 11
Feb  9 19:42:50 brian-laptop kernel: [   24.086082] ssb: Core 0 found: Fast Ethernet (cc 0x806, rev 0x04, vendor 0x4243)
Feb  9 19:42:50 brian-laptop kernel: [   24.086089] ssb: Core 1 found: V90 (cc 0x807, rev 0x01, vendor 0x4243)
Feb  9 19:42:50 brian-laptop kernel: [   24.086095] ssb: Core 2 found: PCI (cc 0x804, rev 0x02, vendor 0x4243)
Feb  9 19:42:50 brian-laptop kernel: [   24.126076] ssb: Sonics Silicon Backplane found on PCI device 0000:02:00.0
Feb  9 19:42:50 brian-laptop kernel: [   24.126097] b44.c:v2.0
Feb  9 19:42:50 brian-laptop kernel: [   24.146281] eth0: Broadcom 44xx/47xx 10/100BaseT Ethernet 00:0f:1f:25:8a:ac
Feb  9 19:42:50 brian-laptop kernel: [   24.146439] ACPI: PCI Interrupt 0000:02:01.1[A] -&gt; Link [LNKD] -&gt; GSI 11 (level, low) -&gt; IRQ 11
Feb  9 19:42:50 brian-laptop kernel: [   24.196158] ohci1394: fw-host0: OHCI-1394 1.1 (PCI): IRQ=[11]  MMIO=[faffd800-faffdfff]  Max Packet=[2048]  IR/IT contexts=[4/8]
Feb  9 19:42:50 brian-laptop kernel: [   24.214728] ata_piix 0000:00:1f.1: version 2.12
Feb  9 19:42:50 brian-laptop kernel: [   24.214745] PCI: Enabling device 0000:00:1f.1 (0005 -&gt; 0007)
Feb  9 19:42:50 brian-laptop kernel: [   24.214752] ACPI: PCI Interrupt 0000:00:1f.1[A] -&gt; Link [LNKA] -&gt; GSI 11 (level, low) -&gt; IRQ 11
Feb  9 19:42:50 brian-laptop kernel: [   24.214791] PCI: Setting latency timer of device 0000:00:1f.1 to 64
Feb  9 19:42:50 brian-laptop kernel: [   24.215304] scsi0 : ata_piix
Feb  9 19:42:50 brian-laptop kernel: [   24.215665] scsi1 : ata_piix
Feb  9 19:42:50 brian-laptop kernel: [   24.216650] ata1: PATA max UDMA/100 cmd 0x1f0 ctl 0x3f6 bmdma 0xbfa0 irq 14
Feb  9 19:42:50 brian-laptop kernel: [   24.216653] ata2: PATA max UDMA/100 cmd 0x170 ctl 0x376 bmdma 0xbfa8 irq 15
Feb  9 19:42:50 brian-laptop kernel: [   24.378287] ata1.00: ATA-7: FUJITSU MHV2120AH, 000000A0, max UDMA/100
Feb  9 19:42:50 brian-laptop kernel: [   24.378290] ata1.00: 234441648 sectors, multi 8: LBA 
Feb  9 19:42:50 brian-laptop kernel: [   24.394177] ata1.00: configured for UDMA/100
Feb  9 19:42:50 brian-laptop kernel: [   24.713806] ata2.00: ATAPI: SONY CD-RW/DVD-ROM CRX830E, KDK3, max UDMA/33
Feb  9 19:42:50 brian-laptop kernel: [   24.885589] ata2.00: configured for UDMA/33
Feb  9 19:42:50 brian-laptop kernel: [   24.885698] scsi 0:0:0:0: Direct-Access     ATA      FUJITSU MHV2120A 0000 PQ: 0 ANSI: 5
Feb  9 19:42:50 brian-laptop kernel: [   24.886463] scsi 1:0:0:0: CD-ROM            SONY     CDRW/DVD CRX830E KDK3 PQ: 0 ANSI: 5
Feb  9 19:42:50 brian-laptop kernel: [   24.894215] Driver 'sd' needs updating - please use bus_type methods
Feb  9 19:42:50 brian-laptop kernel: [   24.894290] sd 0:0:0:0: [sda] 234441648 512-byte hardware sectors (120034 MB)
Feb  9 19:42:50 brian-laptop kernel: [   24.894302] sd 0:0:0:0: [sda] Write Protect is off
Feb  9 19:42:50 brian-laptop kernel: [   24.894305] sd 0:0:0:0: [sda] Mode Sense: 00 3a 00 00
Feb  9 19:42:50 brian-laptop kernel: [   24.894318] sd 0:0:0:0: [sda] Write cache: enabled, read cache: enabled, doesn't support DPO or FUA
Feb  9 19:42:50 brian-laptop kernel: [   24.894363] sd 0:0:0:0: [sda] 234441648 512-byte hardware sectors (120034 MB)
Feb  9 19:42:50 brian-laptop kernel: [   24.894372] sd 0:0:0:0: [sda] Write Protect is off
Feb  9 19:42:50 brian-laptop kernel: [   24.894374] sd 0:0:0:0: [sda] Mode Sense: 00 3a 00 00
Feb  9 19:42:50 brian-laptop kernel: [   24.894387] sd 0:0:0:0: [sda] Write cache: enabled, read cache: enabled, doesn't support DPO or FUA
Feb  9 19:42:50 brian-laptop kernel: [   24.894391]  sda:&lt;4&gt;Driver 'sr' needs updating - please use bus_type methods
Feb  9 19:42:50 brian-laptop kernel: [   24.975886]  sda1 sda2 &lt; sda5 &gt;
Feb  9 19:42:50 brian-laptop kernel: [   25.000828] sd 0:0:0:0: [sda] Attached SCSI disk
Feb  9 19:42:50 brian-laptop kernel: [   25.005956] sd 0:0:0:0: Attached scsi generic sg0 type 0
Feb  9 19:42:50 brian-laptop kernel: [   25.005976] sr 1:0:0:0: Attached scsi generic sg1 type 5
Feb  9 19:42:50 brian-laptop kernel: [   25.006406] sr0: scsi3-mmc drive: 15x/8x writer cd/rw xa/form2 cdda tray
Feb  9 19:42:50 brian-laptop kernel: [   25.006409] Uniform CD-ROM driver Revision: 3.20
Feb  9 19:42:50 brian-laptop kernel: [   25.006449] sr 1:0:0:0: Attached scsi CD-ROM sr0
Feb  9 19:42:50 brian-laptop kernel: [   25.317512] kjournald starting.  Commit interval 5 seconds
Feb  9 19:42:50 brian-laptop kernel: [   25.317523] EXT3-fs: mounted filesystem with ordered data mode.
Feb  9 19:42:50 brian-laptop kernel: [   25.484940] ieee1394: Host added: ID:BUS[0-00:1023]  GUID[364fc0001e83d8a1]
Feb  9 19:42:50 brian-laptop kernel: [   30.872330] Clocksource tsc unstable (delta = -315789987 ns)
Feb  9 19:42:50 brian-laptop kernel: [   31.638799] dcdbas dcdbas: Dell Systems Management Base Driver (version 5.6.0-3.2)
Feb  9 19:42:50 brian-laptop kernel: [   32.105750] Linux agpgart interface v0.102
Feb  9 19:42:50 brian-laptop kernel: [   32.141703] agpgart: Detected an Intel 855PM Chipset.
Feb  9 19:42:50 brian-laptop kernel: [   32.189537] pci_hotplug: PCI Hot Plug PCI Core version: 0.5
Feb  9 19:42:50 brian-laptop kernel: [   32.189725] agpgart: AGP aperture is 128M @ 0xe0000000
Feb  9 19:42:50 brian-laptop kernel: [   32.269224] shpchp: Standard Hot Plug PCI Controller Driver version: 0.4
Feb  9 19:42:50 brian-laptop kernel: [   32.407863] ACPI: AC Adapter [AC] (on-line)
Feb  9 19:42:50 brian-laptop kernel: [   32.854926] ACPI: Battery Slot [BAT0] (battery present)
Feb  9 19:42:50 brian-laptop kernel: [   32.854975] ACPI: Battery Slot [BAT1] (battery absent)
Feb  9 19:42:50 brian-laptop kernel: [   32.855122] input: Lid Switch as /class/input/input2
Feb  9 19:42:50 brian-laptop kernel: [   32.867944] ACPI: Lid Switch [LID]
Feb  9 19:42:50 brian-laptop kernel: [   32.867992] input: Power Button (CM) as /class/input/input3
Feb  9 19:42:50 brian-laptop kernel: [   32.895454] ACPI: Power Button (CM) [PBTN]
Feb  9 19:42:50 brian-laptop kernel: [   32.895512] input: Sleep Button (CM) as /class/input/input4
Feb  9 19:42:50 brian-laptop kernel: [   32.927431] ACPI: Sleep Button (CM) [SBTN]
Feb  9 19:42:50 brian-laptop kernel: [   33.609913] intel_rng: FWH not detected
Feb  9 19:42:50 brian-laptop kernel: [   33.702212] iTCO_vendor_support: vendor-support=0
Feb  9 19:42:50 brian-laptop kernel: [   33.750781] iTCO_wdt: Intel TCO WatchDog Timer Driver v1.02 (26-Jul-2007)
Feb  9 19:42:50 brian-laptop kernel: [   33.758207] iTCO_wdt: Found a ICH4-M TCO device (Version=1, TCOBASE=0x0860)
Feb  9 19:42:50 brian-laptop kernel: [   33.758248] iTCO_wdt: initialized. heartbeat=30 sec (nowayout=0)
Feb  9 19:42:50 brian-laptop kernel: [   33.980041] input: PC Speaker as /class/input/input5
Feb  9 19:42:50 brian-laptop kernel: [   34.149656] Yenta: CardBus bridge found at 0000:02:01.0 [1028:0191]
Feb  9 19:42:50 brian-laptop kernel: [   34.149673] Yenta: Using CSCINT to route CSC interrupts to PCI
Feb  9 19:42:50 brian-laptop kernel: [   34.149675] Yenta: Routing CardBus interrupts to PCI
Feb  9 19:42:50 brian-laptop kernel: [   34.149680] Yenta TI: socket 0000:02:01.0, mfunc 0x012c1202, devctl 0x64
Feb  9 19:42:50 brian-laptop kernel: [   34.378696] Yenta: ISA IRQ mask 0x0478, PCI irq 11
Feb  9 19:42:50 brian-laptop kernel: [   34.378700] Socket status: 30000020
Feb  9 19:42:50 brian-laptop kernel: [   34.378703] Yenta: Raising subordinate bus# of parent bus (#02) from #02 to #06
Feb  9 19:42:50 brian-laptop kernel: [   34.378710] pcmcia: parent PCI bridge I/O window: 0xd000 - 0xefff
Feb  9 19:42:50 brian-laptop kernel: [   34.378713] cs: IO port probe 0xd000-0xefff: clean.
Feb  9 19:42:50 brian-laptop kernel: [   34.379202] pcmcia: parent PCI bridge Memory window: 0xf6000000 - 0xfbffffff
Feb  9 19:42:50 brian-laptop kernel: [   34.539753] input: PS/2 Mouse as /class/input/input6
Feb  9 19:42:50 brian-laptop kernel: [   34.578949] input: AlpsPS/2 ALPS GlidePoint as /class/input/input7
Feb  9 19:42:50 brian-laptop kernel: [   34.940882] ACPI: PCI Interrupt 0000:00:1f.5[B] -&gt; Link [LNKB] -&gt; GSI 7 (level, low) -&gt; IRQ 7
Feb  9 19:42:50 brian-laptop kernel: [   34.940902] PCI: Setting latency timer of device 0000:00:1f.5 to 64
Feb  9 19:42:50 brian-laptop kernel: [   34.982037] cs: IO port probe 0x100-0x3af: clean.
Feb  9 19:42:50 brian-laptop kernel: [   34.983029] cs: IO port probe 0x3e0-0x4ff: clean.
Feb  9 19:42:50 brian-laptop kernel: [   34.983441] cs: IO port probe 0x820-0x8ff: clean.
Feb  9 19:42:50 brian-laptop kernel: [   34.983473] cs: IO port probe 0xc00-0xcf7: clean.
Feb  9 19:42:50 brian-laptop kernel: [   34.983908] cs: IO port probe 0xa00-0xaff: clean.
Feb  9 19:42:50 brian-laptop kernel: [   35.131537] pccard: CardBus card inserted into slot 0
Feb  9 19:42:50 brian-laptop kernel: [   35.131679] PCI: Enabling device 0000:03:00.0 (0000 -&gt; 0002)
Feb  9 19:42:50 brian-laptop kernel: [   35.131688] ACPI: PCI Interrupt 0000:03:00.0[A] -&gt; Link [LNKD] -&gt; GSI 11 (level, low) -&gt; IRQ 11
Feb  9 19:42:50 brian-laptop kernel: [   35.131700] PCI: Setting latency timer of device 0000:03:00.0 to 64
Feb  9 19:42:50 brian-laptop kernel: [   35.151358] ssb: Core 0 found: ChipCommon (cc 0x800, rev 0x0D, vendor 0x4243)
Feb  9 19:42:50 brian-laptop kernel: [   35.151367] ssb: Core 1 found: IEEE 802.11 (cc 0x812, rev 0x09, vendor 0x4243)
Feb  9 19:42:50 brian-laptop kernel: [   35.151375] ssb: Core 2 found: PCI (cc 0x804, rev 0x0C, vendor 0x4243)
Feb  9 19:42:50 brian-laptop kernel: [   35.151382] ssb: Core 3 found: PCMCIA (cc 0x80D, rev 0x07, vendor 0x4243)
Feb  9 19:42:50 brian-laptop kernel: [   35.174858] ssb: Sonics Silicon Backplane found on PCI device 0000:03:00.0
Feb  9 19:42:50 brian-laptop kernel: [   35.538098] b43-phy0: Broadcom 4318 WLAN found
Feb  9 19:42:50 brian-laptop kernel: [   35.570179] intel8x0_measure_ac97_clock: measured 55421 usecs
Feb  9 19:42:50 brian-laptop kernel: [   35.570184] intel8x0: clocking to 48000
Feb  9 19:42:50 brian-laptop kernel: [   35.578168] b43-phy0 debug: Found PHY: Analog 3, Type 2, Revision 7
Feb  9 19:42:50 brian-laptop kernel: [   35.578189] b43-phy0 debug: Found Radio: Manuf 0x17F, Version 0x2050, Revision 8
Feb  9 19:42:50 brian-laptop kernel: [   35.602627] phy0: Selected rate control algorithm 'simple'
Feb  9 19:42:50 brian-laptop kernel: [   35.992822] lp: driver loaded but no devices found
Feb  9 19:42:50 brian-laptop kernel: [   36.188354] Adding 3028212k swap on /dev/sda5.  Priority:-1 extents:1 across:3028212k
Feb  9 19:42:50 brian-laptop kernel: [   36.573578] EXT3 FS on sda1, internal journal
Feb  9 19:42:50 brian-laptop kernel: [   37.652568] NET: Registered protocol family 17
Feb  9 19:42:50 brian-laptop kernel: [   38.068209] toshiba_acpi: Unknown parameter `hotkeys_over_acpi'
Feb  9 19:42:50 brian-laptop kernel: [   38.101482] ACPI: ACPI Dock Station Driver 
Feb  9 19:42:50 brian-laptop kernel: [  104.903001] NET: Registered protocol family 10
Feb  9 19:42:50 brian-laptop kernel: [  104.903822] lo: Disabled Privacy Extensions
Feb  9 19:42:51 brian-laptop kernel: [   39.437022] ppdev: user-space parallel port driver
Feb  9 19:42:51 brian-laptop kernel: [   39.508257] ADDRCONF(NETDEV_UP): eth0: link is not ready
Feb  9 19:42:51 brian-laptop kernel: [  105.687644] input: b43-phy0 as /class/input/input8
Feb  9 19:42:51 brian-laptop kernel: [   45.530033] b43-phy0 debug: Loading firmware version 410.2160 (2007-05-26 15:32:10)
Feb  9 19:42:52 brian-laptop kernel: [   40.790144] b43-phy0 debug: Chip initialized
Feb  9 19:42:52 brian-laptop kernel: [   40.790435] b43-phy0 debug: 32-bit DMA initialized
Feb  9 19:42:52 brian-laptop kernel: [   40.810135] b43-phy0 debug: Wireless interface started
Feb  9 19:42:52 brian-laptop kernel: [   40.810144] HW CONFIG: channel=1 freq=2412 phymode=2
Feb  9 19:42:52 brian-laptop kernel: [  108.994099] b43-phy0 debug: Adding Interface type 2
Feb  9 19:42:52 brian-laptop kernel: [  108.997868] ADDRCONF(NETDEV_UP): wlan0: link is not ready
Feb  9 19:42:52 brian-laptop kernel: [  109.034388] HW CONFIG: channel=1 freq=2412 phymode=2
Feb  9 19:42:52 brian-laptop kernel: [  109.074579] b43-phy0 ERROR: PHY transmission error
Feb  9 19:42:52 brian-laptop kernel: [  109.074633] b43-phy0 ERROR: PHY transmission error
Feb  9 19:42:52 brian-laptop kernel: [  109.074680] WARNING: at drivers/net/wireless/b43/dma.c:1095 parse_cookie()
Feb  9 19:42:52 brian-laptop kernel: [  109.074689] Pid: 4094, comm: rc Not tainted 2.6.24 #2
Feb  9 19:42:52 brian-laptop kernel: [  109.074715]  [&lt;f8c60fae&gt;] b43_dma_handle_txstatus+0xae/0x3f0 [b43]
Feb  9 19:42:52 brian-laptop kernel: [  109.074769]  [&lt;f8c4f698&gt;] b43_interrupt_tasklet+0x248/0x7b0 [b43]
Feb  9 19:42:52 brian-laptop kernel: [  109.074804]  [do_IRQ+57/112] do_IRQ+0x39/0x70
Feb  9 19:42:52 brian-laptop kernel: [  109.074838]  [tasklet_action+51/112] tasklet_action+0x33/0x70
Feb  9 19:42:52 brian-laptop kernel: [  109.074851]  [__do_softirq+66/144] __do_softirq+0x42/0x90
Feb  9 19:42:52 brian-laptop kernel: [  109.074865]  [do_softirq+39/48] do_softirq+0x27/0x30
Feb  9 19:42:52 brian-laptop kernel: [  109.074876]  [irq_exit+90/96] irq_exit+0x5a/0x60
Feb  9 19:42:52 brian-laptop kernel: [  109.074885]  [do_IRQ+57/112] do_IRQ+0x39/0x70
Feb  9 19:42:52 brian-laptop kernel: [  109.074893]  [irq_exit+62/96] irq_exit+0x3e/0x60
Feb  9 19:42:52 brian-laptop kernel: [  109.074901]  [do_IRQ+57/112] do_IRQ+0x39/0x70
Feb  9 19:42:52 brian-laptop kernel: [  109.074917]  [common_interrupt+35/40] common_interrupt+0x23/0x28
Feb  9 19:42:52 brian-laptop kernel: [  109.074940]  [do_lookup+3/400] do_lookup+0x3/0x190
Feb  9 19:42:52 brian-laptop kernel: [  109.074955]  [permission+118/320] permission+0x76/0x140
Feb  9 19:42:52 brian-laptop kernel: [  109.074967]  [security_inode_permission+28/32] security_inode_permission+0x1c/0x20
Feb  9 19:42:52 brian-laptop kernel: [  109.074982]  [__link_path_walk+301/3184] __link_path_walk+0x12d/0xc70
Feb  9 19:42:52 brian-laptop kernel: [  109.075009]  [link_path_walk+67/192] link_path_walk+0x43/0xc0
Feb  9 19:42:52 brian-laptop kernel: [  109.075039]  [get_unused_fd_flags+66/192] get_unused_fd_flags+0x42/0xc0
Feb  9 19:42:52 brian-laptop kernel: [  109.075058]  [do_path_lookup+100/368] do_path_lookup+0x64/0x170
Feb  9 19:42:52 brian-laptop kernel: [  109.075066]  [security_file_alloc+12/16] security_file_alloc+0xc/0x10
Feb  9 19:42:52 brian-laptop kernel: [  109.075081]  [__path_lookup_intent_open+81/160] __path_lookup_intent_open+0x51/0xa0
Feb  9 19:42:52 brian-laptop kernel: [  109.075098]  [path_lookup_open+32/48] path_lookup_open+0x20/0x30
Feb  9 19:42:52 brian-laptop kernel: [  109.075113]  [open_namei+102/1440] open_namei+0x66/0x5a0
Feb  9 19:42:52 brian-laptop kernel: [  109.075131]  [do_wp_page+721/1072] do_wp_page+0x2d1/0x430
Feb  9 19:42:52 brian-laptop kernel: [  109.075150]  [do_filp_open+46/96] do_filp_open+0x2e/0x60
Feb  9 19:42:52 brian-laptop kernel: [  109.075181]  [get_unused_fd_flags+66/192] get_unused_fd_flags+0x42/0xc0
Feb  9 19:42:52 brian-laptop kernel: [  109.075198]  [do_sys_open+76/240] do_sys_open+0x4c/0xf0
Feb  9 19:42:52 brian-laptop kernel: [  109.075215]  [sys_open+28/32] sys_open+0x1c/0x20
Feb  9 19:42:52 brian-laptop kernel: [  109.075224]  [sysenter_past_esp+95/133] sysenter_past_esp+0x5f/0x85
Feb  9 19:42:52 brian-laptop kernel: [  109.075245]  [__xfrm_state_delete+32/160] __xfrm_state_delete+0x20/0xa0
Feb  9 19:42:52 brian-laptop kernel: [  109.075266]  =======================
Feb  9 19:42:52 brian-laptop kernel: [  109.075271] WARNING: at drivers/net/wireless/b43/dma.c:1098 parse_cookie()
Feb  9 19:42:52 brian-laptop kernel: [  109.075278] Pid: 4094, comm: rc Not tainted 2.6.24 #2
Feb  9 19:42:52 brian-laptop kernel: [  109.075286]  [&lt;f8c60fd7&gt;] b43_dma_handle_txstatus+0xd7/0x3f0 [b43]
Feb  9 19:42:52 brian-laptop kernel: [  109.075332]  [&lt;f8c4f698&gt;] b43_interrupt_tasklet+0x248/0x7b0 [b43]
Feb  9 19:42:52 brian-laptop kernel: [  109.075366]  [do_IRQ+57/112] do_IRQ+0x39/0x70
Feb  9 19:42:52 brian-laptop kernel: [  109.075396]  [tasklet_action+51/112] tasklet_action+0x33/0x70
Feb  9 19:42:52 brian-laptop kernel: [  109.075408]  [__do_softirq+66/144] __do_softirq+0x42/0x90
Feb  9 19:42:52 brian-laptop kernel: [  109.075421]  [do_softirq+39/48] do_softirq+0x27/0x30
Feb  9 19:42:52 brian-laptop kernel: [  109.075432]  [irq_exit+90/96] irq_exit+0x5a/0x60
Feb  9 19:42:52 brian-laptop kernel: [  109.075440]  [do_IRQ+57/112] do_IRQ+0x39/0x70
Feb  9 19:42:52 brian-laptop kernel: [  109.075448]  [irq_exit+62/96] irq_exit+0x3e/0x60
Feb  9 19:42:52 brian-laptop kernel: [  109.075456]  [do_IRQ+57/112] do_IRQ+0x39/0x70
Feb  9 19:42:52 brian-laptop kernel: [  109.075472]  [common_interrupt+35/40] common_interrupt+0x23/0x28
Feb  9 19:42:52 brian-laptop kernel: [  109.075494]  [do_lookup+3/400] do_lookup+0x3/0x190
Feb  9 19:42:52 brian-laptop kernel: [  109.075508]  [permission+118/320] permission+0x76/0x140
Feb  9 19:42:52 brian-laptop kernel: [  109.075519]  [security_inode_permission+28/32] security_inode_permission+0x1c/0x20
Feb  9 19:42:52 brian-laptop kernel: [  109.075532]  [__link_path_walk+301/3184] __link_path_walk+0x12d/0xc70
Feb  9 19:42:52 brian-laptop kernel: [  109.075559]  [link_path_walk+67/192] link_path_walk+0x43/0xc0
Feb  9 19:42:52 brian-laptop kernel: [  109.075589]  [get_unused_fd_flags+66/192] get_unused_fd_flags+0x42/0xc0
Feb  9 19:42:52 brian-laptop kernel: [  109.075607]  [do_path_lookup+100/368] do_path_lookup+0x64/0x170
Feb  9 19:42:52 brian-laptop kernel: [  109.075615]  [security_file_alloc+12/16] security_file_alloc+0xc/0x10
Feb  9 19:42:52 brian-laptop kernel: [  109.075630]  [__path_lookup_intent_open+81/160] __path_lookup_intent_open+0x51/0xa0
Feb  9 19:42:52 brian-laptop kernel: [  109.075647]  [path_lookup_open+32/48] path_lookup_open+0x20/0x30
Feb  9 19:42:52 brian-laptop kernel: [  109.075661]  [open_namei+102/1440] open_namei+0x66/0x5a0
Feb  9 19:42:52 brian-laptop kernel: [  109.075680]  [do_wp_page+721/1072] do_wp_page+0x2d1/0x430
Feb  9 19:42:52 brian-laptop kernel: [  109.075697]  [do_filp_open+46/96] do_filp_open+0x2e/0x60
Feb  9 19:42:52 brian-laptop kernel: [  109.075728]  [get_unused_fd_flags+66/192] get_unused_fd_flags+0x42/0xc0
Feb  9 19:42:52 brian-laptop kernel: [  109.075745]  [do_sys_open+76/240] do_sys_open+0x4c/0xf0
Feb  9 19:42:52 brian-laptop kernel: [  109.075762]  [sys_open+28/32] sys_open+0x1c/0x20
Feb  9 19:42:52 brian-laptop kernel: [  109.075771]  [sysenter_past_esp+95/133] sysenter_past_esp+0x5f/0x85
Feb  9 19:42:52 brian-laptop kernel: [  109.075791]  [__xfrm_state_delete+32/160] __xfrm_state_delete+0x20/0xa0
Feb  9 19:42:52 brian-laptop kernel: [  109.075810]  =======================
Feb  9 19:42:52 brian-laptop kernel: [  109.102543] HW CONFIG: channel=2 freq=2417 phymode=2
Feb  9 19:42:52 brian-laptop kernel: [   40.911297] b43-phy0 ERROR: PHY transmission error
Feb  9 19:42:52 brian-laptop kernel: [   40.911337] b43-phy0 ERROR: PHY transmission error
Feb  9 19:42:52 brian-laptop kernel: [   40.911344] WARNING: at drivers/net/wireless/b43/dma.c:1095 parse_cookie()
Feb  9 19:42:52 brian-laptop kernel: [   40.911348] Pid: 4443, comm: NetworkManager Not tainted 2.6.24 #2
Feb  9 19:42:52 brian-laptop kernel: [   40.911365]  [&lt;f8c60fae&gt;] b43_dma_handle_txstatus+0xae/0x3f0 [b43]
Feb  9 19:42:52 brian-laptop kernel: [   40.911389]  [&lt;f8c4f698&gt;] b43_interrupt_tasklet+0x248/0x7b0 [b43]
Feb  9 19:42:52 brian-laptop kernel: [   40.911402]  [do_IRQ+57/112] do_IRQ+0x39/0x70
Feb  9 19:42:52 brian-laptop kernel: [   40.911417]  [tasklet_action+51/112] tasklet_action+0x33/0x70
Feb  9 19:42:52 brian-laptop kernel: [   40.911424]  [__do_softirq+66/144] __do_softirq+0x42/0x90
Feb  9 19:42:52 brian-laptop kernel: [   40.911430]  [do_softirq+39/48] do_softirq+0x27/0x30
Feb  9 19:42:52 brian-laptop kernel: [   40.911434]  [irq_exit+90/96] irq_exit+0x5a/0x60
Feb  9 19:42:52 brian-laptop kernel: [   40.911438]  [do_IRQ+57/112] do_IRQ+0x39/0x70
Feb  9 19:42:52 brian-laptop kernel: [   40.911445]  [common_interrupt+35/40] common_interrupt+0x23/0x28
Feb  9 19:42:52 brian-laptop kernel: [   40.911453]  [__xfrm_state_delete+32/160] __xfrm_state_delete+0x20/0xa0
Feb  9 19:42:52 brian-laptop kernel: [   40.911463]  =======================
Feb  9 19:42:52 brian-laptop kernel: [   40.911464] WARNING: at drivers/net/wireless/b43/dma.c:1098 parse_cookie()
Feb  9 19:42:52 brian-laptop kernel: [   40.911467] Pid: 4443, comm: NetworkManager Not tainted 2.6.24 #2
Feb  9 19:42:52 brian-laptop kernel: [   40.911471]  [&lt;f8c60fd7&gt;] b43_dma_handle_txstatus+0xd7/0x3f0 [b43]
Feb  9 19:42:52 brian-laptop kernel: [   40.911489]  [&lt;f8c4f698&gt;] b43_interrupt_tasklet+0x248/0x7b0 [b43]
Feb  9 19:42:52 brian-laptop kernel: [   40.911502]  [do_IRQ+57/112] do_IRQ+0x39/0x70
Feb  9 19:42:52 brian-laptop kernel: [   40.911514]  [tasklet_action+51/112] tasklet_action+0x33/0x70
Feb  9 19:42:52 brian-laptop kernel: [   40.911519]  [__do_softirq+66/144] __do_softirq+0x42/0x90
Feb  9 19:42:52 brian-laptop kernel: [   40.911524]  [do_softirq+39/48] do_softirq+0x27/0x30
Feb  9 19:42:52 brian-laptop kernel: [   40.911528]  [irq_exit+90/96] irq_exit+0x5a/0x60
Feb  9 19:42:52 brian-laptop kernel: [   40.911532]  [do_IRQ+57/112] do_IRQ+0x39/0x70
Feb  9 19:42:52 brian-laptop kernel: [   40.911539]  [common_interrupt+35/40] common_interrupt+0x23/0x28
Feb  9 19:42:52 brian-laptop kernel: [   40.911547]  [__xfrm_state_delete+32/160] __xfrm_state_delete+0x20/0xa0
Feb  9 19:42:52 brian-laptop kernel: [   40.911555]  =======================
Feb  9 19:42:52 brian-laptop kernel: [   40.939075] HW CONFIG: channel=3 freq=2422 phymode=2
Feb  9 19:42:52 brian-laptop kernel: [   46.868198] b43-phy0 ERROR: PHY transmission error
Feb  9 19:42:52 brian-laptop kernel: [   46.868239] b43-phy0 ERROR: PHY transmission error
Feb  9 19:42:52 brian-laptop kernel: [   46.868246] WARNING: at drivers/net/wireless/b43/dma.c:1095 parse_cookie()
Feb  9 19:42:52 brian-laptop kernel: [   46.868250] Pid: 0, comm: swapper Not tainted 2.6.24 #2
Feb  9 19:42:52 brian-laptop kernel: [   46.868267]  [&lt;f8c60fae&gt;] b43_dma_handle_txstatus+0xae/0x3f0 [b43]
