<!DOCTYPE HTML PUBLIC "-//W3C//DTD HTML 4.01 Transitional//EN">
<HTML>
 <HEAD>
   <TITLE> Better log files . Trying to figure out b43
   </TITLE>
   <LINK REL="Index" HREF="http://lists.berlios.de/pipermail/bcm43xx-dev/2008-February/index.html" >
   <LINK REL="made" HREF="mailto:bcm43xx-dev%40lists.berlios.de?Subject=Re%3A%20Better%20log%20files%20.%20Trying%20to%20figure%20out%20b43&In-Reply-To=%3C20080210080227.GA16430%40brie.com%3E">
   <META NAME="robots" CONTENT="index,nofollow">
   <style type="text/css">
       pre {
           white-space: pre-wrap;       /* css-2.1, curent FF, Opera, Safari */
           }
   </style>
   <META http-equiv="Content-Type" content="text/html; charset=us-ascii">
   <LINK REL="Previous"  HREF="003411.html">
   <LINK REL="Next"  HREF="003415.html">
 </HEAD>
 <BODY BGCOLOR="#ffffff">
   <H1>Better log files . Trying to figure out b43</H1>
    <B>Brian Lavender</B> 
    <A HREF="mailto:bcm43xx-dev%40lists.berlios.de?Subject=Re%3A%20Better%20log%20files%20.%20Trying%20to%20figure%20out%20b43&In-Reply-To=%3C20080210080227.GA16430%40brie.com%3E"
       TITLE="Better log files . Trying to figure out b43">brian at brie.com
       </A><BR>
    <I>Sun Feb 10 09:02:27 CET 2008</I>
    <P><UL>
        <LI>Previous message: <A HREF="003411.html">Better log files . Trying to figure out b43
</A></li>
        <LI>Next message: <A HREF="003415.html">Better log files . Trying to figure out b43
</A></li>
         <LI> <B>Messages sorted by:</B> 
              <a href="date.html#3412">[ date ]</a>
              <a href="thread.html#3412">[ thread ]</a>
              <a href="subject.html#3412">[ subject ]</a>
              <a href="author.html#3412">[ author ]</a>
         </LI>
       </UL>
    <HR>  
<!--beginarticle-->
<PRE>On Sat, Feb 09, 2008 at 09:07:52PM -0800, Brian Lavender wrote:
&gt;<i> At one point I had the version 3 firmware working, but now it doesn't
</I>&gt;<i> seem to be working. I checked the log files and debugging is enabled
</I>&gt;<i> with firmware version listed.
</I>&gt;<i> 
</I>&gt;<i> When I was using firware version 3, I unplugged and replugged the card. 
</I>&gt;<i> 
</I>
Seems to be working fine now with the firmware 3. DMA seems to be ok
too.

brian
-- 
Brian Lavender
<A HREF="http://www.brie.com/brian/">http://www.brie.com/brian/</A>
-------------- next part --------------
[    0.000000] Linux version 2.6.24 (<A HREF="https://lists.berlios.de/mailman/listinfo/bcm43xx-dev">root at brian-laptop</A>) (gcc version 4.1.3 20070929 (prerelease) (Ubuntu 4.1.2-16ubuntu2)) #2 Sat Feb 9 17:38:49 PST 2008 (Ubuntu 2.6.22-14.51-generic)
[    0.000000] BIOS-provided physical RAM map:
[    0.000000]  BIOS-e820: 0000000000000000 - 000000000009f000 (usable)
[    0.000000]  BIOS-e820: 000000000009f000 - 00000000000a0000 (reserved)
[    0.000000]  BIOS-e820: 0000000000100000 - 000000003ffae000 (usable)
[    0.000000]  BIOS-e820: 000000003ffae000 - 0000000040000000 (reserved)
[    0.000000]  BIOS-e820: 00000000feda0000 - 00000000fee00000 (reserved)
[    0.000000]  BIOS-e820: 00000000ffb00000 - 0000000100000000 (reserved)
[    0.000000] 127MB HIGHMEM available.
[    0.000000] 896MB LOWMEM available.
[    0.000000] Entering add_active_range(0, 0, 262062) 0 entries of 256 used
[    0.000000] Zone PFN ranges:
[    0.000000]   DMA             0 -&gt;     4096
[    0.000000]   Normal       4096 -&gt;   229376
[    0.000000]   HighMem    229376 -&gt;   262062
[    0.000000] Movable zone start PFN for each node
[    0.000000] early_node_map[1] active PFN ranges
[    0.000000]     0:        0 -&gt;   262062
[    0.000000] On node 0 totalpages: 262062
[    0.000000]   DMA zone: 32 pages used for memmap
[    0.000000]   DMA zone: 0 pages reserved
[    0.000000]   DMA zone: 4064 pages, LIFO batch:0
[    0.000000]   Normal zone: 1760 pages used for memmap
[    0.000000]   Normal zone: 223520 pages, LIFO batch:31
[    0.000000]   HighMem zone: 255 pages used for memmap
[    0.000000]   HighMem zone: 32431 pages, LIFO batch:7
[    0.000000]   Movable zone: 0 pages used for memmap
[    0.000000] DMI 2.3 present.
[    0.000000] ACPI: RSDP signature @ 0xC00FDF00 checksum 0
[    0.000000] ACPI: RSDP 000FDF00, 0014 (r0 DELL  )
[    0.000000] ACPI: RSDT 3FFF0000, 0028 (r1 DELL    CPi R   27D40708 ASL        61)
[    0.000000] ACPI: FACP 3FFF0400, 0074 (r1 DELL    CPi R   27D40708 ASL        61)
[    0.000000] ACPI: DSDT 3FFF0C00, 2E04 (r1 INT430 SYSFexxx     1001 MSFT  100000E)
[    0.000000] ACPI: FACS 3FFFF800, 0040
[    0.000000] ACPI: PM-Timer IO Port: 0x808
[    0.000000] Allocating PCI resources starting at 50000000 (gap: 40000000:beda0000)
[    0.000000] Built 1 zonelists in Zone order, mobility grouping on.  Total pages: 260015
[    0.000000] Kernel command line: root=UUID=37330e16-ef70-48db-b739-fd1487fca15b ro quiet splash
[    0.000000] Enabling fast FPU save and restore... done.
[    0.000000] Enabling unmasked SIMD FPU exception support... done.
[    0.000000] Initializing CPU#0
[    0.000000] PID hash table entries: 4096 (order: 12, 16384 bytes)
[    0.000000] Detected 1598.693 MHz processor.
[   16.329230] Console: colour VGA+ 80x25
[   16.329234] console [tty0] enabled
[   16.329857] Dentry cache hash table entries: 131072 (order: 7, 524288 bytes)
[   16.330468] Inode-cache hash table entries: 65536 (order: 6, 262144 bytes)
[   16.362776] Memory: 995004k/1048248k available (1867k kernel code, 52528k reserved, 880k data, 296k init, 130744k highmem)
[   16.362784] virtual kernel memory layout:
[   16.362785]     fixmap  : 0xfffe9000 - 0xfffff000   (  88 kB)
[   16.362787]     pkmap   : 0xff800000 - 0xffc00000   (4096 kB)
[   16.362788]     vmalloc : 0xf8800000 - 0xff7fe000   ( 111 MB)
[   16.362789]     lowmem  : 0xc0000000 - 0xf8000000   ( 896 MB)
[   16.362791]       .init : 0xc03b2000 - 0xc03fc000   ( 296 kB)
[   16.362792]       .data : 0xc02d2f95 - 0xc03af1a4   ( 880 kB)
[   16.362793]       .text : 0xc0100000 - 0xc02d2f95   (1867 kB)
[   16.362797] Checking if this processor honours the WP bit even in supervisor mode... Ok.
[   16.362831] SLUB: Genslabs=11, HWalign=64, Order=0-1, MinObjects=4, CPUs=1, Nodes=1
[   16.442784] Calibrating delay using timer specific routine.. 3199.38 BogoMIPS (lpj=6398764)
[   16.442809] Security Framework initialized
[   16.442817] SELinux:  Disabled at boot.
[   16.442822] Mount-cache hash table entries: 512
[   16.442932] CPU: After generic identify, caps: afe9f9bf 00000000 00000000 00000000 00000180 00000000 00000000 00000000
[   16.442944] CPU: L1 I cache: 32K, L1 D cache: 32K
[   16.442946] CPU: L2 cache: 2048K
[   16.442949] CPU: After all inits, caps: afe9f9bf 00000000 00000000 00002040 00000180 00000000 00000000 00000000
[   16.442956] Compat vDSO mapped to ffffe000.
[   16.442966] CPU: Intel(R) Pentium(R) M processor 1.60GHz stepping 06
[   16.442971] Checking 'hlt' instruction... OK.
[   16.459067] Freeing SMP alternatives: 0k freed
[   16.459170] Early unpacking initramfs... done
[   18.492513] ACPI: Core revision 20070126
[   18.492567] ACPI: Looking for DSDT in initramfs... error, file /DSDT.aml not found.
[   18.493929] ACPI: setting ELCR to 0200 (from 0800)
[   18.496571] net_namespace: 64 bytes
[   18.497026] Time:  7:17:35  Date: 02/10/08
[   18.497046] NET: Registered protocol family 16
[   18.497216] EISA bus registered
[   18.497226] ACPI: bus type pci registered
[   18.530885] PCI: PCI BIOS revision 2.10 entry at 0xfc96e, last bus=2
[   18.530887] PCI: Using configuration type 1
[   18.530889] Setting up standard PCI resources
[   18.532600] ACPI: EC: Look up EC in DSDT
[   18.538711] ACPI: Interpreter enabled
[   18.538715] ACPI: (supports S0 S1 S3 S5)
[   18.538726] ACPI: Using PIC for interrupt routing
[   18.547354] ACPI: PCI Root Bridge [PCI0] (0000:00)
[   18.547713] PCI quirk: region 0800-087f claimed by ICH4 ACPI/GPIO/TCO
[   18.547717] PCI quirk: region 0880-08bf claimed by ICH4 GPIO
[   18.548124] PCI: Transparent bridge - 0000:00:1e.0
[   18.548179] ACPI: PCI Interrupt Routing Table [\_SB_.PCI0._PRT]
[   18.548482] ACPI: PCI Interrupt Routing Table [\_SB_.PCI0.AGP_._PRT]
[   18.548560] ACPI: PCI Interrupt Routing Table [\_SB_.PCI0.PCIE._PRT]
[   18.559095] ACPI: PCI Interrupt Link [LNKA] (IRQs 9 10 *11)
[   18.559196] ACPI: PCI Interrupt Link [LNKB] (IRQs 5 7) *11
[   18.559293] ACPI: PCI Interrupt Link [LNKC] (IRQs 9 10 *11)
[   18.559389] ACPI: PCI Interrupt Link [LNKD] (IRQs 5 7 9 10 *11)
[   18.559473] ACPI: PCI Interrupt Link [LNKE] (IRQs 3 4 5 6 7 9 10 11 12 14 15) *0, disabled.
[   18.559572] ACPI: PCI Interrupt Link [LNKH] (IRQs 3 4 5 6 7 9 10 *11 12 14 15)
[   18.559672] Linux Plug and Play Support v0.97 (c) Adam Belay
[   18.559698] pnp: PnP ACPI init
[   18.559705] ACPI: bus type pnp registered
[   18.573157] pnp: PnP ACPI: found 11 devices
[   18.573160] ACPI: ACPI bus type pnp unregistered
[   18.573164] PnPBIOS: Disabled by ACPI PNP
[   18.573325] PCI: Using ACPI for IRQ routing
[   18.573328] PCI: If a device doesn't work, try &quot;pci=routeirq&quot;.  If it helps, post a report
[   18.589094] NET: Registered protocol family 8
[   18.589096] NET: Registered protocol family 20
[   18.593080] Time: tsc clocksource has been installed.
[   18.601104] system 00:00: iomem range 0x0-0x9fbff could not be reserved
[   18.601107] system 00:00: iomem range 0x9fc00-0x9ffff could not be reserved
[   18.601111] system 00:00: iomem range 0xc0000-0xcffff could not be reserved
[   18.601114] system 00:00: iomem range 0xe0000-0xfffff could not be reserved
[   18.601117] system 00:00: iomem range 0x100000-0x3ffeffff could not be reserved
[   18.601120] system 00:00: iomem range 0x3fff0000-0x3fffffff could not be reserved
[   18.601123] system 00:00: iomem range 0xfeda0000-0xfedfffff could not be reserved
[   18.601127] system 00:00: iomem range 0xffb00000-0xffbfffff could not be reserved
[   18.601133] system 00:02: ioport range 0x4d0-0x4d1 has been reserved
[   18.601136] system 00:02: ioport range 0x800-0x805 has been reserved
[   18.601139] system 00:02: ioport range 0x808-0x80f has been reserved
[   18.601144] system 00:03: ioport range 0xf400-0xf4fe has been reserved
[   18.601147] system 00:03: ioport range 0x806-0x807 has been reserved
[   18.601150] system 00:03: ioport range 0x810-0x85f has been reserved
[   18.601153] system 00:03: ioport range 0x860-0x87f has been reserved
[   18.601156] system 00:03: ioport range 0x880-0x8bf has been reserved
[   18.601159] system 00:03: ioport range 0x8c0-0x8df has been reserved
[   18.601161] system 00:03: ioport range 0x8e0-0x8ff has been reserved
[   18.601168] system 00:08: ioport range 0x900-0x97f has been reserved
[   18.631520] PCI: Bridge: 0000:00:01.0
[   18.631522]   IO window: c000-cfff
[   18.631526]   MEM window: fc000000-fdffffff
[   18.631529]   PREFETCH window: d0000000-dfffffff
[   18.631537] PCI: Bus 3, cardbus bridge: 0000:02:01.0
[   18.631539]   IO window: 0000d000-0000d0ff
[   18.631543]   IO window: 0000d400-0000d4ff
[   18.631546]   PREFETCH window: 54000000-57ffffff
[   18.631550]   MEM window: 58000000-5bffffff
[   18.631554] PCI: Bridge: 0000:00:1e.0
[   18.631556]   IO window: d000-efff
[   18.631561]   MEM window: f6000000-fbffffff
[   18.631564]   PREFETCH window: disabled.
[   18.631578] PCI: Setting latency timer of device 0000:00:1e.0 to 64
[   18.631591] PCI: Enabling device 0000:02:01.0 (0000 -&gt; 0003)
[   18.631733] ACPI: PCI Interrupt Link [LNKD] enabled at IRQ 11
[   18.631736] PCI: setting IRQ 11 as level-triggered
[   18.631739] ACPI: PCI Interrupt 0000:02:01.0[A] -&gt; Link [LNKD] -&gt; GSI 11 (level, low) -&gt; IRQ 11
[   18.631752] NET: Registered protocol family 2
[   18.669068] IP route cache hash table entries: 32768 (order: 5, 131072 bytes)
[   18.669294] TCP established hash table entries: 131072 (order: 8, 1048576 bytes)
[   18.670239] TCP bind hash table entries: 65536 (order: 6, 262144 bytes)
[   18.670531] TCP: Hash tables configured (established 131072 bind 65536)
[   18.670534] TCP reno registered
[   18.681153] checking if image is initramfs...&lt;7&gt;Switched to high resolution mode on CPU 0
[   20.624845]  it is
[   22.732999] Freeing initrd memory: 40107k freed
[   22.733461] audit: initializing netlink socket (disabled)
[   22.733478] audit(1202627859.380:1): initialized
[   22.733639] highmem bounce pool size: 64 pages
[   22.735337] VFS: Disk quotas dquot_6.5.1
[   22.735367] Dquot-cache hash table entries: 1024 (order 0, 4096 bytes)
[   22.735508] io scheduler noop registered
[   22.735511] io scheduler anticipatory registered
[   22.735513] io scheduler deadline registered
[   22.735524] io scheduler cfq registered (default)
[   22.735592] Boot video device is 0000:01:00.0
[   22.735791] isapnp: Scanning for PnP cards...
[   23.088345] isapnp: No Plug &amp; Play device found
[   23.108570] Real Time Clock Driver v1.12ac
[   23.108680] Serial: 8250/16550 driver $Revision: 1.90 $ 4 ports, IRQ sharing enabled
[   23.109417] ACPI: PCI Interrupt Link [LNKB] enabled at IRQ 7
[   23.109422] PCI: setting IRQ 7 as level-triggered
[   23.109425] ACPI: PCI Interrupt 0000:00:1f.6[B] -&gt; Link [LNKB] -&gt; GSI 7 (level, low) -&gt; IRQ 7
[   23.109434] ACPI: PCI interrupt for device 0000:00:1f.6 disabled
[   23.109975] RAMDISK driver initialized: 16 RAM disks of 65536K size 1024 blocksize
[   23.110042] input: Macintosh mouse button emulation as /class/input/input0
[   23.110129] PNP: PS/2 Controller [PNP0303:KBC,PNP0f13:PS2M] at 0x60,0x64 irq 1,12
[   23.115110] serio: i8042 KBD port at 0x60,0x64 irq 1
[   23.115115] serio: i8042 AUX port at 0x60,0x64 irq 12
[   23.117174] mice: PS/2 mouse device common for all mice
[   23.117271] EISA: Probing bus 0 at eisa.0
[   23.117295] EISA: Detected 0 cards.
[   23.117385] TCP cubic registered
[   23.117392] NET: Registered protocol family 1
[   23.117417] Using IPI Shortcut mode
[   23.117533]   Magic number: 12:185:268
[   23.117550]   hash matches device ttyud
[   23.117848] Freeing unused kernel memory: 296k freed
[   23.121693] input: AT Translated Set 2 keyboard as /class/input/input1
[   24.328822] fuse init (API version 7.9)
[   24.338847] ACPI: CPU0 (power states: C1[C1] C2[C2] C3[C3] C4[C3])
[   24.338855] ACPI: Processor [CPU0] (supports 8 throttling states)
[   24.342362] ACPI: Thermal Zone [THM] (60 C)
[   25.019665] usbcore: registered new interface driver usbfs
[   25.019695] usbcore: registered new interface driver hub
[   25.023537] usbcore: registered new device driver usb
[   25.025045] USB Universal Host Controller Interface driver v3.0
[   25.025306] ACPI: PCI Interrupt Link [LNKA] enabled at IRQ 11
[   25.025309] ACPI: PCI Interrupt 0000:00:1d.0[A] -&gt; Link [LNKA] -&gt; GSI 11 (level, low) -&gt; IRQ 11
[   25.025323] PCI: Setting latency timer of device 0000:00:1d.0 to 64
[   25.025327] uhci_hcd 0000:00:1d.0: UHCI Host Controller
[   25.025556] uhci_hcd 0000:00:1d.0: new USB bus registered, assigned bus number 1
[   25.025581] uhci_hcd 0000:00:1d.0: irq 11, io base 0x0000bf80
[   25.025727] usb usb1: configuration #1 chosen from 1 choice
[   25.025752] hub 1-0:1.0: USB hub found
[   25.025757] hub 1-0:1.0: 2 ports detected
[   25.127431] ACPI: PCI Interrupt 0000:00:1d.1[B] -&gt; Link [LNKD] -&gt; GSI 11 (level, low) -&gt; IRQ 11
[   25.127446] PCI: Setting latency timer of device 0000:00:1d.1 to 64
[   25.127450] uhci_hcd 0000:00:1d.1: UHCI Host Controller
[   25.127475] uhci_hcd 0000:00:1d.1: new USB bus registered, assigned bus number 2
[   25.127498] uhci_hcd 0000:00:1d.1: irq 11, io base 0x0000bf40
[   25.127612] usb usb2: configuration #1 chosen from 1 choice
[   25.127638] hub 2-0:1.0: USB hub found
[   25.127643] hub 2-0:1.0: 2 ports detected
[   25.132079] SCSI subsystem initialized
[   25.180000] libata version 3.00 loaded.
[   25.231524] ACPI: PCI Interrupt Link [LNKC] enabled at IRQ 11
[   25.231529] ACPI: PCI Interrupt 0000:00:1d.2[C] -&gt; Link [LNKC] -&gt; GSI 11 (level, low) -&gt; IRQ 11
[   25.231542] PCI: Setting latency timer of device 0000:00:1d.2 to 64
[   25.231546] uhci_hcd 0000:00:1d.2: UHCI Host Controller
[   25.231572] uhci_hcd 0000:00:1d.2: new USB bus registered, assigned bus number 3
[   25.231596] uhci_hcd 0000:00:1d.2: irq 11, io base 0x0000bf20
[   25.231713] usb usb3: configuration #1 chosen from 1 choice
[   25.231738] hub 3-0:1.0: USB hub found
[   25.231743] hub 3-0:1.0: 2 ports detected
[   25.335488] ACPI: PCI Interrupt Link [LNKH] enabled at IRQ 11
[   25.335493] ACPI: PCI Interrupt 0000:00:1d.7[D] -&gt; Link [LNKH] -&gt; GSI 11 (level, low) -&gt; IRQ 11
[   25.335506] PCI: Setting latency timer of device 0000:00:1d.7 to 64
[   25.335510] ehci_hcd 0000:00:1d.7: EHCI Host Controller
[   25.335534] ehci_hcd 0000:00:1d.7: new USB bus registered, assigned bus number 4
[   25.339433] ehci_hcd 0000:00:1d.7: debug port 1
[   25.339439] PCI: cache line size of 32 is not supported by device 0000:00:1d.7
[   25.339446] ehci_hcd 0000:00:1d.7: irq 11, io mem 0xf4fffc00
[   25.355084] ehci_hcd 0000:00:1d.7: USB 2.0 started, EHCI 1.00, driver 10 Dec 2004
[   25.355191] usb usb4: configuration #1 chosen from 1 choice
[   25.355216] hub 4-0:1.0: USB hub found
[   25.355222] hub 4-0:1.0: 6 ports detected
[   25.458980] Marking TSC unstable due to: possible TSC halt in C2.
[   25.458988] Time: acpi_pm clocksource has been installed.
[   25.460991] ACPI: PCI Interrupt 0000:02:00.0[A] -&gt; Link [LNKC] -&gt; GSI 11 (level, low) -&gt; IRQ 11
[   25.479002] ssb: Core 0 found: Fast Ethernet (cc 0x806, rev 0x04, vendor 0x4243)
[   25.479009] ssb: Core 1 found: V90 (cc 0x807, rev 0x01, vendor 0x4243)
[   25.479015] ssb: Core 2 found: PCI (cc 0x804, rev 0x02, vendor 0x4243)
[   25.518998] ssb: Sonics Silicon Backplane found on PCI device 0000:02:00.0
[   25.519019] b44.c:v2.0
[   25.539205] eth0: Broadcom 44xx/47xx 10/100BaseT Ethernet 00:0f:1f:25:8a:ac
[   25.539287] ACPI: PCI Interrupt 0000:02:01.1[A] -&gt; Link [LNKD] -&gt; GSI 11 (level, low) -&gt; IRQ 11
[   25.588999] ohci1394: fw-host0: OHCI-1394 1.1 (PCI): IRQ=[11]  MMIO=[faffd800-faffdfff]  Max Packet=[2048]  IR/IT contexts=[4/8]
[   25.608333] ata_piix 0000:00:1f.1: version 2.12
[   25.608349] PCI: Enabling device 0000:00:1f.1 (0005 -&gt; 0007)
[   25.608357] ACPI: PCI Interrupt 0000:00:1f.1[A] -&gt; Link [LNKA] -&gt; GSI 11 (level, low) -&gt; IRQ 11
[   25.608397] PCI: Setting latency timer of device 0000:00:1f.1 to 64
[   25.608924] scsi0 : ata_piix
[   25.609289] scsi1 : ata_piix
[   25.610352] ata1: PATA max UDMA/100 cmd 0x1f0 ctl 0x3f6 bmdma 0xbfa0 irq 14
[   25.610355] ata2: PATA max UDMA/100 cmd 0x170 ctl 0x376 bmdma 0xbfa8 irq 15
[   25.771206] ata1.00: ATA-7: FUJITSU MHV2120AH, 000000A0, max UDMA/100
[   25.771209] ata1.00: 234441648 sectors, multi 8: LBA 
[   25.787103] ata1.00: configured for UDMA/100
[   26.106732] ata2.00: ATAPI: SONY CD-RW/DVD-ROM CRX830E, KDK3, max UDMA/33
[   26.278515] ata2.00: configured for UDMA/33
[   26.278625] scsi 0:0:0:0: Direct-Access     ATA      FUJITSU MHV2120A 0000 PQ: 0 ANSI: 5
[   26.279393] scsi 1:0:0:0: CD-ROM            SONY     CDRW/DVD CRX830E KDK3 PQ: 0 ANSI: 5
[   26.287184] Driver 'sd' needs updating - please use bus_type methods
[   26.287263] sd 0:0:0:0: [sda] 234441648 512-byte hardware sectors (120034 MB)
[   26.287275] sd 0:0:0:0: [sda] Write Protect is off
[   26.287278] sd 0:0:0:0: [sda] Mode Sense: 00 3a 00 00
[   26.287291] sd 0:0:0:0: [sda] Write cache: enabled, read cache: enabled, doesn't support DPO or FUA
[   26.287336] sd 0:0:0:0: [sda] 234441648 512-byte hardware sectors (120034 MB)
[   26.287344] sd 0:0:0:0: [sda] Write Protect is off
[   26.287346] sd 0:0:0:0: [sda] Mode Sense: 00 3a 00 00
[   26.287359] sd 0:0:0:0: [sda] Write cache: enabled, read cache: enabled, doesn't support DPO or FUA
[   26.287363]  sda:&lt;4&gt;Driver 'sr' needs updating - please use bus_type methods
[   26.364868]  sda1 sda2 &lt; sda5 &gt;
[   26.389810] sd 0:0:0:0: [sda] Attached SCSI disk
[   26.394902] sd 0:0:0:0: Attached scsi generic sg0 type 0
[   26.394922] sr 1:0:0:0: Attached scsi generic sg1 type 5
[   26.395225] sr0: scsi3-mmc drive: 15x/8x writer cd/rw xa/form2 cdda tray
[   26.395229] Uniform CD-ROM driver Revision: 3.20
[   26.395268] sr 1:0:0:0: Attached scsi CD-ROM sr0
[   26.684308] kjournald starting.  Commit interval 5 seconds
[   26.684320] EXT3-fs: mounted filesystem with ordered data mode.
[   26.877860] ieee1394: Host added: ID:BUS[0-00:1023]  GUID[364fc0001e83d8a1]
[   32.246875] Clocksource tsc unstable (delta = -370182292 ns)
[   33.028764] dcdbas dcdbas: Dell Systems Management Base Driver (version 5.6.0-3.2)
[   33.456525] Linux agpgart interface v0.102
[   33.483280] agpgart: Detected an Intel 855PM Chipset.
[   33.527616] agpgart: AGP aperture is 128M @ 0xe0000000
[   33.571417] pci_hotplug: PCI Hot Plug PCI Core version: 0.5
[   33.622047] shpchp: Standard Hot Plug PCI Controller Driver version: 0.4
[   33.810691] ACPI: AC Adapter [AC] (on-line)
[   34.256757] ACPI: Battery Slot [BAT0] (battery present)
[   34.256807] ACPI: Battery Slot [BAT1] (battery absent)
[   34.256935] input: Lid Switch as /class/input/input2
[   34.265680] ACPI: Lid Switch [LID]
[   34.265727] input: Power Button (CM) as /class/input/input3
[   34.293284] ACPI: Power Button (CM) [PBTN]
[   34.293346] input: Sleep Button (CM) as /class/input/input4
[   34.325248] ACPI: Sleep Button (CM) [SBTN]
[   35.197571] Yenta: CardBus bridge found at 0000:02:01.0 [1028:0191]
[   35.197589] Yenta: Using CSCINT to route CSC interrupts to PCI
[   35.197591] Yenta: Routing CardBus interrupts to PCI
[   35.197596] Yenta TI: socket 0000:02:01.0, mfunc 0x012c1202, devctl 0x64
[   35.214945] intel_rng: FWH not detected
[   35.248819] iTCO_vendor_support: vendor-support=0
[   35.277075] iTCO_wdt: Intel TCO WatchDog Timer Driver v1.02 (26-Jul-2007)
[   35.284453] iTCO_wdt: Found a ICH4-M TCO device (Version=1, TCOBASE=0x0860)
[   35.284493] iTCO_wdt: initialized. heartbeat=30 sec (nowayout=0)
[   35.428842] Yenta: ISA IRQ mask 0x0478, PCI irq 11
[   35.428847] Socket status: 30000020
[   35.428850] Yenta: Raising subordinate bus# of parent bus (#02) from #02 to #06
[   35.428857] pcmcia: parent PCI bridge I/O window: 0xd000 - 0xefff
[   35.428861] cs: IO port probe 0xd000-0xefff: clean.
[   35.429350] pcmcia: parent PCI bridge Memory window: 0xf6000000 - 0xfbffffff
[   35.469591] input: PC Speaker as /class/input/input5
[   35.786495] input: PS/2 Mouse as /class/input/input6
[   35.832916] input: AlpsPS/2 ALPS GlidePoint as /class/input/input7
[   36.271906] cs: IO port probe 0x100-0x3af: clean.
[   36.272887] cs: IO port probe 0x3e0-0x4ff: clean.
[   36.273299] cs: IO port probe 0x820-0x8ff: clean.
[   36.273331] cs: IO port probe 0xc00-0xcf7: clean.
[   36.273767] cs: IO port probe 0xa00-0xaff: clean.
[   36.330597] ACPI: PCI Interrupt 0000:00:1f.5[B] -&gt; Link [LNKB] -&gt; GSI 7 (level, low) -&gt; IRQ 7
[   36.330618] PCI: Setting latency timer of device 0000:00:1f.5 to 64
[   36.335395] pccard: CardBus card inserted into slot 0
[   36.335514] PCI: Enabling device 0000:03:00.0 (0000 -&gt; 0002)
[   36.335520] ACPI: PCI Interrupt 0000:03:00.0[A] -&gt; Link [LNKD] -&gt; GSI 11 (level, low) -&gt; IRQ 11
[   36.335529] PCI: Setting latency timer of device 0000:03:00.0 to 64
[   36.355405] ssb: Core 0 found: ChipCommon (cc 0x800, rev 0x0D, vendor 0x4243)
[   36.355415] ssb: Core 1 found: IEEE 802.11 (cc 0x812, rev 0x09, vendor 0x4243)
[   36.355422] ssb: Core 2 found: PCI (cc 0x804, rev 0x0C, vendor 0x4243)
[   36.355430] ssb: Core 3 found: PCMCIA (cc 0x80D, rev 0x07, vendor 0x4243)
[   36.395409] ssb: Sonics Silicon Backplane found on PCI device 0000:03:00.0
[   36.812092] b43-phy0: Broadcom 4318 WLAN found
[   36.854925] b43-phy0 debug: Found PHY: Analog 3, Type 2, Revision 7
[   36.854947] b43-phy0 debug: Found Radio: Manuf 0x17F, Version 0x2050, Revision 8
[   36.857435] phy0: Selected rate control algorithm 'simple'
[   36.965237] input: b43-phy0 as /class/input/input8
[   37.171422] b43-phy0 debug: Loading firmware version 351.126 (2006-07-29 05:54:02)
[   37.171622] intel8x0_measure_ac97_clock: measured 94812 usecs
[   37.171625] intel8x0: clocking to 48000
[   38.217361] b43-phy0 debug: Chip initialized
[   38.217570] b43-phy0 debug: 32-bit DMA initialized
[   38.235945] b43-phy0 debug: Wireless interface started
[   38.235952] HW CONFIG: channel=1 freq=2412 phymode=2
[   38.235954] b43-phy0 debug: Adding Interface type 2
[   38.289979] b43-phy0 debug: Using hardware based encryption for keyidx: 0, mac: ff:ff:ff:ff:ff:ff
[   38.315244] HW CONFIG: channel=1 freq=2412 phymode=2
[   38.383184] HW CONFIG: channel=2 freq=2417 phymode=2
[   38.455113] HW CONFIG: channel=3 freq=2422 phymode=2
[   38.467924] lp: driver loaded but no devices found
[   38.523054] HW CONFIG: channel=4 freq=2427 phymode=2
[   38.590993] HW CONFIG: channel=5 freq=2432 phymode=2
[   38.658928] HW CONFIG: channel=6 freq=2437 phymode=2
[   38.674365] Adding 3028212k swap on /dev/sda5.  Priority:-1 extents:1 across:3028212k
[   38.726870] HW CONFIG: channel=7 freq=2442 phymode=2
[   38.794807] HW CONFIG: channel=8 freq=2447 phymode=2
[   38.862748] HW CONFIG: channel=9 freq=2452 phymode=2
[   38.930680] HW CONFIG: channel=10 freq=2457 phymode=2
[   38.998618] HW CONFIG: channel=11 freq=2462 phymode=2
[   39.057802] EXT3 FS on sda1, internal journal
[   39.066560] HW CONFIG: channel=1 freq=2412 phymode=2
[   39.078616] HW CONFIG: channel=11 freq=2462 phymode=2
[   39.090583] wlan0: Initial auth_alg=0
[   39.090587] wlan0: authenticate with AP 00:30:bd:65:b8:4e
[   39.091963] wlan0: RX authentication from 00:30:bd:65:b8:4e (alg=0 transaction=2 status=0)
[   39.091966] wlan0: authenticated
[   39.091969] wlan0: associate with AP 00:30:bd:65:b8:4e
[   39.093477] wlan0: RX AssocResp from 00:30:bd:65:b8:4e (capab=0x11 status=0 aid=1)
[   39.093480] wlan0: associated
[   39.093502] phy0: Added STA 00:30:bd:65:b8:4e
[   39.673786] NET: Registered protocol family 17
[   41.032872] toshiba_acpi: Unknown parameter `hotkeys_over_acpi'
[   41.066224] ACPI: ACPI Dock Station Driver 
[  113.066700] NET: Registered protocol family 10
[  113.067514] lo: Disabled Privacy Extensions
[   42.486125] ppdev: user-space parallel port driver
[   42.573361] ADDRCONF(NETDEV_UP): eth0: link is not ready
[   42.612090] HW CONFIG: channel=1 freq=2412 phymode=2
[   68.274779] HW CONFIG: channel=2 freq=2417 phymode=2
[   68.342717] HW CONFIG: channel=3 freq=2422 phymode=2
[  114.061678] HW CONFIG: channel=4 freq=2427 phymode=2
[  114.137642] HW CONFIG: channel=5 freq=2432 phymode=2
[   42.827708] HW CONFIG: channel=6 freq=2437 phymode=2
[   85.818863] HW CONFIG: channel=7 freq=2442 phymode=2
[  114.506472] HW CONFIG: channel=8 freq=2447 phymode=2
[  114.574466] HW CONFIG: channel=9 freq=2452 phymode=2
[  114.642461] HW CONFIG: channel=10 freq=2457 phymode=2
[  114.710463] HW CONFIG: channel=11 freq=2462 phymode=2
[  114.778449] HW CONFIG: channel=11 freq=2462 phymode=2
[  122.425287] wlan0: no IPv6 routers present
[  132.165005] Bluetooth: Core ver 2.11
[  132.165127] NET: Registered protocol family 31
[  132.165150] Bluetooth: HCI device and connection manager initialized
[  132.165157] Bluetooth: HCI socket layer initialized
[  132.198425] Bluetooth: L2CAP ver 2.9
[  132.198434] Bluetooth: L2CAP socket layer initialized
[   49.598763] Bluetooth: RFCOMM socket layer initialized
[   49.598776] Bluetooth: RFCOMM TTY layer initialized
[   49.598778] Bluetooth: RFCOMM ver 1.8
[  165.047266] UDF-fs: No VRS found
[  165.065322] ISO 9660 Extensions: Microsoft Joliet Level 3
[  165.950637] ISOFS: changing to secondary root
[  429.921149] wmaster0: STA 00:30:bd:65:b8:4e Average rate: 10 (10/1)
[  483.330680] wmaster0: STA 00:30:bd:65:b8:4e Average rate: 108 (17355/160)
[  507.585791] HW CONFIG: channel=1 freq=2412 phymode=2
[  507.653727] HW CONFIG: channel=2 freq=2417 phymode=2
[  507.721310] HW CONFIG: channel=3 freq=2422 phymode=2
[  507.788935] HW CONFIG: channel=4 freq=2427 phymode=2
[  507.837552] HW CONFIG: channel=5 freq=2432 phymode=2
[  507.885605] HW CONFIG: channel=6 freq=2437 phymode=2
[  507.953193] HW CONFIG: channel=7 freq=2442 phymode=2
[  507.997349] HW CONFIG: channel=8 freq=2447 phymode=2
[  508.065250] HW CONFIG: channel=9 freq=2452 phymode=2
[  508.132927] HW CONFIG: channel=10 freq=2457 phymode=2
[  508.200918] HW CONFIG: channel=11 freq=2462 phymode=2
[  508.268911] HW CONFIG: channel=11 freq=2462 phymode=2
[  205.498645] wmaster0: STA 00:30:bd:65:b8:4e Average rate: 109 (120790/1099)
[  233.600275] wmaster0: STA 00:30:bd:65:b8:4e Average rate: 110 (65450/595)
[  632.784732] HW CONFIG: channel=1 freq=2412 phymode=2
[  632.814221] HW CONFIG: channel=2 freq=2417 phymode=2
[  632.882214] HW CONFIG: channel=3 freq=2422 phymode=2
[  632.949788] HW CONFIG: channel=4 freq=2427 phymode=2
[  632.998224] HW CONFIG: channel=5 freq=2432 phymode=2
[  633.065762] HW CONFIG: channel=6 freq=2437 phymode=2
[  633.133350] HW CONFIG: channel=7 freq=2442 phymode=2
[  633.177366] HW CONFIG: channel=8 freq=2447 phymode=2
[  633.221481] HW CONFIG: channel=9 freq=2452 phymode=2
[  633.278139] HW CONFIG: channel=10 freq=2457 phymode=2
[  633.345747] HW CONFIG: channel=11 freq=2462 phymode=2
[  633.413742] HW CONFIG: channel=11 freq=2462 phymode=2
[  904.109344] HW CONFIG: channel=1 freq=2412 phymode=2
[  904.171667] HW CONFIG: channel=2 freq=2417 phymode=2
[  904.239657] HW CONFIG: channel=3 freq=2422 phymode=2
[  904.295988] HW CONFIG: channel=4 freq=2427 phymode=2
[  904.363983] HW CONFIG: channel=5 freq=2432 phymode=2
[  904.431571] HW CONFIG: channel=6 freq=2437 phymode=2
[  904.499150] HW CONFIG: channel=7 freq=2442 phymode=2
[  904.543165] HW CONFIG: channel=8 freq=2447 phymode=2
[  904.587282] HW CONFIG: channel=9 freq=2452 phymode=2
[  904.644325] HW CONFIG: channel=10 freq=2457 phymode=2
[  904.689185] HW CONFIG: channel=11 freq=2462 phymode=2
[  904.750065] HW CONFIG: channel=11 freq=2462 phymode=2
[  960.443734] b43-phy0 debug: Disabling hardware based encryption for keyidx: 0, mac: ff:ff:ff:ff:ff:ff
[  960.697512] wlan0: privacy configuration mismatch and mixed-cell disabled - disassociate
[  962.247774] wlan0: privacy configuration mismatch and mixed-cell disabled - disassociate
[  963.923411] wlan0: privacy configuration mismatch and mixed-cell disabled - disassociate
[  965.697464] wlan0: privacy configuration mismatch and mixed-cell disabled - disassociate
[  967.364046] wlan0: privacy configuration mismatch and mixed-cell disabled - disassociate
[  969.125415] wlan0: privacy configuration mismatch and mixed-cell disabled - disassociate
[  970.751140] wlan0: privacy configuration mismatch and mixed-cell disabled - disassociate
[  972.288915] wlan0: privacy configuration mismatch and mixed-cell disabled - disassociate
[  973.876107] wlan0: privacy configuration mismatch and mixed-cell disabled - disassociate
[  975.633639] wlan0: privacy configuration mismatch and mixed-cell disabled - disassociate
[  977.319906] wlan0: privacy configuration mismatch and mixed-cell disabled - disassociate
[  978.962471] wlan0: privacy configuration mismatch and mixed-cell disabled - disassociate
[  980.836548] wlan0: privacy configuration mismatch and mixed-cell disabled - disassociate
[  982.588386] wlan0: privacy configuration mismatch and mixed-cell disabled - disassociate
[  984.206831] wlan0: privacy configuration mismatch and mixed-cell disabled - disassociate
[  985.481513] wlan0: privacy configuration mismatch and mixed-cell disabled - disassociate
[  986.702857] wlan0: privacy configuration mismatch and mixed-cell disabled - disassociate
[  987.876382] wlan0: privacy configuration mismatch and mixed-cell disabled - disassociate
[  988.985882] wlan0: privacy configuration mismatch and mixed-cell disabled - disassociate
[  990.194789] wlan0: privacy configuration mismatch and mixed-cell disabled - disassociate
[  991.325762] wlan0: privacy configuration mismatch and mixed-cell disabled - disassociate
[  992.699907] wlan0: privacy configuration mismatch and mixed-cell disabled - disassociate
[  992.753155] wmaster0: STA 00:30:bd:65:b8:4e Average rate: 10 (20/2)
[  994.194578] wlan0: privacy configuration mismatch and mixed-cell disabled - disassociate
[  995.611998] wlan0: privacy configuration mismatch and mixed-cell disabled - disassociate
[  373.403166] b43-phy0 debug: Removing Interface type 2
[  373.412787] hald-addon-keyb[4658] general protection eip:b7e3c7bc esp:bf990ba8 error:0
[  373.417393] b43-phy0 debug: Wireless interface stopped
[  373.417419] b43-phy0 debug: DMA-32 0x0200 (RX) max used slots: 1/64
[  373.417470] b43-phy0 debug: DMA-32 0x02A0 (TX) max used slots: 0/128
[  373.420763] b43-phy0 debug: DMA-32 0x0280 (TX) max used slots: 0/128
[  996.567578] b43-phy0 debug: DMA-32 0x0260 (TX) max used slots: 0/128
[  996.567996] b43-phy0 debug: DMA-32 0x0240 (TX) max used slots: 0/128
[  996.568414] b43-phy0 debug: DMA-32 0x0220 (TX) max used slots: 18/128
[  996.568828] b43-phy0 debug: DMA-32 0x0200 (TX) max used slots: 0/128
[  373.975835] input: b43-phy0 as /class/input/input9
[  374.131931] b43-phy0 debug: Loading firmware version 351.126 (2006-07-29 05:54:02)
[  375.088820] b43-phy0 debug: Chip initialized
[  375.089185] b43-phy0 debug: 32-bit DMA initialized
[  375.108898] b43-phy0 debug: Wireless interface started
[  375.108906] HW CONFIG: channel=11 freq=2462 phymode=2
[  375.140925] b43-phy0 debug: Adding Interface type 2
[  375.142554] ADDRCONF(NETDEV_UP): wlan0: link is not ready
[  375.143597] b43-phy0 debug: Using hardware based encryption for keyidx: 0, mac: ff:ff:ff:ff:ff:ff
[  375.144572] HW CONFIG: channel=11 freq=2462 phymode=2
[  375.152918] wlan0: Initial auth_alg=0
[  375.152925] wlan0: authenticate with AP 00:30:bd:65:b8:4e
[  375.154254] wlan0: RX authentication from 00:30:bd:65:b8:4e (alg=0 transaction=2 status=0)
[  375.154258] wlan0: authenticated
[  375.154261] wlan0: associate with AP 00:30:bd:65:b8:4e
[  375.158417] wlan0: RX AssocResp from 00:30:bd:65:b8:4e (capab=0x11 status=0 aid=1)
[  375.158421] wlan0: associated
[  375.159240] ADDRCONF(NETDEV_CHANGE): wlan0: link becomes ready
[ 1011.278025] wlan0: no IPv6 routers present
[ 1053.722162] wmaster0: STA 00:30:bd:65:b8:4e Average rate: 10 (20/2)
[ 1199.930967] wmaster0: STA 00:30:bd:65:b8:4e Average rate: 73 (295/4)
[ 1377.242424] wmaster0: STA 00:30:bd:65:b8:4e Average rate: 110 (93390/849)
[ 1441.449753] wmaster0: STA 00:30:bd:65:b8:4e Average rate: 109 (109780/999)
[ 1504.994699] wmaster0: STA 00:30:bd:65:b8:4e Average rate: 110 (116270/1057)
[ 1570.659502] wmaster0: STA 00:30:bd:65:b8:4e Average rate: 110 (85910/781)
[ 1634.072681] wmaster0: STA 00:30:bd:65:b8:4e Average rate: 110 (2090/19)
[ 1697.605887] wmaster0: STA 00:30:bd:65:b8:4e Average rate: 104 (1880/18)
[ 1754.427780] wmaster0: STA 00:30:bd:65:b8:4e Average rate: 110 (2200/20)
[ 1811.270316] wmaster0: STA 00:30:bd:65:b8:4e Average rate: 110 (880/8)
[ 1881.387574] wmaster0: STA 00:30:bd:65:b8:4e Average rate: 110 (2090/19)
[ 1933.992804] wmaster0: STA 00:30:bd:65:b8:4e Average rate: 110 (660/6)
[ 2001.013973] wmaster0: STA 00:30:bd:65:b8:4e Average rate: 110 (2200/20)
[ 2064.308828] wmaster0: STA 00:30:bd:65:b8:4e Average rate: 97 (780/8)
[  790.731168] HW CONFIG: channel=1 freq=2412 phymode=2
[  790.799111] HW CONFIG: channel=2 freq=2417 phymode=2
[  790.867048] HW CONFIG: channel=3 freq=2422 phymode=2
[ 2110.714014] HW CONFIG: channel=4 freq=2427 phymode=2
[ 2110.762236] HW CONFIG: channel=5 freq=2432 phymode=2
[ 2110.806573] HW CONFIG: channel=6 freq=2437 phymode=2
[ 2110.874157] HW CONFIG: channel=7 freq=2442 phymode=2
[ 2110.921169] HW CONFIG: channel=8 freq=2447 phymode=2
[ 2110.964481] HW CONFIG: channel=9 freq=2452 phymode=2
[ 2111.025501] HW CONFIG: channel=10 freq=2457 phymode=2
[ 2111.093097] HW CONFIG: channel=11 freq=2462 phymode=2
[ 2111.161090] HW CONFIG: channel=11 freq=2462 phymode=2
[ 2127.922810] wmaster0: STA 00:30:bd:65:b8:4e Average rate: 110 (660/6)
[ 2184.358769] wmaster0: STA 00:30:bd:65:b8:4e Average rate: 110 (220/2)
[ 2291.200506] wmaster0: STA 00:30:bd:65:b8:4e Average rate: 110 (660/6)
[ 2364.023098] wmaster0: STA 00:30:bd:65:b8:4e Average rate: 110 (6380/58)
[ 2415.489187] wmaster0: STA 00:30:bd:65:b8:4e Average rate: 107 (2255/21)
[ 2480.434238] wmaster0: STA 00:30:bd:65:b8:4e Average rate: 110 (220/2)
[ 2532.465909] wmaster0: STA 00:30:bd:65:b8:4e Average rate: 10 (10/1)
[ 2601.188966] wmaster0: STA 00:30:bd:65:b8:4e Average rate: 110 (1540/14)
</PRE>

<!--endarticle-->
    <HR>
    <P><UL>
        <!--threads-->
	<LI>Previous message: <A HREF="003411.html">Better log files . Trying to figure out b43
</A></li>
	<LI>Next message: <A HREF="003415.html">Better log files . Trying to figure out b43
</A></li>
         <LI> <B>Messages sorted by:</B> 
              <a href="date.html#3412">[ date ]</a>
              <a href="thread.html#3412">[ thread ]</a>
              <a href="subject.html#3412">[ subject ]</a>
              <a href="author.html#3412">[ author ]</a>
         </LI>
       </UL>

<hr>
<a href="https://lists.berlios.de/mailman/listinfo/bcm43xx-dev">More information about the Bcm43xx-dev
mailing list</a><br>
</body></html>
