<!DOCTYPE HTML PUBLIC "-//W3C//DTD HTML 4.01 Transitional//EN">
<HTML>
 <HEAD>
   <TITLE> [update] Asus 138G v2
   </TITLE>
   <LINK REL="Index" HREF="http://lists.berlios.de/pipermail/bcm43xx-dev/2008-September/index.html" >
   <LINK REL="made" HREF="mailto:bcm43xx-dev%40lists.berlios.de?Subject=Re%3A%20%5Bupdate%5D%20Asus%20138G%20v2&In-Reply-To=%3C69e28c910809101320t392b0c29k38649f887f8f0314%40mail.gmail.com%3E">
   <META NAME="robots" CONTENT="index,nofollow">
   <style type="text/css">
       pre {
           white-space: pre-wrap;       /* css-2.1, curent FF, Opera, Safari */
           }
   </style>
   <META http-equiv="Content-Type" content="text/html; charset=us-ascii">
   <LINK REL="Previous"  HREF="004621.html">
   <LINK REL="Next"  HREF="004622.html">
 </HEAD>
 <BODY BGCOLOR="#ffffff">
   <H1>[update] Asus 138G v2</H1>
    <B>Stefanik G&#225;bor</B> 
    <A HREF="mailto:bcm43xx-dev%40lists.berlios.de?Subject=Re%3A%20%5Bupdate%5D%20Asus%20138G%20v2&In-Reply-To=%3C69e28c910809101320t392b0c29k38649f887f8f0314%40mail.gmail.com%3E"
       TITLE="[update] Asus 138G v2">netrolller.3d at gmail.com
       </A><BR>
    <I>Wed Sep 10 22:20:22 CEST 2008</I>
    <P><UL>
        <LI>Previous message: <A HREF="004621.html">[update] Asus 138G v2
</A></li>
        <LI>Next message: <A HREF="004622.html">[PATCH] b43: Fix QoS defaults
</A></li>
         <LI> <B>Messages sorted by:</B> 
              <a href="date.html#4627">[ date ]</a>
              <a href="thread.html#4627">[ thread ]</a>
              <a href="subject.html#4627">[ subject ]</a>
              <a href="author.html#4627">[ author ]</a>
         </LI>
       </UL>
    <HR>  
<!--beginarticle-->
<PRE>On Wed, Sep 10, 2008 at 7:27 PM, Alexei Sergeev &lt;<A HREF="https://lists.berlios.de/mailman/listinfo/bcm43xx-dev">alexeisergeev at gmail.com</A>&gt; wrote:
&gt;<i> I sent another mail day ago, and while I was waiting and get no
</I>&gt;<i> support on irc I tried different drivers and firmwares.
</I>&gt;<i>
</I>&gt;<i> So far I tried bcm43xx and ndiswrapper (both gives me no success)
</I>&gt;<i> and I revert to b43. But now wireless card can't either connect to
</I>&gt;<i> network, it can see network but stop at &quot;Configure device&quot; state.
</I>&gt;<i> (Before it was able to connect but was very slow)
</I>&gt;<i>
</I>&gt;<i> So here is debug output again (now can't connect to AP, but see it):
</I>&gt;<i> uname -a
</I>&gt;<i> Linux server 2.6.24-19-generic #1 SMP Fri Jul 11 21:01:46 UTC 2008
</I>&gt;<i> x86_64 GNU/Linux
</I>&gt;<i>
</I>&gt;<i> lspci -vvn|grep 43 -A7:
</I>&gt;<i> 05:00.0 0280: 14e4:4318 (rev 02)
</I>&gt;<i>        Subsystem: 1043:100f
</I>&gt;<i>        Control: I/O- Mem+ BusMaster+ SpecCycle- MemWINV- VGASnoop-
</I>&gt;<i> ParErr- Stepping- SERR- FastB2B-
</I>&gt;<i>        Status: Cap- 66MHz- UDF- FastB2B- ParErr- DEVSEL=fast &gt;TAbort-
</I>&gt;<i> &lt;TAbort- &lt;MAbort- &gt;SERR- &lt;PERR-
</I>&gt;<i>        Latency: 32
</I>&gt;<i>        Interrupt: pin A routed to IRQ 20
</I>&gt;<i>        Region 0: Memory at e8100000 (32-bit, non-prefetchable)
</I>&gt;<i> [size=8K]
</I>&gt;<i>
</I>&gt;<i> 05:01.0 0480: 1131:7133 (rev d1)
</I>&gt;<i>
</I>&gt;<i> dmesg
</I>&gt;<i> [    0.000000] Initializing cgroup subsys cpuset
</I>&gt;<i> [    0.000000] Initializing cgroup subsys cpu
</I>&gt;<i> [    0.000000] Linux version 2.6.24-19-generic (<A HREF="https://lists.berlios.de/mailman/listinfo/bcm43xx-dev">buildd at king</A>) (gcc
</I>&gt;<i> version 4.2.3 (Ubuntu 4.2.3-2ubuntu7)) #1 SMP Fri Jul 11 21:01:46 UTC
</I>&gt;<i> 2008 (Ubuntu 2.6.24-19.36-generic)
</I>&gt;<i> [    0.000000] Command line: root=UUID=05c8eb05-27d3-48a0-
</I>&gt;<i> be4f-75b22f6ece9b ro quiet splash
</I>&gt;<i> [    0.000000] BIOS-provided physical RAM map:
</I>&gt;<i> [    0.000000]  BIOS-e820: 0000000000000000 - 000000000009e800
</I>&gt;<i> (usable)
</I>&gt;<i> [    0.000000]  BIOS-e820: 000000000009f800 - 00000000000a0000
</I>&gt;<i> (reserved)
</I>&gt;<i> [    0.000000]  BIOS-e820: 00000000000f0000 - 0000000000100000
</I>&gt;<i> (reserved)
</I>&gt;<i> [    0.000000]  BIOS-e820: 0000000000100000 - 000000007fee0000
</I>&gt;<i> (usable)
</I>&gt;<i> [    0.000000]  BIOS-e820: 000000007fee0000 - 000000007fee3000
</I>&gt;<i> (ACPI NVS)
</I>&gt;<i> [    0.000000]  BIOS-e820: 000000007fee3000 - 000000007fef0000
</I>&gt;<i> (ACPI data)
</I>&gt;<i> [    0.000000]  BIOS-e820: 000000007fef0000 - 000000007ff00000
</I>&gt;<i> (reserved)
</I>&gt;<i> [    0.000000]  BIOS-e820: 00000000e0000000 - 00000000e4000000
</I>&gt;<i> (reserved)
</I>&gt;<i> [    0.000000]  BIOS-e820: 00000000fec00000 - 0000000100000000
</I>&gt;<i> (reserved)
</I>&gt;<i> [    0.000000] Entering add_active_range(0, 0, 158) 0 entries of 3200
</I>&gt;<i> used
</I>&gt;<i> [    0.000000] Entering add_active_range(0, 256, 524000) 1 entries of
</I>&gt;<i> 3200 used
</I>&gt;<i> [    0.000000] end_pfn_map = 1048576
</I>&gt;<i> [    0.000000] DMI 2.4 present.
</I>&gt;<i> [    0.000000] ACPI: RSDP signature @ 0xFFFF8100000F6F00
</I>&gt;<i> checksum 0
</I>&gt;<i> [    0.000000] ACPI: RSDP 000F6F00, 0014 (r0 GBT   )
</I>&gt;<i> [    0.000000] ACPI: RSDT 7FEE3040, 0038 (r1 GBT    GBTUACPI
</I>&gt;<i> 42302E31 GBTU  1010101)
</I>&gt;<i> [    0.000000] ACPI: FACP 7FEE30C0, 0074 (r1 GBT    GBTUACPI
</I>&gt;<i> 42302E31 GBTU  1010101)
</I>&gt;<i> [    0.000000] ACPI: DSDT 7FEE3180, 4B82 (r1 GBT    GBTUACPI     1000
</I>&gt;<i> MSFT  100000C)
</I>&gt;<i> [    0.000000] ACPI: FACS 7FEE0000, 0040
</I>&gt;<i> [    0.000000] ACPI: HPET 7FEE7E80, 0038 (r1 GBT    GBTUACPI
</I>&gt;<i> 42302E31 GBTU       98)
</I>&gt;<i> [    0.000000] ACPI: MCFG 7FEE7F00, 003C (r1 GBT    GBTUACPI
</I>&gt;<i> 42302E31 GBTU  1010101)
</I>&gt;<i> [    0.000000] ACPI: APIC 7FEE7D80, 0084 (r1 GBT    GBTUACPI
</I>&gt;<i> 42302E31 GBTU  1010101)
</I>&gt;<i> [    0.000000] ACPI: SSDT 7FEE8860, 03AB (r1  PmRef    CpuPm     3000
</I>&gt;<i> INTL 20040311)
</I>&gt;<i> [    0.000000] No NUMA configuration found
</I>&gt;<i> [    0.000000] Faking a node at
</I>&gt;<i> 0000000000000000-000000007fee0000
</I>&gt;<i> [    0.000000] Entering add_active_range(0, 0, 158) 0 entries of 3200
</I>&gt;<i> used
</I>&gt;<i> [    0.000000] Entering add_active_range(0, 256, 524000) 1 entries of
</I>&gt;<i> 3200 used
</I>&gt;<i> [    0.000000] Bootmem setup node 0
</I>&gt;<i> 0000000000000000-000000007fee0000
</I>&gt;<i> [    0.000000] Zone PFN ranges:
</I>&gt;<i> [    0.000000]   DMA             0 -&gt;     4096
</I>&gt;<i> [    0.000000]   DMA32        4096 -&gt;  1048576
</I>&gt;<i> [    0.000000]   Normal    1048576 -&gt;  1048576
</I>&gt;<i> [    0.000000] Movable zone start PFN for each node
</I>&gt;<i> [    0.000000] early_node_map[2] active PFN ranges
</I>&gt;<i> [    0.000000]     0:        0 -&gt;      158
</I>&gt;<i> [    0.000000]     0:      256 -&gt;   524000
</I>&gt;<i> [    0.000000] On node 0 totalpages: 523902
</I>&gt;<i> [    0.000000]   DMA zone: 56 pages used for memmap
</I>&gt;<i> [    0.000000]   DMA zone: 1221 pages reserved
</I>&gt;<i> [    0.000000]   DMA zone: 2721 pages, LIFO batch:0
</I>&gt;<i> [    0.000000]   DMA32 zone: 7108 pages used for memmap
</I>&gt;<i> [    0.000000]   DMA32 zone: 512796 pages, LIFO batch:31
</I>&gt;<i> [    0.000000]   Normal zone: 0 pages used for memmap
</I>&gt;<i> [    0.000000]   Movable zone: 0 pages used for memmap
</I>&gt;<i> [    0.000000] ACPI: PM-Timer IO Port: 0x408
</I>&gt;<i> [    0.000000] ACPI: Local APIC address 0xfee00000
</I>&gt;<i> [    0.000000] ACPI: LAPIC (acpi_id[0x00] lapic_id[0x00] enabled)
</I>&gt;<i> [    0.000000] Processor #0 (Bootup-CPU)
</I>&gt;<i> [    0.000000] ACPI: LAPIC (acpi_id[0x01] lapic_id[0x03] enabled)
</I>&gt;<i> [    0.000000] Processor #3
</I>&gt;<i> [    0.000000] ACPI: LAPIC (acpi_id[0x02] lapic_id[0x02] enabled)
</I>&gt;<i> [    0.000000] Processor #2
</I>&gt;<i> [    0.000000] ACPI: LAPIC (acpi_id[0x03] lapic_id[0x01] enabled)
</I>&gt;<i> [    0.000000] Processor #1
</I>&gt;<i> [    0.000000] ACPI: LAPIC_NMI (acpi_id[0x00] dfl dfl lint[0x1])
</I>&gt;<i> [    0.000000] ACPI: LAPIC_NMI (acpi_id[0x01] dfl dfl lint[0x1])
</I>&gt;<i> [    0.000000] ACPI: LAPIC_NMI (acpi_id[0x02] dfl dfl lint[0x1])
</I>&gt;<i> [    0.000000] ACPI: LAPIC_NMI (acpi_id[0x03] dfl dfl lint[0x1])
</I>&gt;<i> [    0.000000] ACPI: IOAPIC (id[0x02] address[0xfec00000]
</I>&gt;<i> gsi_base[0])
</I>&gt;<i> [    0.000000] IOAPIC[0]: apic_id 2, address 0xfec00000, GSI 0-23
</I>&gt;<i> [    0.000000] ACPI: INT_SRC_OVR (bus 0 bus_irq 0 global_irq 2 dfl dfl)
</I>&gt;<i> [    0.000000] ACPI: INT_SRC_OVR (bus 0 bus_irq 9 global_irq 9 high
</I>&gt;<i> level)
</I>&gt;<i> [    0.000000] ACPI: IRQ0 used by override.
</I>&gt;<i> [    0.000000] ACPI: IRQ2 used by override.
</I>&gt;<i> [    0.000000] ACPI: IRQ9 used by override.
</I>&gt;<i> [    0.000000] Setting APIC routing to flat
</I>&gt;<i> [    0.000000] ACPI: HPET id: 0x8086a201 base: 0xfed00000
</I>&gt;<i> [    0.000000] Using ACPI (MADT) for SMP configuration information
</I>&gt;<i> [    0.000000] swsusp: Registered nosave memory region:
</I>&gt;<i> 000000000009e000 - 00000000000a0000
</I>&gt;<i> [    0.000000] swsusp: Registered nosave memory region:
</I>&gt;<i> 00000000000a0000 - 00000000000f0000
</I>&gt;<i> [    0.000000] swsusp: Registered nosave memory region:
</I>&gt;<i> 00000000000f0000 - 0000000000100000
</I>&gt;<i> [    0.000000] Allocating PCI resources starting at 80000000 (gap:
</I>&gt;<i> 7ff00000:60100000)
</I>&gt;<i> [    0.000000] SMP: Allowing 4 CPUs, 0 hotplug CPUs
</I>&gt;<i> [    0.000000] PERCPU: Allocating 34656 bytes of per cpu data
</I>&gt;<i> [    0.000000] Built 1 zonelists in Node order, mobility grouping on.
</I>&gt;<i> Total pages: 515517
</I>&gt;<i> [    0.000000] Policy zone: DMA32
</I>&gt;<i> [    0.000000] Kernel command line: root=UUID=05c8eb05-27d3-48a0-
</I>&gt;<i> be4f-75b22f6ece9b ro quiet splash
</I>&gt;<i> [    0.000000] Initializing CPU#0
</I>&gt;<i> [    0.000000] PID hash table entries: 4096 (order: 12, 32768 bytes)
</I>&gt;<i> [    0.000000] hpet clockevent registered
</I>&gt;<i> [    0.000000] TSC calibrated against HPET
</I>&gt;<i> [   37.682298] Marking TSC unstable due to TSCs unsynchronized
</I>&gt;<i> [   37.682300] time.c: Detected 2400.083 MHz processor.
</I>&gt;<i> [   37.683002] Console: colour VGA+ 80x25
</I>&gt;<i> [   37.683005] console [tty0] enabled
</I>&gt;<i> [   37.683020] Checking aperture...
</I>&gt;<i> [   37.683027] Calgary: detecting Calgary via BIOS EBDA area
</I>&gt;<i> [   37.683028] Calgary: Unable to locate Rio Grande table in EBDA -
</I>&gt;<i> bailing!
</I>&gt;<i> [   37.702129] Memory: 2053812k/2096000k available (2489k kernel
</I>&gt;<i> code, 41796k reserved, 1318k data, 320k init)
</I>&gt;<i> [   37.702162] SLUB: Genslabs=12, HWalign=64, Order=0-1,
</I>&gt;<i> MinObjects=4, CPUs=4, Nodes=1
</I>&gt;<i> [   37.780138] Calibrating delay using timer specific routine.. 4803.53
</I>&gt;<i> BogoMIPS (lpj=9607078)
</I>&gt;<i> [   37.780166] Security Framework initialized
</I>&gt;<i> [   37.780172] SELinux:  Disabled at boot.
</I>&gt;<i> [   37.780182] AppArmor: AppArmor initialized
</I>&gt;<i> [   37.780185] Failure registering capabilities with primary security
</I>&gt;<i> module.
</I>&gt;<i> [   37.780340] Dentry cache hash table entries: 262144 (order: 9,
</I>&gt;<i> 2097152 bytes)
</I>&gt;<i> [   37.781442] Inode-cache hash table entries: 131072 (order: 8,
</I>&gt;<i> 1048576 bytes)
</I>&gt;<i> [   37.782031] Mount-cache hash table entries: 256
</I>&gt;<i> [   37.782146] Initializing cgroup subsys ns
</I>&gt;<i> [   37.782151] Initializing cgroup subsys cpuacct
</I>&gt;<i> [   37.782164] CPU: L1 I cache: 32K, L1 D cache: 32K
</I>&gt;<i> [   37.782165] CPU: L2 cache: 4096K
</I>&gt;<i> [   37.782167] CPU 0/0 -&gt; Node 0
</I>&gt;<i> [   37.782168] using mwait in idle threads.
</I>&gt;<i> [   37.782170] CPU: Physical Processor ID: 0
</I>&gt;<i> [   37.782170] CPU: Processor Core ID: 0
</I>&gt;<i> [   37.782176] CPU0: Thermal monitoring enabled (TM2)
</I>&gt;<i> [   37.782187] SMP alternatives: switching to UP code
</I>&gt;<i> [   37.782883] Early unpacking initramfs... done
</I>&gt;<i> [   38.083111] ACPI: Core revision 20070126
</I>&gt;<i> [   38.083145] ACPI: Looking for DSDT in initramfs... error, file
</I>&gt;<i> /DSDT.aml not found.
</I>&gt;<i> [   38.163745] Using local APIC timer interrupts.
</I>&gt;<i> [   38.205351] APIC timer calibration result 16667228
</I>&gt;<i> [   38.205352] Detected 16.667 MHz APIC timer.
</I>&gt;<i> [   38.205420] SMP alternatives: switching to SMP code
</I>&gt;<i> [   38.206026] Booting processor 1/4 APIC 0x3
</I>&gt;<i> [   38.216365] Initializing CPU#1
</I>&gt;<i> [   38.293220] Calibrating delay using timer specific routine.. 4800.20
</I>&gt;<i> BogoMIPS (lpj=9600404)
</I>&gt;<i> [   38.293226] CPU: L1 I cache: 32K, L1 D cache: 32K
</I>&gt;<i> [   38.293227] CPU: L2 cache: 4096K
</I>&gt;<i> [   38.293229] CPU 1/3 -&gt; Node 0
</I>&gt;<i> [   38.293230] CPU: Physical Processor ID: 0
</I>&gt;<i> [   38.293231] CPU: Processor Core ID: 3
</I>&gt;<i> [   38.293236] CPU1: Thermal monitoring enabled (TM2)
</I>&gt;<i> [   38.293664] Intel(R) Core(TM)2 Quad CPU    Q6600  @ 2.40GHz
</I>&gt;<i> stepping 0b
</I>&gt;<i> [   38.293762] SMP alternatives: switching to SMP code
</I>&gt;<i> [   38.294142] Booting processor 2/4 APIC 0x2
</I>&gt;<i> [   38.304481] Initializing CPU#2
</I>&gt;<i> [   38.381085] Calibrating delay using timer specific routine.. 4800.20
</I>&gt;<i> BogoMIPS (lpj=9600417)
</I>&gt;<i> [   38.381090] CPU: L1 I cache: 32K, L1 D cache: 32K
</I>&gt;<i> [   38.381091] CPU: L2 cache: 4096K
</I>&gt;<i> [   38.381093] CPU 2/2 -&gt; Node 0
</I>&gt;<i> [   38.381094] CPU: Physical Processor ID: 0
</I>&gt;<i> [   38.381095] CPU: Processor Core ID: 2
</I>&gt;<i> [   38.381100] CPU2: Thermal monitoring enabled (TM2)
</I>&gt;<i> [   38.381528] Intel(R) Core(TM)2 Quad CPU    Q6600  @ 2.40GHz
</I>&gt;<i> stepping 0b
</I>&gt;<i> [   38.381676] SMP alternatives: switching to SMP code
</I>&gt;<i> [   38.382057] Booting processor 3/4 APIC 0x1
</I>&gt;<i> [   38.392395] Initializing CPU#3
</I>&gt;<i> [   38.468949] Calibrating delay using timer specific routine.. 4800.15
</I>&gt;<i> BogoMIPS (lpj=9600310)
</I>&gt;<i> [   38.468954] CPU: L1 I cache: 32K, L1 D cache: 32K
</I>&gt;<i> [   38.468956] CPU: L2 cache: 4096K
</I>&gt;<i> [   38.468957] CPU 3/1 -&gt; Node 0
</I>&gt;<i> [   38.468958] CPU: Physical Processor ID: 0
</I>&gt;<i> [   38.468959] CPU: Processor Core ID: 1
</I>&gt;<i> [   38.468964] CPU3: Thermal monitoring enabled (TM2)
</I>&gt;<i> [   38.469395] Intel(R) Core(TM)2 Quad CPU    Q6600  @ 2.40GHz
</I>&gt;<i> stepping 0b
</I>&gt;<i> [   38.469452] Brought up 4 CPUs
</I>&gt;<i> [   38.469532] CPU0 attaching sched-domain:
</I>&gt;<i> [   38.469534]  domain 0: span 09
</I>&gt;<i> [   38.469535]   groups: 01 08
</I>&gt;<i> [   38.469537]   domain 1: span 0f
</I>&gt;<i> [   38.469538]    groups: 09 06
</I>&gt;<i> [   38.469540]    domain 2: span 0f
</I>&gt;<i> [   38.469541]     groups: 0f
</I>&gt;<i> [   38.469543] CPU1 attaching sched-domain:
</I>&gt;<i> [   38.469544]  domain 0: span 06
</I>&gt;<i> [   38.469545]   groups: 02 04
</I>&gt;<i> [   38.469546]   domain 1: span 0f
</I>&gt;<i> [   38.469547]    groups: 06 09
</I>&gt;<i> [   38.469549]    domain 2: span 0f
</I>&gt;<i> [   38.469550]     groups: 0f
</I>&gt;<i> [   38.469551] CPU2 attaching sched-domain:
</I>&gt;<i> [   38.469552]  domain 0: span 06
</I>&gt;<i> [   38.469553]   groups: 04 02
</I>&gt;<i> [   38.469555]   domain 1: span 0f
</I>&gt;<i> [   38.469556]    groups: 06 09
</I>&gt;<i> [   38.469558]    domain 2: span 0f
</I>&gt;<i> [   38.469559]     groups: 0f
</I>&gt;<i> [   38.469560] CPU3 attaching sched-domain:
</I>&gt;<i> [   38.469561]  domain 0: span 09
</I>&gt;<i> [   38.469562]   groups: 08 01
</I>&gt;<i> [   38.469563]   domain 1: span 0f
</I>&gt;<i> [   38.469564]    groups: 09 06
</I>&gt;<i> [   38.469566]    domain 2: span 0f
</I>&gt;<i> [   38.469567]     groups: 0f
</I>&gt;<i> [   38.469850] net_namespace: 120 bytes
</I>&gt;<i> [   38.470139] Time: 18:00:02  Date: 09/10/08
</I>&gt;<i> [   38.470161] NET: Registered protocol family 16
</I>&gt;<i> [   38.470306] ACPI: bus type pci registered
</I>&gt;<i> [   38.470363] PCI: Using configuration type 1
</I>&gt;<i> [   38.471427] ACPI: EC: Look up EC in DSDT
</I>&gt;<i> [   38.475072] ACPI: Interpreter enabled
</I>&gt;<i> [   38.475077] ACPI: (supports S0 S3 S4 S5)
</I>&gt;<i> [   38.475089] ACPI: Using IOAPIC for interrupt routing
</I>&gt;<i> [   38.479109] ACPI: PCI Root Bridge [PCI0] (0000:00)
</I>&gt;<i> [   38.480399] PCI: Transparent bridge - 0000:00:1e.0
</I>&gt;<i> [   38.480425] ACPI: PCI Interrupt Routing Table [\_SB_.PCI0._PRT]
</I>&gt;<i> [   38.480556] ACPI: PCI Interrupt Routing Table [\_SB_.PCI0.PEX0._PRT]
</I>&gt;<i> [   38.480618] ACPI: PCI Interrupt Routing Table [\_SB_.PCI0.PEX4._PRT]
</I>&gt;<i> [   38.480678] ACPI: PCI Interrupt Routing Table [\_SB_.PCI0.PEX5._PRT]
</I>&gt;<i> [   38.480734] ACPI: PCI Interrupt Routing Table [\_SB_.PCI0.HUB0._PRT]
</I>&gt;<i> [   38.492475] ACPI: PCI Interrupt Link [LNKA] (IRQs 3 4 5 6 7 9 10 11
</I>&gt;<i> 12 14 *15)
</I>&gt;<i> [   38.492550] ACPI: PCI Interrupt Link [LNKB] (IRQs 3 4 5 6 7 9 *10 11
</I>&gt;<i> 12 14 15)
</I>&gt;<i> [   38.492624] ACPI: PCI Interrupt Link [LNKC] (IRQs 3 4 5 6 7 *9 10 11
</I>&gt;<i> 12 14 15)
</I>&gt;<i> [   38.492698] ACPI: PCI Interrupt Link [LNKD] (IRQs 3 4 5 6 7 9 10 *11
</I>&gt;<i> 12 14 15)
</I>&gt;<i> [   38.492772] ACPI: PCI Interrupt Link [LNKE] (IRQs 3 4 5 6 7 9 10 11
</I>&gt;<i> 12 *14 15)
</I>&gt;<i> [   38.492846] ACPI: PCI Interrupt Link [LNKF] (IRQs 3 4 5 6 7 9 10 11
</I>&gt;<i> 12 14 *15)
</I>&gt;<i> [   38.492922] ACPI: PCI Interrupt Link [LNK0] (IRQs 3 4 *5 6 7 9 10 11
</I>&gt;<i> 12 14 15)
</I>&gt;<i> [   38.492999] ACPI: PCI Interrupt Link [LNK1] (IRQs *3 4 5 6 7 9 10 11
</I>&gt;<i> 12 14 15)
</I>&gt;<i> [   38.493090] Linux Plug and Play Support v0.97 (c) Adam Belay
</I>&gt;<i> [   38.493111] pnp: PnP ACPI init
</I>&gt;<i> [   38.493117] ACPI: bus type pnp registered
</I>&gt;<i> [   38.495100] pnpacpi: exceeded the max number of mem resources:
</I>&gt;<i> 12
</I>&gt;<i> [   38.495203] pnp: PnP ACPI: found 15 devices
</I>&gt;<i> [   38.495204] ACPI: ACPI bus type pnp unregistered
</I>&gt;<i> [   38.495380] PCI: Using ACPI for IRQ routing
</I>&gt;<i> [   38.495381] PCI: If a device doesn't work, try &quot;pci=routeirq&quot;.  If it
</I>&gt;<i> helps, post a report
</I>&gt;<i> [   38.505005] NET: Registered protocol family 8
</I>&gt;<i> [   38.505007] NET: Registered protocol family 20
</I>&gt;<i> [   38.505042] PCI-GART: No AMD northbridge found.
</I>&gt;<i> [   38.505047] hpet0: at MMIO 0xfed00000, IRQs 2, 8, 0, 0
</I>&gt;<i> [   38.505051] hpet0: 4 64-bit timers, 14318180 Hz
</I>&gt;<i> [   38.506097] AppArmor: AppArmor Filesystem Enabled
</I>&gt;<i> [   38.510467] Time: hpet clocksource has been installed.
</I>&gt;<i> [   38.510483] Switched to high resolution mode on CPU 0
</I>&gt;<i> [   38.513410] Switched to high resolution mode on CPU 3
</I>&gt;<i> [   38.514073] Switched to high resolution mode on CPU 2
</I>&gt;<i> [   38.514091] Switched to high resolution mode on CPU 1
</I>&gt;<i> [   38.518528] system 00:01: ioport range 0x4d0-0x4d1 has been
</I>&gt;<i> reserved
</I>&gt;<i> [   38.518532] system 00:01: ioport range 0x290-0x29f has been
</I>&gt;<i> reserved
</I>&gt;<i> [   38.518536] system 00:01: ioport range 0x800-0x87f has been
</I>&gt;<i> reserved
</I>&gt;<i> [   38.518539] system 00:01: ioport range 0x290-0x294 has been
</I>&gt;<i> reserved
</I>&gt;<i> [   38.518542] system 00:01: ioport range 0x880-0x88f has been
</I>&gt;<i> reserved
</I>&gt;<i> [   38.518556] system 00:0b: ioport range 0x400-0x4bf has been
</I>&gt;<i> reserved
</I>&gt;<i> [   38.518564] system 00:0c: iomem range 0xe0000000-0xe3ffffff
</I>&gt;<i> could not be reserved
</I>&gt;<i> [   38.518571] system 00:0d: iomem range 0xd2000-0xd3fff has been
</I>&gt;<i> reserved
</I>&gt;<i> [   38.518575] system 00:0d: iomem range 0xf0000-0xf7fff could not
</I>&gt;<i> be reserved
</I>&gt;<i> [   38.518578] system 00:0d: iomem range 0xf8000-0xfbfff could not
</I>&gt;<i> be reserved
</I>&gt;<i> [   38.518581] system 00:0d: iomem range 0xfc000-0xfffff could not be
</I>&gt;<i> reserved
</I>&gt;<i> [   38.518584] system 00:0d: iomem range 0x7fee0000-0x7fefffff could
</I>&gt;<i> not be reserved
</I>&gt;<i> [   38.518593] system 00:0d: iomem range 0x0-0x9ffff could not be
</I>&gt;<i> reserved
</I>&gt;<i> [   38.518595] system 00:0d: iomem range 0x100000-0x7fedffff could
</I>&gt;<i> not be reserved
</I>&gt;<i> [   38.518598] system 00:0d: iomem range 0xfec00000-0xfec00fff has
</I>&gt;<i> been reserved
</I>&gt;<i> [   38.518600] system 00:0d: iomem range 0xfed10000-0xfed1dfff has
</I>&gt;<i> been reserved
</I>&gt;<i> [   38.518602] system 00:0d: iomem range 0xfed20000-0xfed8ffff has
</I>&gt;<i> been reserved
</I>&gt;<i> [   38.518605] system 00:0d: iomem range 0xfee00000-0xfee00fff
</I>&gt;<i> could not be reserved
</I>&gt;<i> [   38.518607] system 00:0d: iomem range 0xffb00000-0xffb7ffff has
</I>&gt;<i> been reserved
</I>&gt;<i> [   38.518956] PCI: Bridge: 0000:00:01.0
</I>&gt;<i> [   38.518958]   IO window: b000-bfff
</I>&gt;<i> [   38.518960]   MEM window: e4000000-e5ffffff
</I>&gt;<i> [   38.518962]   PREFETCH window: d0000000-dfffffff
</I>&gt;<i> [   38.518965] PCI: Bridge: 0000:00:1c.0
</I>&gt;<i> [   38.518966]   IO window: disabled.
</I>&gt;<i> [   38.518969]   MEM window: disabled.
</I>&gt;<i> [   38.518971]   PREFETCH window: disabled.
</I>&gt;<i> [   38.518974] PCI: Bridge: 0000:00:1c.4
</I>&gt;<i> [   38.518976]   IO window: c000-cfff
</I>&gt;<i> [   38.518979]   MEM window: e6000000-e6ffffff
</I>&gt;<i> [   38.518982]   PREFETCH window: disabled.
</I>&gt;<i> [   38.518986] PCI: Bridge: 0000:00:1c.5
</I>&gt;<i> [   38.518987]   IO window: d000-dfff
</I>&gt;<i> [   38.518990]   MEM window: e7000000-e7ffffff
</I>&gt;<i> [   38.518993]   PREFETCH window: e8000000-e80fffff
</I>&gt;<i> [   38.518997] PCI: Bridge: 0000:00:1e.0
</I>&gt;<i> [   38.518998]   IO window: disabled.
</I>&gt;<i> [   38.519001]   MEM window: e8100000-e81fffff
</I>&gt;<i> [   38.519004]   PREFETCH window: disabled.
</I>&gt;<i> [   38.519017] ACPI: PCI Interrupt 0000:00:01.0[A] -&gt; GSI 16 (level,
</I>&gt;<i> low) -&gt; IRQ 16
</I>&gt;<i> [   38.519021] PCI: Setting latency timer of device 0000:00:01.0 to 64
</I>&gt;<i> [   38.519037] ACPI: PCI Interrupt 0000:00:1c.0[A] -&gt; GSI 16 (level,
</I>&gt;<i> low) -&gt; IRQ 16
</I>&gt;<i> [   38.519041] PCI: Setting latency timer of device 0000:00:1c.0 to 64
</I>&gt;<i> [   38.519054] ACPI: PCI Interrupt 0000:00:1c.4[A] -&gt; GSI 16 (level,
</I>&gt;<i> low) -&gt; IRQ 16
</I>&gt;<i> [   38.519058] PCI: Setting latency timer of device 0000:00:1c.4 to 64
</I>&gt;<i> [   38.519071] ACPI: PCI Interrupt 0000:00:1c.5[B] -&gt; GSI 17 (level,
</I>&gt;<i> low) -&gt; IRQ 17
</I>&gt;<i> [   38.519075] PCI: Setting latency timer of device 0000:00:1c.5 to 64
</I>&gt;<i> [   38.519082] PCI: Setting latency timer of device 0000:00:1e.0 to 64
</I>&gt;<i> [   38.519093] NET: Registered protocol family 2
</I>&gt;<i> [   38.554479] IP route cache hash table entries: 65536 (order: 7,
</I>&gt;<i> 524288 bytes)
</I>&gt;<i> [   38.554971] TCP established hash table entries: 262144 (order: 10,
</I>&gt;<i> 4194304 bytes)
</I>&gt;<i> [   38.556278] TCP bind hash table entries: 65536 (order: 8, 1048576
</I>&gt;<i> bytes)
</I>&gt;<i> [   38.556775] TCP: Hash tables configured (established 262144 bind
</I>&gt;<i> 65536)
</I>&gt;<i> [   38.556777] TCP reno registered
</I>&gt;<i> [   38.566523] checking if image is initramfs... it is
</I>&gt;<i> [   39.157035] Freeing initrd memory: 7983k freed
</I>&gt;<i> [   39.161240] audit: initializing netlink socket (disabled)
</I>&gt;<i> [   39.161258] audit(1221069602.412:1): initialized
</I>&gt;<i> [   39.162821] VFS: Disk quotas dquot_6.5.1
</I>&gt;<i> [   39.162869] Dquot-cache hash table entries: 512 (order 0, 4096
</I>&gt;<i> bytes)
</I>&gt;<i> [   39.162960] io scheduler noop registered
</I>&gt;<i> [   39.162961] io scheduler anticipatory registered
</I>&gt;<i> [   39.162962] io scheduler deadline registered
</I>&gt;<i> [   39.163040] io scheduler cfq registered (default)
</I>&gt;<i> [   39.166298] Boot video device is 0000:01:00.0
</I>&gt;<i> [   39.166434] PCI: Setting latency timer of device 0000:00:01.0 to 64
</I>&gt;<i> [   39.166458] assign_interrupt_mode Found MSI capability
</I>&gt;<i> [   39.166479] Allocate Port Service[0000:00:01.0:pcie00]
</I>&gt;<i> [   39.166547] PCI: Setting latency timer of device 0000:00:1c.0 to 64
</I>&gt;<i> [   39.166578] assign_interrupt_mode Found MSI capability
</I>&gt;<i> [   39.166603] Allocate Port Service[0000:00:1c.0:pcie00]
</I>&gt;<i> [   39.166624] Allocate Port Service[0000:00:1c.0:pcie02]
</I>&gt;<i> [   39.166686] PCI: Setting latency timer of device 0000:00:1c.4 to 64
</I>&gt;<i> [   39.166717] assign_interrupt_mode Found MSI capability
</I>&gt;<i> [   39.166741] Allocate Port Service[0000:00:1c.4:pcie00]
</I>&gt;<i> [   39.166766] Allocate Port Service[0000:00:1c.4:pcie02]
</I>&gt;<i> [   39.166826] PCI: Setting latency timer of device 0000:00:1c.5 to 64
</I>&gt;<i> [   39.166857] assign_interrupt_mode Found MSI capability
</I>&gt;<i> [   39.166881] Allocate Port Service[0000:00:1c.5:pcie00]
</I>&gt;<i> [   39.166904] Allocate Port Service[0000:00:1c.5:pcie02]
</I>&gt;<i> [   39.184378] Real Time Clock Driver v1.12ac
</I>&gt;<i> [   39.184507] hpet_resources: 0xfed00000 is busy
</I>&gt;<i> [   39.184551] Linux agpgart interface v0.102
</I>&gt;<i> [   39.184553] Serial: 8250/16550 driver $Revision: 1.90 $ 4 ports, IRQ
</I>&gt;<i> sharing enabled
</I>&gt;<i> [   39.184658] serial8250: ttyS0 at I/O 0x3f8 (irq = 4) is a 16550A
</I>&gt;<i> [   39.185058] 00:08: ttyS0 at I/O 0x3f8 (irq = 4) is a 16550A
</I>&gt;<i> [   39.185598] RAMDISK driver initialized: 16 RAM disks of 65536K size
</I>&gt;<i> 1024 blocksize
</I>&gt;<i> [   39.185644] input: Macintosh mouse button emulation as
</I>&gt;<i> /devices/virtual/input/input0
</I>&gt;<i> [   39.185708] PNP: PS/2 Controller [PNP0303:PS2K] at 0x60,0x64 irq 1
</I>&gt;<i> [   39.185710] PNP: PS/2 appears to have AUX port disabled, if this is
</I>&gt;<i> incorrect please boot with i8042.nopnp
</I>&gt;<i> [   39.185778] serio: i8042 KBD port at 0x60,0x64 irq 1
</I>&gt;<i> [   39.198947] mice: PS/2 mouse device common for all mice
</I>&gt;<i> [   39.198984] cpuidle: using governor ladder
</I>&gt;<i> [   39.198986] cpuidle: using governor menu
</I>&gt;<i> [   39.199098] NET: Registered protocol family 1
</I>&gt;<i> [   39.199173] registered taskstats version 1
</I>&gt;<i> [   39.199264]   Magic number: 8:639:38
</I>&gt;<i> [   39.199311]   hash matches device 00:0a
</I>&gt;<i> [   39.199322] /build/buildd/linux-2.6.24/drivers/rtc/hctosys.c: unable
</I>&gt;<i> to open rtc device (rtc0)
</I>&gt;<i> [   39.199324] BIOS EDD facility v0.16 2004-Jun-25, 0 devices found
</I>&gt;<i> [   39.199326] EDD information not available.
</I>&gt;<i> [   39.199332] Freeing unused kernel memory: 320k freed
</I>&gt;<i> [   39.233574] input: AT Translated Set 2 keyboard as
</I>&gt;<i> /devices/platform/i8042/serio0/input/input1
</I>&gt;<i> [   40.343760] fuse init (API version 7.9)
</I>&gt;<i> [   40.357026] ACPI: SSDT 7FEE7F80, 022A (r1  PmRef  Cpu0Ist     3000
</I>&gt;<i> INTL 20040311)
</I>&gt;<i> [   40.357212] ACPI: CPU0 (power states: C1[C1] C2[C2])
</I>&gt;<i> [   40.357215] ACPI: Processor [CPU0] (supports 8 throttling states)
</I>&gt;<i> [   40.357326] ACPI: SSDT 7FEE8440, 0152 (r1  PmRef  Cpu1Ist     3000
</I>&gt;<i> INTL 20040311)
</I>&gt;<i> [   40.357543] ACPI: CPU1 (power states: C1[C1] C2[C2])
</I>&gt;<i> [   40.357549] ACPI: Processor [CPU1] (supports 8 throttling states)
</I>&gt;<i> [   40.357697] ACPI: SSDT 7FEE85A0, 0152 (r1  PmRef  Cpu2Ist     3000
</I>&gt;<i> INTL 20040311)
</I>&gt;<i> [   40.357899] ACPI: CPU2 (power states: C1[C1] C2[C2])
</I>&gt;<i> [   40.357903] ACPI: Processor [CPU2] (supports 8 throttling states)
</I>&gt;<i> [   40.358006] ACPI: SSDT 7FEE8700, 0152 (r1  PmRef  Cpu3Ist     3000
</I>&gt;<i> INTL 20040311)
</I>&gt;<i> [   40.358183] ACPI: CPU3 (power states: C1[C1] C2[C2])
</I>&gt;<i> [   40.358187] ACPI: Processor [CPU3] (supports 8 throttling states)
</I>&gt;<i> [   40.446890] usbcore: registered new interface driver usbfs
</I>&gt;<i> [   40.446918] usbcore: registered new interface driver hub
</I>&gt;<i> [   40.447172] usbcore: registered new device driver usb
</I>&gt;<i> [   40.447849] USB Universal Host Controller Interface driver v3.0
</I>&gt;<i> [   40.447904] ACPI: PCI Interrupt 0000:00:1a.0[A] -&gt; GSI 16 (level,
</I>&gt;<i> low) -&gt; IRQ 16
</I>&gt;<i> [   40.447915] PCI: Setting latency timer of device 0000:00:1a.0 to 64
</I>&gt;<i> [   40.447918] uhci_hcd 0000:00:1a.0: UHCI Host Controller
</I>&gt;<i> [   40.448150] uhci_hcd 0000:00:1a.0: new USB bus registered,
</I>&gt;<i> assigned bus number 1
</I>&gt;<i> [   40.448177] uhci_hcd 0000:00:1a.0: irq 16, io base 0x0000e100
</I>&gt;<i> [   40.448271] usb usb1: configuration #1 chosen from 1 choice
</I>&gt;<i> [   40.448287] hub 1-0:1.0: USB hub found
</I>&gt;<i> [   40.448290] hub 1-0:1.0: 2 ports detected
</I>&gt;<i> [   40.510624] SCSI subsystem initialized
</I>&gt;<i> [   40.515051] libata version 3.00 loaded.
</I>&gt;<i> [   40.551313] ACPI: PCI Interrupt 0000:00:1a.1[B] -&gt; GSI 21 (level,
</I>&gt;<i> low) -&gt; IRQ 21
</I>&gt;<i> [   40.551326] PCI: Setting latency timer of device 0000:00:1a.1 to 64
</I>&gt;<i> [   40.551329] uhci_hcd 0000:00:1a.1: UHCI Host Controller
</I>&gt;<i> [   40.551375] uhci_hcd 0000:00:1a.1: new USB bus registered,
</I>&gt;<i> assigned bus number 2
</I>&gt;<i> [   40.551404] uhci_hcd 0000:00:1a.1: irq 21, io base 0x0000e200
</I>&gt;<i> [   40.551410] Floppy drive(s): fd0 is 1.44M
</I>&gt;<i> [   40.551486] usb usb2: configuration #1 chosen from 1 choice
</I>&gt;<i> [   40.551509] hub 2-0:1.0: USB hub found
</I>&gt;<i> [   40.551513] hub 2-0:1.0: 2 ports detected
</I>&gt;<i> [   40.568378] FDC 0 is a post-1991 82077
</I>&gt;<i> [   40.651167] ACPI: PCI Interrupt 0000:00:1a.2[C] -&gt; GSI 18 (level,
</I>&gt;<i> low) -&gt; IRQ 18
</I>&gt;<i> [   40.651176] PCI: Setting latency timer of device 0000:00:1a.2 to 64
</I>&gt;<i> [   40.651178] uhci_hcd 0000:00:1a.2: UHCI Host Controller
</I>&gt;<i> [   40.651195] uhci_hcd 0000:00:1a.2: new USB bus registered,
</I>&gt;<i> assigned bus number 3
</I>&gt;<i> [   40.651218] uhci_hcd 0000:00:1a.2: irq 18, io base 0x0000e000
</I>&gt;<i> [   40.651289] usb usb3: configuration #1 chosen from 1 choice
</I>&gt;<i> [   40.651305] hub 3-0:1.0: USB hub found
</I>&gt;<i> [   40.651308] hub 3-0:1.0: 2 ports detected
</I>&gt;<i> [   40.755006] ACPI: PCI Interrupt 0000:00:1d.0[A] -&gt; GSI 23 (level,
</I>&gt;<i> low) -&gt; IRQ 23
</I>&gt;<i> [   40.755015] PCI: Setting latency timer of device 0000:00:1d.0 to 64
</I>&gt;<i> [   40.755018] uhci_hcd 0000:00:1d.0: UHCI Host Controller
</I>&gt;<i> [   40.755035] uhci_hcd 0000:00:1d.0: new USB bus registered,
</I>&gt;<i> assigned bus number 4
</I>&gt;<i> [   40.755058] uhci_hcd 0000:00:1d.0: irq 23, io base 0x0000e300
</I>&gt;<i> [   40.755127] usb usb4: configuration #1 chosen from 1 choice
</I>&gt;<i> [   40.755141] hub 4-0:1.0: USB hub found
</I>&gt;<i> [   40.755145] hub 4-0:1.0: 2 ports detected
</I>&gt;<i> [   40.786865] usb 1-1: new low speed USB device using uhci_hcd and
</I>&gt;<i> address 2
</I>&gt;<i> [   40.858819] ACPI: PCI Interrupt 0000:00:1d.1[B] -&gt; GSI 19 (level,
</I>&gt;<i> low) -&gt; IRQ 19
</I>&gt;<i> [   40.858827] PCI: Setting latency timer of device 0000:00:1d.1 to 64
</I>&gt;<i> [   40.858831] uhci_hcd 0000:00:1d.1: UHCI Host Controller
</I>&gt;<i> [   40.858852] uhci_hcd 0000:00:1d.1: new USB bus registered,
</I>&gt;<i> assigned bus number 5
</I>&gt;<i> [   40.858877] uhci_hcd 0000:00:1d.1: irq 19, io base 0x0000e400
</I>&gt;<i> [   40.858964] usb usb5: configuration #1 chosen from 1 choice
</I>&gt;<i> [   40.858979] hub 5-0:1.0: USB hub found
</I>&gt;<i> [   40.858982] hub 5-0:1.0: 2 ports detected
</I>&gt;<i> [   40.962653] ACPI: PCI Interrupt 0000:00:1d.2[C] -&gt; GSI 18 (level,
</I>&gt;<i> low) -&gt; IRQ 18
</I>&gt;<i> [   40.962660] PCI: Setting latency timer of device 0000:00:1d.2 to 64
</I>&gt;<i> [   40.962663] uhci_hcd 0000:00:1d.2: UHCI Host Controller
</I>&gt;<i> [   40.962684] uhci_hcd 0000:00:1d.2: new USB bus registered,
</I>&gt;<i> assigned bus number 6
</I>&gt;<i> [   40.962706] uhci_hcd 0000:00:1d.2: irq 18, io base 0x0000e500
</I>&gt;<i> [   40.962792] usb usb6: configuration #1 chosen from 1 choice
</I>&gt;<i> [   40.962814] hub 6-0:1.0: USB hub found
</I>&gt;<i> [   40.962818] hub 6-0:1.0: 2 ports detected
</I>&gt;<i> [   40.963510] usb 1-1: configuration #1 chosen from 1 choice
</I>&gt;<i> [   41.066518] ACPI: PCI Interrupt 0000:00:1a.7[C] -&gt; GSI 18 (level,
</I>&gt;<i> low) -&gt; IRQ 18
</I>&gt;<i> [   41.067549] PCI: Setting latency timer of device 0000:00:1a.7 to 64
</I>&gt;<i> [   41.067556] ehci_hcd 0000:00:1a.7: EHCI Host Controller
</I>&gt;<i> [   41.067609] ehci_hcd 0000:00:1a.7: new USB bus registered,
</I>&gt;<i> assigned bus number 7
</I>&gt;<i> [   41.071529] PCI: cache line size of 32 is not supported by device
</I>&gt;<i> 0000:00:1a.7
</I>&gt;<i> [   41.071536] ehci_hcd 0000:00:1a.7: irq 18, io mem 0xe8205000
</I>&gt;<i> [   41.087690] ehci_hcd 0000:00:1a.7: USB 2.0 started, EHCI 1.00,
</I>&gt;<i> driver 10 Dec 2004
</I>&gt;<i> [   41.087783] usb usb7: configuration #1 chosen from 1 choice
</I>&gt;<i> [   41.087800] hub 7-0:1.0: USB hub found
</I>&gt;<i> [   41.087805] hub 7-0:1.0: 6 ports detected
</I>&gt;<i> [   41.191410] ACPI: PCI Interrupt 0000:00:1d.7[A] -&gt; GSI 23 (level,
</I>&gt;<i> low) -&gt; IRQ 23
</I>&gt;<i> [   41.191414] ACPI: PCI Interrupt 0000:05:00.0[A] -&gt; GSI 20 (level,
</I>&gt;<i> low) -&gt; IRQ 20
</I>&gt;<i> [   41.192217] PCI: Setting latency timer of device 0000:00:1d.7 to 64
</I>&gt;<i> [   41.192222] ehci_hcd 0000:00:1d.7: EHCI Host Controller
</I>&gt;<i> [   41.192272] ehci_hcd 0000:00:1d.7: new USB bus registered,
</I>&gt;<i> assigned bus number 8
</I>&gt;<i> [   41.196187] PCI: cache line size of 32 is not supported by device
</I>&gt;<i> 0000:00:1d.7
</I>&gt;<i> [   41.196192] ehci_hcd 0000:00:1d.7: irq 23, io mem 0xe8204000
</I>&gt;<i> [   41.210196] ehci_hcd 0000:00:1d.7: USB 2.0 started, EHCI 1.00,
</I>&gt;<i> driver 10 Dec 2004
</I>&gt;<i> [   41.210837] usb usb8: configuration #1 chosen from 1 choice
</I>&gt;<i> [   41.210862] hub 8-0:1.0: USB hub found
</I>&gt;<i> [   41.210869] hub 8-0:1.0: 6 ports detected
</I>&gt;<i> [   41.211102] ssb: Core 0 found: ChipCommon (cc 0x800, rev 0x0D,
</I>&gt;<i> vendor 0x4243)
</I>&gt;<i> [   41.211110] ssb: Core 1 found: IEEE 802.11 (cc 0x812, rev 0x09,
</I>&gt;<i> vendor 0x4243)
</I>&gt;<i> [   41.211115] ssb: Core 2 found: PCI (cc 0x804, rev 0x0C, vendor
</I>&gt;<i> 0x4243)
</I>&gt;<i> [   41.211119] ssb: Core 3 found: PCMCIA (cc 0x80D, rev 0x07, vendor
</I>&gt;<i> 0x4243)
</I>&gt;<i> [   41.250183] ssb: Sonics Silicon Backplane found on PCI device
</I>&gt;<i> 0000:05:00.0
</I>&gt;<i> [   41.314118] r8169 Gigabit Ethernet driver 2.2LK loaded
</I>&gt;<i> [   41.314146] ACPI: PCI Interrupt 0000:04:00.0[A] -&gt; GSI 17 (level,
</I>&gt;<i> low) -&gt; IRQ 17
</I>&gt;<i> [   41.314166] PCI: Setting latency timer of device 0000:04:00.0 to 64
</I>&gt;<i> [   41.314398] eth0: RTL8168c/8111c at 0xffffc200008b4000,
</I>&gt;<i> 00:1f:d0:83:71:b4, XID 3c4000c0 IRQ 507
</I>&gt;<i> [   41.316144] ahci 0000:00:1f.2: version 3.0
</I>&gt;<i> [   41.316172] ACPI: PCI Interrupt 0000:00:1f.2[B] -&gt; &lt;6&gt;ACPI: PCI
</I>&gt;<i> Interrupt 0000:03:00.0[A] -&gt; GSI 16 (level, low) -&gt; IRQ 16
</I>&gt;<i> [   41.316176] GSI 19 (level, low) -&gt; IRQ 19
</I>&gt;<i> [   41.316571] PCI: Setting latency timer of device 0000:03:00.0 to 64
</I>&gt;<i> [   41.316720] scsi0 : pata_jmicron
</I>&gt;<i> [   41.316783] scsi1 : pata_jmicron
</I>&gt;<i> [   41.317214] ata1: PATA max UDMA/100 cmd 0xc000 ctl 0xc100
</I>&gt;<i> bmdma 0xc400 irq 16
</I>&gt;<i> [   41.317217] ata2: PATA max UDMA/100 cmd 0xc200 ctl 0xc300
</I>&gt;<i> bmdma 0xc408 irq 16
</I>&gt;<i> [   41.609567] usb 1-1: USB disconnect, address 2
</I>&gt;<i> [   41.609587] usbcore: registered new interface driver hiddev
</I>&gt;<i> [   41.634066] ata1.00: ATAPI: PIONEER DVD-RW  DVR-111D, 1.06, max
</I>&gt;<i> UDMA/66
</I>&gt;<i> [   41.805774] ata1.00: configured for UDMA/66
</I>&gt;<i> [   41.967430] scsi 0:0:0:0: CD-ROM            PIONEER  DVD-RW
</I>&gt;<i> DVR-111D 1.06 PQ: 0 ANSI: 5
</I>&gt;<i> [   42.316463] ahci 0000:00:1f.2: AHCI 0001.0200 32 slots 6 ports 3
</I>&gt;<i> Gbps 0x3f impl SATA mode
</I>&gt;<i> [   42.316467] ahci 0000:00:1f.2: flags: 64bit ncq sntf stag pm led clo
</I>&gt;<i> pmp pio slum part
</I>&gt;<i> [   42.316472] PCI: Setting latency timer of device 0000:00:1f.2 to 64
</I>&gt;<i> [   42.316695] scsi2 : ahci
</I>&gt;<i> [   42.316745] scsi3 : ahci
</I>&gt;<i> [   42.316783] scsi4 : ahci
</I>&gt;<i> [   42.316814] scsi5 : ahci
</I>&gt;<i> [   42.316843] scsi6 : ahci
</I>&gt;<i> [   42.316873] scsi7 : ahci
</I>&gt;<i> [   42.316941] ata3: SATA max UDMA/133 abar <A HREF="https://lists.berlios.de/mailman/listinfo/bcm43xx-dev">m2048 at 0xe8206000</A>
</I>&gt;<i> port 0xe8206100 irq 506
</I>&gt;<i> [   42.316943] ata4: SATA max UDMA/133 abar <A HREF="https://lists.berlios.de/mailman/listinfo/bcm43xx-dev">m2048 at 0xe8206000</A>
</I>&gt;<i> port 0xe8206180 irq 506
</I>&gt;<i> [   42.316945] ata5: SATA max UDMA/133 abar <A HREF="https://lists.berlios.de/mailman/listinfo/bcm43xx-dev">m2048 at 0xe8206000</A>
</I>&gt;<i> port 0xe8206200 irq 506
</I>&gt;<i> [   42.316947] ata6: SATA max UDMA/133 abar <A HREF="https://lists.berlios.de/mailman/listinfo/bcm43xx-dev">m2048 at 0xe8206000</A>
</I>&gt;<i> port 0xe8206280 irq 506
</I>&gt;<i> [   42.316949] ata7: SATA max UDMA/133 abar <A HREF="https://lists.berlios.de/mailman/listinfo/bcm43xx-dev">m2048 at 0xe8206000</A>
</I>&gt;<i> port 0xe8206300 irq 506
</I>&gt;<i> [   42.316951] ata8: SATA max UDMA/133 abar <A HREF="https://lists.berlios.de/mailman/listinfo/bcm43xx-dev">m2048 at 0xe8206000</A>
</I>&gt;<i> port 0xe8206380 irq 506
</I>&gt;<i> [   42.400299] usb 8-1: new high speed USB device using ehci_hcd
</I>&gt;<i> and address 2
</I>&gt;<i> [   42.534781] usb 8-1: configuration #1 chosen from 1 choice
</I>&gt;<i> [   42.771707] usb 8-5: new high speed USB device using ehci_hcd
</I>&gt;<i> and address 3
</I>&gt;<i> [   42.907335] usb 8-5: configuration #1 chosen from 1 choice
</I>&gt;<i> [   42.955420] ata3: SATA link up 3.0 Gbps (SStatus 123 SControl 300)
</I>&gt;<i> [   42.964827] ata3.00: ATA-7: WDC WD7500AAKS-00RBA0, 30.04G30,
</I>&gt;<i> max UDMA/133
</I>&gt;<i> [   42.964830] ata3.00: 1465149168 sectors, multi 0: LBA48 NCQ
</I>&gt;<i> (depth 31/32)
</I>&gt;<i> [   42.965685] ata3.00: configured for UDMA/133
</I>&gt;<i> [   43.143189] usbcore: registered new interface driver usbhid
</I>&gt;<i> [   43.143193] /build/buildd/linux-2.6.24/drivers/hid/usbhid/hid-core.c:
</I>&gt;<i> v2.6:USB HID core driver
</I>&gt;<i> [   43.143235] usbcore: registered new interface driver libusual
</I>&gt;<i> [   43.145573] Initializing USB Mass Storage driver...
</I>&gt;<i> [   43.383764] usb 6-2: new full speed USB device using uhci_hcd and
</I>&gt;<i> address 2
</I>&gt;<i> [   43.570850] usb 6-2: configuration #1 chosen from 1 choice
</I>&gt;<i> [   43.580164] scsi8 : SCSI emulation for USB Mass Storage devices
</I>&gt;<i> [   43.580649] usbcore: registered new interface driver usb-storage
</I>&gt;<i> [   43.580651] USB Mass Storage support registered.
</I>&gt;<i> [   43.580731] usb-storage: device found at 2
</I>&gt;<i> [   43.580732] usb-storage: waiting for device to settle before
</I>&gt;<i> scanning
</I>&gt;<i> [   43.606384] ata4: SATA link up 3.0 Gbps (SStatus 123 SControl 300)
</I>&gt;<i> [   43.643498] ata4.00: ATA-7: ST3160811AS, 3.AAE, max UDMA/133
</I>&gt;<i> [   43.643501] ata4.00: 312581808 sectors, multi 0: LBA48 NCQ
</I>&gt;<i> (depth 31/32)
</I>&gt;<i> [   43.701722] ata4.00: configured for UDMA/133
</I>&gt;<i> [   43.810070] usb 1-1: new low speed USB device using uhci_hcd and
</I>&gt;<i> address 3
</I>&gt;<i> [   43.986886] usb 1-1: configuration #1 chosen from 1 choice
</I>&gt;<i> [   44.004009] input: B16_b_02 USB-PS/2 Optical Mouse as
</I>&gt;<i> /devices/pci0000:00/0000:00:1a.0/usb1/1-1/1-1:1.0/input/input2
</I>&gt;<i> [   44.017737] ata5: SATA link down (SStatus 0 SControl 300)
</I>&gt;<i> [   44.021775] input,hidraw0: USB HID v1.10 Mouse [B16_b_02 USB-
</I>&gt;<i> PS/2 Optical Mouse] on usb-0000:00:1a.0-1
</I>&gt;<i> [   44.261343] usb 2-2: new full speed USB device using uhci_hcd and
</I>&gt;<i> address 2
</I>&gt;<i> [   44.337240] ata6: SATA link down (SStatus 0 SControl 300)
</I>&gt;<i> [   44.448579] usb 2-2: configuration #1 chosen from 1 choice
</I>&gt;<i> [   44.656721] ata7: SATA link down (SStatus 0 SControl 300)
</I>&gt;<i> [   44.980206] ata8: SATA link down (SStatus 0 SControl 300)
</I>&gt;<i> [   44.980315] scsi 2:0:0:0: Direct-Access     ATA      WDC
</I>&gt;<i> WD7500AAKS-0 30.0 PQ: 0 ANSI: 5
</I>&gt;<i> [   44.980429] scsi 3:0:0:0: Direct-Access     ATA      ST3160811AS
</I>&gt;<i> 3.AA PQ: 0 ANSI: 5
</I>&gt;<i> [   44.987269] Driver 'sd' needs updating - please use bus_type
</I>&gt;<i> methods
</I>&gt;<i> [   44.990425] Driver 'sr' needs updating - please use bus_type
</I>&gt;<i> methods
</I>&gt;<i> [   44.996723] sd 2:0:0:0: [sda] 1465149168 512-byte hardware
</I>&gt;<i> sectors (750156 MB)
</I>&gt;<i> [   44.996731] sd 2:0:0:0: [sda] Write Protect is off
</I>&gt;<i> [   44.996733] sd 2:0:0:0: [sda] Mode Sense: 00 3a 00 00
</I>&gt;<i> [   44.996744] sd 2:0:0:0: [sda] Write cache: enabled, read cache:
</I>&gt;<i> enabled, doesn't support DPO or FUA
</I>&gt;<i> [   44.996793] sd 2:0:0:0: [sda] 1465149168 512-byte hardware
</I>&gt;<i> sectors (750156 MB)
</I>&gt;<i> [   44.996835] sd 2:0:0:0: [sda] Write Protect is off
</I>&gt;<i> [   44.996837] sd 2:0:0:0: [sda] Mode Sense: 00 3a 00 00
</I>&gt;<i> [   44.996848] sd 2:0:0:0: [sda] Write cache: enabled, read cache:
</I>&gt;<i> enabled, doesn't support DPO or FUA
</I>&gt;<i> [   44.996851]  sda: sda1 sda2 sda3 sda4 &lt; sda5sr0: scsi3-mmc
</I>&gt;<i> drive: 40x/40x writer cd/rw xa/form2 cdda tray
</I>&gt;<i> [   45.021368] Uniform CD-ROM driver Revision: 3.20
</I>&gt;<i> [   45.021396] sr 0:0:0:0: Attached scsi CD-ROM sr0
</I>&gt;<i> [   45.029173]  sda6 sda7 &gt;
</I>&gt;<i> [   45.051763] sd 2:0:0:0: [sda] Attached SCSI disk
</I>&gt;<i> [   45.051817] sd 3:0:0:0: [sdb] 312581808 512-byte hardware
</I>&gt;<i> sectors (160042 MB)
</I>&gt;<i> [   45.051826] sd 3:0:0:0: [sdb] Write Protect is off
</I>&gt;<i> [   45.051828] sd 3:0:0:0: [sdb] Mode Sense: 00 3a 00 00
</I>&gt;<i> [   45.051839] sd 3:0:0:0: [sdb] Write cache: enabled, read cache:
</I>&gt;<i> enabled, doesn't support DPO or FUA
</I>&gt;<i> [   45.051870] sd 3:0:0:0: [sdb] 312581808 512-byte hardware
</I>&gt;<i> sectors (160042 MB)
</I>&gt;<i> [   45.051877] sd 3:0:0:0: [sdb] Write Protect is off
</I>&gt;<i> [   45.051878] sd 3:0:0:0: [sdb] Mode Sense: 00 3a 00 00
</I>&gt;<i> [   45.051889] sd 3:0:0:0: [sdb] Write cache: enabled, read cache:
</I>&gt;<i> enabled, doesn't support DPO or FUA
</I>&gt;<i> [   45.051891]  sdb: sdb1
</I>&gt;<i> [   45.072117] sd 3:0:0:0: [sdb] Attached SCSI disk
</I>&gt;<i> [   45.074906] sr 0:0:0:0: Attached scsi generic sg0 type 5
</I>&gt;<i> [   45.074921] sd 2:0:0:0: Attached scsi generic sg1 type 0
</I>&gt;<i> [   45.074935] sd 3:0:0:0: Attached scsi generic sg2 type 0
</I>&gt;<i> [   45.363886] Attempting manual resume
</I>&gt;<i> [   45.363889] swsusp: Resume From Partition 8:3
</I>&gt;<i> [   45.363890] PM: Checking swsusp image.
</I>&gt;<i> [   45.364021] PM: Resume from disk failed.
</I>&gt;<i> [   45.383661] kjournald starting.  Commit interval 5 seconds
</I>&gt;<i> [   45.383670] EXT3-fs: mounted filesystem with ordered data mode.
</I>&gt;<i> [   48.574741] usb-storage: device scan complete
</I>&gt;<i> [   48.575617] scsi 8:0:0:0: Direct-Access     JetFlash TS2GJFV90
</I>&gt;<i> 1100 PQ: 0 ANSI: 0 CCS
</I>&gt;<i> [   48.576849] sd 8:0:0:0: [sdc] 3964928 512-byte hardware sectors
</I>&gt;<i> (2030 MB)
</I>&gt;<i> [   48.577602] sd 8:0:0:0: [sdc] Write Protect is off
</I>&gt;<i> [   48.577604] sd 8:0:0:0: [sdc] Mode Sense: 43 00 00 00
</I>&gt;<i> [   48.577606] sd 8:0:0:0: [sdc] Assuming drive cache: write through
</I>&gt;<i> [   48.580349] sd 8:0:0:0: [sdc] 3964928 512-byte hardware sectors
</I>&gt;<i> (2030 MB)
</I>&gt;<i> [   48.581095] sd 8:0:0:0: [sdc] Write Protect is off
</I>&gt;<i> [   48.581097] sd 8:0:0:0: [sdc] Mode Sense: 43 00 00 00
</I>&gt;<i> [   48.581102] sd 8:0:0:0: [sdc] Assuming drive cache: write through
</I>&gt;<i> [   48.581105]  sdc: sdc1
</I>&gt;<i> [   48.581790] sd 8:0:0:0: [sdc] Attached SCSI removable disk
</I>&gt;<i> [   48.581820] sd 8:0:0:0: Attached scsi generic sg3 type 0
</I>&gt;<i> [   50.548051] input: Power Button (FF) as /devices/virtual/input/input3
</I>&gt;<i> [   50.575022] input: PC Speaker as
</I>&gt;<i> /devices/platform/pcspkr/input/input4
</I>&gt;<i> [   50.579833] ACPI: Power Button (FF) [PWRF]
</I>&gt;<i> [   50.579882] input: Power Button (CM) as
</I>&gt;<i> /devices/virtual/input/input5
</I>&gt;<i> [   50.632228] ACPI: Power Button (CM) [PWRB]
</I>&gt;<i> [   50.664511] pci_hotplug: PCI Hot Plug PCI Core version: 0.5
</I>&gt;<i> [   50.666668] shpchp: Standard Hot Plug PCI Controller Driver
</I>&gt;<i> version: 0.4
</I>&gt;<i> [   50.741101] Linux video capture interface: v2.00
</I>&gt;<i> [   50.925931] udev: renamed network interface eth0 to eth2
</I>&gt;<i> [   51.100198] saa7130/34: v4l2 driver version 0.2.14 loaded
</I>&gt;<i> [   51.100261] ACPI: PCI Interrupt 0000:05:01.0[A] -&gt; GSI 19 (level,
</I>&gt;<i> low) -&gt; IRQ 19
</I>&gt;<i> [   51.100268] saa7133[0]: found at 0000:05:01.0, rev: 209, irq: 19,
</I>&gt;<i> latency: 32, mmio: 0xe8102000
</I>&gt;<i> [   51.100273] saa7133[0]: subsystem: 1461:9715, board: Avermedia
</I>&gt;<i> AVerTV Studio 507 [card=102,autodetected]
</I>&gt;<i> [   51.100281] saa7133[0]: board init: gpio is 208
</I>&gt;<i> [   51.100331] input: saa7134 IR (Avermedia AVerTV St as
</I>&gt;<i> /devices/pci0000:00/0000:00:1e.0/0000:05:01.0/input/input6
</I>&gt;<i> [   51.278783] fglrx: module license 'Proprietary. (C) 2002 - ATI
</I>&gt;<i> Technologies, Starnberg, GERMANY' taints kernel.
</I>&gt;<i> [   51.287369] saa7133[0]: i2c eeprom 00: 61 14 15 97 ff ff ff ff ff ff ff
</I>&gt;<i> ff ff ff ff ff
</I>&gt;<i> [   51.287376] saa7133[0]: i2c eeprom 10: ff ff ff ff ff ff ff ff ff ff ff ff ff ff
</I>&gt;<i> ff ff
</I>&gt;<i> [   51.287381] saa7133[0]: i2c eeprom 20: ff f1 f7 ff ff ff ff ff ff ff ff ff ff
</I>&gt;<i> ff ff ff
</I>&gt;<i> [   51.287386] saa7133[0]: i2c eeprom 30: ff ff ff ff ff ff ff ff ff ff ff ff ff ff
</I>&gt;<i> ff ff
</I>&gt;<i> [   51.287390] saa7133[0]: i2c eeprom 40: ff ff ff ff ff ff ff ff ff ff ff ff ff ff
</I>&gt;<i> ff ff
</I>&gt;<i> [   51.287395] saa7133[0]: i2c eeprom 50: ff ff ff ff ff ff ff ff ff ff ff ff ff ff
</I>&gt;<i> ff ff
</I>&gt;<i> [   51.287399] saa7133[0]: i2c eeprom 60: ff ff ff ff ff ff ff ff ff ff ff ff ff ff
</I>&gt;<i> ff ff
</I>&gt;<i> [   51.287404] saa7133[0]: i2c eeprom 70: ff ff ff ff ff ff ff ff ff ff ff ff ff ff
</I>&gt;<i> ff ff
</I>&gt;<i> [   51.293138] [fglrx]   vendor: 1002 device: 9505 count: 1
</I>&gt;<i> [   51.293242] [fglrx] Maximum main memory to use for locked dma
</I>&gt;<i> buffers: 1886 MBytes.
</I>&gt;<i> [   51.294927] [fglrx] PAT is enabled successfully!
</I>&gt;<i> [   51.294954] [fglrx] module loaded - fglrx 8.50.3 [Jun  2 2008] with 1
</I>&gt;<i> minors
</I>&gt;<i> [   51.379676] /build/buildd/linux-ubuntu-
</I>&gt;<i> modules-2.6.24-2.6.24/debian/build/build-
</I>&gt;<i> generic/media/gspcav1/gspca_core.c: USB GSPCA camera found.
</I>&gt;<i> (ZC3XX)
</I>&gt;<i> [   51.395944] parport_pc 00:09: reported by Plug and Play ACPI
</I>&gt;<i> [   51.395989] parport0: PC-style at 0x378, irq 7 [PCSPP,TRISTATE]
</I>&gt;<i> [   51.411803] usblp0: USB Bidirectional printer dev 2 if 0 alt 0 proto 2
</I>&gt;<i> vid 0x03F0 pid 0x8104
</I>&gt;<i> [   51.471480] tuner 0-0043: chip found @ 0x86 (saa7133[0])
</I>&gt;<i> [   51.471508] tda9887 0-0043: tda988[5/6/7] found @ 0x43 (tuner)
</I>&gt;<i> [   51.471510] tuner 0-0043: type set to tda9887
</I>&gt;<i> [   51.479495] tuner 0-0061: chip found @ 0xc2 (saa7133[0])
</I>&gt;<i> [   51.479511] tuner-simple 0-0061: type set to 51 (Philips
</I>&gt;<i> PAL/SECAM_D (FM 1256 I-H3))
</I>&gt;<i> [   51.479513] tuner 0-0061: type set to Philips PAL/SECAM_D
</I>&gt;<i> [   51.479515] tuner-simple 0-0061: type set to 51 (Philips
</I>&gt;<i> PAL/SECAM_D (FM 1256 I-H3))
</I>&gt;<i> [   51.479517] tuner 0-0061: type set to Philips PAL/SECAM_D
</I>&gt;<i> [   51.484768] saa7133[0]: registered device video0 [v4l2]
</I>&gt;<i> [   51.484785] saa7133[0]: registered device vbi0
</I>&gt;<i> [   51.484803] saa7133[0]: registered device radio0
</I>&gt;<i> [   51.485075] ACPI: PCI Interrupt 0000:00:1b.0[A] -&gt; GSI 22 (level,
</I>&gt;<i> low) -&gt; IRQ 22
</I>&gt;<i> [   51.485924] PCI: Setting latency timer of device 0000:00:1b.0 to 64
</I>&gt;<i> [   51.506754] b43-phy0: Broadcom 4318 WLAN found
</I>&gt;<i> [   51.515483] saa7134 ALSA driver for DMA sound loaded
</I>&gt;<i> [   51.515503] saa7133[0]/alsa: saa7133[0] at 0xe8102000 irq 19
</I>&gt;<i> registered as card -2
</I>&gt;<i> [   51.550307] b43-phy0 debug: Found PHY: Analog 3, Type 2, Revision
</I>&gt;<i> 7
</I>&gt;<i> [   51.550316] b43-phy0 debug: Found Radio: Manuf 0x17F, Version
</I>&gt;<i> 0x2050, Revision 8
</I>&gt;<i> [   51.556633] ACPI: PCI Interrupt 0000:01:00.1[B] -&gt; GSI 17 (level,
</I>&gt;<i> low) -&gt; IRQ 17
</I>&gt;<i> [   51.557531] PCI: Setting latency timer of device 0000:01:00.1 to 64
</I>&gt;<i> [   51.581885] phy0: Selected rate control algorithm 'simple'
</I>&gt;<i> [   52.011004] usbcore: registered new interface driver gspca
</I>&gt;<i> [   52.011010] /build/buildd/linux-ubuntu-
</I>&gt;<i> modules-2.6.24-2.6.24/debian/build/build-
</I>&gt;<i> generic/media/gspcav1/gspca_core.c: gspca driver 01.00.20
</I>&gt;<i> registered
</I>&gt;<i> [   52.013557] usbcore: registered new interface driver usblp
</I>&gt;<i> [   52.061119] usbcore: registered new interface driver snd-usb-audio
</I>&gt;<i> [   52.196317] lp0: using parport0 (interrupt-driven).
</I>&gt;<i> [   52.234167] it87: Found IT8718F chip at 0x290, revision 5
</I>&gt;<i> [   52.234174] it87: in3 is VCC (+5V)
</I>&gt;<i> [   52.244334] coretemp coretemp.0: Using undocumented features,
</I>&gt;<i> absolute temperature might be wrong!
</I>&gt;<i> [   52.244373] coretemp coretemp.1: Using undocumented features,
</I>&gt;<i> absolute temperature might be wrong!
</I>&gt;<i> [   52.244399] coretemp coretemp.2: Using undocumented features,
</I>&gt;<i> absolute temperature might be wrong!
</I>&gt;<i> [   52.244428] coretemp coretemp.3: Using undocumented features,
</I>&gt;<i> absolute temperature might be wrong!
</I>&gt;<i> [   52.310763] Adding 2104504k swap on /dev/sda3.  Priority:-1
</I>&gt;<i> extents:1 across:2104504k
</I>&gt;<i> [   52.851788] EXT3 FS on sda5, internal journal
</I>&gt;<i> [   52.953148] device-mapper: uevent: version 1.0.3
</I>&gt;<i> [   52.953174] device-mapper: ioctl: 4.12.0-ioctl (2007-10-02)
</I>&gt;<i> initialised: <A HREF="https://lists.berlios.de/mailman/listinfo/bcm43xx-dev">dm-devel at redhat.com</A>
</I>&gt;<i> [   53.771478] kjournald starting.  Commit interval 5 seconds
</I>&gt;<i> [   53.771712] EXT3 FS on sda6, internal journal
</I>&gt;<i> [   53.771717] EXT3-fs: mounted filesystem with ordered data mode.
</I>&gt;<i> [   54.444680] kjournald starting.  Commit interval 5 seconds
</I>&gt;<i> [   54.444688] EXT3-fs warning: maximal mount count reached,
</I>&gt;<i> running e2fsck is recommended
</I>&gt;<i> [   54.450810] EXT3 FS on sdb1, internal journal
</I>&gt;<i> [   54.450816] EXT3-fs: mounted filesystem with ordered data mode.
</I>&gt;<i> [   54.872248] ip_tables: (C) 2000-2006 Netfilter Core Team
</I>&gt;<i> [   54.987735] nf_conntrack version 0.5.0 (16384 buckets, 65536
</I>&gt;<i> max)
</I>&gt;<i> [   55.407736] No dock devices found.
</I>&gt;<i> [   56.256977] NET: Registered protocol family 10
</I>&gt;<i> [   56.257224] lo: Disabled Privacy Extensions
</I>&gt;<i> [   58.083149] ppdev: user-space parallel port driver
</I>&gt;<i> [   58.216460] audit(1221055222.094:2): type=1503
</I>&gt;<i> operation=&quot;inode_permission&quot; requested_mask=&quot;a::&quot;
</I>&gt;<i> denied_mask=&quot;a::&quot; name=&quot;/dev/tty&quot; pid=6216
</I>&gt;<i> profile=&quot;/usr/sbin/cupsd&quot; namespace=&quot;default&quot;
</I>&gt;<i> [   59.983811] vboxdrv: Trying to deactivate the NMI watchdog
</I>&gt;<i> permanently...
</I>&gt;<i> [   59.983819] vboxdrv: Successfully done.
</I>&gt;<i> [   59.984074] vboxdrv: TSC mode is 'synchronous', kernel timer mode
</I>&gt;<i> is 'normal'.
</I>&gt;<i> [   59.984077] vboxdrv: Successfully loaded version 1.5.6_OSE
</I>&gt;<i> (interface 0x00050002).
</I>&gt;<i> [   64.043410] input: b43-phy0 as /devices/virtual/input/input7
</I>&gt;<i> [   64.093550] Bluetooth: Core ver 2.11
</I>&gt;<i> [   64.093778] NET: Registered protocol family 31
</I>&gt;<i> [   64.093782] Bluetooth: HCI device and connection manager
</I>&gt;<i> initialized
</I>&gt;<i> [   64.093787] Bluetooth: HCI socket layer initialized
</I>&gt;<i> [   64.101982] Bluetooth: L2CAP ver 2.9
</I>&gt;<i> [   64.101987] Bluetooth: L2CAP socket layer initialized
</I>&gt;<i> [   64.147942] Bluetooth: RFCOMM socket layer initialized
</I>&gt;<i> [   64.147958] Bluetooth: RFCOMM TTY layer initialized
</I>&gt;<i> [   64.147960] Bluetooth: RFCOMM ver 1.8
</I>&gt;<i> [   64.410659] b43-phy0 debug: Loading firmware version 351.126
</I>&gt;<i> (2006-07-29 05:54:02)
</I>&gt;<i> [   65.407047] b43-phy0 debug: Chip initialized
</I>&gt;<i> [   65.407198] b43-phy0 debug: 32-bit DMA initialized
</I>&gt;<i> [   65.424104] Registered led device: b43-phy0:tx
</I>&gt;<i> [   65.424122] Registered led device: b43-phy0:rx
</I>&gt;<i> [   65.424136] Registered led device: b43-phy0:assoc
</I>&gt;<i> [   65.424151] Registered led device: b43-phy0:radio
</I>&gt;<i> [   65.424180] b43-phy0 debug: Wireless interface started
</I>&gt;<i> [   65.424189] b43-phy0 debug: Adding Interface type 2
</I>&gt;<i> [   65.428126] ADDRCONF(NETDEV_UP): wlan0: link is not ready
</I>&gt;<i> [   65.506537] r8169: eth2: link up
</I>&gt;<i> [   65.506548] r8169: eth2: link up
</I>&gt;<i> [   66.509562] ACPI: PCI Interrupt 0000:01:00.0[A] -&gt; GSI 16 (level,
</I>&gt;<i> low) -&gt; IRQ 16
</I>&gt;<i> [   68.043308] [fglrx] Reserved FB block: Shared offset:0, size:1000000
</I>&gt;<i> [   68.043315] [fglrx] Reserved FB block: Unshared offset:ff7f000,
</I>&gt;<i> size:80000
</I>&gt;<i> [   76.286517] eth2: no IPv6 routers present
</I>&gt;<i> [  110.180625] NET: Registered protocol family 17
</I>&gt;<i> [  111.240614] wlan0: Initial auth_alg=0
</I>&gt;<i> [  111.240623] wlan0: authenticate with AP 00:1a:92:d3:be:3a
</I>&gt;<i> [  111.242043] wlan0: RX authentication from 00:1a:92:d3:be:3a
</I>&gt;<i> (alg=0 transaction=2 status=0)
</I>&gt;<i> [  111.242047] wlan0: authenticated
</I>&gt;<i> [  111.242051] wlan0: associate with AP 00:1a:92:d3:be:3a
</I>&gt;<i> [  111.244444] wlan0: RX AssocResp from 00:1a:92:d3:be:3a
</I>&gt;<i> (capab=0x401 status=0 aid=2)
</I>&gt;<i> [  111.244449] wlan0: associated
</I>&gt;<i> [  111.244453] wlan0: switched to short barker preamble
</I>&gt;<i> (BSSID=00:1a:92:d3:be:3a)
</I>&gt;<i> [  111.244490] wlan0: WMM queue=2 aci=0 acm=0 aifs=3 cWmin=15
</I>&gt;<i> cWmax=1023 burst=0
</I>&gt;<i> [  111.244495] wlan0: WMM queue=3 aci=1 acm=0 aifs=7 cWmin=15
</I>&gt;<i> cWmax=1023 burst=0
</I>&gt;<i> [  111.244499] wlan0: WMM queue=1 aci=2 acm=0 aifs=2 cWmin=7
</I>&gt;<i> cWmax=15 burst=30
</I>&gt;<i> [  111.244503] wlan0: WMM queue=0 aci=3 acm=0 aifs=2 cWmin=3
</I>&gt;<i> cWmax=7 burst=15
</I>&gt;<i> [  111.247515] ADDRCONF(NETDEV_CHANGE): wlan0: link becomes
</I>&gt;<i> ready
</I>&gt;<i> [  121.718441] wlan0: no IPv6 routers present
</I>&gt;<i> [  156.319638] wlan0: deauthenticate(reason=3)
</I>&gt;<i> [ 1867.955895] wlan0: No ProbeResp from current AP
</I>&gt;<i> 00:1a:92:d3:be:3a - assume out of range
</I>&gt;<i>
</I>&gt;<i> I use AP with Open Auth without encryption.
</I>&gt;<i>
</I>&gt;<i>
</I>&gt;<i>
</I>&gt;<i>
</I>&gt;<i>
</I>&gt;<i>
</I>&gt;<i>
</I>&gt;<i> _______________________________________________
</I>&gt;<i> Bcm43xx-dev mailing list
</I>&gt;<i> <A HREF="https://lists.berlios.de/mailman/listinfo/bcm43xx-dev">Bcm43xx-dev at lists.berlios.de</A>
</I>&gt;<i> <A HREF="https://lists.berlios.de/mailman/listinfo/bcm43xx-dev">https://lists.berlios.de/mailman/listinfo/bcm43xx-dev</A>
</I>&gt;<i>
</I>&gt;<i>
</I>
I have the exact same card, and it works fine with b43. However, I am
using 2.6.26, and important 138G V2-specific fixes were added in
2.6.25.1. (Without the fix, the card refuses to transmit.) So, you
should upgrade your kernel to 2.6.25.x or newer.

-- 
Vista: [V]iruses, [I]ntruders, [S]pyware, [T]rojans and [A]dware. :-)

</PRE>

<!--endarticle-->
    <HR>
    <P><UL>
        <!--threads-->
	<LI>Previous message: <A HREF="004621.html">[update] Asus 138G v2
</A></li>
	<LI>Next message: <A HREF="004622.html">[PATCH] b43: Fix QoS defaults
</A></li>
         <LI> <B>Messages sorted by:</B> 
              <a href="date.html#4627">[ date ]</a>
              <a href="thread.html#4627">[ thread ]</a>
              <a href="subject.html#4627">[ subject ]</a>
              <a href="author.html#4627">[ author ]</a>
         </LI>
       </UL>

<hr>
<a href="https://lists.berlios.de/mailman/listinfo/bcm43xx-dev">More information about the Bcm43xx-dev
mailing list</a><br>
</body></html>
