<!DOCTYPE HTML PUBLIC "-//W3C//DTD HTML 4.01 Transitional//EN">
<HTML>
 <HEAD>
   <TITLE> BCM4311 Rev 01 constantly re-associating
   </TITLE>
   <LINK REL="Index" HREF="http://lists.berlios.de/pipermail/bcm43xx-dev/2008-September/index.html" >
   <LINK REL="made" HREF="mailto:bcm43xx-dev%40lists.berlios.de?Subject=Re%3A%20BCM4311%20Rev%2001%20constantly%20re-associating&In-Reply-To=%3C48DD6FE0.2080408%40neoturbine.net%3E">
   <META NAME="robots" CONTENT="index,nofollow">
   <style type="text/css">
       pre {
           white-space: pre-wrap;       /* css-2.1, curent FF, Opera, Safari */
           }
   </style>
   <META http-equiv="Content-Type" content="text/html; charset=us-ascii">
   <LINK REL="Previous"  HREF="004752.html">
   <LINK REL="Next"  HREF="004754.html">
 </HEAD>
 <BODY BGCOLOR="#ffffff">
   <H1>BCM4311 Rev 01 constantly re-associating</H1>
    <B>Steven Bularca</B> 
    <A HREF="mailto:bcm43xx-dev%40lists.berlios.de?Subject=Re%3A%20BCM4311%20Rev%2001%20constantly%20re-associating&In-Reply-To=%3C48DD6FE0.2080408%40neoturbine.net%3E"
       TITLE="BCM4311 Rev 01 constantly re-associating">steve at neoturbine.net
       </A><BR>
    <I>Sat Sep 27 01:27:28 CEST 2008</I>
    <P><UL>
        <LI>Previous message: <A HREF="004752.html">[PATCH] [SSB] Initialise dma_mask for SSB_BUSTYPE_SSB devices
</A></li>
        <LI>Next message: <A HREF="004754.html">BCM4311 Rev 01 constantly re-associating
</A></li>
         <LI> <B>Messages sorted by:</B> 
              <a href="date.html#4753">[ date ]</a>
              <a href="thread.html#4753">[ thread ]</a>
              <a href="subject.html#4753">[ subject ]</a>
              <a href="author.html#4753">[ author ]</a>
         </LI>
       </UL>
    <HR>  
<!--beginarticle-->
<PRE>Fellow bcm-users,

I have had this issue with my BCM4311 rev 01 for a couple of months 
now.  It seems whenever I am connected to a wireless network supported 
by multiple APs with the same SSID (as is the case whenever I am at home 
or at school), b43 can't seem to tell which one to stay connected to and 
thus is continuously disconnecting and reconnecting over and over.  I 
have provided my dmesg output below, you can see every time the 
connection to an AP is lost and it tries to connect to a different one. 
If there is any other information that developers would need for me to 
provide in an attempt to get this resolved, please let me know.


1 HP     MCP51M    6040000 PTL_    F4240)
ACPI: DSDT 77F0BD5F, 8FB1 (r1 HP       MCP51M  6040000 MSFT  3000000)
ACPI: FACS 77F15FC0, 0040
ACPI: SSDT 77F14D84, 0182 (r1 PTLTD  POWERNOW  6040000  LTP        1)
ACPI: MCFG 77F14F06, 003C (r1 HP       MCFG    6040000  LTP        0)
ACPI: HPET 77F14F42, 0038 (r1 PTLTD  HPETTBL   6040000  LTP        1)
ACPI: APIC 77F14F7A, 005E (r1 HP          APIC    6040000  LTP        0)
ACPI: BOOT 77F14FD8, 0028 (r1     HP $SBFTBL$  6040000  LTP        1)
ACPI: DMI detected: Hewlett-Packard
Detected use of extended apic ids on hypertransport bus
ACPI: PM-Timer IO Port: 0x1008
ACPI: Local APIC address 0xfee00000
ACPI: LAPIC (acpi_id[0x00] lapic_id[0x00] enabled)
ACPI: LAPIC (acpi_id[0x01] lapic_id[0x01] enabled)
ACPI: LAPIC_NMI (acpi_id[0x00] high edge lint[0x1])
ACPI: LAPIC_NMI (acpi_id[0x01] high edge lint[0x1])
ACPI: IOAPIC (id[0x02] address[0xfec00000] gsi_base[0])
IOAPIC[0]: apic_id 2, version 17, address 0xfec00000, GSI 0-23
ACPI: INT_SRC_OVR (bus 0 bus_irq 0 global_irq 2 dfl dfl)
ACPI: IRQ0 used by override.
ACPI: IRQ2 used by override.
ACPI: IRQ9 used by override.
Enabling APIC mode:  Flat.  Using 1 I/O APICs
ACPI: HPET id: 0x10de8201 base: 0xfed00000
Using ACPI (MADT) for SMP configuration information
Allocating PCI resources starting at 88000000 (gap: 80000000:60000000)
PM: Registered nosave memory: 000000000009d000 - 000000000009e000
PM: Registered nosave memory: 000000000009e000 - 00000000000a0000
PM: Registered nosave memory: 00000000000a0000 - 00000000000d2000
PM: Registered nosave memory: 00000000000d2000 - 0000000000100000
SMP: Allowing 2 CPUs, 0 hotplug CPUs
PERCPU: Allocating 40872 bytes of per cpu data
NR_CPUS: 32, nr_cpu_ids: 2
Built 1 zonelists in Zone order, mobility grouping on.  Total pages: 487426
Kernel command line: ro root=UUID=6086100f-debe-4c1b-8f75-2b58a993a249 rhgb
mapped APIC to ffffb000 (fee00000)
mapped IOAPIC to ffffa000 (fec00000)
Enabling fast FPU save and restore... done.
Enabling unmasked SIMD FPU exception support... done.
Initializing CPU#0
CPU 0 irqstacks, hard=c07c6000 soft=c07a6000
PID hash table entries: 4096 (order: 12, 16384 bytes)
Detected 1607.298 MHz processor.
spurious 8259A interrupt: IRQ7.
Console: colour VGA+ 80x25
console [tty0] enabled
Dentry cache hash table entries: 131072 (order: 7, 524288 bytes)
Inode-cache hash table entries: 65536 (order: 6, 262144 bytes)
Memory: 1940284k/1965056k available (2258k kernel code, 23544k reserved, 
1152k data, 284k init, 1047552k highmem)
virtual kernel memory layout:
    fixmap  : 0xffc53000 - 0xfffff000   (3760 kB)
    pkmap   : 0xff400000 - 0xff800000   (4096 kB)
    vmalloc : 0xf8800000 - 0xff3fe000   ( 107 MB)
    lowmem  : 0xc0000000 - 0xf8000000   ( 896 MB)
      .init : 0xc075c000 - 0xc07a3000   ( 284 kB)
      .data : 0xc0634808 - 0xc0754980   (1152 kB)
      .text : 0xc0400000 - 0xc0634808   (2258 kB)
Checking if this processor honours the WP bit even in supervisor mode...Ok.
CPA: page pool initialized 1 of 1 pages preallocated
SLUB: Genslabs=12, HWalign=64, Order=0-3, MinObjects=0, CPUs=2, Nodes=1
hpet clockevent registered
Calibrating delay using timer specific routine.. 3217.28 BogoMIPS 
(lpj=1608642)
Security Framework initialized
SELinux:  Initializing.
SELinux:  Starting in permissive mode
selinux_register_security:  Registering secondary module capability
Capability LSM initialized as secondary
Mount-cache hash table entries: 512
Initializing cgroup subsys ns
Initializing cgroup subsys cpuacct
Initializing cgroup subsys devices
CPU: L1 I Cache: 64K (64 bytes/line), D cache 64K (64 bytes/line)
CPU: L2 Cache: 512K (64 bytes/line)
CPU 0(2) -&gt; Core 0
Intel machine check architecture supported.
Intel machine check reporting enabled on CPU#0.
Checking 'hlt' instruction... OK.
ACPI: Core revision 20080321
ENABLING IO-APIC IRQs
..TIMER: vector=0x31 apic1=0 pin1=2 apic2=-1 pin2=-1
CPU0: AMD Turion(tm) 64 X2 Mobile Technology TL-52 stepping 02
CPU 1 irqstacks, hard=c07c7000 soft=c07a7000
Booting processor 1/1 ip 6000
Initializing CPU#1
Calibrating delay using timer specific routine.. 3214.39 BogoMIPS 
(lpj=1607199)
CPU: L1 I Cache: 64K (64 bytes/line), D cache 64K (64 bytes/line)
CPU: L2 Cache: 512K (64 bytes/line)
CPU 1(2) -&gt; Core 1
AMD C1E detected late.     Force timer broadcast.
Intel machine check architecture supported.
Intel machine check reporting enabled on CPU#1.
x86 PAT enabled: cpu 1, old 0x7040600070406, new 0x7010600070106
CPU1: AMD Turion(tm) 64 X2 Mobile Technology TL-52 stepping 02
Brought up 2 CPUs
Total of 2 processors activated (6431.68 BogoMIPS).
sizeof(vma)=84 bytes
sizeof(page)=32 bytes
sizeof(inode)=340 bytes
sizeof(dentry)=132 bytes
sizeof(ext3inode)=492 bytes
sizeof(buffer_head)=56 bytes
sizeof(skbuff)=180 bytes
sizeof(task_struct)=3188 bytes
CPU0 attaching sched-domain:
 domain 0: span 0-1
  groups: 0 1
CPU1 attaching sched-domain:
 domain 0: span 0-1
  groups: 1 0
net_namespace: 660 bytes
Booting paravirtualized kernel on bare hardware
Time:  5:20:28  Date: 09/26/08
NET: Registered protocol family 16
No dock devices found.
ACPI: bus type pci registered
PCI: MCFG configuration 0: base e0000000 segment 0 buses 0 - 6
PCI: Not using MMCONFIG.
PCI: BIOS BUG #81[00000000] found
PCI: Using configuration type 1 for base access
Setting up standard PCI resources
ACPI: EC: Look up EC in DSDT
ACPI: BIOS _OSI(Linux) query ignored via DMI
ACPI: Interpreter enabled
ACPI: (supports S0 S3 S4 S5)
ACPI: Using IOAPIC for interrupt routing
PCI: MCFG configuration 0: base e0000000 segment 0 buses 0 - 6
PCI: MCFG area at e0000000 reserved in ACPI motherboard resources
PCI: Using MMCONFIG for extended config space
ACPI: EC: non-query interrupt received, switching to interrupt mode
ACPI: EC: GPE = 0x10, I/O: command/status = 0x66, data = 0x62
ACPI: EC: driver started in interrupt mode
ACPI: PCI Root Bridge [PCI0] (0000:00)
Pre-1.1 PCIe device detected, disable ASPM for 0000:00:03.0. It can be 
enabled forcedly with 'pcie_aspm=force'
PCI: Transparent bridge - 0000:00:10.0
ACPI: PCI Interrupt Routing Table [\_SB_.PCI0._PRT]
ACPI: PCI Interrupt Routing Table [\_SB_.PCI0.P2P0._PRT]
ACPI: PCI Interrupt Routing Table [\_SB_.PCI0.XVR1._PRT]
ACPI: PCI Interrupt Routing Table [\_SB_.PCI0.XVR2._PRT]
ACPI: PCI Interrupt Link [LNK1] (IRQs 5) *0, disabled.
ACPI: PCI Interrupt Link [LNK2] (IRQs 7) *11
ACPI: PCI Interrupt Link [LNK3] (IRQs 10) *11
ACPI: PCI Interrupt Link [LNK4] (IRQs 11) *0, disabled.
ACPI: PCI Interrupt Link [LK1E] (IRQs 16) *0, disabled.
ACPI: PCI Interrupt Link [LK2E] (IRQs 17) *0, disabled.
ACPI: PCI Interrupt Link [LK3E] (IRQs 18) *11
ACPI: PCI Interrupt Link [LK4E] (IRQs 19) *0, disabled.
ACPI: PCI Interrupt Link [LSMB] (IRQs *10)
ACPI: PCI Interrupt Link [LPMU] (IRQs 11) *10
ACPI: PCI Interrupt Link [LUS0] (IRQs 22) *11
ACPI: PCI Interrupt Link [LUS2] (IRQs 22) *7
ACPI: PCI Interrupt Link [LMAC] (IRQs 20) *10
ACPI: PCI Interrupt Link [LAZA] (IRQs 21) *0, disabled.
ACPI: PCI Interrupt Link [LACI] (IRQs 21) *0, disabled.
ACPI: PCI Interrupt Link [LMCI] (IRQs 21) *0, disabled.
ACPI: PCI Interrupt Link [LPID] (IRQs 21) *0, disabled.
ACPI: PCI Interrupt Link [LTID] (IRQs 23) *5
ACPI: PCI Interrupt Link [LSI1] (IRQs 20) *10
Linux Plug and Play Support v0.97 (c) Adam Belay
pnp: PnP ACPI init
ACPI: bus type pnp registered
pnp: PnP ACPI: found 13 devices
ACPI: ACPI bus type pnp unregistered
usbcore: registered new interface driver usbfs
usbcore: registered new interface driver hub
usbcore: registered new device driver usb
PCI: Using ACPI for IRQ routing
NetLabel: Initializing
NetLabel:  domain hash size = 128
NetLabel:  protocols = UNLABELED CIPSOv4
NetLabel:  unlabeled traffic allowed by default
hpet0: at MMIO 0xfed00000, IRQs 2, 8, 31
hpet0: 3 32-bit timers, 25000000 Hz
Clockevents: could not switch to one-shot mode: lapic is not functional.
Could not switch to high resolution mode on CPU 0
Clockevents: could not switch to one-shot mode: lapic is not functional.
Could not switch to high resolution mode on CPU 1
ACPI: RTC can wake from S4
system 00:00: iomem range 0xe0000000-0xefffffff could not be reserved
system 00:01: iomem range 0xffc00000-0xffffffff could not be reserved
system 00:01: iomem range 0xfec00000-0xfec00fff could not be reserved
system 00:01: iomem range 0xfee00000-0xfeefffff could not be reserved
system 00:01: iomem range 0xfed00000-0xfed00fff has been reserved
system 00:03: iomem range 0xe0000000-0xefffffff could not be reserved
system 00:04: ioport range 0x1000-0x107f has been reserved
system 00:04: ioport range 0x1080-0x10ff has been reserved
system 00:04: ioport range 0x1400-0x147f has been reserved
system 00:04: ioport range 0x1480-0x14ff has been reserved
system 00:04: ioport range 0x1800-0x187f has been reserved
system 00:04: ioport range 0x1880-0x18ff has been reserved
system 00:04: ioport range 0x2000-0x203f has been reserved
system 00:05: ioport range 0x360-0x361 has been reserved
system 00:05: ioport range 0x380-0x383 has been reserved
system 00:05: ioport range 0x4d0-0x4d1 has been reserved
PCI: Bridge: 0000:00:02.0
  IO window: 4000-4fff
  MEM window: 0xb4000000-0xb5ffffff
  PREFETCH window: 0x00000000d0000000-0x00000000d01fffff
PCI: Bridge: 0000:00:03.0
  IO window: disabled.
  MEM window: 0xb6000000-0xb7ffffff
  PREFETCH window: disabled.
PCI: Bridge: 0000:00:10.0
  IO window: disabled.
  MEM window: 0xb8000000-0xb80fffff
  PREFETCH window: disabled.
PCI: Setting latency timer of device 0000:00:02.0 to 64
PCI: Setting latency timer of device 0000:00:03.0 to 64
PCI: Setting latency timer of device 0000:00:10.0 to 64
NET: Registered protocol family 2
IP route cache hash table entries: 32768 (order: 5, 131072 bytes)
TCP established hash table entries: 131072 (order: 8, 1048576 bytes)
TCP bind hash table entries: 65536 (order: 7, 524288 bytes)
TCP: Hash tables configured (established 131072 bind 65536)
TCP reno registered
NET: Registered protocol family 1
checking if image is initramfs... it is
Freeing initrd memory: 2660k freed
Simple Boot Flag at 0x36 set to 0x1
apm: BIOS not found.
audit: initializing netlink socket (disabled)
type=2000 audit(1222406427.574:1): initialized
highmem bounce pool size: 64 pages
Total HugeTLB memory allocated, 0
VFS: Disk quotas dquot_6.5.1
Dquot-cache hash table entries: 1024 (order 0, 4096 bytes)
msgmni has been set to 1750
SELinux:  Registering netfilter hooks
Block layer SCSI generic (bsg) driver version 0.4 loaded (major 252)
io scheduler noop registered
io scheduler anticipatory registered
io scheduler deadline registered
io scheduler cfq registered (default)
pci 0000:00:00.0: Enabling HT MSI Mapping
pci 0000:00:02.0: Enabling HT MSI Mapping
pci 0000:00:03.0: Enabling HT MSI Mapping
pci 0000:00:05.0: Boot video device
pci 0000:00:09.0: Enabling HT MSI Mapping
pci 0000:00:0e.0: Enabling HT MSI Mapping
pci 0000:00:0f.0: Enabling HT MSI Mapping
pci 0000:00:10.0: Enabling HT MSI Mapping
pci 0000:00:10.1: Enabling HT MSI Mapping
PCI: Setting latency timer of device 0000:00:02.0 to 64
assign_interrupt_mode Found MSI capability
Allocate Port Service[0000:00:02.0:pcie00]
Allocate Port Service[0000:00:02.0:pcie03]
PCI: Setting latency timer of device 0000:00:03.0 to 64
assign_interrupt_mode Found MSI capability
Allocate Port Service[0000:00:03.0:pcie00]
Allocate Port Service[0000:00:03.0:pcie03]
pci_hotplug: PCI Hot Plug PCI Core version: 0.5
input: Power Button (FF) as /devices/LNXSYSTM:00/LNXPWRBN:00/input/input0
ACPI: Power Button (FF) [PWRF]
input: Power Button (CM) as 
/devices/LNXSYSTM:00/device:00/PNP0C0C:00/input/input1
ACPI: Power Button (CM) [PWRB]
input: Sleep Button (CM) as 
/devices/LNXSYSTM:00/device:00/PNP0C0E:00/input/input2
ACPI: Sleep Button (CM) [SLPB]
input: Lid Switch as /devices/LNXSYSTM:00/device:00/PNP0C0D:00/input/input3
ACPI: Lid Switch [LID]
ACPI: CPU0 (power states: C1[C1] C2[C2] C3[C3])
ACPI: ACPI0007:00 is registered as cooling_device0
ACPI: CPU1 (power states: C1[C1] C2[C2] C3[C3])
ACPI: ACPI0007:01 is registered as cooling_device1
ACPI: LNXTHERM:01 is registered as thermal_zone0
ACPI: Thermal Zone [THRM] (62 C)
isapnp: Scanning for PnP cards...
isapnp: No Plug &amp; Play device found
hpet_resources: 0xfed00000 is busy
Non-volatile memory driver v1.2
Linux agpgart interface v0.103
Serial: 8250/16550 driver $Revision: 1.90 $ 4 ports, IRQ sharing enabled
brd: module loaded
input: Macintosh mouse button emulation as /devices/virtual/input/input4
PNP: PS/2 Controller [PNP0303:KBC0,PNP0f13:MSE0] at 0x60,0x64 irq 1,12
serio: i8042 KBD port at 0x60,0x64 irq 1
serio: i8042 AUX port at 0x60,0x64 irq 12
mice: PS/2 mouse device common for all mice
input: AT Translated Set 2 keyboard as 
/devices/platform/i8042/serio0/input/input5
rtc_cmos 00:09: rtc core: registered rtc_cmos as rtc0
rtc0: alarms up to one year, y3k
cpuidle: using governor ladder
cpuidle: using governor menu
usbcore: registered new interface driver hiddev
usbcore: registered new interface driver usbhid
usbhid: v2.6:USB HID core driver
TCP cubic registered
Initializing XFRM netlink socket
NET: Registered protocol family 17
Using IPI No-Shortcut mode
registered taskstats version 1
  Magic number: 8:770:315
  hash matches device tty40
Freeing unused kernel memory: 284k freed
Write protecting the kernel text: 2260k
Write protecting the kernel read-only data: 940k
ACPI: PCI Interrupt Link [LUS2] enabled at IRQ 22
ACPI: PCI Interrupt 0000:00:0b.1[B] -&gt; Link [LUS2] -&gt; GSI 22 (level, 
high) -&gt; IRQ 22
PCI: Setting latency timer of device 0000:00:0b.1 to 64
ehci_hcd 0000:00:0b.1: EHCI Host Controller
ehci_hcd 0000:00:0b.1: new USB bus registered, assigned bus number 1
ehci_hcd 0000:00:0b.1: debug port 1
PCI: cache line size of 64 is not supported by device 0000:00:0b.1
ehci_hcd 0000:00:0b.1: irq 22, io mem 0xb0005000
ehci_hcd 0000:00:0b.1: USB 2.0 started, EHCI 1.00, driver 10 Dec 2004
usb usb1: configuration #1 chosen from 1 choice
hub 1-0:1.0: USB hub found
hub 1-0:1.0: 8 ports detected
usb usb1: New USB device found, idVendor=1d6b, idProduct=0002
usb usb1: New USB device strings: Mfr=3, Product=2, SerialNumber=1
usb usb1: Product: EHCI Host Controller
usb usb1: Manufacturer: Linux 2.6.26.5-47.fc9.i686 ehci_hcd
usb usb1: SerialNumber: 0000:00:0b.1
ohci_hcd: 2006 August 04 USB 1.1 'Open' Host Controller (OHCI) Driver
ACPI: PCI Interrupt Link [LUS0] enabled at IRQ 22
ACPI: PCI Interrupt 0000:00:0b.0[A] -&gt; Link [LUS0] -&gt; GSI 22 (level, 
high) -&gt; IRQ 22
PCI: Setting latency timer of device 0000:00:0b.0 to 64
ohci_hcd 0000:00:0b.0: OHCI Host Controller
ohci_hcd 0000:00:0b.0: new USB bus registered, assigned bus number 2
ohci_hcd 0000:00:0b.0: irq 22, io mem 0xb0004000
usb usb2: configuration #1 chosen from 1 choice
hub 2-0:1.0: USB hub found
hub 2-0:1.0: 8 ports detected
usb usb2: New USB device found, idVendor=1d6b, idProduct=0001
usb usb2: New USB device strings: Mfr=3, Product=2, SerialNumber=1
usb usb2: Product: OHCI Host Controller
usb usb2: Manufacturer: Linux 2.6.26.5-47.fc9.i686 ohci_hcd
usb usb2: SerialNumber: 0000:00:0b.0
USB Universal Host Controller Interface driver v3.0
SCSI subsystem initialized
Driver 'sd' needs updating - please use bus_type methods
libata version 3.00 loaded.
PCI: Setting latency timer of device 0000:00:0d.0 to 64
pata_acpi 0000:00:0e.0: enabling device (0005 -&gt; 0007)
ACPI: PCI Interrupt Link [LTID] enabled at IRQ 23
ACPI: PCI Interrupt 0000:00:0e.0[A] -&gt; Link [LTID] -&gt; GSI 23 (level, 
high) -&gt; IRQ 23
PCI: Setting latency timer of device 0000:00:0e.0 to 64
ACPI: PCI interrupt for device 0000:00:0e.0 disabled
pata_acpi 0000:00:0f.0: enabling device (0005 -&gt; 0007)
ACPI: PCI Interrupt Link [LSI1] enabled at IRQ 20
ACPI: PCI Interrupt 0000:00:0f.0[A] -&gt; Link [LSI1] -&gt; GSI 20 (level, 
high) -&gt; IRQ 20
PCI: Setting latency timer of device 0000:00:0f.0 to 64
ACPI: PCI interrupt for device 0000:00:0f.0 disabled
Synaptics Touchpad, model: 1, fw: 6.2, id: 0x1a0b1, caps: 0xa04713/0x200000
input: SynPS/2 Synaptics TouchPad as 
/devices/platform/i8042/serio1/input/input6
usb 2-7: new low speed USB device using ohci_hcd and address 2
usb 2-7: configuration #1 chosen from 1 choice
input: Logitech USB-PS/2 Optical Mouse as 
/devices/pci0000:00/0000:00:0b.0/usb2/2-7/2-7:1.0/input/input7
input,hidraw0: USB HID v1.10 Mouse [Logitech USB-PS/2 Optical Mouse] on 
usb-0000:00:0b.0-7
usb 2-7: New USB device found, idVendor=046d, idProduct=c044
usb 2-7: New USB device strings: Mfr=1, Product=2, SerialNumber=0
usb 2-7: Product: USB-PS/2 Optical Mouse
usb 2-7: Manufacturer: Logitech
sata_nv 0000:00:0e.0: version 3.5
ACPI: PCI Interrupt 0000:00:0e.0[A] -&gt; Link [LTID] -&gt; GSI 23 (level, 
high) -&gt; IRQ 23
sata_nv 0000:00:0e.0: Using SWNCQ mode
PCI: Setting latency timer of device 0000:00:0e.0 to 64
scsi0 : sata_nv
scsi1 : sata_nv
ata1: SATA max UDMA/133 cmd 0x30c0 ctl 0x30b4 bmdma 0x3090 irq 23
ata2: SATA max UDMA/133 cmd 0x30b8 ctl 0x30b0 bmdma 0x3098 irq 23
ata1: SATA link up 1.5 Gbps (SStatus 113 SControl 300)
ata1.00: ATA-7: FUJITSU MHV2080BH PL, 892C, max UDMA/100
ata1.00: 156301488 sectors, multi 16: LBA48
ata1.00: configured for UDMA/100
ata2: SATA link down (SStatus 0 SControl 300)
scsi 0:0:0:0: Direct-Access     ATA      FUJITSU MHV2080B 892C PQ: 0 ANSI: 5
sd 0:0:0:0: [sda] 156301488 512-byte hardware sectors (80026 MB)
sd 0:0:0:0: [sda] Write Protect is off
sd 0:0:0:0: [sda] Mode Sense: 00 3a 00 00
sd 0:0:0:0: [sda] Write cache: enabled, read cache: enabled, doesn't 
support DPO or FUA
sd 0:0:0:0: [sda] 156301488 512-byte hardware sectors (80026 MB)
sd 0:0:0:0: [sda] Write Protect is off
sd 0:0:0:0: [sda] Mode Sense: 00 3a 00 00
sd 0:0:0:0: [sda] Write cache: enabled, read cache: enabled, doesn't 
support DPO or FUA
 sda: sda1 sda2 sda3
sd 0:0:0:0: [sda] Attached SCSI disk
ACPI: PCI Interrupt 0000:00:0f.0[A] -&gt; Link [LSI1] -&gt; GSI 20 (level, 
high) -&gt; IRQ 20
sata_nv 0000:00:0f.0: Using SWNCQ mode
PCI: Setting latency timer of device 0000:00:0f.0 to 64
scsi2 : sata_nv
scsi3 : sata_nv
ata3: SATA max UDMA/133 cmd 0x30d8 ctl 0x30cc bmdma 0x30a0 irq 20
ata4: SATA max UDMA/133 cmd 0x30d0 ctl 0x30c8 bmdma 0x30a8 irq 20
ata3: SATA link up 1.5 Gbps (SStatus 113 SControl 300)
ata3.00: ATA-7: FUJITSU MHV2080BH PL, 892C, max UDMA/100
ata3.00: 156301488 sectors, multi 16: LBA48
ata3.00: configured for UDMA/100
ata4: SATA link down (SStatus 0 SControl 300)
scsi 2:0:0:0: Direct-Access     ATA      FUJITSU MHV2080B 892C PQ: 0 ANSI: 5
sd 2:0:0:0: [sdb] 156301488 512-byte hardware sectors (80026 MB)
sd 2:0:0:0: [sdb] Write Protect is off
sd 2:0:0:0: [sdb] Mode Sense: 00 3a 00 00
sd 2:0:0:0: [sdb] Write cache: enabled, read cache: enabled, doesn't 
support DPO or FUA
sd 2:0:0:0: [sdb] 156301488 512-byte hardware sectors (80026 MB)
sd 2:0:0:0: [sdb] Write Protect is off
sd 2:0:0:0: [sdb] Mode Sense: 00 3a 00 00
sd 2:0:0:0: [sdb] Write cache: enabled, read cache: enabled, doesn't 
support DPO or FUA
 sdb: sdb1 sdb2 sdb3
sd 2:0:0:0: [sdb] Attached SCSI disk
pata_amd 0000:00:0d.0: version 0.3.10
PCI: Setting latency timer of device 0000:00:0d.0 to 64
scsi4 : pata_amd
scsi5 : pata_amd
ata5: PATA max UDMA/133 cmd 0x1f0 ctl 0x3f6 bmdma 0x3080 irq 14
ata6: PATA max UDMA/133 cmd 0x170 ctl 0x376 bmdma 0x3088 irq 15
ata5.00: ATAPI: MATSHITADVD-RAM UJ-851S, 1.50, max MWDMA2
ata5: nv_mode_filter: 0x39f&amp;0x39f-&gt;0x39f, BIOS=0x0 (0xc600) ACPI=0x39f 
(120:600:0x12)
ata5.00: configured for MWDMA2
ata6: port disabled. ignoring.
scsi 4:0:0:0: CD-ROM            MATSHITA DVD-RAM UJ-851S  1.50 PQ: 0 ANSI: 5
kjournald starting.  Commit interval 5 seconds
EXT3-fs: mounted filesystem with ordered data mode.
SELinux: 8192 avtab hash slots, 172004 rules.
SELinux: 8192 avtab hash slots, 172004 rules.
SELinux:  8 users, 12 roles, 2382 types, 117 bools, 1 sens, 1024 cats
SELinux:  73 classes, 172004 rules
SELinux:  Completing initialization.
SELinux:  Setting up existing superblocks.
SELinux: initialized (dev sdb2, type ext3), uses xattr
SELinux: initialized (dev usbfs, type usbfs), uses genfs_contexts
SELinux: initialized (dev tmpfs, type tmpfs), uses transition SIDs
SELinux: initialized (dev selinuxfs, type selinuxfs), uses genfs_contexts
SELinux: initialized (dev mqueue, type mqueue), uses transition SIDs
SELinux: initialized (dev hugetlbfs, type hugetlbfs), uses genfs_contexts
SELinux: initialized (dev devpts, type devpts), uses transition SIDs
SELinux: initialized (dev inotifyfs, type inotifyfs), uses genfs_contexts
SELinux: initialized (dev tmpfs, type tmpfs), uses transition SIDs
SELinux: initialized (dev anon_inodefs, type anon_inodefs), uses 
genfs_contexts
SELinux: initialized (dev pipefs, type pipefs), uses task SIDs
SELinux: initialized (dev debugfs, type debugfs), uses genfs_contexts
SELinux: initialized (dev sockfs, type sockfs), uses task SIDs
SELinux: initialized (dev proc, type proc), uses genfs_contexts
SELinux: initialized (dev bdev, type bdev), uses genfs_contexts
SELinux: initialized (dev rootfs, type rootfs), uses genfs_contexts
SELinux: initialized (dev sysfs, type sysfs), uses genfs_contexts
SELinux: policy loaded with handle_unknown=allow
type=1403 audit(1222406439.459:2): policy loaded auid=4294967295 
ses=4294967295
forcedeth: Reverse Engineered nForce ethernet driver. Version 0.61.
ACPI: PCI Interrupt Link [LMAC] enabled at IRQ 20
ACPI: PCI Interrupt 0000:00:14.0[A] -&gt; Link [LMAC] -&gt; GSI 20 (level, 
high) -&gt; IRQ 20
PCI: Setting latency timer of device 0000:00:14.0 to 64
sd 0:0:0:0: Attached scsi generic sg0 type 0
sd 2:0:0:0: Attached scsi generic sg1 type 0
scsi 4:0:0:0: Attached scsi generic sg2 type 5
ACPI: AC Adapter [ACAD] (on-line)
Driver 'sr' needs updating - please use bus_type methods
sr0: scsi3-mmc drive: 24x/24x writer dvd-ram cd/rw xa/form2 cdda tray
Uniform CD-ROM driver Revision: 3.20
sr 4:0:0:0: Attached scsi CD-ROM sr0
forcedeth 0000:00:14.0: ifname eth0, PHY OUI 0x732 @ 1, addr 
00:16:36:a3:ca:35
forcedeth 0000:00:14.0: highdma pwrctl timirq lnktim desc-v3
i2c-adapter i2c-0: nForce2 SMBus adapter at 0x3040
i2c-adapter i2c-1: nForce2 SMBus adapter at 0x3000
ACPI: PCI Interrupt Link [LK4E] enabled at IRQ 19
ACPI: PCI Interrupt 0000:03:00.0[A] -&gt; Link [LK4E] -&gt; GSI 19 (level, 
high) -&gt; IRQ 19
PCI: Setting latency timer of device 0000:03:00.0 to 64
ssb: Sonics Silicon Backplane found on PCI device 0000:03:00.0
ACPI: Battery Slot [BAT0] (battery present)
ACPI: WMI: Mapper loaded
ACPI: device:24 is registered as cooling_device2
input: Video Bus as 
/devices/LNXSYSTM:00/device:00/PNP0A03:00/device:22/input/input8
ACPI: Video Device [UVGA] (multi-head: yes  rom: no  post: no)
ACPI: device:2a is registered as cooling_device3
input: Video Bus as 
/devices/LNXSYSTM:00/device:00/PNP0A03:00/device:27/device:28/input/input9
ACPI: Video Device [VGA] (multi-head: yes  rom: no  post: no)
ACPI: PCI Interrupt Link [LNK1] enabled at IRQ 5
ACPI: PCI Interrupt 0000:07:05.0[A] -&gt; Link [LNK1] -&gt; GSI 5 (level, 
high) -&gt; IRQ 5
firewire_ohci: Added fw-ohci device 0000:07:05.0, OHCI version 1.10
nvidia: module license 'NVIDIA' taints kernel.
ACPI: PCI Interrupt Link [LK3E] enabled at IRQ 18
ACPI: PCI Interrupt 0000:00:05.0[A] -&gt; Link [LK3E] -&gt; GSI 18 (level, 
high) -&gt; IRQ 18
PCI: Setting latency timer of device 0000:00:05.0 to 64
NVRM: loading NVIDIA UNIX x86 Kernel Module  173.14.12  Thu Jul 17 
18:11:36 PDT 2008
ricoh-mmc: Ricoh MMC Controller disabling driver
ricoh-mmc: Copyright(c) Philip Langdale
ricoh-mmc: Ricoh MMC controller found at 0000:07:05.2 [1180:0843] (rev 1)
ricoh-mmc: Controller is now disabled.
b43-phy0: Broadcom 4311 WLAN found
b43-phy0 debug: Found PHY: Analog 4, Type 2, Revision 8
b43-phy0 debug: Found Radio: Manuf 0x17F, Version 0x2050, Revision 2
phy0: Selected rate control algorithm 'pid'
firewire_core: created device fw0: GUID 009fc0003533c500, S400
sdhci: Secure Digital Host Controller Interface driver
sdhci: Copyright(c) Pierre Ossman
sdhci: SDHCI controller found at 0000:07:05.1 [1180:0822] (rev 19)
Broadcom 43xx driver loaded [ Features: PMLR, Firmware-ID: FW13 ]
ACPI: PCI Interrupt Link [LNK2] enabled at IRQ 7
ACPI: PCI Interrupt 0000:07:05.1[B] -&gt; Link [LNK2] -&gt; GSI 7 (level, 
high) -&gt; IRQ 7
mmc0: Will use DMA mode even though HW doesn't fully claim to support it.
Registered led device: mmc0
mmc0: SDHCI at 0xb8000800 irq 7 DMA
ACPI: PCI Interrupt Link [LAZA] enabled at IRQ 21
ACPI: PCI Interrupt 0000:00:10.1[B] -&gt; Link [LAZA] -&gt; GSI 21 (level, 
high) -&gt; IRQ 21
PCI: Setting latency timer of device 0000:00:10.1 to 64
SELinux: initialized (dev ramfs, type ramfs), uses genfs_contexts
NET: Registered protocol family 10
lo: Disabled Privacy Extensions
Clocksource tsc unstable (delta = 4398045789914 ns)
device-mapper: uevent: version 1.0.3
device-mapper: ioctl: 4.13.0-ioctl (2007-10-18) initialised: 
<A HREF="https://lists.berlios.de/mailman/listinfo/bcm43xx-dev">dm-devel at redhat.com</A>
device-mapper: multipath: version 1.0.5 loaded
EXT3 FS on sdb2, internal journal
SELinux: initialized (dev tmpfs, type tmpfs), uses transition SIDs
fuse init (API version 7.9)
SELinux: initialized (dev sdb1, type fuseblk), uses genfs_contexts
SELinux: initialized (dev sda1, type fuseblk), uses genfs_contexts
Adding 1052248k swap on /dev/sdb3.  Priority:-1 extents:1 across:1052248k
SELinux: initialized (dev binfmt_misc, type binfmt_misc), uses 
genfs_contexts
powernow-k8: Found 1 AMD Turion(tm) 64 X2 Mobile Technology TL-52 
processors (2 cpu cores) (version 2.20.00)
powernow-k8:    0 : fid 0x8 (1600 MHz), vid 0x13
powernow-k8:    1 : fid 0x0 (800 MHz), vid 0x1e
RPC: Registered udp transport module.
RPC: Registered tcp transport module.
SELinux: initialized (dev rpc_pipefs, type rpc_pipefs), uses genfs_contexts
warning: `dbus-daemon' uses deprecated v2 capabilities in a way that may 
be insecure.
SELinux: initialized (dev fusectl, type fusectl), uses genfs_contexts
SELinux: initialized (dev autofs, type autofs), uses genfs_contexts
SELinux: initialized (dev autofs, type autofs), uses genfs_contexts
SELinux: initialized (dev autofs, type autofs), uses genfs_contexts
eth0: no link during initialization.
ADDRCONF(NETDEV_UP): eth0: link is not ready
input: b43-phy0 as /devices/virtual/input/input10
firmware: requesting b43/ucode5.fw
firmware: requesting b43/pcm5.fw
firmware: requesting b43/b0g0initvals5.fw
firmware: requesting b43/b0g0bsinitvals5.fw
b43-phy0: Loading firmware version 410.2160 (2007-05-26 15:32:10)
b43-phy0 debug: Chip initialized
b43-phy0 debug: 32-bit DMA initialized
Registered led device: b43-phy0::tx
Registered led device: b43-phy0::rx
Registered led device: b43-phy0::radio
b43-phy0 debug: Wireless interface started
b43-phy0 debug: Adding Interface type 2
ADDRCONF(NETDEV_UP): wlan0: link is not ready
CPU0 attaching NULL sched-domain.
CPU1 attaching NULL sched-domain.
CPU0 attaching sched-domain:
 domain 0: span 0-1
  groups: 0 1
CPU1 attaching sched-domain:
 domain 0: span 0-1
  groups: 1 0
CPU0 attaching NULL sched-domain.
CPU1 attaching NULL sched-domain.
CPU0 attaching sched-domain:
 domain 0: span 0-1
  groups: 0 1
CPU1 attaching sched-domain:
 domain 0: span 0-1
  groups: 1 0
SELinux: initialized (dev sda3, type fuseblk), uses genfs_contexts
wlan0: authenticate with AP 00:1a:70:ec:59:6a
wlan0: authenticated
wlan0: associate with AP 00:1a:70:ec:59:6a
wlan0: RX AssocResp from 00:1a:70:ec:59:6a (capab=0x411 status=0 aid=1)
wlan0: associated
ADDRCONF(NETDEV_CHANGE): wlan0: link becomes ready
b43-phy0 debug: Using hardware based encryption for keyidx: 0, mac: 
00:1a:70:ec:59:6a
wlan0: no IPv6 routers present
wlan0: authenticate with AP 00:1a:70:ec:59:6a
wlan0: authenticate with AP 00:16:01:9a:91:de
wlan0: authenticated
wlan0: associate with AP 00:16:01:9a:91:de
wlan0: RX ReassocResp from 00:16:01:9a:91:de (capab=0x411 status=0 aid=2)
wlan0: associated
b43-phy0 debug: Using hardware based encryption for keyidx: 0, mac: 
00:16:01:9a:91:de
wlan0: authenticate with AP 00:16:01:9a:91:de
wlan0: authenticate with AP 00:16:01:9a:91:de
b43-phy0 debug: Disabling hardware based encryption for keyidx: 0, mac: 
00:1a:70:ec:59:6a
wlan0: authenticate with AP 00:1a:70:ec:59:6a
wlan0: authenticated
wlan0: associate with AP 00:1a:70:ec:59:6a
wlan0: RX ReassocResp from 00:1a:70:ec:59:6a (capab=0x411 status=0 aid=1)
wlan0: associated
b43-phy0 debug: Using hardware based encryption for keyidx: 0, mac: 
00:1a:70:ec:59:6a
wlan0: authenticate with AP 00:1a:70:ec:59:6a
wlan0: authenticate with AP 00:16:01:9a:91:de
b43-phy0 debug: Disabling hardware based encryption for keyidx: 0, mac: 
00:16:01:9a:91:de
wlan0: authenticated
wlan0: associate with AP 00:16:01:9a:91:de
wlan0: RX ReassocResp from 00:16:01:9a:91:de (capab=0x411 status=0 aid=2)
wlan0: associated
b43-phy0 debug: Using hardware based encryption for keyidx: 0, mac: 
00:16:01:9a:91:de
wlan0: authenticate with AP 00:16:01:9a:91:de
wlan0: authenticate with AP 00:1a:70:ec:59:6a
b43-phy0 debug: Disabling hardware based encryption for keyidx: 0, mac: 
00:1a:70:ec:59:6a
wlan0: authenticated
wlan0: associate with AP 00:1a:70:ec:59:6a
wlan0: RX ReassocResp from 00:1a:70:ec:59:6a (capab=0x411 status=0 aid=1)
wlan0: associated
b43-phy0 debug: Using hardware based encryption for keyidx: 0, mac: 
00:1a:70:ec:59:6a
wlan0: authenticate with AP 00:1a:70:ec:59:6a
b43-phy0 debug: Disabling hardware based encryption for keyidx: 0, mac: 
00:16:01:9a:91:de
wlan0: authenticate with AP 00:1a:70:ec:59:6a
wlan0: authenticate with AP 00:1a:70:ec:59:6a
wlan0: authenticated
wlan0: associate with AP 00:1a:70:ec:59:6a
wlan0: RX ReassocResp from 00:1a:70:ec:59:6a (capab=0x411 status=0 aid=1)
wlan0: associated
wlan0: deauthenticated
b43-phy0 debug: Disabling hardware based encryption for keyidx: 0, mac: 
00:1a:70:ec:59:6a
wlan0: authenticate with AP 00:1a:70:ec:59:6a
wlan0: authenticated
wlan0: associate with AP 00:1a:70:ec:59:6a
wlan0: RX ReassocResp from 00:1a:70:ec:59:6a (capab=0x411 status=0 aid=1)
wlan0: associated
b43-phy0 debug: Using hardware based encryption for keyidx: 0, mac: 
00:1a:70:ec:59:6a
wlan0: authenticate with AP 00:1a:70:ec:59:6a
wlan0: authenticate with AP 00:16:01:9a:91:de
wlan0: authenticated
wlan0: associate with AP 00:16:01:9a:91:de
wlan0: RX ReassocResp from 00:16:01:9a:91:de (capab=0x411 status=0 aid=2)
wlan0: associated
b43-phy0 debug: Using hardware based encryption for keyidx: 0, mac: 
00:16:01:9a:91:de
wlan0: authenticate with AP 00:16:01:9a:91:de
wlan0: authenticate with AP 00:1a:70:ec:59:6a
b43-phy0 debug: Disabling hardware based encryption for keyidx: 0, mac: 
00:1a:70:ec:59:6a
wlan0: authenticated
wlan0: associate with AP 00:1a:70:ec:59:6a
wlan0: RX ReassocResp from 00:1a:70:ec:59:6a (capab=0x411 status=0 aid=1)
wlan0: associated
b43-phy0 debug: Using hardware based encryption for keyidx: 0, mac: 
00:1a:70:ec:59:6a
wlan0: authenticate with AP 00:1a:70:ec:59:6a
b43-phy0 debug: Disabling hardware based encryption for keyidx: 0, mac: 
00:16:01:9a:91:de
wlan0: authenticated
wlan0: associate with AP 00:1a:70:ec:59:6a
wlan0: authenticate with AP 00:16:01:9a:91:de
wlan0: authenticated
wlan0: associate with AP 00:16:01:9a:91:de
wlan0: RX ReassocResp from 00:16:01:9a:91:de (capab=0x411 status=0 aid=2)
wlan0: associated
b43-phy0 debug: Using hardware based encryption for keyidx: 0, mac: 
00:16:01:9a:91:de
wlan0: authenticate with AP 00:16:01:9a:91:de
b43-phy0 debug: Disabling hardware based encryption for keyidx: 0, mac: 
00:1a:70:ec:59:6a
wlan0: authenticate with AP 00:1a:70:ec:59:6a
wlan0: authenticated
wlan0: associate with AP 00:1a:70:ec:59:6a
wlan0: RX ReassocResp from 00:1a:70:ec:59:6a (capab=0x411 status=0 aid=1)
wlan0: associated
b43-phy0 debug: Using hardware based encryption for keyidx: 0, mac: 
00:1a:70:ec:59:6a
wlan0: authenticate with AP 00:1a:70:ec:59:6a
wlan0: disassociating by local choice (reason=3)
wlan0: authenticated
wlan0: associate with AP 00:1a:70:ec:59:6a
b43-phy0 debug: Disabling hardware based encryption for keyidx: 0, mac: 
00:1a:70:ec:59:6a
wlan0: RX AssocResp from 00:1a:70:ec:59:6a (capab=0x411 status=0 aid=1)
wlan0: associated
wlan0: disassociating by local choice (reason=3)
b43-phy0 debug: Disabling hardware based encryption for keyidx: 0, mac: 
00:16:01:9a:91:de
b43-phy0 debug: Removing Interface type 2
b43-phy0 debug: Wireless interface stopped
b43-phy0 debug: DMA-32 rx_ring: Used slots 3/64, Failed frames 0/0 = 
0.0%, Average tries 0.00
b43-phy0 debug: DMA-32 tx_ring_AC_BK: Used slots 0/128, Failed frames 
0/0 = 0.0%, Average tries 0.00
b43-phy0 debug: DMA-32 tx_ring_AC_BE: Used slots 24/128, Failed frames 
44/7585 = 0.5%, Average tries 1.13
b43-phy0 debug: DMA-32 tx_ring_AC_VI: Used slots 4/128, Failed frames 
0/50 = 0.0%, Average tries 1.06
b43-phy0 debug: DMA-32 tx_ring_AC_VO: Used slots 4/128, Failed frames 
0/384 = 0.0%, Average tries 0.99
b43-phy0 debug: DMA-32 tx_ring_mcast: Used slots 0/128, Failed frames 
0/0 = 0.0%, Average tries 0.00
b43-phy1: Broadcom 4311 WLAN found
b43-phy1 debug: Found PHY: Analog 4, Type 2, Revision 8
b43-phy1 debug: Found Radio: Manuf 0x17F, Version 0x2050, Revision 2
phy1: Selected rate control algorithm 'pid'
Broadcom 43xx driver loaded [ Features: PMLR, Firmware-ID: FW13 ]
ohci_hcd 0000:00:0b.0: remove, state 1
usb usb2: USB disconnect, address 1
usb 2-7: USB disconnect, address 2
ohci_hcd 0000:00:0b.0: USB bus 2 deregistered
ACPI: PCI interrupt for device 0000:00:0b.0 disabled
PM: Syncing filesystems ... done.
PM: Preparing system for mem sleep
Freezing user space processes ... (elapsed 0.00 seconds) done.
Freezing remaining freezable tasks ... (elapsed 0.00 seconds) done.
PM: Entering mem sleep
Suspending console(s)
b43-phy1 debug: Suspending...
b43-phy1 debug: Device suspended.
sd 2:0:0:0: [sdb] Synchronizing SCSI cache
sd 2:0:0:0: [sdb] Stopping disk
sd 0:0:0:0: [sda] Synchronizing SCSI cache
sd 0:0:0:0: [sda] Stopping disk
ricoh-mmc: Suspending.
ricoh-mmc: Controller is now re-enabled.
ACPI handle has no context!
ACPI: PCI interrupt for device 0000:07:05.1 disabled
ACPI handle has no context!
ACPI handle has no context!
ACPI: PCI interrupt for device 0000:03:00.0 disabled
ACPI: PCI interrupt for device 0000:00:10.1 disabled
ACPI: PCI interrupt for device 0000:00:0f.0 disabled
ACPI: PCI interrupt for device 0000:00:0e.0 disabled
ata6: port disabled. ignoring.
ACPI: PCI interrupt for device 0000:00:0b.1 disabled
NVRM: RmPowerManagement: 4
ACPI: Preparing to enter system sleep state S3
Disabling non-boot CPUs ...
CPU0 attaching NULL sched-domain.
CPU1 attaching NULL sched-domain.
Breaking affinity for irq 5
Breaking affinity for irq 12
Breaking affinity for irq 18
Breaking affinity for irq 22
Breaking affinity for irq 23
CPU 1 is now offline
SMP alternatives: switching to UP code
CPU0 attaching sched-domain:
 domain 0: span 0
  groups: 0
CPU1 is down
x86 PAT enabled: cpu 0, old 0x7040600070406, new 0x7010600070106
Intel machine check architecture supported.
Intel machine check reporting enabled on CPU#0.
Back to C!
Enabling non-boot CPUs ...
CPU0 attaching NULL sched-domain.
SMP alternatives: switching to SMP code
CPU 1 irqstacks, hard=c07c7000 soft=c07a7000
Booting processor 1/1 ip 6000
Initializing CPU#1
Calibrating delay using timer specific routine.. 3214.47 BogoMIPS 
(lpj=1607236)
CPU: L1 I Cache: 64K (64 bytes/line), D cache 64K (64 bytes/line)
CPU: L2 Cache: 512K (64 bytes/line)
CPU 1(2) -&gt; Core 1
AMD C1E detected late.     Force timer broadcast.
Intel machine check architecture supported.
Intel machine check reporting enabled on CPU#1.
x86 PAT enabled: cpu 1, old 0x7040600070406, new 0x7010600070106
CPU1: AMD Turion(tm) 64 X2 Mobile Technology TL-52 stepping 02
CPU0 attaching sched-domain:
 domain 0: span 0-1
  groups: 0 1
CPU1 attaching sched-domain:
 domain 0: span 0-1
  groups: 1 0
CPU1 is up
Clockevents: could not switch to one-shot mode: lapic is not functional.
Could not switch to high resolution mode on CPU 1
ACPI: EC: non-query interrupt received, switching to interrupt mode
PCI: Setting latency timer of device 0000:00:02.0 to 64
PCI: Setting latency timer of device 0000:00:03.0 to 64
NVRM: RmPowerManagement: 5
ACPI: PCI Interrupt 0000:00:0b.1[B] -&gt; Link [LUS2] -&gt; GSI 22 (level, 
high) -&gt; IRQ 22
PCI: Setting latency timer of device 0000:00:0b.1 to 64
PCI: Setting latency timer of device 0000:00:0d.0 to 64
ata6: port disabled. ignoring.
ACPI: PCI Interrupt 0000:00:0e.0[A] -&gt; Link [LTID] -&gt; GSI 23 (level, 
high) -&gt; IRQ 23
PCI: Setting latency timer of device 0000:00:0e.0 to 64
ACPI: PCI Interrupt 0000:00:0f.0[A] -&gt; Link [LSI1] -&gt; GSI 20 (level, 
high) -&gt; IRQ 20
PCI: Setting latency timer of device 0000:00:0f.0 to 64
PCI: Setting latency timer of device 0000:00:10.0 to 64
ACPI: PCI Interrupt 0000:00:10.1[B] -&gt; Link [LAZA] -&gt; GSI 21 (level, 
high) -&gt; IRQ 21
PCI: Setting latency timer of device 0000:00:10.1 to 64
b43-pci-bridge 0000:03:00.0: enabling device (0000 -&gt; 0002)
ACPI: PCI Interrupt 0000:03:00.0[A] -&gt; Link [LK4E] -&gt; GSI 19 (level, 
high) -&gt; IRQ 19
firewire_core: skipped bus generations, destroying all nodes
ACPI: PCI Interrupt 0000:07:05.1[B] -&gt; Link [LNK2] -&gt; GSI 7 (level, 
high) -&gt; IRQ 7
ricoh-mmc: Resuming.
ricoh-mmc: Controller is now disabled.
ata5.00: ACPI cmd ef/03:22:00:00:00:a0 filtered out
ata5.00: ACPI cmd ef/03:0c:00:00:00:a0 filtered out
ata5: nv_mode_filter: 0x39f&amp;0x39f-&gt;0x39f, BIOS=0x0 (0xc600) ACPI=0x39f 
(120:600:0x12)
ata5.00: configured for MWDMA2
ata2: SATA link down (SStatus 0 SControl 300)
ata1: SATA link up 1.5 Gbps (SStatus 113 SControl 300)
ata1.00: ACPI cmd ef/03:46:00:00:00:a0 filtered out
ata1.00: configured for UDMA/100
sd 0:0:0:0: [sda] 156301488 512-byte hardware sectors (80026 MB)
sd 0:0:0:0: [sda] Write Protect is off
sd 0:0:0:0: [sda] Mode Sense: 00 3a 00 00
sd 0:0:0:0: [sda] Write cache: enabled, read cache: enabled, doesn't 
support DPO or FUA
ata4: SATA link down (SStatus 0 SControl 300)
ata3: SATA link up 1.5 Gbps (SStatus 113 SControl 300)
ata3.00: ACPI cmd ef/03:46:00:00:00:a0 filtered out
ata3.00: configured for UDMA/100
sd 2:0:0:0: [sdb] 156301488 512-byte hardware sectors (80026 MB)
sd 2:0:0:0: [sdb] Write Protect is off
sd 2:0:0:0: [sdb] Mode Sense: 00 3a 00 00
sd 2:0:0:0: [sdb] Write cache: enabled, read cache: enabled, doesn't 
support DPO or FUA
firewire_core: created device fw0: GUID 009fc0003533c500, S400
atkbd.c: Unknown key pressed (translated set 2, code 0xd9 on 
isa0060/serio0).
atkbd.c: Use 'setkeycodes e059 &lt;keycode&gt;' to make it known.
sd 0:0:0:0: [sda] Starting disk
sd 2:0:0:0: [sdb] Starting disk
b43-phy1 debug: Resuming...
b43-phy1 debug: Device resumed.
PM: Finishing wakeup.
Restarting tasks ... done.
CPU0 attaching NULL sched-domain.
CPU1 attaching NULL sched-domain.
CPU0 attaching sched-domain:
 domain 0: span 0-1
  groups: 0 1
  domain 1: span 0-1
   groups: 0-1
CPU1 attaching sched-domain:
 domain 0: span 0-1
  groups: 1 0
  domain 1: span 0-1
   groups: 0-1
ohci_hcd: 2006 August 04 USB 1.1 'Open' Host Controller (OHCI) Driver
ACPI: PCI Interrupt 0000:00:0b.0[A] -&gt; Link [LUS0] -&gt; GSI 22 (level, 
high) -&gt; IRQ 22
PCI: Setting latency timer of device 0000:00:0b.0 to 64
ohci_hcd 0000:00:0b.0: OHCI Host Controller
ohci_hcd 0000:00:0b.0: new USB bus registered, assigned bus number 2
ohci_hcd 0000:00:0b.0: irq 22, io mem 0xb0004000
usb usb2: configuration #1 chosen from 1 choice
hub 2-0:1.0: USB hub found
hub 2-0:1.0: 8 ports detected
usb usb2: New USB device found, idVendor=1d6b, idProduct=0001
usb usb2: New USB device strings: Mfr=3, Product=2, SerialNumber=1
usb usb2: Product: OHCI Host Controller
usb usb2: Manufacturer: Linux 2.6.26.5-47.fc9.i686 ohci_hcd
usb usb2: SerialNumber: 0000:00:0b.0
psmouse.c: TouchPad at isa0060/serio1/input0 lost sync at byte 4
psmouse.c: TouchPad at isa0060/serio1/input0 lost sync at byte 1
psmouse.c: TouchPad at isa0060/serio1/input0 - driver resynched.
eth0: no link during initialization.
ADDRCONF(NETDEV_UP): eth0: link is not ready
input: b43-phy1 as /devices/virtual/input/input11
firmware: requesting b43/ucode5.fw
firmware: requesting b43/pcm5.fw
firmware: requesting b43/b0g0initvals5.fw
firmware: requesting b43/b0g0bsinitvals5.fw
b43-phy1: Loading firmware version 410.2160 (2007-05-26 15:32:10)
b43-phy1 debug: Chip initialized
b43-phy1 debug: 32-bit DMA initialized
Registered led device: b43-phy1::tx
Registered led device: b43-phy1::rx
Registered led device: b43-phy1::radio
b43-phy1 debug: Wireless interface started
b43-phy1 debug: Adding Interface type 2
ADDRCONF(NETDEV_UP): wlan0: link is not ready
wlan0: authenticate with AP 00:1d:a2:a0:4f:d2
wlan0: authenticated
wlan0: associate with AP 00:1d:a2:a0:4f:d2
wlan0: RX AssocResp from 00:1d:a2:a0:4f:d2 (capab=0x421 status=0 aid=7)
wlan0: associated
ADDRCONF(NETDEV_CHANGE): wlan0: link becomes ready
wlan0: disassociating by local choice (reason=3)
wlan0: authenticate with AP 00:1d:a2:a0:5a:22
wlan0: authenticated
wlan0: associate with AP 00:1d:a2:a0:5a:22
wlan0: RX ReassocResp from 00:1d:a2:a0:5a:22 (capab=0x421 status=17 aid=0)
wlan0: AP denied association (code=17)
wlan0: associate with AP 00:1d:a2:a0:5a:22
wlan0: RX AssocResp from 00:1d:a2:a0:5a:22 (capab=0x421 status=0 aid=16)
wlan0: associated
wlan0: no IPv6 routers present
b43-phy1 ERROR: PHY transmission error
b43-phy1 ERROR: PHY transmission error
b43-phy1 ERROR: PHY transmission error
wlan0: authenticate with AP 00:1d:a2:a0:5a:22
wlan0: authenticated
wlan0: associate with AP 00:1d:a2:a0:5a:22
wlan0: RX ReassocResp from 00:1d:a2:a0:5a:22 (capab=0x421 status=0 aid=16)
wlan0: associated
b43-phy1 ERROR: PHY transmission error
b43-phy1 ERROR: PHY transmission error
b43-phy1 ERROR: PHY transmission error
b43-phy1 ERROR: PHY transmission error
b43-phy1 ERROR: PHY transmission error
b43-phy1 ERROR: PHY transmission error
b43-phy1 ERROR: PHY transmission error
b43-phy1 ERROR: PHY transmission error
b43-phy1 ERROR: PHY transmission error
b43-phy1 ERROR: PHY transmission error
b43-phy1 ERROR: PHY transmission error
b43-phy1 ERROR: PHY transmission error
wlan0: authenticate with AP 00:1d:a2:a0:5a:22
wlan0: authenticated
wlan0: associate with AP 00:1d:a2:a0:5a:22
wlan0: RX ReassocResp from 00:1d:a2:a0:5a:22 (capab=0x421 status=0 aid=16)
wlan0: associated
b43-phy1 ERROR: PHY transmission error
b43-phy1 ERROR: PHY transmission error
b43-phy1 ERROR: PHY transmission error
b43-phy1 ERROR: PHY transmission error
b43-phy1 ERROR: PHY transmission error
b43-phy1 ERROR: PHY transmission error
b43-phy1 ERROR: PHY transmission error
b43-phy1 ERROR: PHY transmission error
b43-phy1 ERROR: PHY transmission error
b43-phy1 ERROR: PHY transmission error
b43-phy1 ERROR: PHY transmission error
__ratelimit: 1 messages suppressed
b43-phy1 ERROR: PHY transmission error
__ratelimit: 8 messages suppressed
b43-phy1 ERROR: PHY transmission error
b43-phy1 ERROR: PHY transmission error
b43-phy1 ERROR: PHY transmission error
b43-phy1 ERROR: PHY transmission error
b43-phy1 ERROR: PHY transmission error
b43-phy1 ERROR: PHY transmission error
b43-phy1 ERROR: PHY transmission error
b43-phy1 ERROR: PHY transmission error
b43-phy1 ERROR: PHY transmission error
b43-phy1 ERROR: PHY transmission error
b43-phy1 ERROR: PHY transmission error
b43-phy1 ERROR: PHY transmission error
b43-phy1 ERROR: PHY transmission error
wlan0: authenticate with AP 00:1e:13:0d:b9:52
wlan0: authenticate with AP 00:1e:13:0d:b9:52
wlan0: authenticated
wlan0: associate with AP 00:1e:13:0d:b9:52
wlan0: RX ReassocResp from 00:1e:13:0d:b9:52 (capab=0x421 status=17 aid=0)
wlan0: AP denied association (code=17)
wlan0: associate with AP 00:1e:13:0d:b9:52
wlan0: RX AssocResp from 00:1e:13:0d:b9:52 (capab=0x421 status=0 aid=21)
wlan0: associated
b43-phy1 ERROR: PHY transmission error
b43-phy1 ERROR: PHY transmission error
b43-phy1 ERROR: PHY transmission error
b43-phy1 ERROR: PHY transmission error
b43-phy1 ERROR: PHY transmission error
b43-phy1 ERROR: PHY transmission error
b43-phy1 ERROR: PHY transmission error
b43-phy1 ERROR: PHY transmission error
b43-phy1 ERROR: PHY transmission error
b43-phy1 ERROR: PHY transmission error
wlan0: authenticate with AP 00:1d:a2:a0:5a:22
wlan0: authenticate with AP 00:1d:a2:a0:5a:22
wlan0: authenticate with AP 00:1d:a2:a0:5a:22
wlan0: authenticated
wlan0: associate with AP 00:1d:a2:a0:5a:22
wlan0: RX ReassocResp from 00:1d:a2:a0:5a:22 (capab=0x421 status=17 aid=0)
wlan0: AP denied association (code=17)
wlan0: associate with AP 00:1d:a2:a0:5a:22
wlan0: associate with AP 00:1d:a2:a0:5a:22
wlan0: RX AssocResp from 00:1d:a2:a0:5a:22 (capab=0x421 status=0 aid=18)
wlan0: associated
wlan0: authenticate with AP 00:1d:a2:a0:4f:d2
wlan0: deauthenticated
wlan0: authenticated
wlan0: associate with AP 00:1d:a2:a0:4f:d2
wlan0: RX ReassocResp from 00:1d:a2:a0:4f:d2 (capab=0x421 status=0 aid=16)
wlan0: associated
wlan0: authenticate with AP 00:1d:a2:a0:5a:22
wlan0: deauthenticated
wlan0: authenticate with AP 00:1d:a2:a0:5a:22
wlan0: authenticated
wlan0: associate with AP 00:1d:a2:a0:5a:22
wlan0: RX ReassocResp from 00:1d:a2:a0:5a:22 (capab=0x421 status=0 aid=28)
wlan0: associated
__ratelimit: 18 messages suppressed
b43-phy1 ERROR: PHY transmission error
b43-phy1 ERROR: PHY transmission error
wlan0: authenticate with AP 00:1d:a2:a0:4f:d2
wlan0: deauthenticated
wlan0: authenticated
wlan0: associate with AP 00:1d:a2:a0:4f:d2
wlan0: RX ReassocResp from 00:1d:a2:a0:4f:d2 (capab=0x421 status=17 aid=0)
wlan0: AP denied association (code=17)
wlan0: associate with AP 00:1d:a2:a0:4f:d2
wlan0: RX AssocResp from 00:1d:a2:a0:4f:d2 (capab=0x421 status=0 aid=19)
wlan0: associated
wlan0: authenticate with AP 00:1d:a2:a0:5a:22
wlan0: deauthenticated
wlan0: authenticated
wlan0: associate with AP 00:1d:a2:a0:5a:22
wlan0: RX ReassocResp from 00:1d:a2:a0:5a:22 (capab=0x421 status=0 aid=34)
wlan0: associated
wlan0: authenticate with AP 00:1d:a2:a0:5a:22
wlan0: authenticate with AP 00:1d:a2:a0:5a:22
wlan0: authenticated
wlan0: associate with AP 00:1d:a2:a0:5a:22
wlan0: RX ReassocResp from 00:1d:a2:a0:5a:22 (capab=0x421 status=0 aid=34)
wlan0: associated
wlan0: authenticate with AP 00:1d:a2:a0:5a:22
wlan0: authenticate with AP 00:1d:a2:a0:5a:22
wlan0: authenticated
wlan0: associate with AP 00:1d:a2:a0:5a:22
wlan0: RX ReassocResp from 00:1d:a2:a0:5a:22 (capab=0x421 status=0 aid=34)
wlan0: associated
b43-phy1 ERROR: PHY transmission error
b43-phy1 ERROR: PHY transmission error
b43-phy1 ERROR: PHY transmission error
b43-phy1 ERROR: PHY transmission error
b43-phy1 ERROR: PHY transmission error
b43-phy1 ERROR: PHY transmission error
b43-phy1 ERROR: PHY transmission error
b43-phy1 ERROR: PHY transmission error
b43-phy1 ERROR: PHY transmission error
b43-phy1 ERROR: PHY transmission error
b43-phy1 ERROR: PHY transmission error
b43-phy1 ERROR: PHY transmission error
b43-phy1 ERROR: PHY transmission error
b43-phy1 ERROR: PHY transmission error
b43-phy1 ERROR: PHY transmission error
b43-phy1 ERROR: PHY transmission error
b43-phy1 ERROR: PHY transmission error
b43-phy1 ERROR: PHY transmission error
b43-phy1 ERROR: PHY transmission error
b43-phy1 ERROR: PHY transmission error
b43-phy1 ERROR: PHY transmission error
b43-phy1 ERROR: PHY transmission error
b43-phy1 ERROR: PHY transmission error
b43-phy1 ERROR: PHY transmission error
b43-phy1 ERROR: PHY transmission error
b43-phy1 ERROR: PHY transmission error
b43-phy1 ERROR: PHY transmission error
b43-phy1 ERROR: PHY transmission error
b43-phy1 ERROR: PHY transmission error
b43-phy1 ERROR: PHY transmission error
__ratelimit: 8 messages suppressed
b43-phy1 ERROR: PHY transmission error
__ratelimit: 40 messages suppressed
b43-phy1 ERROR: PHY transmission error
__ratelimit: 24 messages suppressed
b43-phy1 ERROR: PHY transmission error
b43-phy1 ERROR: PHY transmission error
__ratelimit: 6 messages suppressed
b43-phy1 ERROR: PHY transmission error
b43-phy1 ERROR: PHY transmission error
b43-phy1 ERROR: PHY transmission error
b43-phy1 ERROR: PHY transmission error
b43-phy1 ERROR: PHY transmission error
b43-phy1 ERROR: PHY transmission error
b43-phy1 ERROR: PHY transmission error
b43-phy1 ERROR: PHY transmission error
b43-phy1 ERROR: PHY transmission error
b43-phy1 ERROR: PHY transmission error
b43-phy1 ERROR: PHY transmission error
b43-phy1 ERROR: PHY transmission error
b43-phy1 ERROR: PHY transmission error
b43-phy1 ERROR: PHY transmission error
b43-phy1 ERROR: PHY transmission error
b43-phy1 ERROR: PHY transmission error
b43-phy1 ERROR: PHY transmission error
b43-phy1 ERROR: PHY transmission error
b43-phy1 ERROR: PHY transmission error
b43-phy1 ERROR: PHY transmission error
b43-phy1 ERROR: PHY transmission error
b43-phy1 ERROR: PHY transmission error
b43-phy1 ERROR: PHY transmission error
b43-phy1 ERROR: PHY transmission error
b43-phy1 ERROR: PHY transmission error
b43-phy1 ERROR: PHY transmission error
b43-phy1 ERROR: PHY transmission error
b43-phy1 ERROR: PHY transmission error
b43-phy1 ERROR: PHY transmission error
b43-phy1 ERROR: PHY transmission error
b43-phy1 ERROR: PHY transmission error
b43-phy1 ERROR: PHY transmission error
b43-phy1 ERROR: PHY transmission error
b43-phy1 ERROR: PHY transmission error
b43-phy1 ERROR: PHY transmission error
b43-phy1 ERROR: PHY transmission error
b43-phy1 ERROR: PHY transmission error
b43-phy1 ERROR: PHY transmission error
b43-phy1 ERROR: PHY transmission error
b43-phy1 ERROR: PHY transmission error
b43-phy1 ERROR: PHY transmission error
b43-phy1 ERROR: PHY transmission error
b43-phy1 ERROR: PHY transmission error
b43-phy1 ERROR: PHY transmission error
b43-phy1 ERROR: PHY transmission error
b43-phy1 ERROR: PHY transmission error
b43-phy1 ERROR: PHY transmission error
b43-phy1 ERROR: PHY transmission error
b43-phy1 ERROR: PHY transmission error
b43-phy1 ERROR: PHY transmission error
b43-phy1 ERROR: PHY transmission error
b43-phy1 ERROR: PHY transmission error
b43-phy1 ERROR: PHY transmission error
__ratelimit: 5 messages suppressed
b43-phy1 ERROR: PHY transmission error
b43-phy1 ERROR: PHY transmission error
__ratelimit: 2 messages suppressed
b43-phy1 ERROR: PHY transmission error
b43-phy1 ERROR: PHY transmission error
b43-phy1 ERROR: PHY transmission error
b43-phy1 ERROR: PHY transmission error
__ratelimit: 4 messages suppressed
b43-phy1 ERROR: PHY transmission error
b43-phy1 ERROR: PHY transmission error
b43-phy1 ERROR: PHY transmission error
b43-phy1 ERROR: PHY transmission error
b43-phy1 ERROR: PHY transmission error
b43-phy1 ERROR: PHY transmission error
b43-phy1 ERROR: PHY transmission error
b43-phy1 ERROR: PHY transmission error
b43-phy1 ERROR: PHY transmission error
b43-phy1 ERROR: PHY transmission error
b43-phy1 ERROR: PHY transmission error
b43-phy1 ERROR: PHY transmission error
b43-phy1 ERROR: PHY transmission error
b43-phy1 ERROR: PHY transmission error
b43-phy1 ERROR: PHY transmission error
b43-phy1 ERROR: PHY transmission error
b43-phy1 ERROR: PHY transmission error
b43-phy1 ERROR: PHY transmission error
wlan0: authenticate with AP 00:1d:a2:a0:5a:22
wlan0: authenticated
wlan0: associate with AP 00:1d:a2:a0:5a:22
wlan0: RX ReassocResp from 00:1d:a2:a0:5a:22 (capab=0x421 status=0 aid=34)
wlan0: associated
b43-phy1 ERROR: PHY transmission error
wlan0: authenticate with AP 00:1d:a2:a0:5a:22
wlan0: authenticated
wlan0: associate with AP 00:1d:a2:a0:5a:22
wlan0: RX ReassocResp from 00:1d:a2:a0:5a:22 (capab=0x421 status=0 aid=34)
wlan0: associated
wlan0: authenticate with AP 00:1d:a2:a0:5a:22
wlan0: authenticate with AP 00:1d:a2:a0:5a:22
wlan0: authenticated
wlan0: associate with AP 00:1d:a2:a0:5a:22
wlan0: RX ReassocResp from 00:1d:a2:a0:5a:22 (capab=0x421 status=0 aid=34)
wlan0: associated
b43-phy1 ERROR: PHY transmission error
wlan0: authenticate with AP 00:1d:a2:a0:5a:22
wlan0: authenticate with AP 00:1d:a2:a0:5a:22
wlan0: authenticated
wlan0: associate with AP 00:1d:a2:a0:5a:22
wlan0: RX ReassocResp from 00:1d:a2:a0:5a:22 (capab=0x421 status=0 aid=34)
wlan0: associated
wlan0: No ProbeResp from current AP 00:1d:a2:a0:5a:22 - assume out of range
wlan0: authenticate with AP 00:1d:a2:a0:5a:22
wlan0: authenticate with AP 00:1d:a2:a0:68:a2
wlan0: authenticated
wlan0: associate with AP 00:1d:a2:a0:68:a2
wlan0: RX ReassocResp from 00:1d:a2:a0:68:a2 (capab=0x421 status=17 aid=0)
wlan0: AP denied association (code=17)
wlan0: associate with AP 00:1d:a2:a0:68:a2
wlan0: RX AssocResp from 00:1d:a2:a0:68:a2 (capab=0x421 status=0 aid=15)
wlan0: associated
wlan0: No ProbeResp from current AP 00:1d:a2:a0:68:a2 - assume out of range
wlan0: authenticate with AP 00:1e:13:0d:b5:82
wlan0: authenticated
wlan0: associate with AP 00:1e:13:0d:b5:82
wlan0: RX ReassocResp from 00:1e:13:0d:b5:82 (capab=0x421 status=17 aid=0)
wlan0: AP denied association (code=17)
wlan0: associate with AP 00:1e:13:0d:b5:82
wlan0: RX AssocResp from 00:1e:13:0d:b5:82 (capab=0x421 status=0 aid=4)
wlan0: associated
b43-phy1 ERROR: PHY transmission error
wlan0: No ProbeResp from current AP 00:1e:13:0d:b5:82 - assume out of range
wlan0: authenticate with AP 00:17:0f:83:c1:82
wlan0: authenticated
wlan0: associate with AP 00:17:0f:83:c1:82
wlan0: associate with AP 00:17:0f:83:c1:82
wlan0: associate with AP 00:17:0f:83:c1:82
wlan0: association with AP 00:17:0f:83:c1:82 timed out
wlan0: authenticate with AP 00:17:0f:83:c1:82
wlan0: authenticate with AP 00:17:0f:83:c1:82
wlan0: authenticate with AP 00:17:0f:83:c1:82
wlan0: authentication with AP 00:17:0f:83:c1:82 timed out
wlan0: authenticate with AP 00:0f:34:a6:56:12
wlan0: authenticated
wlan0: associate with AP 00:0f:34:a6:56:12
wlan0: RX AssocResp from 00:0f:34:a6:56:12 (capab=0x421 status=0 aid=2)
wlan0: associated
b43-phy1 ERROR: PHY transmission error
b43-phy1 ERROR: PHY transmission error
b43-phy1 ERROR: PHY transmission error
b43-phy1 ERROR: PHY transmission error
b43-phy1 ERROR: PHY transmission error
b43-phy1 ERROR: PHY transmission error
wlan0: authenticate with AP 00:0f:34:a6:56:12
wlan0: authenticate with AP 00:0f:34:a6:56:12
wlan0: authenticated
wlan0: associate with AP 00:0f:34:a6:56:12
wlan0: RX ReassocResp from 00:0f:34:a6:56:12 (capab=0x421 status=0 aid=2)
wlan0: associated
wlan0: No ProbeResp from current AP 00:0f:34:a6:56:12 - assume out of range
wlan0: authenticate with AP 00:17:0f:83:bd:e2
wlan0: authenticated
wlan0: associate with AP 00:17:0f:83:bd:e2
wlan0: associate with AP 00:17:0f:83:bd:e2
wlan0: RX ReassocResp from 00:17:0f:83:bd:e2 (capab=0x421 status=0 aid=29)
wlan0: associated
b43-phy1 ERROR: PHY transmission error
b43-phy1 ERROR: PHY transmission error
b43-phy1 ERROR: PHY transmission error
b43-phy1 ERROR: PHY transmission error
b43-phy1 ERROR: PHY transmission error
b43-phy1 ERROR: PHY transmission error
b43-phy1 ERROR: PHY transmission error
b43-phy1 ERROR: PHY transmission error
b43-phy1 ERROR: PHY transmission error
b43-phy1 ERROR: PHY transmission error
wlan0: No ProbeResp from current AP 00:17:0f:83:bd:e2 - assume out of range
wlan0: authenticate with AP 00:17:0f:83:d2:a2
wlan0: authenticate with AP 00:17:0f:83:bf:62
wlan0: authenticated
wlan0: associate with AP 00:17:0f:83:bf:62
wlan0: associate with AP 00:17:0f:83:bf:62
wlan0: RX ReassocResp from 00:17:0f:83:bf:62 (capab=0x421 status=0 aid=39)
wlan0: associated
__ratelimit: 18 messages suppressed
b43-phy1 ERROR: PHY transmission error
b43-phy1 ERROR: PHY transmission error
b43-phy1 ERROR: PHY transmission error
b43-phy1 ERROR: PHY transmission error
b43-phy1 ERROR: PHY transmission error
b43-phy1 ERROR: PHY transmission error
b43-phy1 ERROR: PHY transmission error
b43-phy1 ERROR: PHY transmission error
b43-phy1 ERROR: PHY transmission error
b43-phy1 ERROR: PHY transmission error
b43-phy1 ERROR: PHY transmission error
b43-phy1 ERROR: PHY transmission error
b43-phy1 ERROR: PHY transmission error
b43-phy1 ERROR: PHY transmission error
b43-phy1 ERROR: PHY transmission error
b43-phy1 ERROR: PHY transmission error
b43-phy1 ERROR: PHY transmission error
b43-phy1 ERROR: PHY transmission error
b43-phy1 ERROR: PHY transmission error
b43-phy1 ERROR: PHY transmission error
b43-phy1 ERROR: PHY transmission error
b43-phy1 ERROR: PHY transmission error
b43-phy1 ERROR: PHY transmission error
b43-phy1 ERROR: PHY transmission error
b43-phy1 ERROR: PHY transmission error
b43-phy1 ERROR: PHY transmission error
b43-phy1 ERROR: PHY transmission error
__ratelimit: 1 messages suppressed
b43-phy1 ERROR: PHY transmission error
b43-phy1 ERROR: PHY transmission error
b43-phy1 ERROR: PHY transmission error
b43-phy1 ERROR: PHY transmission error
b43-phy1 ERROR: PHY transmission error
b43-phy1 ERROR: PHY transmission error
wlan0: authenticate with AP 00:17:0f:83:bf:62
wlan0: authenticate with AP 00:17:0f:83:bf:62
wlan0: authenticated
wlan0: associate with AP 00:17:0f:83:bf:62
wlan0: RX ReassocResp from 00:17:0f:83:bf:62 (capab=0x421 status=0 aid=39)
wlan0: associated
b43-phy1 ERROR: PHY transmission error
b43-phy1 ERROR: PHY transmission error
b43-phy1 ERROR: PHY transmission error
b43-phy1 ERROR: PHY transmission error
b43-phy1 ERROR: PHY transmission error
b43-phy1 ERROR: PHY transmission error
b43-phy1 ERROR: PHY transmission error
b43-phy1 ERROR: PHY transmission error
b43-phy1 ERROR: PHY transmission error
b43-phy1 ERROR: PHY transmission error
b43-phy1 ERROR: PHY transmission error
b43-phy1 ERROR: PHY transmission error
b43-phy1 ERROR: PHY transmission error
b43-phy1 ERROR: PHY transmission error
b43-phy1 ERROR: PHY transmission error
b43-phy1 ERROR: PHY transmission error
b43-phy1 ERROR: PHY transmission error
b43-phy1 ERROR: PHY transmission error
b43-phy1 ERROR: PHY transmission error
b43-phy1 ERROR: PHY transmission error
b43-phy1 ERROR: PHY transmission error
b43-phy1 ERROR: PHY transmission error
b43-phy1 ERROR: PHY transmission error
b43-phy1 ERROR: PHY transmission error
__ratelimit: 13 messages suppressed
b43-phy1 ERROR: PHY transmission error
b43-phy1 ERROR: PHY transmission error
b43-phy1 ERROR: PHY transmission error
b43-phy1 ERROR: PHY transmission error
b43-phy1 ERROR: PHY transmission error
b43-phy1 ERROR: PHY transmission error
b43-phy1 ERROR: PHY transmission error
b43-phy1 ERROR: PHY transmission error
wlan0: authenticate with AP 00:17:0f:83:d2:a2
wlan0: authenticate with AP 00:17:0f:83:bf:62
wlan0: authenticated
wlan0: associate with AP 00:17:0f:83:bf:62
wlan0: RX ReassocResp from 00:17:0f:83:bf:62 (capab=0x421 status=0 aid=39)
wlan0: associated
b43-phy1 ERROR: PHY transmission error
b43-phy1 ERROR: PHY transmission error
b43-phy1 ERROR: PHY transmission error
b43-phy1 ERROR: PHY transmission error
b43-phy1 ERROR: PHY transmission error
b43-phy1 ERROR: PHY transmission error
b43-phy1 ERROR: PHY transmission error
b43-phy1 ERROR: PHY transmission error
b43-phy1 ERROR: PHY transmission error
b43-phy1 ERROR: PHY transmission error
b43-phy1 ERROR: PHY transmission error
b43-phy1 ERROR: PHY transmission error
b43-phy1 ERROR: PHY transmission error
b43-phy1 ERROR: PHY transmission error
__ratelimit: 10 messages suppressed
b43-phy1 ERROR: PHY transmission error
__ratelimit: 9 messages suppressed
b43-phy1 ERROR: PHY transmission error
b43-phy1 ERROR: PHY transmission error
b43-phy1 ERROR: PHY transmission error
b43-phy1 ERROR: PHY transmission error
b43-phy1 ERROR: PHY transmission error
b43-phy1 ERROR: PHY transmission error
b43-phy1 ERROR: PHY transmission error
b43-phy1 ERROR: PHY transmission error
b43-phy1 ERROR: PHY transmission error
b43-phy1 ERROR: PHY transmission error
b43-phy1 ERROR: PHY transmission error
b43-phy1 ERROR: PHY transmission error
b43-phy1 ERROR: PHY transmission error
b43-phy1 ERROR: PHY transmission error
__ratelimit: 1 messages suppressed
b43-phy1 ERROR: PHY transmission error
b43-phy1 ERROR: PHY transmission error
b43-phy1 ERROR: PHY transmission error
b43-phy1 ERROR: PHY transmission error
b43-phy1 ERROR: PHY transmission error
b43-phy1 ERROR: PHY transmission error
b43-phy1 ERROR: PHY transmission error
__ratelimit: 4 messages suppressed
b43-phy1 ERROR: PHY transmission error
b43-phy1 ERROR: PHY transmission error
__ratelimit: 4 messages suppressed
b43-phy1 ERROR: PHY transmission error
b43-phy1 ERROR: PHY transmission error
b43-phy1 ERROR: PHY transmission error
b43-phy1 ERROR: PHY transmission error
b43-phy1 ERROR: PHY transmission error
__ratelimit: 4 messages suppressed
b43-phy1 ERROR: PHY transmission error
b43-phy1 ERROR: PHY transmission error
b43-phy1 ERROR: PHY transmission error
b43-phy1 ERROR: PHY transmission error
b43-phy1 ERROR: PHY transmission error
b43-phy1 ERROR: PHY transmission error
b43-phy1 ERROR: PHY transmission error
b43-phy1 ERROR: PHY transmission error
b43-phy1 ERROR: PHY transmission error
b43-phy1 ERROR: PHY transmission error
b43-phy1 ERROR: PHY transmission error
b43-phy1 ERROR: PHY transmission error
b43-phy1 ERROR: PHY transmission error
wlan0: authenticate with AP 00:17:0f:83:bf:62
wlan0: authenticated
wlan0: associate with AP 00:17:0f:83:bf:62
wlan0: disassociating by local choice (reason=3)
b43-phy1 debug: Removing Interface type 2
b43-phy1 debug: Wireless interface stopped
b43-phy1 debug: DMA-32 rx_ring: Used slots 6/64, Failed frames 0/0 = 
0.0%, Average tries 0.00
b43-phy1 debug: DMA-32 tx_ring_AC_BK: Used slots 0/128, Failed frames 
0/0 = 0.0%, Average tries 0.00
b43-phy1 debug: DMA-32 tx_ring_AC_BE: Used slots 34/128, Failed frames 
1250/17385 = 7.1%, Average tries 2.02
b43-phy1 debug: DMA-32 tx_ring_AC_VI: Used slots 0/128, Failed frames 
0/0 = 0.0%, Average tries 0.00
b43-phy1 debug: DMA-32 tx_ring_AC_VO: Used slots 4/128, Failed frames 
25/1190 = 2.1%, Average tries 1.18
b43-phy1 debug: DMA-32 tx_ring_mcast: Used slots 0/128, Failed frames 
0/0 = 0.0%, Average tries 0.00
b43-phy2: Broadcom 4311 WLAN found
b43-phy2 debug: Found PHY: Analog 4, Type 2, Revision 8
b43-phy2 debug: Found Radio: Manuf 0x17F, Version 0x2050, Revision 2
phy2: Selected rate control algorithm 'pid'
Broadcom 43xx driver loaded [ Features: PMLR, Firmware-ID: FW13 ]
ohci_hcd 0000:00:0b.0: remove, state 4
usb usb2: USB disconnect, address 1
ohci_hcd 0000:00:0b.0: USB bus 2 deregistered
ACPI: PCI interrupt for device 0000:00:0b.0 disabled
PM: Syncing filesystems ... done.
PM: Preparing system for mem sleep
Freezing user space processes ... (elapsed 0.00 seconds) done.
Freezing remaining freezable tasks ... (elapsed 0.00 seconds) done.
PM: Entering mem sleep
Suspending console(s)
b43-phy2 debug: Suspending...
b43-phy2 debug: Device suspended.
sd 2:0:0:0: [sdb] Synchronizing SCSI cache
sd 2:0:0:0: [sdb] Stopping disk
sd 0:0:0:0: [sda] Synchronizing SCSI cache
sd 0:0:0:0: [sda] Stopping disk
ricoh-mmc: Suspending.
ricoh-mmc: Controller is now re-enabled.
ACPI handle has no context!
ACPI: PCI interrupt for device 0000:07:05.1 disabled
ACPI handle has no context!
ACPI handle has no context!
ACPI: PCI interrupt for device 0000:03:00.0 disabled
ACPI: PCI interrupt for device 0000:00:10.1 disabled
ACPI: PCI interrupt for device 0000:00:0f.0 disabled
ACPI: PCI interrupt for device 0000:00:0e.0 disabled
ata6: port disabled. ignoring.
ACPI: PCI interrupt for device 0000:00:0b.1 disabled
NVRM: RmPowerManagement: 4
ACPI: Preparing to enter system sleep state S3
Disabling non-boot CPUs ...
CPU0 attaching NULL sched-domain.
CPU1 attaching NULL sched-domain.
Breaking affinity for irq 5
Breaking affinity for irq 12
Breaking affinity for irq 18
Breaking affinity for irq 21
CPU 1 is now offline
SMP alternatives: switching to UP code
CPU0 attaching sched-domain:
 domain 0: span 0
  groups: 0
CPU1 is down
x86 PAT enabled: cpu 0, old 0x7040600070406, new 0x7010600070106
Intel machine check architecture supported.
Intel machine check reporting enabled on CPU#0.
Back to C!
Enabling non-boot CPUs ...
CPU0 attaching NULL sched-domain.
SMP alternatives: switching to SMP code
CPU 1 irqstacks, hard=c07c7000 soft=c07a7000
Booting processor 1/1 ip 6000
Initializing CPU#1
Calibrating delay using timer specific routine.. 3214.51 BogoMIPS 
(lpj=1607255)
CPU: L1 I Cache: 64K (64 bytes/line), D cache 64K (64 bytes/line)
CPU: L2 Cache: 512K (64 bytes/line)
CPU 1(2) -&gt; Core 1
AMD C1E detected late.     Force timer broadcast.
Intel machine check architecture supported.
Intel machine check reporting enabled on CPU#1.
x86 PAT enabled: cpu 1, old 0x7040600070406, new 0x7010600070106
CPU1: AMD Turion(tm) 64 X2 Mobile Technology TL-52 stepping 02
CPU0 attaching sched-domain:
 domain 0: span 0-1
  groups: 0 1
  domain 1: span 0-1
   groups: 0-1
CPU1 attaching sched-domain:
 domain 0: span 0-1
  groups: 1 0
  domain 1: span 0-1
   groups: 0-1
Clockevents: could not switch to one-shot mode: lapic is not functional.
Could not switch to high resolution mode on CPU 1
CPU1 is up
ACPI: EC: non-query interrupt received, switching to interrupt mode
PCI: Setting latency timer of device 0000:00:02.0 to 64
PCI: Setting latency timer of device 0000:00:03.0 to 64
NVRM: RmPowerManagement: 5
ACPI: PCI Interrupt 0000:00:0b.1[B] -&gt; Link [LUS2] -&gt; GSI 22 (level, 
high) -&gt; IRQ 22
PCI: Setting latency timer of device 0000:00:0b.1 to 64
PCI: Setting latency timer of device 0000:00:0d.0 to 64
ata6: port disabled. ignoring.
ACPI: PCI Interrupt 0000:00:0e.0[A] -&gt; Link [LTID] -&gt; GSI 23 (level, 
high) -&gt; IRQ 23
PCI: Setting latency timer of device 0000:00:0e.0 to 64
ACPI: PCI Interrupt 0000:00:0f.0[A] -&gt; Link [LSI1] -&gt; GSI 20 (level, 
high) -&gt; IRQ 20
PCI: Setting latency timer of device 0000:00:0f.0 to 64
PCI: Setting latency timer of device 0000:00:10.0 to 64
ACPI: PCI Interrupt 0000:00:10.1[B] -&gt; Link [LAZA] -&gt; GSI 21 (level, 
high) -&gt; IRQ 21
PCI: Setting latency timer of device 0000:00:10.1 to 64
b43-pci-bridge 0000:03:00.0: enabling device (0000 -&gt; 0002)
ACPI: PCI Interrupt 0000:03:00.0[A] -&gt; Link [LK4E] -&gt; GSI 19 (level, 
high) -&gt; IRQ 19
firewire_core: skipped bus generations, destroying all nodes
ACPI: PCI Interrupt 0000:07:05.1[B] -&gt; Link [LNK2] -&gt; GSI 7 (level, 
high) -&gt; IRQ 7
ricoh-mmc: Resuming.
ricoh-mmc: Controller is now disabled.
ata5.00: ACPI cmd ef/03:22:00:00:00:a0 filtered out
ata5.00: ACPI cmd ef/03:0c:00:00:00:a0 filtered out
ata5: nv_mode_filter: 0x39f&amp;0x39f-&gt;0x39f, BIOS=0x0 (0xc600) ACPI=0x39f 
(120:600:0x12)
ata5.00: configured for MWDMA2
ata1: SATA link up 1.5 Gbps (SStatus 113 SControl 300)
ata2: SATA link down (SStatus 0 SControl 300)
ata4: SATA link down (SStatus 0 SControl 300)
ata3: SATA link up 1.5 Gbps (SStatus 113 SControl 300)
firewire_core: created device fw0: GUID 009fc0003533c500, S400
ata3.00: NODEV after polling detection
ata3.00: revalidation failed (errno=-2)
ata3: failed to recover some devices, retrying in 5 secs
ata1.00: NODEV after polling detection
ata1.00: revalidation failed (errno=-2)
ata1: failed to recover some devices, retrying in 5 secs
sd 0:0:0:0: [sda] Starting disk
ata3: SATA link up 1.5 Gbps (SStatus 113 SControl 300)
ata3.00: ACPI cmd ef/03:46:00:00:00:a0 filtered out
ata1: SATA link up 1.5 Gbps (SStatus 113 SControl 300)
ata1.00: ACPI cmd ef/03:46:00:00:00:a0 filtered out
ata3.00: configured for UDMA/100
sd 2:0:0:0: [sdb] 156301488 512-byte hardware sectors (80026 MB)
sd 2:0:0:0: [sdb] Write Protect is off
sd 2:0:0:0: [sdb] Mode Sense: 00 3a 00 00
sd 2:0:0:0: [sdb] Write cache: enabled, read cache: enabled, doesn't 
support DPO or FUA
ata1.00: configured for UDMA/100
sd 0:0:0:0: [sda] 156301488 512-byte hardware sectors (80026 MB)
sd 2:0:0:0: [sdb] Starting disk
sd 0:0:0:0: [sda] Write Protect is off
sd 0:0:0:0: [sda] Mode Sense: 00 3a 00 00
sd 0:0:0:0: [sda] Write cache: enabled, read cache: enabled, doesn't 
support DPO or FUA
b43-phy2 debug: Resuming...
b43-phy2 debug: Device resumed.
PM: Finishing wakeup.
Restarting tasks ... done.
ohci_hcd: 2006 August 04 USB 1.1 'Open' Host Controller (OHCI) Driver
ACPI: PCI Interrupt 0000:00:0b.0[A] -&gt; Link [LUS0] -&gt; GSI 22 (level, 
high) -&gt; IRQ 22
PCI: Setting latency timer of device 0000:00:0b.0 to 64
ohci_hcd 0000:00:0b.0: OHCI Host Controller
ohci_hcd 0000:00:0b.0: new USB bus registered, assigned bus number 2
ohci_hcd 0000:00:0b.0: irq 22, io mem 0xb0004000
usb usb2: configuration #1 chosen from 1 choice
hub 2-0:1.0: USB hub found
hub 2-0:1.0: 8 ports detected
usb usb2: New USB device found, idVendor=1d6b, idProduct=0001
usb usb2: New USB device strings: Mfr=3, Product=2, SerialNumber=1
usb usb2: Product: OHCI Host Controller
usb usb2: Manufacturer: Linux 2.6.26.5-47.fc9.i686 ohci_hcd
usb usb2: SerialNumber: 0000:00:0b.0
CPU0 attaching NULL sched-domain.
CPU1 attaching NULL sched-domain.
CPU0 attaching sched-domain:
 domain 0: span 0-1
  groups: 0 1
CPU1 attaching sched-domain:
 domain 0: span 0-1
  groups: 1 0
eth0: no link during initialization.
ADDRCONF(NETDEV_UP): eth0: link is not ready
input: b43-phy2 as /devices/virtual/input/input12
firmware: requesting b43/ucode5.fw
firmware: requesting b43/pcm5.fw
firmware: requesting b43/b0g0initvals5.fw
firmware: requesting b43/b0g0bsinitvals5.fw
b43-phy2: Loading firmware version 410.2160 (2007-05-26 15:32:10)
b43-phy2 debug: Chip initialized
b43-phy2 debug: 32-bit DMA initialized
Registered led device: b43-phy2::tx
Registered led device: b43-phy2::rx
Registered led device: b43-phy2::radio
b43-phy2 debug: Wireless interface started
b43-phy2 debug: Adding Interface type 2
ADDRCONF(NETDEV_UP): wlan0: link is not ready
wlan0: authenticate with AP 00:16:01:9a:91:de
wlan0: authenticated
wlan0: associate with AP 00:16:01:9a:91:de
wlan0: RX AssocResp from 00:16:01:9a:91:de (capab=0x411 status=0 aid=2)
wlan0: associated
ADDRCONF(NETDEV_CHANGE): wlan0: link becomes ready
b43-phy2 debug: Using hardware based encryption for keyidx: 0, mac: 
00:16:01:9a:91:de
wlan0: no IPv6 routers present
wlan0: authenticate with AP 00:16:01:9a:91:de
wlan0: authenticate with AP 00:1a:70:ec:59:6a
wlan0: authenticated
wlan0: associate with AP 00:1a:70:ec:59:6a
wlan0: RX ReassocResp from 00:1a:70:ec:59:6a (capab=0x411 status=0 aid=2)
wlan0: associated
b43-phy2 debug: Using hardware based encryption for keyidx: 0, mac: 
00:1a:70:ec:59:6a
wlan0: authenticate with AP 00:1a:70:ec:59:6a
b43-phy2 debug: Disabling hardware based encryption for keyidx: 0, mac: 
00:16:01:9a:91:de
wlan0: authenticate with AP 00:16:01:9a:91:de
wlan0: authenticated
wlan0: associate with AP 00:16:01:9a:91:de
wlan0: RX ReassocResp from 00:16:01:9a:91:de (capab=0x411 status=0 aid=2)
wlan0: associated
b43-phy2 debug: Using hardware based encryption for keyidx: 0, mac: 
00:16:01:9a:91:de
wlan0: authenticate with AP 00:16:01:9a:91:de
wlan0: authenticate with AP 00:16:01:9a:91:de
b43-phy2 debug: Disabling hardware based encryption for keyidx: 0, mac: 
00:1a:70:ec:59:6a
wlan0: authenticate with AP 00:16:01:9a:91:de
wlan0: authenticated
wlan0: associate with AP 00:16:01:9a:91:de
wlan0: RX ReassocResp from 00:16:01:9a:91:de (capab=0x411 status=0 aid=2)
wlan0: associated
wlan0: deauthenticated
b43-phy2 debug: Disabling hardware based encryption for keyidx: 0, mac: 
00:16:01:9a:91:de
wlan0: authenticate with AP 00:16:01:9a:91:de
wlan0: authenticated
wlan0: associate with AP 00:16:01:9a:91:de
wlan0: RX ReassocResp from 00:16:01:9a:91:de (capab=0x411 status=0 aid=2)
wlan0: associated
wlan0: authenticate with AP 00:16:01:9a:91:de
wlan0: authenticate with AP 00:1a:70:ec:59:6a
wlan0: authenticated
wlan0: associate with AP 00:1a:70:ec:59:6a
wlan0: RX ReassocResp from 00:1a:70:ec:59:6a (capab=0x411 status=0 aid=2)
wlan0: associated
b43-phy2 debug: Using hardware based encryption for keyidx: 0, mac: 
00:1a:70:ec:59:6a
wlan0: authenticate with AP 00:1a:70:ec:59:6a
b43-phy2 debug: RX: Packet dropped
wlan0: disassociating by local choice (reason=3)
wlan0: authenticated
wlan0: associate with AP 00:1a:70:ec:59:6a
b43-phy2 debug: Disabling hardware based encryption for keyidx: 0, mac: 
00:1a:70:ec:59:6a
wlan0: RX AssocResp from 00:1a:70:ec:59:6a (capab=0x411 status=0 aid=2)
wlan0: associated
wlan0: disassociating by local choice (reason=3)
b43-phy2 debug: Removing Interface type 2
b43-phy2 debug: Wireless interface stopped
b43-phy2 debug: DMA-32 rx_ring: Used slots 14/64, Failed frames 0/0 = 
0.0%, Average tries 0.00
b43-phy2 debug: DMA-32 tx_ring_AC_BK: Used slots 0/128, Failed frames 
0/0 = 0.0%, Average tries 0.00
b43-phy2 debug: DMA-32 tx_ring_AC_BE: Used slots 16/128, Failed frames 
79/10589 = 0.7%, Average tries 1.16
b43-phy2 debug: DMA-32 tx_ring_AC_VI: Used slots 2/128, Failed frames 
0/55 = 0.0%, Average tries 1.01
b43-phy2 debug: DMA-32 tx_ring_AC_VO: Used slots 6/128, Failed frames 
0/208 = 0.0%, Average tries 1.00
b43-phy2 debug: DMA-32 tx_ring_mcast: Used slots 0/128, Failed frames 
0/0 = 0.0%, Average tries 0.00
b43-phy3: Broadcom 4311 WLAN found
b43-phy3 debug: Found PHY: Analog 4, Type 2, Revision 8
b43-phy3 debug: Found Radio: Manuf 0x17F, Version 0x2050, Revision 2
phy3: Selected rate control algorithm 'pid'
Broadcom 43xx driver loaded [ Features: PMLR, Firmware-ID: FW13 ]
ohci_hcd 0000:00:0b.0: remove, state 4
usb usb2: USB disconnect, address 1
ohci_hcd 0000:00:0b.0: USB bus 2 deregistered
ACPI: PCI interrupt for device 0000:00:0b.0 disabled
PM: Syncing filesystems ... done.
PM: Preparing system for mem sleep
Freezing user space processes ... (elapsed 0.00 seconds) done.
Freezing remaining freezable tasks ... (elapsed 0.00 seconds) done.
PM: Entering mem sleep
Suspending console(s)
b43-phy3 debug: Suspending...
b43-phy3 debug: Device suspended.
sd 2:0:0:0: [sdb] Synchronizing SCSI cache
sd 2:0:0:0: [sdb] Stopping disk
sd 0:0:0:0: [sda] Synchronizing SCSI cache
sd 0:0:0:0: [sda] Stopping disk
ricoh-mmc: Suspending.
ricoh-mmc: Controller is now re-enabled.
ACPI handle has no context!
ACPI: PCI interrupt for device 0000:07:05.1 disabled
ACPI handle has no context!
ACPI handle has no context!
ACPI: PCI interrupt for device 0000:03:00.0 disabled
ACPI: PCI interrupt for device 0000:00:10.1 disabled
ACPI: PCI interrupt for device 0000:00:0f.0 disabled
ACPI: PCI interrupt for device 0000:00:0e.0 disabled
ata6: port disabled. ignoring.
ACPI: PCI interrupt for device 0000:00:0b.1 disabled
NVRM: RmPowerManagement: 4
ACPI: Preparing to enter system sleep state S3
Disabling non-boot CPUs ...
CPU0 attaching NULL sched-domain.
CPU1 attaching NULL sched-domain.
Breaking affinity for irq 9
Breaking affinity for irq 12
Breaking affinity for irq 18
CPU 1 is now offline
SMP alternatives: switching to UP code
CPU0 attaching sched-domain:
 domain 0: span 0
  groups: 0
CPU1 is down
x86 PAT enabled: cpu 0, old 0x7040600070406, new 0x7010600070106
Intel machine check architecture supported.
Intel machine check reporting enabled on CPU#0.
Back to C!
Enabling non-boot CPUs ...
CPU0 attaching NULL sched-domain.
SMP alternatives: switching to SMP code
CPU 1 irqstacks, hard=c07c7000 soft=c07a7000
Booting processor 1/1 ip 6000
Initializing CPU#1
Calibrating delay using timer specific routine.. 3214.53 BogoMIPS 
(lpj=1607266)
CPU: L1 I Cache: 64K (64 bytes/line), D cache 64K (64 bytes/line)
CPU: L2 Cache: 512K (64 bytes/line)
CPU 1(2) -&gt; Core 1
AMD C1E detected late.     Force timer broadcast.
Intel machine check architecture supported.
Intel machine check reporting enabled on CPU#1.
x86 PAT enabled: cpu 1, old 0x7040600070406, new 0x7010600070106
CPU1: AMD Turion(tm) 64 X2 Mobile Technology TL-52 stepping 02
CPU0 attaching sched-domain:
 domain 0: span 0-1
  groups: 0 1
CPU1 attaching sched-domain:
 domain 0: span 0-1
  groups: 1 0
CPU1 is up
Clockevents: could not switch to one-shot mode: lapic is not functional.
Could not switch to high resolution mode on CPU 1
ACPI: EC: non-query interrupt received, switching to interrupt mode
PCI: Setting latency timer of device 0000:00:02.0 to 64
PCI: Setting latency timer of device 0000:00:03.0 to 64
NVRM: RmPowerManagement: 5
ACPI: PCI Interrupt 0000:00:0b.1[B] -&gt; Link [LUS2] -&gt; GSI 22 (level, 
high) -&gt; IRQ 22
PCI: Setting latency timer of device 0000:00:0b.1 to 64
PCI: Setting latency timer of device 0000:00:0d.0 to 64
ata6: port disabled. ignoring.
ACPI: PCI Interrupt 0000:00:0e.0[A] -&gt; Link [LTID] -&gt; GSI 23 (level, 
high) -&gt; IRQ 23
PCI: Setting latency timer of device 0000:00:0e.0 to 64
ACPI: PCI Interrupt 0000:00:0f.0[A] -&gt; Link [LSI1] -&gt; GSI 20 (level, 
high) -&gt; IRQ 20
PCI: Setting latency timer of device 0000:00:0f.0 to 64
PCI: Setting latency timer of device 0000:00:10.0 to 64
ACPI: PCI Interrupt 0000:00:10.1[B] -&gt; Link [LAZA] -&gt; GSI 21 (level, 
high) -&gt; IRQ 21
PCI: Setting latency timer of device 0000:00:10.1 to 64
b43-pci-bridge 0000:03:00.0: enabling device (0000 -&gt; 0002)
ACPI: PCI Interrupt 0000:03:00.0[A] -&gt; Link [LK4E] -&gt; GSI 19 (level, 
high) -&gt; IRQ 19
ata5.00: ACPI cmd ef/03:22:00:00:00:a0 filtered out
ata5.00: ACPI cmd ef/03:0c:00:00:00:a0 filtered out
ata5: nv_mode_filter: 0x39f&amp;0x39f-&gt;0x39f, BIOS=0x0 (0xc600) ACPI=0x39f 
(120:600:0x12)
ata5.00: configured for MWDMA2
firewire_core: skipped bus generations, destroying all nodes
ACPI: PCI Interrupt 0000:07:05.1[B] -&gt; Link [LNK2] -&gt; GSI 7 (level, 
high) -&gt; IRQ 7
ricoh-mmc: Resuming.
ricoh-mmc: Controller is now disabled.
ata2: SATA link down (SStatus 0 SControl 300)
ata1: SATA link up 1.5 Gbps (SStatus 113 SControl 300)
ata1.00: ACPI cmd ef/03:46:00:00:00:a0 filtered out
ata1.00: configured for UDMA/100
sd 0:0:0:0: [sda] 156301488 512-byte hardware sectors (80026 MB)
sd 0:0:0:0: [sda] Write Protect is off
sd 0:0:0:0: [sda] Mode Sense: 00 3a 00 00
sd 0:0:0:0: [sda] Write cache: enabled, read cache: enabled, doesn't 
support DPO or FUA
ata4: SATA link down (SStatus 0 SControl 300)
ata3: SATA link up 1.5 Gbps (SStatus 113 SControl 300)
ata3.00: ACPI cmd ef/03:46:00:00:00:a0 filtered out
ata3.00: configured for UDMA/100
sd 2:0:0:0: [sdb] 156301488 512-byte hardware sectors (80026 MB)
sd 2:0:0:0: [sdb] Write Protect is off
sd 2:0:0:0: [sdb] Mode Sense: 00 3a 00 00
sd 2:0:0:0: [sdb] Write cache: enabled, read cache: enabled, doesn't 
support DPO or FUA
firewire_core: created device fw0: GUID 009fc0003533c500, S400
sd 0:0:0:0: [sda] Starting disk
sd 2:0:0:0: [sdb] Starting disk
b43-phy3 debug: Resuming...
b43-phy3 debug: Device resumed.
PM: Finishing wakeup.
Restarting tasks ... done.
ohci_hcd: 2006 August 04 USB 1.1 'Open' Host Controller (OHCI) Driver
ACPI: PCI Interrupt 0000:00:0b.0[A] -&gt; Link [LUS0] -&gt; GSI 22 (level, 
high) -&gt; IRQ 22
PCI: Setting latency timer of device 0000:00:0b.0 to 64
ohci_hcd 0000:00:0b.0: OHCI Host Controller
ohci_hcd 0000:00:0b.0: new USB bus registered, assigned bus number 2
ohci_hcd 0000:00:0b.0: irq 22, io mem 0xb0004000
usb usb2: configuration #1 chosen from 1 choice
hub 2-0:1.0: USB hub found
hub 2-0:1.0: 8 ports detected
usb usb2: New USB device found, idVendor=1d6b, idProduct=0001
usb usb2: New USB device strings: Mfr=3, Product=2, SerialNumber=1
usb usb2: Product: OHCI Host Controller
usb usb2: Manufacturer: Linux 2.6.26.5-47.fc9.i686 ohci_hcd
usb usb2: SerialNumber: 0000:00:0b.0
eth0: no link during initialization.
ADDRCONF(NETDEV_UP): eth0: link is not ready
input: b43-phy3 as /devices/virtual/input/input13
firmware: requesting b43/ucode5.fw
firmware: requesting b43/pcm5.fw
firmware: requesting b43/b0g0initvals5.fw
firmware: requesting b43/b0g0bsinitvals5.fw
b43-phy3: Loading firmware version 410.2160 (2007-05-26 15:32:10)
b43-phy3 debug: Chip initialized
b43-phy3 debug: 32-bit DMA initialized
Registered led device: b43-phy3::tx
Registered led device: b43-phy3::rx
Registered led device: b43-phy3::radio
b43-phy3 debug: Wireless interface started
b43-phy3 debug: Adding Interface type 2
ADDRCONF(NETDEV_UP): wlan0: link is not ready
wlan0: authenticate with AP 00:1a:70:ec:59:6a
wlan0: authenticated
wlan0: associate with AP 00:1a:70:ec:59:6a
wlan0: RX AssocResp from 00:1a:70:ec:59:6a (capab=0x411 status=0 aid=2)
wlan0: associated
ADDRCONF(NETDEV_CHANGE): wlan0: link becomes ready
b43-phy3 debug: Using hardware based encryption for keyidx: 0, mac: 
00:1a:70:ec:59:6a
wlan0: no IPv6 routers present
wlan0: authenticate with AP 00:1a:70:ec:59:6a
wlan0: authenticated
wlan0: associate with AP 00:1a:70:ec:59:6a
wlan0: disassociating by local choice (reason=3)
b43-phy3 debug: Disabling hardware based encryption for keyidx: 0, mac: 
00:1a:70:ec:59:6a
b43-phy3 debug: Removing Interface type 2
b43-phy3 debug: Wireless interface stopped
b43-phy3 debug: DMA-32 rx_ring: Used slots 2/64, Failed frames 0/0 = 
0.0%, Average tries 0.00
b43-phy3 debug: DMA-32 tx_ring_AC_BK: Used slots 0/128, Failed frames 
0/0 = 0.0%, Average tries 0.00
b43-phy3 debug: DMA-32 tx_ring_AC_BE: Used slots 6/128, Failed frames 
0/128 = 0.0%, Average tries 1.05
b43-phy3 debug: DMA-32 tx_ring_AC_VI: Used slots 2/128, Failed frames 
0/3 = 0.0%, Average tries 1.00
b43-phy3 debug: DMA-32 tx_ring_AC_VO: Used slots 2/128, Failed frames 
0/40 = 0.0%, Average tries 1.02
b43-phy3 debug: DMA-32 tx_ring_mcast: Used slots 0/128, Failed frames 
0/0 = 0.0%, Average tries 0.00
ACPI: PCI interrupt for device 0000:03:00.0 disabled
ACPI: PCI Interrupt 0000:03:00.0[A] -&gt; Link [LK4E] -&gt; GSI 19 (level, 
high) -&gt; IRQ 19
PCI: Setting latency timer of device 0000:03:00.0 to 64
ohci_hcd 0000:00:0b.0: remove, state 4
usb usb2: USB disconnect, address 1
ohci_hcd 0000:00:0b.0: USB bus 2 deregistered
ACPI: PCI interrupt for device 0000:00:0b.0 disabled
ssb: Sonics Silicon Backplane found on PCI device 0000:03:00.0
b43: Unknown symbol input_allocate_polled_device
b43: Unknown symbol input_free_polled_device
b43: Unknown symbol input_register_polled_device
b43: Unknown symbol input_unregister_polled_device
b43-phy0: Broadcom 4311 WLAN found
b43-phy0 debug: Found PHY: Analog 4, Type 2, Revision 8
b43-phy0 debug: Found Radio: Manuf 0x17F, Version 0x2050, Revision 2
phy0: Selected rate control algorithm 'pid'
Broadcom 43xx driver loaded [ Features: PMLR, Firmware-ID: FW13 ]
PM: Syncing filesystems ... done.
PM: Preparing system for mem sleep
Freezing user space processes ... (elapsed 0.00 seconds) done.
Freezing remaining freezable tasks ... (elapsed 0.00 seconds) done.
PM: Entering mem sleep
Suspending console(s)
b43-phy0 debug: Suspending...
b43-phy0 debug: Device suspended.
sd 2:0:0:0: [sdb] Synchronizing SCSI cache
sd 2:0:0:0: [sdb] Stopping disk
sd 0:0:0:0: [sda] Synchronizing SCSI cache
sd 0:0:0:0: [sda] Stopping disk
ricoh-mmc: Suspending.
ricoh-mmc: Controller is now re-enabled.
ACPI handle has no context!
ACPI: PCI interrupt for device 0000:07:05.1 disabled
ACPI handle has no context!
ACPI handle has no context!
ACPI: PCI interrupt for device 0000:03:00.0 disabled
ACPI: PCI interrupt for device 0000:00:10.1 disabled
ACPI: PCI interrupt for device 0000:00:0f.0 disabled
ACPI: PCI interrupt for device 0000:00:0e.0 disabled
ata6: port disabled. ignoring.
ACPI: PCI interrupt for device 0000:00:0b.1 disabled
NVRM: RmPowerManagement: 4
ACPI: Preparing to enter system sleep state S3
Disabling non-boot CPUs ...
CPU0 attaching NULL sched-domain.
CPU1 attaching NULL sched-domain.
CPU 1 is now offline
SMP alternatives: switching to UP code
CPU0 attaching sched-domain:
 domain 0: span 0
  groups: 0
CPU1 is down
x86 PAT enabled: cpu 0, old 0x7040600070406, new 0x7010600070106
Intel machine check architecture supported.
Intel machine check reporting enabled on CPU#0.
Back to C!
Enabling non-boot CPUs ...
CPU0 attaching NULL sched-domain.
SMP alternatives: switching to SMP code
CPU 1 irqstacks, hard=c07c7000 soft=c07a7000
Booting processor 1/1 ip 6000
Initializing CPU#1
Calibrating delay using timer specific routine.. 3214.51 BogoMIPS 
(lpj=1607258)
CPU: L1 I Cache: 64K (64 bytes/line), D cache 64K (64 bytes/line)
CPU: L2 Cache: 512K (64 bytes/line)
CPU 1(2) -&gt; Core 1
AMD C1E detected late.     Force timer broadcast.
Intel machine check architecture supported.
Intel machine check reporting enabled on CPU#1.
x86 PAT enabled: cpu 1, old 0x7040600070406, new 0x7010600070106
CPU1: AMD Turion(tm) 64 X2 Mobile Technology TL-52 stepping 02
CPU0 attaching sched-domain:
 domain 0: span 0-1
  groups: 0 1
CPU1 attaching sched-domain:
 domain 0: span 0-1
  groups: 1 0
CPU1 is up
Clockevents: could not switch to one-shot mode: lapic is not functional.
Could not switch to high resolution mode on CPU 1
ACPI: EC: non-query interrupt received, switching to interrupt mode
PCI: Setting latency timer of device 0000:00:02.0 to 64
PCI: Setting latency timer of device 0000:00:03.0 to 64
NVRM: RmPowerManagement: 5
ACPI: PCI Interrupt 0000:00:0b.1[B] -&gt; Link [LUS2] -&gt; GSI 22 (level, 
high) -&gt; IRQ 22
PCI: Setting latency timer of device 0000:00:0b.1 to 64
PCI: Setting latency timer of device 0000:00:0d.0 to 64
ata6: port disabled. ignoring.
ACPI: PCI Interrupt 0000:00:0e.0[A] -&gt; Link [LTID] -&gt; GSI 23 (level, 
high) -&gt; IRQ 23
PCI: Setting latency timer of device 0000:00:0e.0 to 64
ACPI: PCI Interrupt 0000:00:0f.0[A] -&gt; Link [LSI1] -&gt; GSI 20 (level, 
high) -&gt; IRQ 20
PCI: Setting latency timer of device 0000:00:0f.0 to 64
PCI: Setting latency timer of device 0000:00:10.0 to 64
ACPI: PCI Interrupt 0000:00:10.1[B] -&gt; Link [LAZA] -&gt; GSI 21 (level, 
high) -&gt; IRQ 21
PCI: Setting latency timer of device 0000:00:10.1 to 64
b43-pci-bridge 0000:03:00.0: enabling device (0000 -&gt; 0002)
ACPI: PCI Interrupt 0000:03:00.0[A] -&gt; Link [LK4E] -&gt; GSI 19 (level, 
high) -&gt; IRQ 19
ata5.00: ACPI cmd ef/03:22:00:00:00:a0 filtered out
ata5.00: ACPI cmd ef/03:0c:00:00:00:a0 filtered out
ata5: nv_mode_filter: 0x39f&amp;0x39f-&gt;0x39f, BIOS=0x0 (0xc600) ACPI=0x39f 
(120:600:0x12)
ata5.00: configured for MWDMA2
firewire_core: skipped bus generations, destroying all nodes
ACPI: PCI Interrupt 0000:07:05.1[B] -&gt; Link [LNK2] -&gt; GSI 7 (level, 
high) -&gt; IRQ 7
ricoh-mmc: Resuming.
ricoh-mmc: Controller is now disabled.
ata2: SATA link down (SStatus 0 SControl 300)
ata1: SATA link up 1.5 Gbps (SStatus 113 SControl 300)
ata1.00: ACPI cmd ef/03:46:00:00:00:a0 filtered out
ata1.00: configured for UDMA/100
sd 0:0:0:0: [sda] 156301488 512-byte hardware sectors (80026 MB)
sd 0:0:0:0: [sda] Write Protect is off
sd 0:0:0:0: [sda] Mode Sense: 00 3a 00 00
sd 0:0:0:0: [sda] Write cache: enabled, read cache: enabled, doesn't 
support DPO or FUA
ata4: SATA link down (SStatus 0 SControl 300)
ata3: SATA link up 1.5 Gbps (SStatus 113 SControl 300)
ata3.00: ACPI cmd ef/03:46:00:00:00:a0 filtered out
ata3.00: configured for UDMA/100
sd 2:0:0:0: [sdb] 156301488 512-byte hardware sectors (80026 MB)
sd 2:0:0:0: [sdb] Write Protect is off
sd 2:0:0:0: [sdb] Mode Sense: 00 3a 00 00
sd 2:0:0:0: [sdb] Write cache: enabled, read cache: enabled, doesn't 
support DPO or FUA
firewire_core: created device fw0: GUID 009fc0003533c500, S400
sd 0:0:0:0: [sda] Starting disk
sd 2:0:0:0: [sdb] Starting disk
b43-phy0 debug: Resuming...
b43-phy0 debug: Device resumed.
PM: Finishing wakeup.
Restarting tasks ... done.
ohci_hcd: 2006 August 04 USB 1.1 'Open' Host Controller (OHCI) Driver
ACPI: PCI Interrupt 0000:00:0b.0[A] -&gt; Link [LUS0] -&gt; GSI 22 (level, 
high) -&gt; IRQ 22
PCI: Setting latency timer of device 0000:00:0b.0 to 64
ohci_hcd 0000:00:0b.0: OHCI Host Controller
ohci_hcd 0000:00:0b.0: new USB bus registered, assigned bus number 2
ohci_hcd 0000:00:0b.0: irq 22, io mem 0xb0004000
usb usb2: configuration #1 chosen from 1 choice
hub 2-0:1.0: USB hub found
hub 2-0:1.0: 8 ports detected
usb usb2: New USB device found, idVendor=1d6b, idProduct=0001
usb usb2: New USB device strings: Mfr=3, Product=2, SerialNumber=1
usb usb2: Product: OHCI Host Controller
usb usb2: Manufacturer: Linux 2.6.26.5-47.fc9.i686 ohci_hcd
usb usb2: SerialNumber: 0000:00:0b.0
eth0: no link during initialization.
ADDRCONF(NETDEV_UP): eth0: link is not ready
input: b43-phy0 as /devices/virtual/input/input14
firmware: requesting b43/ucode5.fw
firmware: requesting b43/pcm5.fw
firmware: requesting b43/b0g0initvals5.fw
firmware: requesting b43/b0g0bsinitvals5.fw
b43-phy0: Loading firmware version 410.2160 (2007-05-26 15:32:10)
b43-phy0 debug: Chip initialized
b43-phy0 debug: 32-bit DMA initialized
Registered led device: b43-phy0::tx
Registered led device: b43-phy0::rx
Registered led device: b43-phy0::radio
b43-phy0 debug: Wireless interface started
b43-phy0 debug: Adding Interface type 2
ADDRCONF(NETDEV_UP): wlan0: link is not ready
wlan0: authenticate with AP 00:1a:70:ec:59:6a
wlan0: authenticated
wlan0: associate with AP 00:1a:70:ec:59:6a
wlan0: RX AssocResp from 00:1a:70:ec:59:6a (capab=0x411 status=0 aid=2)
wlan0: associated
ADDRCONF(NETDEV_CHANGE): wlan0: link becomes ready
b43-phy0 debug: Using hardware based encryption for keyidx: 0, mac: 
00:1a:70:ec:59:6a
wlan0: no IPv6 routers present
wlan0: authenticate with AP 00:1a:70:ec:59:6a
wlan0: authenticate with AP 00:1a:70:ec:59:6a
wlan0: authenticated
wlan0: associate with AP 00:1a:70:ec:59:6a
wlan0: RX ReassocResp from 00:1a:70:ec:59:6a (capab=0x411 status=0 aid=2)
wlan0: associated
wlan0: deauthenticated
b43-phy0 debug: Disabling hardware based encryption for keyidx: 0, mac: 
00:1a:70:ec:59:6a
wlan0: authenticate with AP 00:1a:70:ec:59:6a
wlan0: authenticated
wlan0: associate with AP 00:1a:70:ec:59:6a
wlan0: RX ReassocResp from 00:1a:70:ec:59:6a (capab=0x411 status=0 aid=2)
wlan0: associated
wlan0: authenticate with AP 00:1a:70:ec:59:6a
wlan0: authenticate with AP 00:16:01:9a:91:de
wlan0: authenticated
wlan0: associate with AP 00:16:01:9a:91:de
wlan0: RX ReassocResp from 00:16:01:9a:91:de (capab=0x411 status=0 aid=2)
wlan0: associated
b43-phy0 debug: Using hardware based encryption for keyidx: 0, mac: 
00:16:01:9a:91:de
wlan0: authenticate with AP 00:16:01:9a:91:de
wlan0: authenticate with AP 00:1a:70:ec:59:6a
wlan0: authenticate with AP 00:1a:70:ec:59:6a
wlan0: authenticated
wlan0: associate with AP 00:1a:70:ec:59:6a
wlan0: RX ReassocResp from 00:1a:70:ec:59:6a (capab=0x411 status=0 aid=2)
wlan0: associated
b43-phy0 debug: Using hardware based encryption for keyidx: 0, mac: 
00:1a:70:ec:59:6a
wlan0: authenticate with AP 00:1a:70:ec:59:6a
b43-phy0 debug: Disabling hardware based encryption for keyidx: 0, mac: 
00:16:01:9a:91:de
wlan0: authenticate with AP 00:16:01:9a:91:de
wlan0: authenticated
wlan0: associate with AP 00:16:01:9a:91:de
wlan0: RX ReassocResp from 00:16:01:9a:91:de (capab=0x411 status=0 aid=2)
wlan0: associated
b43-phy0 debug: Using hardware based encryption for keyidx: 0, mac: 
00:16:01:9a:91:de
CPU0 attaching NULL sched-domain.
CPU1 attaching NULL sched-domain.
CPU0 attaching sched-domain:
 domain 0: span 0-1
  groups: 0 1
  domain 1: span 0-1
   groups: 0-1
CPU1 attaching sched-domain:
 domain 0: span 0-1
  groups: 1 0
  domain 1: span 0-1
   groups: 0-1
CPU0 attaching NULL sched-domain.
CPU1 attaching NULL sched-domain.
CPU0 attaching sched-domain:
 domain 0: span 0-1
  groups: 0 1
CPU1 attaching sched-domain:
 domain 0: span 0-1
  groups: 1 0
wlan0: disassociating by local choice (reason=3)
b43-phy0 debug: Disabling hardware based encryption for keyidx: 0, mac: 
00:16:01:9a:91:de
b43-phy0 debug: Disabling hardware based encryption for keyidx: 0, mac: 
00:1a:70:ec:59:6a
b43-phy0 debug: Removing Interface type 2
b43-phy0 debug: Wireless interface stopped
b43-phy0 debug: DMA-32 rx_ring: Used slots 3/64, Failed frames 0/0 = 
0.0%, Average tries 0.00
b43-phy0 debug: DMA-32 tx_ring_AC_BK: Used slots 0/128, Failed frames 
0/0 = 0.0%, Average tries 0.00
b43-phy0 debug: DMA-32 tx_ring_AC_BE: Used slots 22/128, Failed frames 
87/6567 = 1.3%, Average tries 1.37
b43-phy0 debug: DMA-32 tx_ring_AC_VI: Used slots 4/128, Failed frames 
0/81 = 0.0%, Average tries 1.02
b43-phy0 debug: DMA-32 tx_ring_AC_VO: Used slots 4/128, Failed frames 
0/208 = 0.0%, Average tries 1.00
b43-phy0 debug: DMA-32 tx_ring_mcast: Used slots 0/128, Failed frames 
0/0 = 0.0%, Average tries 0.00
ACPI: PCI interrupt for device 0000:03:00.0 disabled
b43: Unknown symbol ssb_device_is_enabled
b43: Unknown symbol ssb_pcicore_dev_irqvecs_enable
b43: Unknown symbol ssb_bus_may_powerdown
b43: Unknown symbol ieee80211_free_hw
b43: Unknown symbol ssb_dma_free_consistent
b43: Unknown symbol ieee80211_alloc_hw
b43: Unknown symbol ssb_bus_suspend
b43: Unknown symbol ieee80211_register_hw
b43: Unknown symbol ssb_bus_unregister
b43: Unknown symbol ieee80211_generic_frame_duration
b43: Unknown symbol ieee80211_wake_queue
b43: Unknown symbol ssb_bus_resume
b43: Unknown symbol ssb_set_devtypedata
b43: Unknown symbol __ieee80211_get_tx_led_name
b43: Unknown symbol input_allocate_polled_device
b43: Unknown symbol ieee80211_tx_status_irqsafe
b43: Unknown symbol ssb_device_disable
b43: Unknown symbol __ieee80211_get_rx_led_name
b43: Unknown symbol input_free_polled_device
b43: Unknown symbol ssb_dma_alloc_consistent
b43: Unknown symbol ssb_dma_set_mask
b43: Unknown symbol ieee80211_ctstoself_get
b43: Unknown symbol ssb_device_enable
b43: Unknown symbol ssb_driver_unregister
b43: Unknown symbol ieee80211_stop_queue
b43: Unknown symbol __ssb_driver_register
b43: Unknown symbol __ieee80211_get_assoc_led_name
b43: Unknown symbol ssb_bus_pcmciabus_register
b43: Unknown symbol ssb_bus_powerup
b43: Unknown symbol ieee80211_unregister_hw
b43: Unknown symbol input_register_polled_device
b43: Unknown symbol ieee80211_hdrlen
b43: Unknown symbol ieee80211_rts_get
b43: Unknown symbol ieee80211_beacon_get
b43: Unknown symbol input_unregister_polled_device
b43: Unknown symbol ssb_dma_translation
b43: Unknown symbol ieee80211_rx_irqsafe
ACPI: PCI Interrupt 0000:03:00.0[A] -&gt; Link [LK4E] -&gt; GSI 19 (level, 
high) -&gt; IRQ 19
PCI: Setting latency timer of device 0000:03:00.0 to 64
ohci_hcd 0000:00:0b.0: remove, state 4
usb usb2: USB disconnect, address 1
ohci_hcd 0000:00:0b.0: USB bus 2 deregistered
ACPI: PCI interrupt for device 0000:00:0b.0 disabled
ssb: Sonics Silicon Backplane found on PCI device 0000:03:00.0
b43-phy0: Broadcom 4311 WLAN found
b43-phy0 debug: Found PHY: Analog 4, Type 2, Revision 8
b43-phy0 debug: Found Radio: Manuf 0x17F, Version 0x2050, Revision 2
phy0: Selected rate control algorithm 'pid'
Broadcom 43xx driver loaded [ Features: PMLR, Firmware-ID: FW13 ]
PM: Syncing filesystems ... done.
PM: Preparing system for mem sleep
Freezing user space processes ... (elapsed 0.00 seconds) done.
Freezing remaining freezable tasks ... (elapsed 0.00 seconds) done.
PM: Entering mem sleep
Suspending console(s)
b43-phy0 debug: Suspending...
b43-phy0 debug: Device suspended.
sd 2:0:0:0: [sdb] Synchronizing SCSI cache
sd 2:0:0:0: [sdb] Stopping disk
sd 0:0:0:0: [sda] Synchronizing SCSI cache
sd 0:0:0:0: [sda] Stopping disk
ricoh-mmc: Suspending.
ricoh-mmc: Controller is now re-enabled.
ACPI handle has no context!
ACPI: PCI interrupt for device 0000:07:05.1 disabled
ACPI handle has no context!
ACPI handle has no context!
ACPI: PCI interrupt for device 0000:03:00.0 disabled
ACPI: PCI interrupt for device 0000:00:10.1 disabled
ACPI: PCI interrupt for device 0000:00:0f.0 disabled
ACPI: PCI interrupt for device 0000:00:0e.0 disabled
ata6: port disabled. ignoring.
ACPI: PCI interrupt for device 0000:00:0b.1 disabled
NVRM: RmPowerManagement: 4
ACPI: Preparing to enter system sleep state S3
Disabling non-boot CPUs ...
CPU0 attaching NULL sched-domain.
CPU1 attaching NULL sched-domain.
Breaking affinity for irq 1
Breaking affinity for irq 5
Breaking affinity for irq 12
CPU 1 is now offline
SMP alternatives: switching to UP code
CPU0 attaching sched-domain:
 domain 0: span 0
  groups: 0
CPU1 is down
x86 PAT enabled: cpu 0, old 0x7040600070406, new 0x7010600070106
Intel machine check architecture supported.
Intel machine check reporting enabled on CPU#0.
Back to C!
Enabling non-boot CPUs ...
CPU0 attaching NULL sched-domain.
SMP alternatives: switching to SMP code
CPU 1 irqstacks, hard=c07c7000 soft=c07a7000
Booting processor 1/1 ip 6000
Initializing CPU#1
Calibrating delay using timer specific routine.. 3214.52 BogoMIPS 
(lpj=1607261)
CPU: L1 I Cache: 64K (64 bytes/line), D cache 64K (64 bytes/line)
CPU: L2 Cache: 512K (64 bytes/line)
CPU 1(2) -&gt; Core 1
AMD C1E detected late.     Force timer broadcast.
Intel machine check architecture supported.
Intel machine check reporting enabled on CPU#1.
x86 PAT enabled: cpu 1, old 0x7040600070406, new 0x7010600070106
CPU1: AMD Turion(tm) 64 X2 Mobile Technology TL-52 stepping 02
CPU0 attaching sched-domain:
 domain 0: span 0-1
  groups: 0 1
CPU1 attaching sched-domain:
 domain 0: span 0-1
  groups: 1 0
CPU1 is up
Clockevents: could not switch to one-shot mode: lapic is not functional.
Could not switch to high resolution mode on CPU 1
ACPI: EC: non-query interrupt received, switching to interrupt mode
PCI: Setting latency timer of device 0000:00:02.0 to 64
PCI: Setting latency timer of device 0000:00:03.0 to 64
NVRM: RmPowerManagement: 5
ACPI: PCI Interrupt 0000:00:0b.1[B] -&gt; Link [LUS2] -&gt; GSI 22 (level, 
high) -&gt; IRQ 22
PCI: Setting latency timer of device 0000:00:0b.1 to 64
PCI: Setting latency timer of device 0000:00:0d.0 to 64
ata6: port disabled. ignoring.
ACPI: PCI Interrupt 0000:00:0e.0[A] -&gt; Link [LTID] -&gt; GSI 23 (level, 
high) -&gt; IRQ 23
PCI: Setting latency timer of device 0000:00:0e.0 to 64
ACPI: PCI Interrupt 0000:00:0f.0[A] -&gt; Link [LSI1] -&gt; GSI 20 (level, 
high) -&gt; IRQ 20
PCI: Setting latency timer of device 0000:00:0f.0 to 64
PCI: Setting latency timer of device 0000:00:10.0 to 64
ACPI: PCI Interrupt 0000:00:10.1[B] -&gt; Link [LAZA] -&gt; GSI 21 (level, 
high) -&gt; IRQ 21
PCI: Setting latency timer of device 0000:00:10.1 to 64
b43-pci-bridge 0000:03:00.0: enabling device (0000 -&gt; 0002)
ACPI: PCI Interrupt 0000:03:00.0[A] -&gt; Link [LK4E] -&gt; GSI 19 (level, 
high) -&gt; IRQ 19
ata5.00: ACPI cmd ef/03:22:00:00:00:a0 filtered out
ata5.00: ACPI cmd ef/03:0c:00:00:00:a0 filtered out
ata5: nv_mode_filter: 0x39f&amp;0x39f-&gt;0x39f, BIOS=0x0 (0xc600) ACPI=0x39f 
(120:600:0x12)
ata5.00: configured for MWDMA2
firewire_core: skipped bus generations, destroying all nodes
ACPI: PCI Interrupt 0000:07:05.1[B] -&gt; Link [LNK2] -&gt; GSI 7 (level, 
high) -&gt; IRQ 7
ricoh-mmc: Resuming.
