<!DOCTYPE HTML PUBLIC "-//W3C//DTD HTML 4.01 Transitional//EN">
<HTML>
 <HEAD>
   <TITLE> Assertion failed in bcm43xx_mac80211
   </TITLE>
   <LINK REL="Index" HREF="http://lists.berlios.de/pipermail/bcm43xx-dev/2007-March/index.html" >
   <LINK REL="made" HREF="mailto:bcm43xx-dev%40lists.berlios.de?Subject=Re%3A%20Assertion%20failed%20in%20bcm43xx_mac80211&In-Reply-To=%3C8e6f94720703151658x66a4b24bxcbdbb1f463a1ad2%40mail.gmail.com%3E">
   <META NAME="robots" CONTENT="index,nofollow">
   <style type="text/css">
       pre {
           white-space: pre-wrap;       /* css-2.1, curent FF, Opera, Safari */
           }
   </style>
   <META http-equiv="Content-Type" content="text/html; charset=us-ascii">
   <LINK REL="Previous"  HREF="000772.html">
   <LINK REL="Next"  HREF="000802.html">
 </HEAD>
 <BODY BGCOLOR="#ffffff">
   <H1>Assertion failed in bcm43xx_mac80211</H1>
    <B>Will Dyson</B> 
    <A HREF="mailto:bcm43xx-dev%40lists.berlios.de?Subject=Re%3A%20Assertion%20failed%20in%20bcm43xx_mac80211&In-Reply-To=%3C8e6f94720703151658x66a4b24bxcbdbb1f463a1ad2%40mail.gmail.com%3E"
       TITLE="Assertion failed in bcm43xx_mac80211">will.dyson at gmail.com
       </A><BR>
    <I>Fri Mar 16 00:58:02 CET 2007</I>
    <P><UL>
        <LI>Previous message: <A HREF="000772.html">Assertion failed in bcm43xx_mac80211
</A></li>
        <LI>Next message: <A HREF="000802.html">Assertion failed in bcm43xx_mac80211
</A></li>
         <LI> <B>Messages sorted by:</B> 
              <a href="date.html#774">[ date ]</a>
              <a href="thread.html#774">[ thread ]</a>
              <a href="subject.html#774">[ subject ]</a>
              <a href="author.html#774">[ author ]</a>
         </LI>
       </UL>
    <HR>  
<!--beginarticle-->
<PRE>On 3/15/07, Michael Buesch &lt;<A HREF="https://lists.berlios.de/mailman/listinfo/bcm43xx-dev">mb at bu3sch.de</A>&gt; wrote:
&gt;<i> On Thursday 15 March 2007 06:09, Will Dyson wrote:
</I>&gt;<i> &gt; ssb: Sonics Silicon Backplane found on PCI device 0000:02:07.0
</I>&gt;<i> &gt;
</I>&gt;<i> &gt; bcm43xx_mac80211: Broadcom 4306 WLAN found
</I>&gt;<i>
</I>&gt;<i> Please also turn on ssb debugging.
</I>

How silly of me to forget. New log attached, although I doubt you will
find it much more enlightening.

I also tried turning on the iommu debugging option and leak tracer. It
doesn't find any leaks, but it does cause the card to throw a DMA
error. log of this is also attached.

-- 
Will Dyson
-------------- next part --------------
Command line: root=/dev/sda2 ro console=ttyS0,115200n8r console=tty0 single iommu=off
BIOS-provided physical RAM map:
 BIOS-e820: 0000000000000000 - 000000000009f800 (usable)
 BIOS-e820: 000000000009f800 - 00000000000a0000 (reserved)
 BIOS-e820: 00000000000f0000 - 0000000000100000 (reserved)
 BIOS-e820: 0000000000100000 - 00000000bfff0000 (usable)
 BIOS-e820: 00000000bfff0000 - 00000000bfff3000 (ACPI NVS)
 BIOS-e820: 00000000bfff3000 - 00000000c0000000 (ACPI data)
 BIOS-e820: 00000000fec00000 - 0000000100000000 (reserved)
end_pfn_map = 1048576
DMI 2.2 present.
ACPI: RSDP 000F8FA0, 0014 (r0 Nvidia)
ACPI: RSDT BFFF3040, 0034 (r1 Nvidia AWRDACPI 42302E31 AWRD        0)
ACPI: FACP BFFF30C0, 0074 (r1 Nvidia AWRDACPI 42302E31 AWRD        0)
ACPI: DSDT BFFF3180, 48C1 (r1 NVIDIA AWRDACPI     1000 MSFT  100000E)
ACPI: FACS BFFF0000, 0040
ACPI: SSDT BFFF7B80, 00B5 (r1 PTLTD  POWERNOW        1  LTP        1)
ACPI: SRAT BFFF7C80, 0090 (r1 AMD    HAMMER          1 AMD         1)
ACPI: APIC BFFF7AC0, 007C (r1 Nvidia AWRDACPI 42302E31 AWRD        0)
Zone PFN ranges:
  DMA             0 -&gt;     4096
  DMA32        4096 -&gt;  1048576
  Normal    1048576 -&gt;  1048576
early_node_map[2] active PFN ranges
    0:        0 -&gt;      159
    0:      256 -&gt;   786416
Nvidia board detected. Ignoring ACPI timer override.
If you got timer trouble try acpi_use_timer_override
ACPI: PM-Timer IO Port: 0x4008
ACPI: LAPIC (acpi_id[0x00] lapic_id[0x00] enabled)
Processor #0 (Bootup-CPU)
ACPI: LAPIC (acpi_id[0x01] lapic_id[0x01] disabled)
ACPI: LAPIC_NMI (acpi_id[0x00] high edge lint[0x1])
ACPI: LAPIC_NMI (acpi_id[0x01] high edge lint[0x1])
ACPI: IOAPIC (id[0x02] address[0xfec00000] gsi_base[0])
IOAPIC[0]: apic_id 2, address 0xfec00000, GSI 0-23
ACPI: INT_SRC_OVR (bus 0 bus_irq 0 global_irq 2 dfl dfl)
ACPI: BIOS IRQ0 pin2 override ignored.
ACPI: INT_SRC_OVR (bus 0 bus_irq 9 global_irq 9 high level)
ACPI: INT_SRC_OVR (bus 0 bus_irq 14 global_irq 14 high edge)
ACPI: INT_SRC_OVR (bus 0 bus_irq 15 global_irq 15 high edge)
Setting APIC routing to flat
Using ACPI (MADT) for SMP configuration information
Nosave address range: 000000000009f000 - 00000000000a0000
Nosave address range: 00000000000a0000 - 00000000000f0000
Nosave address range: 00000000000f0000 - 0000000000100000
Allocating PCI resources starting at c4000000 (gap: c0000000:3ec00000)
Built 1 zonelists.  Total pages: 774086
Kernel command line: root=/dev/sda2 ro console=ttyS0,115200n8r console=tty0 single iommu=off
Initializing CPU#0
PID hash table entries: 4096 (order: 12, 32768 bytes)
time.c: Detected 1808.832 MHz processor.
Console: colour VGA+ 80x25
Dentry cache hash table entries: 524288 (order: 10, 4194304 bytes)
Inode-cache hash table entries: 262144 (order: 9, 2097152 bytes)
Checking aperture...
CPU 0: aperture @ f0000000 size 128 MB
Memory: 3089748k/3145664k available (3436k kernel code, 55200k reserved, 1739k data, 192k init)
Calibrating delay using timer specific routine.. 3618.66 BogoMIPS (lpj=1809332)
Mount-cache hash table entries: 256
CPU: L1 I Cache: 64K (64 bytes/line), D cache 64K (64 bytes/line)
CPU: L2 Cache: 512K (64 bytes/line)
CPU: AMD Athlon(tm) 64 Processor 3000+ stepping 00
ACPI: Core revision 20070126
Using local APIC timer interrupts.
result 12561339
Detected 12.561 MHz APIC timer.
testing NMI watchdog ... OK.
NET: Registered protocol family 16
No dock devices found.
ACPI: bus type pci registered
PCI: Using configuration type 1
ACPI: Interpreter enabled
ACPI: (supports S0 S1 S4 S5)
ACPI: Using IOAPIC for interrupt routing
ACPI: PCI Root Bridge [PCI0] (0000:00)
0000:00:08.0: cannot adjust BAR0 (not I/O)
0000:00:08.0: cannot adjust BAR1 (not I/O)
0000:00:08.0: cannot adjust BAR2 (not I/O)
0000:00:08.0: cannot adjust BAR3 (not I/O)
ACPI: PCI Interrupt Link [LNK1] (IRQs 3 4 5 6 7 *10 11 12 14 15)
ACPI: PCI Interrupt Link [LNK2] (IRQs 3 4 5 6 7 10 *11 12 14 15)
ACPI: PCI Interrupt Link [LNK3] (IRQs 3 4 5 6 7 10 11 12 14 15) *0, disabled.
ACPI: PCI Interrupt Link [LNK4] (IRQs 3 4 5 6 7 10 *11 12 14 15)
ACPI: PCI Interrupt Link [LNK5] (IRQs 3 4 *5 6 7 10 11 12 14 15)
ACPI: PCI Interrupt Link [LUBA] (IRQs *3 4 5 6 7 10 11 12 14 15)
ACPI: PCI Interrupt Link [LUBB] (IRQs 3 4 *5 6 7 10 11 12 14 15)
ACPI: PCI Interrupt Link [LMAC] (IRQs *3 4 5 6 7 10 11 12 14 15)
ACPI: PCI Interrupt Link [LAPU] (IRQs 3 4 5 6 7 10 11 12 14 15) *0, disabled.
ACPI: PCI Interrupt Link [LACI] (IRQs 3 4 *5 6 7 10 11 12 14 15)
ACPI: PCI Interrupt Link [LMCI] (IRQs *3 4 5 6 7 10 11 12 14 15)
ACPI: PCI Interrupt Link [LSMB] (IRQs 3 4 5 6 7 10 *11 12 14 15)
ACPI: PCI Interrupt Link [LUB2] (IRQs 3 4 5 6 7 *10 11 12 14 15)
ACPI: PCI Interrupt Link [LFIR] (IRQs 3 4 5 6 7 10 11 12 14 15) *0, disabled.
ACPI: PCI Interrupt Link [L3CM] (IRQs 3 4 5 6 7 10 11 12 14 15) *0, disabled.
ACPI: PCI Interrupt Link [LIDE] (IRQs 3 4 5 6 7 10 11 12 14 15) *0, disabled.
ACPI: PCI Interrupt Link [LSID] (IRQs 3 4 5 6 7 10 *11 12 14 15)
ACPI: PCI Interrupt Link [LFID] (IRQs 3 4 5 6 7 *10 11 12 14 15)
ACPI: PCI Interrupt Link [APC1] (IRQs 16) *0
ACPI: PCI Interrupt Link [APC2] (IRQs 17) *0
ACPI: PCI Interrupt Link [APC3] (IRQs 18) *0, disabled.
ACPI: PCI Interrupt Link [APC4] (IRQs 19) *0
ACPI: PCI Interrupt Link [APC5] (IRQs *16)
ACPI: PCI Interrupt Link [APCF] (IRQs 20 21 22 23) *0
ACPI: PCI Interrupt Link [APCG] (IRQs 20 21 22 23) *0
ACPI: PCI Interrupt Link [APCH] (IRQs 20 21 22 23) *0
ACPI: PCI Interrupt Link [APCI] (IRQs 20 21 22 23) *0, disabled.
ACPI: PCI Interrupt Link [APCJ] (IRQs 20 21 22 23) *0
ACPI: PCI Interrupt Link [APCK] (IRQs 20 21 22 23) *0
ACPI: PCI Interrupt Link [APCS] (IRQs 20 21 22 23) *0
ACPI: PCI Interrupt Link [APCL] (IRQs 20 21 22 23) *0
ACPI: PCI Interrupt Link [APCM] (IRQs 20 21 22 23) *0, disabled.
ACPI: PCI Interrupt Link [AP3C] (IRQs 20 21 22 23) *0, disabled.
ACPI: PCI Interrupt Link [APCZ] (IRQs 20 21 22 23) *0, disabled.
ACPI: PCI Interrupt Link [APSI] (IRQs 20 21 22 23) *0
ACPI: PCI Interrupt Link [APSJ] (IRQs 20 21 22 23) *0
ACPI: Power Resource [ISAV] (on)
Linux Plug and Play Support v0.97 (c) Adam Belay
pnp: PnP ACPI init
pnp: PnP ACPI: found 12 devices
Generic PHY: Registered new driver
SCSI subsystem initialized
usbcore: registered new interface driver usbfs
usbcore: registered new interface driver hub
usbcore: registered new device driver usb
PCI: Using ACPI for IRQ routing
PCI: If a device doesn't work, try &quot;pci=routeirq&quot;.  If it helps, post a report
PCI: Cannot allocate resource region 0 of device 0000:00:00.0
agpgart: Detected AGP bridge 0
agpgart: Setting up Nforce3 AGP.
agpgart: AGP aperture is 128M @ 0xf0000000
pnp: 00:00: ioport range 0x4000-0x407f has been reserved
Time: tsc clocksource has been installed.
pnp: 00:00: ioport range 0x4080-0x40ff has been reserved
pnp: 00:00: ioport range 0x4400-0x447f has been reserved
pnp: 00:00: ioport range 0x4480-0x44ff has been reserved
pnp: 00:00: ioport range 0x4800-0x487f has been reserved
pnp: 00:00: ioport range 0x4880-0x48ff has been reserved
pnp: 00:01: iomem range 0xd0000-0xd3fff has been reserved
pnp: 00:01: iomem range 0xd5000-0xd7fff has been reserved
pnp: 00:01: iomem range 0xf0000-0xfbfff could not be reserved
pnp: 00:01: iomem range 0xfc000-0xfffff could not be reserved
ACPI: PCI Interrupt Link [APC4] enabled at IRQ 19
ACPI: PCI Interrupt 0000:02:0c.0[A] -&gt; Link [APC4] -&gt; GSI 19 (level, low) -&gt; IRQ 19
ohci1394: fw-host0: OHCI-1394 1.0 (PCI): IRQ=[19]  MMIO=[fdeff000-fdeff7ff]  Max Packet=[2048]  IR/IT contexts=[4/8]
PCI: Bridge: 0000:00:0b.0
  IO window: 9000-9fff
  MEM window: fdf00000-fdffffff
  PREFETCH window: e0000000-efffffff
PCI: Bridge: 0000:00:0e.0
  IO window: 8000-8fff
  MEM window: fde00000-fdefffff
  PREFETCH window: fdd00000-fddfffff
NET: Registered protocol family 2
IP route cache hash table entries: 131072 (order: 8, 1048576 bytes)
TCP established hash table entries: 262144 (order: 10, 4194304 bytes)
TCP bind hash table entries: 65536 (order: 7, 524288 bytes)
TCP: Hash tables configured (established 262144 bind 65536)
TCP reno registered
Total HugeTLB memory allocated, 0
fuse init (API version 7.8)
io scheduler noop registered
io scheduler anticipatory registered (default)
io scheduler cfq registered
ACPI: PCI Interrupt Link [APC1] enabled at IRQ 16
ACPI: PCI Interrupt 0000:01:00.0[A] -&gt; Link [APC1] -&gt; GSI 16 (level, low) -&gt; IRQ 16
radeonfb: Found Intel x86 BIOS ROM Image
radeonfb: Retrieved PLL infos from BIOS
radeonfb: Reference=27.00 MHz (RefDiv=12) Memory=250.00 Mhz, System=200.00 MHz
radeonfb: PLL min 20000 max 40000
i2c_adapter i2c-2: unable to read EDID block.
i2c_adapter i2c-2: unable to read EDID block.
i2c_adapter i2c-2: unable to read EDID block.
i2c_adapter i2c-3: unable to read EDID block.
i2c_adapter i2c-3: unable to read EDID block.
i2c_adapter i2c-3: unable to read EDID block.
radeonfb: Monitor 1 type DFP found
radeonfb: EDID probed
radeonfb: Monitor 2 type no found
Console: switching to colour frame buffer device 160x64
mtrr: base(0xe8000000) is not aligned on a size(0x10000000) boundary
radeonfb (0000:01:00.0): ATI Radeon Ya 
input: Power Button (FF) as /class/input/input0
ACPI: Power Button (FF) [PWRF]
input: Power Button (CM) as /class/input/input1
ACPI: Power Button (CM) [PWRB]
Real Time Clock Driver v1.12ac
Linux agpgart interface v0.102 (c) Dave Jones
[drm] Initialized drm 1.1.0 20060810
[drm] Initialized radeon 1.25.0 20060524 on minor 0
Serial: 8250/16550 driver $Revision: 1.90 $ 4 ports, IRQ sharing disabled
serial8250: ttyS0 at I/O 0x3f8 (irq = 4) is a 16550A
00:09: ttyS0 at I/O 0x3f8 (irq = 4) is a 16550A
loop: loaded (max 8 devices)
Marvell 88E1101: Registered new driver
Marvell 88E1111: Registered new driver
Marvell 88E1145: Registered new driver
QS6612: Registered new driver
forcedeth.c: Reverse Engineered nForce ethernet driver. Version 0.60.
ACPI: PCI Interrupt Link [APCH] enabled at IRQ 23
ACPI: PCI Interrupt 0000:00:05.0[A] -&gt; Link [APCH] -&gt; GSI 23 (level, high) -&gt; IRQ 23
eth0: forcedeth.c: subsystem: 01462:0250 bound to 0000:00:05.0
tun: Universal TUN/TAP device driver, 1.6
tun: (C) 1999-2004 Max Krasnyansky &lt;<A HREF="https://lists.berlios.de/mailman/listinfo/bcm43xx-dev">maxk at qualcomm.com</A>&gt;
r8169 Gigabit Ethernet driver 2.2LK-NAPI loaded
ACPI: PCI Interrupt Link [APC5] enabled at IRQ 16
ACPI: PCI Interrupt 0000:02:0d.0[A] -&gt; Link [APC5] -&gt; GSI 16 (level, low) -&gt; IRQ 16
eth1: RTL8169s/8110s at 0xffffc20000076000, 00:11:09:8f:4b:52, IRQ 16
Linux video capture interface: v2.00
cx2388x v4l2 driver version 0.0.6 loaded
cx2388x cx88-mpeg Driver Manager version 0.0.6 loaded
cx2388x alsa driver version 0.0.6 loaded
cx2388x blackbird driver version 0.0.6 loaded
cx8802_register_driver() -&gt;registering driver type=blackbird access=shared
cx2388x dvb driver version 0.0.6 loaded
cx8802_register_driver() -&gt;registering driver type=dvb access=shared
Uniform Multi-Platform E-IDE driver Revision: 7.00alpha2
ide: Assuming 33MHz system bus speed for PIO modes; override with idebus=xx
NFORCE3-250: IDE controller at PCI slot 0000:00:08.0
NFORCE3-250: chipset revision 162
NFORCE3-250: not 100% native mode: will probe irqs later
NFORCE3-250: 0000:00:08.0 (rev a2) UDMA133 controller
    ide0: BM-DMA at 0xdc00-0xdc07, BIOS settings: hda:DMA, hdb:DMA
    ide1: BM-DMA at 0xdc08-0xdc0f, BIOS settings: hdc:DMA, hdd:DMA
hda: PLEXTOR DVDR PX-712A, ATAPI CD/DVD-ROM drive
ide0 at 0x1f0-0x1f7,0x3f6 on irq 14
hda: ATAPI 40X DVD-ROM DVD-R CD-R/RW drive, 8192kB Cache
Uniform CD-ROM driver Revision: 3.20
ACPI: PCI Interrupt Link [APSI] enabled at IRQ 22
ACPI: PCI Interrupt 0000:00:09.0[A] -&gt; Link [APSI] -&gt; GSI 22 (level, high) -&gt; IRQ 22
ata1: SATA max UDMA/133 cmd 0x00000000000109e0 ctl 0x0000000000010be2 bmdma 0x000000000001c800 irq 22
ata2: SATA max UDMA/133 cmd 0x0000000000010960 ctl 0x0000000000010b62 bmdma 0x000000000001c808 irq 22
scsi0 : sata_nv
ata1: SATA link up 1.5 Gbps (SStatus 113 SControl 300)
ata1.00: ATA-6: WDC WD1600SD-01KCB0, 08.02D08, max UDMA/133
ata1.00: 312581808 sectors, multi 16: LBA48 
ata1.00: configured for UDMA/133
scsi1 : sata_nv
ata2: SATA link up 1.5 Gbps (SStatus 113 SControl 300)
ata2.00: ATA-7: Maxtor 6L250S0, BANC1G10, max UDMA/133
ata2.00: 490234752 sectors, multi 16: LBA48 NCQ (depth 0/32)
ata2.00: configured for UDMA/133
scsi 0:0:0:0: Direct-Access     ATA      WDC WD1600SD-01K 08.0 PQ: 0 ANSI: 5
SCSI device sda: 312581808 512-byte hdwr sectors (160042 MB)
sda: Write Protect is off
SCSI device sda: write cache: enabled, read cache: enabled, doesn't support DPO or FUA
SCSI device sda: 312581808 512-byte hdwr sectors (160042 MB)
sda: Write Protect is off
SCSI device sda: write cache: enabled, read cache: enabled, doesn't support DPO or FUA
 sda: sda1 sda2 sda3
sd 0:0:0:0: Attached scsi disk sda
sd 0:0:0:0: Attached scsi generic sg0 type 0
scsi 1:0:0:0: Direct-Access     ATA      Maxtor 6L250S0   BANC PQ: 0 ANSI: 5
SCSI device sdb: 490234752 512-byte hdwr sectors (251000 MB)
sdb: Write Protect is off
SCSI device sdb: write cache: enabled, read cache: enabled, doesn't support DPO or FUA
SCSI device sdb: 490234752 512-byte hdwr sectors (251000 MB)
sdb: Write Protect is off
SCSI device sdb: write cache: enabled, read cache: enabled, doesn't support DPO or FUA
 sdb: sdb1 sdb2
sd 1:0:0:0: Attached scsi disk sdb
sd 1:0:0:0: Attached scsi generic sg1 type 0
ACPI: PCI Interrupt Link [APSJ] enabled at IRQ 21
ACPI: PCI Interrupt 0000:00:0a.0[A] -&gt; Link [APSJ] -&gt; GSI 21 (level, high) -&gt; IRQ 21
ata3: SATA max UDMA/133 cmd 0x00000000000109f0 ctl 0x0000000000010bf2 bmdma 0x000000000001b000 irq 21
ata4: SATA max UDMA/133 cmd 0x0000000000010970 ctl 0x0000000000010b72 bmdma 0x000000000001b008 irq 21
scsi2 : sata_nv
ata3: SATA link down (SStatus 0 SControl 300)
scsi3 : sata_nv
ata4: SATA link down (SStatus 0 SControl 300)
ACPI: PCI Interrupt Link [APCL] enabled at IRQ 20
ACPI: PCI Interrupt 0000:00:02.2[C] -&gt; Link [APCL] -&gt; GSI 20 (level, high) -&gt; IRQ 20
ehci_hcd 0000:00:02.2: EHCI Host Controller
ehci_hcd 0000:00:02.2: new USB bus registered, assigned bus number 1
ehci_hcd 0000:00:02.2: debug port 1
ehci_hcd 0000:00:02.2: irq 20, io mem 0xfe02d000
ehci_hcd 0000:00:02.2: USB 2.0 started, EHCI 1.00, driver 10 Dec 2004
usb usb1: configuration #1 chosen from 1 choice
hub 1-0:1.0: USB hub found
hub 1-0:1.0: 8 ports detected
ACPI: PCI Interrupt Link [APCF] enabled at IRQ 23
ACPI: PCI Interrupt 0000:00:02.0[A] -&gt; Link [APCF] -&gt; GSI 23 (level, high) -&gt; IRQ 23
ohci_hcd 0000:00:02.0: OHCI Host Controller
ohci_hcd 0000:00:02.0: new USB bus registered, assigned bus number 2
ohci_hcd 0000:00:02.0: irq 23, io mem 0xfe02f000
usb usb2: configuration #1 chosen from 1 choice
hub 2-0:1.0: USB hub found
hub 2-0:1.0: 4 ports detected
ACPI: PCI Interrupt Link [APCG] enabled at IRQ 22
ACPI: PCI Interrupt 0000:00:02.1[B] -&gt; Link [APCG] -&gt; GSI 22 (level, high) -&gt; IRQ 22
ohci_hcd 0000:00:02.1: OHCI Host Controller
ohci_hcd 0000:00:02.1: new USB bus registered, assigned bus number 3
ohci_hcd 0000:00:02.1: irq 22, io mem 0xfe02e000
usb usb3: configuration #1 chosen from 1 choice
hub 3-0:1.0: USB hub found
hub 3-0:1.0: 4 ports detected
usb 3-3: new low speed USB device using ohci_hcd and address 2
usb 3-3: configuration #1 chosen from 1 choice
usbcore: registered new interface driver libusual
usbcore: registered new interface driver hiddev
input: Logitech USB-PS/2 Optical Mouse as /class/input/input2
input: USB HID v1.10 Mouse [Logitech USB-PS/2 Optical Mouse] on usb-0000:00:02.1-3
usbcore: registered new interface driver usbhid
drivers/usb/input/hid-core.c: v2.6:USB HID core driver
PNP: PS/2 Controller [PNP0303:PS2K] at 0x60,0x64 irq 1
PNP: PS/2 controller doesn't have AUX irq; using default 12
serio: i8042 KBD port at 0x60,0x64 irq 1
mice: PS/2 mouse device common for all mice
rtc_cmos 00:05: rtc core: registered rtc_cmos as rtc0
pnp: Device 00:05 does not support disabling.
rtc_cmos: probe of 00:05 failed with error -16
i2c /dev entries driver
Advanced Linux Sound Architecture Driver Version 1.0.14rc3 (Tue Mar 06 13:10:00 2007 UTC).
ALSA device list:
  No soundcards found.
IPv4 over IPv4 tunneling driver
input: AT Translated Set 2 keyboard as /class/input/input3
GRE over IPv4 tunneling driver
ip_tables: (C) 2000-2006 Netfilter Core Team
TCP cubic registered
Initializing XFRM netlink socket
NET: Registered protocol family 1
NET: Registered protocol family 10
lo: Disabled Privacy Extensions
tunl0: Disabled Privacy Extensions
IPv6 over IPv4 tunneling driver
sit0: Disabled Privacy Extensions
NET: Registered protocol family 17
NET: Registered protocol family 15
powernow-k8: Found 1 AMD Athlon(tm) 64 Processor 3000+ processors (version 2.00.00)
powernow-k8:    0 : fid 0xa (1800 MHz), vid 0x6
powernow-k8:    1 : fid 0x2 (1000 MHz), vid 0x12
drivers/rtc/hctosys.c: unable to open rtc device (rtc0)
ReiserFS: sda2: found reiserfs format &quot;3.6&quot; with standard journal
ReiserFS: sda2: using ordered data mode
ReiserFS: sda2: journal params: device sda2, size 8192, journal first block 18, max trans len 1024, max batch 900, max commit age 30, max trans age 30
ReiserFS: sda2: checking transaction log (sda2)
ReiserFS: sda2: Using r5 hash to sort names
VFS: Mounted root (reiserfs filesystem) readonly.
Freeing unused kernel memory: 192k freed
eth1394: eth2: IEEE-1394 IPv4 over 1394 Ethernet (fw-host0)
i2c_adapter i2c-4: nForce2 SMBus adapter at 0x4c00
i2c_adapter i2c-5: nForce2 SMBus adapter at 0x4c40
ACPI: PCI Interrupt Link [APCJ] enabled at IRQ 21
ACPI: PCI Interrupt 0000:00:06.0[A] -&gt; Link [APCJ] -&gt; GSI 21 (level, high) -&gt; IRQ 21
parport: PnPBIOS parport detected.
parport0: PC-style at 0x378, irq 7 [PCSPP,TRISTATE]
intel8x0_measure_ac97_clock: measured 50612 usecs
intel8x0: clocking to 46869
ACPI: PCI Interrupt Link [APC2] enabled at IRQ 17
ACPI: PCI Interrupt 0000:02:07.0[A] -&gt; Link [APC2] -&gt; GSI 17 (level, low) -&gt; IRQ 17
ssb: Sonics Silicon Backplane found on PCI device 0000:02:07.0
ssb: Core 0 found: ChipCommon (cc 0x800, rev 0x02, vendor 0x4243)
ssb: Core 1 found: IEEE 802.11 (cc 0x812, rev 0x04, vendor 0x4243)
ssb: Core 2 found: PCMCIA (cc 0x80D, rev 0x01, vendor 0x4243)
ssb: Core 3 found: V90 (cc 0x807, rev 0x01, vendor 0x4243)
ssb: Core 4 found: PCI (cc 0x804, rev 0x07, vendor 0x4243)
ssb: Core 5 found: IEEE 802.11 (cc 0x812, rev 0x04, vendor 0x4243)
ssb: Ignoring additional 802.11 core
ssb: Switching to PCI core, index 4
bcm43xx_mac80211: Broadcom 4306 WLAN found
ssb: Switching to IEEE 802.11 core, index 1
bcm43xx_mac80211: Radio turned off
ACPI: PCI Interrupt 0000:02:0a.0[A] -&gt; Link [APC2] -&gt; GSI 17 (level, low) -&gt; IRQ 17
Adding 979956k swap on /dev/sda1.  Priority:-1 extents:1 across:979956k
w83627hf 9191-0290: Reading VID from GPIO5
device-mapper: ioctl: 4.11.0-ioctl (2006-10-12) initialised: <A HREF="https://lists.berlios.de/mailman/listinfo/bcm43xx-dev">dm-devel at redhat.com</A>
ReiserFS: sda3: found reiserfs format &quot;3.6&quot; with standard journal
ReiserFS: sda3: using ordered data mode
ReiserFS: sda3: journal params: device sda3, size 8192, journal first block 18, max trans len 1024, max batch 900, max commit age 30, max trans age 30
ReiserFS: sda3: checking transaction log (sda3)
ReiserFS: sda3: Using r5 hash to sort names
wpa_supplicant[3250]: segfault at 0000000000000048 rip 00000000004210cf rsp 00007fff9aced6e0 error 4
bcm43xx_mac80211: Adding Interface type 2
bcm43xx_mac80211: Found PHY: Analog 1, Type 2, Revision 1
bcm43xx_mac80211: Found Radio: Manuf 0x17F, Version 0x2050, Revision 2
ssb: Switching to PCI core, index 4
ssb: Switching to IEEE 802.11 core, index 1
bcm43xx_mac80211: !WARNING! Idle-TSSI phy-&gt;cur_idle_tssi measuring failed. (cur=0, tgt=62). Disabling TX power adjustment.
ssb: Switching to ChipCommon core, index 0
ssb: Switching to IEEE 802.11 core, index 1
bcm43xx_mac80211: Radio turned on
bcm43xx_mac80211: Radio enabled by hardware
bcm43xx_mac80211: Chip initialized
bcm43xx_mac80211: 30-bit DMA initialized
bcm43xx_mac80211: TODO: Incomplete code in keymac_write() at drivers/net/wireless/mac80211/bcm43xx/bcm43xx_main.c:727
bcm43xx_mac80211: TODO: Incomplete code in keymac_write() at drivers/net/wireless/mac80211/bcm43xx/bcm43xx_main.c:727
bcm43xx_mac80211: TODO: Incomplete code in keymac_write() at drivers/net/wireless/mac80211/bcm43xx/bcm43xx_main.c:727
bcm43xx_mac80211: TODO: Incomplete code in keymac_write() at drivers/net/wireless/mac80211/bcm43xx/bcm43xx_main.c:727
bcm43xx_mac80211: TODO: Incomplete code in keymac_write() at drivers/net/wireless/mac80211/bcm43xx/bcm43xx_main.c:727
bcm43xx_mac80211: TODO: Incomplete code in keymac_write() at drivers/net/wireless/mac80211/bcm43xx/bcm43xx_main.c:727
bcm43xx_mac80211: TODO: Incomplete code in keymac_write() at drivers/net/wireless/mac80211/bcm43xx/bcm43xx_main.c:727
bcm43xx_mac80211: TODO: Incomplete code in keymac_write() at drivers/net/wireless/mac80211/bcm43xx/bcm43xx_main.c:727
bcm43xx_mac80211: TODO: Incomplete code in keymac_write() at drivers/net/wireless/mac80211/bcm43xx/bcm43xx_main.c:727
bcm43xx_mac80211: TODO: Incomplete code in keymac_write() at drivers/net/wireless/mac80211/bcm43xx/bcm43xx_main.c:727
bcm43xx_mac80211: TODO: Incomplete code in keymac_write() at drivers/net/wireless/mac80211/bcm43xx/bcm43xx_main.c:727
bcm43xx_mac80211: TODO: Incomplete code in keymac_write() at drivers/net/wireless/mac80211/bcm43xx/bcm43xx_main.c:727
bcm43xx_mac80211: TODO: Incomplete code in keymac_write() at drivers/net/wireless/mac80211/bcm43xx/bcm43xx_main.c:727
bcm43xx_mac80211: TODO: Incomplete code in keymac_write() at drivers/net/wireless/mac80211/bcm43xx/bcm43xx_main.c:727
bcm43xx_mac80211: TODO: Incomplete code in keymac_write() at drivers/net/wireless/mac80211/bcm43xx/bcm43xx_main.c:727
bcm43xx_mac80211: TODO: Incomplete code in keymac_write() at drivers/net/wireless/mac80211/bcm43xx/bcm43xx_main.c:727
bcm43xx_mac80211: Wireless interface started
bcm43xx_mac80211: DMA gencookie: cookie is B000
bcm43xx_mac80211: ASSERTION FAILED (hw-&gt;cookie != 0) at: drivers/net/wireless/mac80211/bcm43xx/bcm43xx_dma.c:1201:dma_rx()
bcm43xx_mac80211: DMA RX xmit status: i is 101
bcm43xx_mac80211: DMA RX hw-&gt;seq is: 0
bcm43xx_mac80211: DMA parsecookie: cookie was: 0
bcm43xx_mac80211: ASSERTION FAILED (0) at: drivers/net/wireless/mac80211/bcm43xx/bcm43xx_dma.c:1018:parse_cookie()
bcm43xx_mac80211: ASSERTION FAILED (ring &amp;&amp; *slot &gt;= 0 &amp;&amp; *slot &lt; ring-&gt;nr_slots) at: drivers/net/wireless/mac80211/bcm43xx/bcm43xx_dma.c:1021:parse_cookie()
bcm43xx_mac80211: DMA gencookie: cookie is B002
bcm43xx_mac80211: ASSERTION FAILED (hw-&gt;cookie != 0) at: drivers/net/wireless/mac80211/bcm43xx/bcm43xx_dma.c:1201:dma_rx()
bcm43xx_mac80211: DMA RX xmit status: i is 101
bcm43xx_mac80211: DMA RX hw-&gt;seq is: 40
bcm43xx_mac80211: DMA parsecookie: cookie was: 0
bcm43xx_mac80211: ASSERTION FAILED (0) at: drivers/net/wireless/mac80211/bcm43xx/bcm43xx_dma.c:1018:parse_cookie()
bcm43xx_mac80211: ASSERTION FAILED (ring &amp;&amp; *slot &gt;= 0 &amp;&amp; *slot &lt; ring-&gt;nr_slots) at: drivers/net/wireless/mac80211/bcm43xx/bcm43xx_dma.c:1021:parse_cookie()
bcm43xx_mac80211: DMA gencookie: cookie is B004
bcm43xx_mac80211: ASSERTION FAILED (hw-&gt;cookie != 0) at: drivers/net/wireless/mac80211/bcm43xx/bcm43xx_dma.c:1201:dma_rx()
bcm43xx_mac80211: DMA RX xmit status: i is 101
bcm43xx_mac80211: DMA RX hw-&gt;seq is: 0
bcm43xx_mac80211: DMA parsecookie: cookie was: 0
bcm43xx_mac80211: ASSERTION FAILED (0) at: drivers/net/wireless/mac80211/bcm43xx/bcm43xx_dma.c:1018:parse_cookie()
bcm43xx_mac80211: ASSERTION FAILED (ring &amp;&amp; *slot &gt;= 0 &amp;&amp; *slot &lt; ring-&gt;nr_slots) at: drivers/net/wireless/mac80211/bcm43xx/bcm43xx_dma.c:1021:parse_cookie()
bcm43xx_mac80211: DMA gencookie: cookie is B006
bcm43xx_mac80211: ASSERTION FAILED (hw-&gt;cookie != 0) at: drivers/net/wireless/mac80211/bcm43xx/bcm43xx_dma.c:1201:dma_rx()
bcm43xx_mac80211: DMA RX xmit status: i is 101
bcm43xx_mac80211: DMA RX hw-&gt;seq is: 40
bcm43xx_mac80211: DMA parsecookie: cookie was: 0
bcm43xx_mac80211: ASSERTION FAILED (0) at: drivers/net/wireless/mac80211/bcm43xx/bcm43xx_dma.c:1018:parse_cookie()
bcm43xx_mac80211: ASSERTION FAILED (ring &amp;&amp; *slot &gt;= 0 &amp;&amp; *slot &lt; ring-&gt;nr_slots) at: drivers/net/wireless/mac80211/bcm43xx/bcm43xx_dma.c:1021:parse_cookie()
bcm43xx_mac80211: DMA gencookie: cookie is B008
bcm43xx_mac80211: ASSERTION FAILED (hw-&gt;cookie != 0) at: drivers/net/wireless/mac80211/bcm43xx/bcm43xx_dma.c:1201:dma_rx()
bcm43xx_mac80211: DMA RX xmit status: i is 101
bcm43xx_mac80211: DMA RX hw-&gt;seq is: 0
bcm43xx_mac80211: DMA parsecookie: cookie was: 0
bcm43xx_mac80211: ASSERTION FAILED (0) at: drivers/net/wireless/mac80211/bcm43xx/bcm43xx_dma.c:1018:parse_cookie()
bcm43xx_mac80211: ASSERTION FAILED (ring &amp;&amp; *slot &gt;= 0 &amp;&amp; *slot &lt; ring-&gt;nr_slots) at: drivers/net/wireless/mac80211/bcm43xx/bcm43xx_dma.c:1021:parse_cookie()
bcm43xx_mac80211: DMA gencookie: cookie is B00A
bcm43xx_mac80211: ASSERTION FAILED (hw-&gt;cookie != 0) at: drivers/net/wireless/mac80211/bcm43xx/bcm43xx_dma.c:1201:dma_rx()
bcm43xx_mac80211: DMA parsecookie: cookie was: 0
bcm43xx_mac80211: ASSERTION FAILED (0) at: drivers/net/wireless/mac80211/bcm43xx/bcm43xx_dma.c:1018:parse_cookie()
bcm43xx_mac80211: ASSERTION FAILED (ring &amp;&amp; *slot &gt;= 0 &amp;&amp; *slot &lt; ring-&gt;nr_slots) at: drivers/net/wireless/mac80211/bcm43xx/bcm43xx_dma.c:1021:parse_cookie()
bcm43xx_mac80211: DMA gencookie: cookie is B00C
bcm43xx_mac80211: ASSERTION FAILED (hw-&gt;cookie != 0) at: drivers/net/wireless/mac80211/bcm43xx/bcm43xx_dma.c:1201:dma_rx()
bcm43xx_mac80211: DMA parsecookie: cookie was: 0
bcm43xx_mac80211: ASSERTION FAILED (0) at: drivers/net/wireless/mac80211/bcm43xx/bcm43xx_dma.c:1018:parse_cookie()
bcm43xx_mac80211: ASSERTION FAILED (ring &amp;&amp; *slot &gt;= 0 &amp;&amp; *slot &lt; ring-&gt;nr_slots) at: drivers/net/wireless/mac80211/bcm43xx/bcm43xx_dma.c:1021:parse_cookie()
bcm43xx_mac80211: DMA gencookie: cookie is B00E
bcm43xx_mac80211: ASSERTION FAILED (hw-&gt;cookie != 0) at: drivers/net/wireless/mac80211/bcm43xx/bcm43xx_dma.c:1201:dma_rx()
bcm43xx_mac80211: DMA parsecookie: cookie was: 0
bcm43xx_mac80211: ASSERTION FAILED (0) at: drivers/net/wireless/mac80211/bcm43xx/bcm43xx_dma.c:1018:parse_cookie()
bcm43xx_mac80211: ASSERTION FAILED (ring &amp;&amp; *slot &gt;= 0 &amp;&amp; *slot &lt; ring-&gt;nr_slots) at: drivers/net/wireless/mac80211/bcm43xx/bcm43xx_dma.c:1021:parse_cookie()
bcm43xx_mac80211: DMA gencookie: cookie is B010
bcm43xx_mac80211: ASSERTION FAILED (hw-&gt;cookie != 0) at: drivers/net/wireless/mac80211/bcm43xx/bcm43xx_dma.c:1201:dma_rx()
bcm43xx_mac80211: DMA parsecookie: cookie was: 0
bcm43xx_mac80211: ASSERTION FAILED (0) at: drivers/net/wireless/mac80211/bcm43xx/bcm43xx_dma.c:1018:parse_cookie()
bcm43xx_mac80211: ASSERTION FAILED (ring &amp;&amp; *slot &gt;= 0 &amp;&amp; *slot &lt; ring-&gt;nr_slots) at: drivers/net/wireless/mac80211/bcm43xx/bcm43xx_dma.c:1021:parse_cookie()
bcm43xx_mac80211: DMA gencookie: cookie is B012
bcm43xx_mac80211: ASSERTION FAILED (hw-&gt;cookie != 0) at: drivers/net/wireless/mac80211/bcm43xx/bcm43xx_dma.c:1201:dma_rx()
bcm43xx_mac80211: DMA parsecookie: cookie was: 0
bcm43xx_mac80211: ASSERTION FAILED (0) at: drivers/net/wireless/mac80211/bcm43xx/bcm43xx_dma.c:1018:parse_cookie()
bcm43xx_mac80211: ASSERTION FAILED (ring &amp;&amp; *slot &gt;= 0 &amp;&amp; *slot &lt; ring-&gt;nr_slots) at: drivers/net/wireless/mac80211/bcm43xx/bcm43xx_dma.c:1021:parse_cookie()
bcm43xx_mac80211: DMA gencookie: cookie is B014
bcm43xx_mac80211: ASSERTION FAILED (hw-&gt;cookie != 0) at: drivers/net/wireless/mac80211/bcm43xx/bcm43xx_dma.c:1201:dma_rx()
bcm43xx_mac80211: DMA parsecookie: cookie was: 0
bcm43xx_mac80211: ASSERTION FAILED (0) at: drivers/net/wireless/mac80211/bcm43xx/bcm43xx_dma.c:1018:parse_cookie()
bcm43xx_mac80211: ASSERTION FAILED (ring &amp;&amp; *slot &gt;= 0 &amp;&amp; *slot &lt; ring-&gt;nr_slots) at: drivers/net/wireless/mac80211/bcm43xx/bcm43xx_dma.c:1021:parse_cookie()
-------------- next part --------------
Command line: root=/dev/sda2 ro console=ttyS0,115200n8r console=tty0 single
BIOS-provided physical RAM map:
 BIOS-e820: 0000000000000000 - 000000000009f800 (usable)
 BIOS-e820: 000000000009f800 - 00000000000a0000 (reserved)
 BIOS-e820: 00000000000f0000 - 0000000000100000 (reserved)
 BIOS-e820: 0000000000100000 - 00000000bfff0000 (usable)
 BIOS-e820: 00000000bfff0000 - 00000000bfff3000 (ACPI NVS)
 BIOS-e820: 00000000bfff3000 - 00000000c0000000 (ACPI data)
 BIOS-e820: 00000000fec00000 - 0000000100000000 (reserved)
end_pfn_map = 1048576
DMI 2.2 present.
ACPI: RSDP 000F8FA0, 0014 (r0 Nvidia)
ACPI: RSDT BFFF3040, 0034 (r1 Nvidia AWRDACPI 42302E31 AWRD        0)
ACPI: FACP BFFF30C0, 0074 (r1 Nvidia AWRDACPI 42302E31 AWRD        0)
ACPI: DSDT BFFF3180, 48C1 (r1 NVIDIA AWRDACPI     1000 MSFT  100000E)
ACPI: FACS BFFF0000, 0040
ACPI: SSDT BFFF7B80, 00B5 (r1 PTLTD  POWERNOW        1  LTP        1)
ACPI: SRAT BFFF7C80, 0090 (r1 AMD    HAMMER          1 AMD         1)
ACPI: APIC BFFF7AC0, 007C (r1 Nvidia AWRDACPI 42302E31 AWRD        0)
Zone PFN ranges:
  DMA             0 -&gt;     4096
  DMA32        4096 -&gt;  1048576
  Normal    1048576 -&gt;  1048576
early_node_map[2] active PFN ranges
    0:        0 -&gt;      159
    0:      256 -&gt;   786416
Nvidia board detected. Ignoring ACPI timer override.
If you got timer trouble try acpi_use_timer_override
ACPI: PM-Timer IO Port: 0x4008
ACPI: LAPIC (acpi_id[0x00] lapic_id[0x00] enabled)
Processor #0 (Bootup-CPU)
ACPI: LAPIC (acpi_id[0x01] lapic_id[0x01] disabled)
ACPI: LAPIC_NMI (acpi_id[0x00] high edge lint[0x1])
ACPI: LAPIC_NMI (acpi_id[0x01] high edge lint[0x1])
ACPI: IOAPIC (id[0x02] address[0xfec00000] gsi_base[0])
IOAPIC[0]: apic_id 2, address 0xfec00000, GSI 0-23
ACPI: INT_SRC_OVR (bus 0 bus_irq 0 global_irq 2 dfl dfl)
ACPI: BIOS IRQ0 pin2 override ignored.
ACPI: INT_SRC_OVR (bus 0 bus_irq 9 global_irq 9 high level)
ACPI: INT_SRC_OVR (bus 0 bus_irq 14 global_irq 14 high edge)
ACPI: INT_SRC_OVR (bus 0 bus_irq 15 global_irq 15 high edge)
Setting APIC routing to flat
Using ACPI (MADT) for SMP configuration information
Nosave address range: 000000000009f000 - 00000000000a0000
Nosave address range: 00000000000a0000 - 00000000000f0000
Nosave address range: 00000000000f0000 - 0000000000100000
Allocating PCI resources starting at c4000000 (gap: c0000000:3ec00000)
Built 1 zonelists.  Total pages: 774086
Kernel command line: root=/dev/sda2 ro console=ttyS0,115200n8r console=tty0 single
Initializing CPU#0
PID hash table entries: 4096 (order: 12, 32768 bytes)
time.c: Detected 1808.838 MHz processor.
Console: colour VGA+ 80x25
Dentry cache hash table entries: 524288 (order: 10, 4194304 bytes)
Inode-cache hash table entries: 262144 (order: 9, 2097152 bytes)
Checking aperture...
CPU 0: aperture @ f0000000 size 128 MB
Memory: 3089748k/3145664k available (3436k kernel code, 55200k reserved, 1739k data, 192k init)
Calibrating delay using timer specific routine.. 3618.66 BogoMIPS (lpj=1809331)
Mount-cache hash table entries: 256
CPU: L1 I Cache: 64K (64 bytes/line), D cache 64K (64 bytes/line)
CPU: L2 Cache: 512K (64 bytes/line)
CPU: AMD Athlon(tm) 64 Processor 3000+ stepping 00
ACPI: Core revision 20070126
Using local APIC timer interrupts.
result 12561383
Detected 12.561 MHz APIC timer.
testing NMI watchdog ... OK.
NET: Registered protocol family 16
No dock devices found.
ACPI: bus type pci registered
PCI: Using configuration type 1
ACPI: Interpreter enabled
ACPI: (supports S0 S1 S4 S5)
ACPI: Using IOAPIC for interrupt routing
ACPI: PCI Root Bridge [PCI0] (0000:00)
0000:00:08.0: cannot adjust BAR0 (not I/O)
0000:00:08.0: cannot adjust BAR1 (not I/O)
0000:00:08.0: cannot adjust BAR2 (not I/O)
0000:00:08.0: cannot adjust BAR3 (not I/O)
ACPI: PCI Interrupt Link [LNK1] (IRQs 3 4 5 6 7 *10 11 12 14 15)
ACPI: PCI Interrupt Link [LNK2] (IRQs 3 4 5 6 7 10 *11 12 14 15)
ACPI: PCI Interrupt Link [LNK3] (IRQs 3 4 5 6 7 10 11 12 14 15) *0, disabled.
ACPI: PCI Interrupt Link [LNK4] (IRQs 3 4 5 6 7 10 *11 12 14 15)
ACPI: PCI Interrupt Link [LNK5] (IRQs 3 4 *5 6 7 10 11 12 14 15)
ACPI: PCI Interrupt Link [LUBA] (IRQs *3 4 5 6 7 10 11 12 14 15)
ACPI: PCI Interrupt Link [LUBB] (IRQs 3 4 *5 6 7 10 11 12 14 15)
ACPI: PCI Interrupt Link [LMAC] (IRQs *3 4 5 6 7 10 11 12 14 15)
ACPI: PCI Interrupt Link [LAPU] (IRQs 3 4 5 6 7 10 11 12 14 15) *0, disabled.
ACPI: PCI Interrupt Link [LACI] (IRQs 3 4 *5 6 7 10 11 12 14 15)
ACPI: PCI Interrupt Link [LMCI] (IRQs *3 4 5 6 7 10 11 12 14 15)
ACPI: PCI Interrupt Link [LSMB] (IRQs 3 4 5 6 7 10 *11 12 14 15)
ACPI: PCI Interrupt Link [LUB2] (IRQs 3 4 5 6 7 *10 11 12 14 15)
ACPI: PCI Interrupt Link [LFIR] (IRQs 3 4 5 6 7 10 11 12 14 15) *0, disabled.
ACPI: PCI Interrupt Link [L3CM] (IRQs 3 4 5 6 7 10 11 12 14 15) *0, disabled.
ACPI: PCI Interrupt Link [LIDE] (IRQs 3 4 5 6 7 10 11 12 14 15) *0, disabled.
ACPI: PCI Interrupt Link [LSID] (IRQs 3 4 5 6 7 10 *11 12 14 15)
ACPI: PCI Interrupt Link [LFID] (IRQs 3 4 5 6 7 *10 11 12 14 15)
ACPI: PCI Interrupt Link [APC1] (IRQs 16) *0
ACPI: PCI Interrupt Link [APC2] (IRQs 17) *0
ACPI: PCI Interrupt Link [APC3] (IRQs 18) *0, disabled.
ACPI: PCI Interrupt Link [APC4] (IRQs 19) *0
ACPI: PCI Interrupt Link [APC5] (IRQs *16)
ACPI: PCI Interrupt Link [APCF] (IRQs 20 21 22 23) *0
ACPI: PCI Interrupt Link [APCG] (IRQs 20 21 22 23) *0
ACPI: PCI Interrupt Link [APCH] (IRQs 20 21 22 23) *0
ACPI: PCI Interrupt Link [APCI] (IRQs 20 21 22 23) *0, disabled.
ACPI: PCI Interrupt Link [APCJ] (IRQs 20 21 22 23) *0
ACPI: PCI Interrupt Link [APCK] (IRQs 20 21 22 23) *0
ACPI: PCI Interrupt Link [APCS] (IRQs 20 21 22 23) *0
ACPI: PCI Interrupt Link [APCL] (IRQs 20 21 22 23) *0
ACPI: PCI Interrupt Link [APCM] (IRQs 20 21 22 23) *0, disabled.
ACPI: PCI Interrupt Link [AP3C] (IRQs 20 21 22 23) *0, disabled.
ACPI: PCI Interrupt Link [APCZ] (IRQs 20 21 22 23) *0, disabled.
ACPI: PCI Interrupt Link [APSI] (IRQs 20 21 22 23) *0
ACPI: PCI Interrupt Link [APSJ] (IRQs 20 21 22 23) *0
ACPI: Power Resource [ISAV] (on)
Linux Plug and Play Support v0.97 (c) Adam Belay
pnp: PnP ACPI init
pnp: PnP ACPI: found 12 devices
Generic PHY: Registered new driver
SCSI subsystem initialized
usbcore: registered new interface driver usbfs
usbcore: registered new interface driver hub
usbcore: registered new device driver usb
PCI: Using ACPI for IRQ routing
PCI: If a device doesn't work, try &quot;pci=routeirq&quot;.  If it helps, post a report
PCI: Cannot allocate resource region 0 of device 0000:00:00.0
agpgart: Detected AGP bridge 0
agpgart: Setting up Nforce3 AGP.
agpgart: AGP aperture is 128M @ 0xf0000000
PCI-DMA: using GART IOMMU.
PCI-DMA: Reserving 64MB of IOMMU area in the AGP aperture
pnp: 00:00: ioport range 0x4000-0x407f has been reserved
Time: tsc clocksource has been installed.
pnp: 00:00: ioport range 0x4080-0x40ff has been reserved
pnp: 00:00: ioport range 0x4400-0x447f has been reserved
pnp: 00:00: ioport range 0x4480-0x44ff has been reserved
pnp: 00:00: ioport range 0x4800-0x487f has been reserved
pnp: 00:00: ioport range 0x4880-0x48ff has been reserved
pnp: 00:01: iomem range 0xd0000-0xd3fff has been reserved
pnp: 00:01: iomem range 0xd5000-0xd7fff has been reserved
pnp: 00:01: iomem range 0xf0000-0xfbfff could not be reserved
pnp: 00:01: iomem range 0xfc000-0xfffff could not be reserved
ACPI: PCI Interrupt Link [APC4] enabled at IRQ 19
ACPI: PCI Interrupt 0000:02:0c.0[A] -&gt; Link [APC4] -&gt; GSI 19 (level, low) -&gt; IRQ 19
ohci1394: fw-host0: OHCI-1394 1.0 (PCI): IRQ=[19]  MMIO=[fdeff000-fdeff7ff]  Max Packet=[2048]  IR/IT contexts=[4/8]
PCI: Bridge: 0000:00:0b.0
  IO window: 9000-9fff
  MEM window: fdf00000-fdffffff
  PREFETCH window: e0000000-efffffff
PCI: Bridge: 0000:00:0e.0
  IO window: 8000-8fff
  MEM window: fde00000-fdefffff
  PREFETCH window: fdd00000-fddfffff
NET: Registered protocol family 2
IP route cache hash table entries: 131072 (order: 8, 1048576 bytes)
TCP established hash table entries: 262144 (order: 10, 4194304 bytes)
TCP bind hash table entries: 65536 (order: 7, 524288 bytes)
TCP: Hash tables configured (established 262144 bind 65536)
TCP reno registered
Total HugeTLB memory allocated, 0
fuse init (API version 7.8)
io scheduler noop registered
io scheduler anticipatory registered (default)
io scheduler cfq registered
ACPI: PCI Interrupt Link [APC1] enabled at IRQ 16
ACPI: PCI Interrupt 0000:01:00.0[A] -&gt; Link [APC1] -&gt; GSI 16 (level, low) -&gt; IRQ 16
radeonfb: Found Intel x86 BIOS ROM Image
radeonfb: Retrieved PLL infos from BIOS
radeonfb: Reference=27.00 MHz (RefDiv=12) Memory=250.00 Mhz, System=200.00 MHz
radeonfb: PLL min 20000 max 40000
i2c_adapter i2c-2: unable to read EDID block.
i2c_adapter i2c-2: unable to read EDID block.
i2c_adapter i2c-2: unable to read EDID block.
i2c_adapter i2c-3: unable to read EDID block.
i2c_adapter i2c-3: unable to read EDID block.
i2c_adapter i2c-3: unable to read EDID block.
radeonfb: Monitor 1 type DFP found
radeonfb: EDID probed
radeonfb: Monitor 2 type no found
Console: switching to colour frame buffer device 160x64
mtrr: base(0xe8000000) is not aligned on a size(0x10000000) boundary
radeonfb (0000:01:00.0): ATI Radeon Ya 
input: Power Button (FF) as /class/input/input0
ACPI: Power Button (FF) [PWRF]
input: Power Button (CM) as /class/input/input1
ACPI: Power Button (CM) [PWRB]
Real Time Clock Driver v1.12ac
Linux agpgart interface v0.102 (c) Dave Jones
[drm] Initialized drm 1.1.0 20060810
[drm] Initialized radeon 1.25.0 20060524 on minor 0
Serial: 8250/16550 driver $Revision: 1.90 $ 4 ports, IRQ sharing disabled
serial8250: ttyS0 at I/O 0x3f8 (irq = 4) is a 16550A
00:09: ttyS0 at I/O 0x3f8 (irq = 4) is a 16550A
loop: loaded (max 8 devices)
Marvell 88E1101: Registered new driver
Marvell 88E1111: Registered new driver
Marvell 88E1145: Registered new driver
QS6612: Registered new driver
forcedeth.c: Reverse Engineered nForce ethernet driver. Version 0.60.
ACPI: PCI Interrupt Link [APCH] enabled at IRQ 23
ACPI: PCI Interrupt 0000:00:05.0[A] -&gt; Link [APCH] -&gt; GSI 23 (level, high) -&gt; IRQ 23
eth0: forcedeth.c: subsystem: 01462:0250 bound to 0000:00:05.0
tun: Universal TUN/TAP device driver, 1.6
tun: (C) 1999-2004 Max Krasnyansky &lt;<A HREF="https://lists.berlios.de/mailman/listinfo/bcm43xx-dev">maxk at qualcomm.com</A>&gt;
r8169 Gigabit Ethernet driver 2.2LK-NAPI loaded
ACPI: PCI Interrupt Link [APC5] enabled at IRQ 16
ACPI: PCI Interrupt 0000:02:0d.0[A] -&gt; Link [APC5] -&gt; GSI 16 (level, low) -&gt; IRQ 16
eth1: RTL8169s/8110s at 0xffffc20000076000, 00:11:09:8f:4b:52, IRQ 16
Linux video capture interface: v2.00
cx2388x v4l2 driver version 0.0.6 loaded
cx2388x cx88-mpeg Driver Manager version 0.0.6 loaded
cx2388x alsa driver version 0.0.6 loaded
cx2388x blackbird driver version 0.0.6 loaded
cx8802_register_driver() -&gt;registering driver type=blackbird access=shared
cx2388x dvb driver version 0.0.6 loaded
cx8802_register_driver() -&gt;registering driver type=dvb access=shared
Uniform Multi-Platform E-IDE driver Revision: 7.00alpha2
ide: Assuming 33MHz system bus speed for PIO modes; override with idebus=xx
NFORCE3-250: IDE controller at PCI slot 0000:00:08.0
NFORCE3-250: chipset revision 162
NFORCE3-250: not 100% native mode: will probe irqs later
NFORCE3-250: 0000:00:08.0 (rev a2) UDMA133 controller
    ide0: BM-DMA at 0xdc00-0xdc07, BIOS settings: hda:DMA, hdb:DMA
    ide1: BM-DMA at 0xdc08-0xdc0f, BIOS settings: hdc:DMA, hdd:DMA
hda: PLEXTOR DVDR PX-712A, ATAPI CD/DVD-ROM drive
ide0 at 0x1f0-0x1f7,0x3f6 on irq 14
hda: ATAPI 40X DVD-ROM DVD-R CD-R/RW drive, 8192kB Cache
Uniform CD-ROM driver Revision: 3.20
ACPI: PCI Interrupt Link [APSI] enabled at IRQ 22
ACPI: PCI Interrupt 0000:00:09.0[A] -&gt; Link [APSI] -&gt; GSI 22 (level, high) -&gt; IRQ 22
ata1: SATA max UDMA/133 cmd 0x00000000000109e0 ctl 0x0000000000010be2 bmdma 0x000000000001c800 irq 22
ata2: SATA max UDMA/133 cmd 0x0000000000010960 ctl 0x0000000000010b62 bmdma 0x000000000001c808 irq 22
scsi0 : sata_nv
ata1: SATA link up 1.5 Gbps (SStatus 113 SControl 300)
ata1.00: ATA-6: WDC WD1600SD-01KCB0, 08.02D08, max UDMA/133
ata1.00: 312581808 sectors, multi 16: LBA48 
ata1.00: configured for UDMA/133
scsi1 : sata_nv
ata2: SATA link up 1.5 Gbps (SStatus 113 SControl 300)
ata2.00: ATA-7: Maxtor 6L250S0, BANC1G10, max UDMA/133
ata2.00: 490234752 sectors, multi 16: LBA48 NCQ (depth 0/32)
ata2.00: configured for UDMA/133
scsi 0:0:0:0: Direct-Access     ATA      WDC WD1600SD-01K 08.0 PQ: 0 ANSI: 5
SCSI device sda: 312581808 512-byte hdwr sectors (160042 MB)
sda: Write Protect is off
SCSI device sda: write cache: enabled, read cache: enabled, doesn't support DPO or FUA
SCSI device sda: 312581808 512-byte hdwr sectors (160042 MB)
sda: Write Protect is off
SCSI device sda: write cache: enabled, read cache: enabled, doesn't support DPO or FUA
 sda: sda1 sda2 sda3
sd 0:0:0:0: Attached scsi disk sda
sd 0:0:0:0: Attached scsi generic sg0 type 0
scsi 1:0:0:0: Direct-Access     ATA      Maxtor 6L250S0   BANC PQ: 0 ANSI: 5
SCSI device sdb: 490234752 512-byte hdwr sectors (251000 MB)
sdb: Write Protect is off
SCSI device sdb: write cache: enabled, read cache: enabled, doesn't support DPO or FUA
SCSI device sdb: 490234752 512-byte hdwr sectors (251000 MB)
sdb: Write Protect is off
SCSI device sdb: write cache: enabled, read cache: enabled, doesn't support DPO or FUA
 sdb: sdb1 sdb2
sd 1:0:0:0: Attached scsi disk sdb
sd 1:0:0:0: Attached scsi generic sg1 type 0
ACPI: PCI Interrupt Link [APSJ] enabled at IRQ 21
ACPI: PCI Interrupt 0000:00:0a.0[A] -&gt; Link [APSJ] -&gt; GSI 21 (level, high) -&gt; IRQ 21
ata3: SATA max UDMA/133 cmd 0x00000000000109f0 ctl 0x0000000000010bf2 bmdma 0x000000000001b000 irq 21
ata4: SATA max UDMA/133 cmd 0x0000000000010970 ctl 0x0000000000010b72 bmdma 0x000000000001b008 irq 21
scsi2 : sata_nv
ata3: SATA link down (SStatus 0 SControl 300)
scsi3 : sata_nv
ata4: SATA link down (SStatus 0 SControl 300)
ACPI: PCI Interrupt Link [APCL] enabled at IRQ 20
ACPI: PCI Interrupt 0000:00:02.2[C] -&gt; Link [APCL] -&gt; GSI 20 (level, high) -&gt; IRQ 20
ehci_hcd 0000:00:02.2: EHCI Host Controller
ehci_hcd 0000:00:02.2: new USB bus registered, assigned bus number 1
ehci_hcd 0000:00:02.2: debug port 1
ehci_hcd 0000:00:02.2: irq 20, io mem 0xfe02d000
ehci_hcd 0000:00:02.2: USB 2.0 started, EHCI 1.00, driver 10 Dec 2004
usb usb1: configuration #1 chosen from 1 choice
hub 1-0:1.0: USB hub found
hub 1-0:1.0: 8 ports detected
ACPI: PCI Interrupt Link [APCF] enabled at IRQ 23
ACPI: PCI Interrupt 0000:00:02.0[A] -&gt; Link [APCF] -&gt; GSI 23 (level, high) -&gt; IRQ 23
ohci_hcd 0000:00:02.0: OHCI Host Controller
ohci_hcd 0000:00:02.0: new USB bus registered, assigned bus number 2
ohci_hcd 0000:00:02.0: irq 23, io mem 0xfe02f000
usb usb2: configuration #1 chosen from 1 choice
hub 2-0:1.0: USB hub found
hub 2-0:1.0: 4 ports detected
ACPI: PCI Interrupt Link [APCG] enabled at IRQ 22
ACPI: PCI Interrupt 0000:00:02.1[B] -&gt; Link [APCG] -&gt; GSI 22 (level, high) -&gt; IRQ 22
ohci_hcd 0000:00:02.1: OHCI Host Controller
ohci_hcd 0000:00:02.1: new USB bus registered, assigned bus number 3
ohci_hcd 0000:00:02.1: irq 22, io mem 0xfe02e000
usb usb3: configuration #1 chosen from 1 choice
hub 3-0:1.0: USB hub found
hub 3-0:1.0: 4 ports detected
usb 3-3: new low speed USB device using ohci_hcd and address 2
usb 3-3: configuration #1 chosen from 1 choice
usbcore: registered new interface driver libusual
usbcore: registered new interface driver hiddev
input: Logitech USB-PS/2 Optical Mouse as /class/input/input2
input: USB HID v1.10 Mouse [Logitech USB-PS/2 Optical Mouse] on usb-0000:00:02.1-3
usbcore: registered new interface driver usbhid
drivers/usb/input/hid-core.c: v2.6:USB HID core driver
PNP: PS/2 Controller [PNP0303:PS2K] at 0x60,0x64 irq 1
PNP: PS/2 controller doesn't have AUX irq; using default 12
serio: i8042 KBD port at 0x60,0x64 irq 1
mice: PS/2 mouse device common for all mice
rtc_cmos 00:05: rtc core: registered rtc_cmos as rtc0
pnp: Device 00:05 does not support disabling.
rtc_cmos: probe of 00:05 failed with error -16
i2c /dev entries driver
Advanced Linux Sound Architecture Driver Version 1.0.14rc3 (Tue Mar 06 13:10:00 2007 UTC).
ALSA device list:
  No soundcards found.
IPv4 over IPv4 tunneling driver
input: AT Translated Set 2 keyboard as /class/input/input3
GRE over IPv4 tunneling driver
ip_tables: (C) 2000-2006 Netfilter Core Team
TCP cubic registered
Initializing XFRM netlink socket
NET: Registered protocol family 1
NET: Registered protocol family 10
lo: Disabled Privacy Extensions
tunl0: Disabled Privacy Extensions
IPv6 over IPv4 tunneling driver
sit0: Disabled Privacy Extensions
NET: Registered protocol family 17
NET: Registered protocol family 15
powernow-k8: Found 1 AMD Athlon(tm) 64 Processor 3000+ processors (version 2.00.00)
powernow-k8:    0 : fid 0xa (1800 MHz), vid 0x6
powernow-k8:    1 : fid 0x2 (1000 MHz), vid 0x12
drivers/rtc/hctosys.c: unable to open rtc device (rtc0)
ReiserFS: sda2: found reiserfs format &quot;3.6&quot; with standard journal
ReiserFS: sda2: using ordered data mode
ReiserFS: sda2: journal params: device sda2, size 8192, journal first block 18, max trans len 1024, max batch 900, max commit age 30, max trans age 30
ReiserFS: sda2: checking transaction log (sda2)
ReiserFS: sda2: Using r5 hash to sort names
VFS: Mounted root (reiserfs filesystem) readonly.
Freeing unused kernel memory: 192k freed
eth1394: eth2: IEEE-1394 IPv4 over 1394 Ethernet (fw-host0)
i2c_adapter i2c-4: nForce2 SMBus adapter at 0x4c00
i2c_adapter i2c-5: nForce2 SMBus adapter at 0x4c40
ACPI: PCI Interrupt Link [APCJ] enabled at IRQ 21
ACPI: PCI Interrupt 0000:00:06.0[A] -&gt; Link [APCJ] -&gt; GSI 21 (level, high) -&gt; IRQ 21
parport: PnPBIOS parport detected.
parport0: PC-style at 0x378, irq 7 [PCSPP,TRISTATE]
intel8x0_measure_ac97_clock: measured 50178 usecs
intel8x0: clocking to 46768
ACPI: PCI Interrupt Link [APC2] enabled at IRQ 17
ACPI: PCI Interrupt 0000:02:07.0[A] -&gt; Link [APC2] -&gt; GSI 17 (level, low) -&gt; IRQ 17
ssb: Sonics Silicon Backplane found on PCI device 0000:02:07.0
ssb: Core 0 found: ChipCommon (cc 0x800, rev 0x02, vendor 0x4243)
ssb: Core 1 found: IEEE 802.11 (cc 0x812, rev 0x04, vendor 0x4243)
ssb: Core 2 found: PCMCIA (cc 0x80D, rev 0x01, vendor 0x4243)
ssb: Core 3 found: V90 (cc 0x807, rev 0x01, vendor 0x4243)
ssb: Core 4 found: PCI (cc 0x804, rev 0x07, vendor 0x4243)
ssb: Core 5 found: IEEE 802.11 (cc 0x812, rev 0x04, vendor 0x4243)
ssb: Ignoring additional 802.11 core
ssb: Switching to PCI core, index 4
bcm43xx_mac80211: Broadcom 4306 WLAN found
ssb: Switching to IEEE 802.11 core, index 1
bcm43xx_mac80211: Radio turned off
ACPI: PCI Interrupt 0000:02:0a.0[A] -&gt; Link [APC2] -&gt; GSI 17 (level, low) -&gt; IRQ 17
max memory size is 0x7fffffff (addr = 0xf51fe000)!!
Adding 979956k swap on /dev/sda1.  Priority:-1 extents:1 across:979956k
w83627hf 9191-0290: Reading VID from GPIO5
device-mapper: ioctl: 4.11.0-ioctl (2006-10-12) initialised: <A HREF="https://lists.berlios.de/mailman/listinfo/bcm43xx-dev">dm-devel at redhat.com</A>
ReiserFS: sda3: found reiserfs format &quot;3.6&quot; with standard journal
ReiserFS: sda3: using ordered data mode
ReiserFS: sda3: journal params: device sda3, size 8192, journal first block 18, max trans len 1024, max batch 900, max commit age 30, max trans age 30
ReiserFS: sda3: checking transaction log (sda3)
ReiserFS: sda3: Using r5 hash to sort names
wpa_supplicant[3251]: segfault at 0000000000000048 rip 00000000004210cf rsp 00007fff8d71aa10 error 4
bcm43xx_mac80211: Adding Interface type 2
bcm43xx_mac80211: Found PHY: Analog 1, Type 2, Revision 1
bcm43xx_mac80211: Found Radio: Manuf 0x17F, Version 0x2050, Revision 2
ssb: Switching to PCI core, index 4
ssb: Switching to IEEE 802.11 core, index 1
bcm43xx_mac80211: !WARNING! Idle-TSSI phy-&gt;cur_idle_tssi measuring failed. (cur=0, tgt=62). Disabling TX power adjustment.
ssb: Switching to ChipCommon core, index 0
ssb: Switching to IEEE 802.11 core, index 1
bcm43xx_mac80211: Radio turned on
bcm43xx_mac80211: Radio enabled by hardware
bcm43xx_mac80211: Chip initialized
bcm43xx_mac80211: 30-bit DMA initialized
bcm43xx_mac80211: TODO: Incomplete code in keymac_write() at drivers/net/wireless/mac80211/bcm43xx/bcm43xx_main.c:727
bcm43xx_mac80211: TODO: Incomplete code in keymac_write() at drivers/net/wireless/mac80211/bcm43xx/bcm43xx_main.c:727
bcm43xx_mac80211: TODO: Incomplete code in keymac_write() at drivers/net/wireless/mac80211/bcm43xx/bcm43xx_main.c:727
bcm43xx_mac80211: TODO: Incomplete code in keymac_write() at drivers/net/wireless/mac80211/bcm43xx/bcm43xx_main.c:727
bcm43xx_mac80211: TODO: Incomplete code in keymac_write() at drivers/net/wireless/mac80211/bcm43xx/bcm43xx_main.c:727
bcm43xx_mac80211: TODO: Incomplete code in keymac_write() at drivers/net/wireless/mac80211/bcm43xx/bcm43xx_main.c:727
bcm43xx_mac80211: TODO: Incomplete code in keymac_write() at drivers/net/wireless/mac80211/bcm43xx/bcm43xx_main.c:727
bcm43xx_mac80211: TODO: Incomplete code in keymac_write() at drivers/net/wireless/mac80211/bcm43xx/bcm43xx_main.c:727
bcm43xx_mac80211: TODO: Incomplete code in keymac_write() at drivers/net/wireless/mac80211/bcm43xx/bcm43xx_main.c:727
bcm43xx_mac80211: TODO: Incomplete code in keymac_write() at drivers/net/wireless/mac80211/bcm43xx/bcm43xx_main.c:727
bcm43xx_mac80211: TODO: Incomplete code in keymac_write() at drivers/net/wireless/mac80211/bcm43xx/bcm43xx_main.c:727
bcm43xx_mac80211: TODO: Incomplete code in keymac_write() at drivers/net/wireless/mac80211/bcm43xx/bcm43xx_main.c:727
bcm43xx_mac80211: TODO: Incomplete code in keymac_write() at drivers/net/wireless/mac80211/bcm43xx/bcm43xx_main.c:727
bcm43xx_mac80211: TODO: Incomplete code in keymac_write() at drivers/net/wireless/mac80211/bcm43xx/bcm43xx_main.c:727
bcm43xx_mac80211: TODO: Incomplete code in keymac_write() at drivers/net/wireless/mac80211/bcm43xx/bcm43xx_main.c:727
bcm43xx_mac80211: TODO: Incomplete code in keymac_write() at drivers/net/wireless/mac80211/bcm43xx/bcm43xx_main.c:727
bcm43xx_mac80211: FATAL ERROR: Fatal DMA error: 0x00001000, 0x00000000, 0x00000000, 0x00000000, 0x00000000, 0x00000000
bcm43xx_mac80211: Controller RESET (DMA error) ...
bcm43xx_mac80211: Wireless interface started
bcm43xx_mac80211: Wireless interface stopped
bcm43xx_mac80211: DMA-32 0x0260 (RX) max used slots: 0/64
bcm43xx_mac80211: DMA-32 0x0200 (RX) max used slots: 0/64
bcm43xx_mac80211: DMA-32 0x02A0 (TX) max used slots: 0/128
bcm43xx_mac80211: DMA-32 0x0280 (TX) max used slots: 0/128
bcm43xx_mac80211: DMA-32 0x0260 (TX) max used slots: 0/128
bcm43xx_mac80211: DMA-32 0x0240 (TX) max used slots: 0/128
bcm43xx_mac80211: DMA-32 0x0220 (TX) max used slots: 0/128
bcm43xx_mac80211: DMA-32 0x0200 (TX) max used slots: 0/128
bcm43xx_mac80211: Radio turned off
ssb: Switching to ChipCommon core, index 0
ssb: Switching to IEEE 802.11 core, index 1
bcm43xx_mac80211: Radio turned off
bcm43xx_mac80211: Found PHY: Analog 1, Type 2, Revision 1
bcm43xx_mac80211: Found Radio: Manuf 0x17F, Version 0x2050, Revision 2
ssb: Switching to ChipCommon core, index 0
ssb: Switching to IEEE 802.11 core, index 1
bcm43xx_mac80211: Radio turned on
bcm43xx_mac80211: Radio enabled by hardware
bcm43xx_mac80211: Chip initialized
bcm43xx_mac80211: 30-bit DMA initialized
bcm43xx_mac80211: TODO: Incomplete code in keymac_write() at drivers/net/wireless/mac80211/bcm43xx/bcm43xx_main.c:727
bcm43xx_mac80211: TODO: Incomplete code in keymac_write() at drivers/net/wireless/mac80211/bcm43xx/bcm43xx_main.c:727
bcm43xx_mac80211: TODO: Incomplete code in keymac_write() at drivers/net/wireless/mac80211/bcm43xx/bcm43xx_main.c:727
bcm43xx_mac80211: TODO: Incomplete code in keymac_write() at drivers/net/wireless/mac80211/bcm43xx/bcm43xx_main.c:727
bcm43xx_mac80211: TODO: Incomplete code in keymac_write() at drivers/net/wireless/mac80211/bcm43xx/bcm43xx_main.c:727
bcm43xx_mac80211: TODO: Incomplete code in keymac_write() at drivers/net/wireless/mac80211/bcm43xx/bcm43xx_main.c:727
bcm43xx_mac80211: TODO: Incomplete code in keymac_write() at drivers/net/wireless/mac80211/bcm43xx/bcm43xx_main.c:727
bcm43xx_mac80211: TODO: Incomplete code in keymac_write() at drivers/net/wireless/mac80211/bcm43xx/bcm43xx_main.c:727
bcm43xx_mac80211: TODO: Incomplete code in keymac_write() at drivers/net/wireless/mac80211/bcm43xx/bcm43xx_main.c:727
bcm43xx_mac80211: TODO: Incomplete code in keymac_write() at drivers/net/wireless/mac80211/bcm43xx/bcm43xx_main.c:727
bcm43xx_mac80211: TODO: Incomplete code in keymac_write() at drivers/net/wireless/mac80211/bcm43xx/bcm43xx_main.c:727
bcm43xx_mac80211: TODO: Incomplete code in keymac_write() at drivers/net/wireless/mac80211/bcm43xx/bcm43xx_main.c:727
bcm43xx_mac80211: TODO: Incomplete code in keymac_write() at drivers/net/wireless/mac80211/bcm43xx/bcm43xx_main.c:727
bcm43xx_mac80211: TODO: Incomplete code in keymac_write() at drivers/net/wireless/mac80211/bcm43xx/bcm43xx_main.c:727
bcm43xx_mac80211: TODO: Incomplete code in keymac_write() at drivers/net/wireless/mac80211/bcm43xx/bcm43xx_main.c:727
bcm43xx_mac80211: TODO: Incomplete code in keymac_write() at drivers/net/wireless/mac80211/bcm43xx/bcm43xx_main.c:727
bcm43xx_mac80211: FATAL ERROR: Fatal DMA error: 0x00001000, 0x00000000, 0x00000000, 0x00000000, 0x00000000, 0x00000000
bcm43xx_mac80211: Controller RESET (DMA error) ...
bcm43xx_mac80211: Wireless interface started
bcm43xx_mac80211: Controller restarted
bcm43xx_mac80211: Wireless interface stopped
bcm43xx_mac80211: DMA-32 0x0260 (RX) max used slots: 0/64
bcm43xx_mac80211: DMA-32 0x0200 (RX) max used slots: 0/64
bcm43xx_mac80211: DMA-32 0x02A0 (TX) max used slots: 0/128
bcm43xx_mac80211: DMA-32 0x0280 (TX) max used slots: 0/128
bcm43xx_mac80211: DMA-32 0x0260 (TX) max used slots: 0/128
bcm43xx_mac80211: DMA-32 0x0240 (TX) max used slots: 0/128
bcm43xx_mac80211: DMA-32 0x0220 (TX) max used slots: 0/128
bcm43xx_mac80211: DMA-32 0x0200 (TX) max used slots: 0/128
bcm43xx_mac80211: Radio turned off
ssb: Switching to ChipCommon core, index 0
ssb: Switching to IEEE 802.11 core, index 1
bcm43xx_mac80211: Radio turned off
bcm43xx_mac80211: Found PHY: Analog 1, Type 2, Revision 1
bcm43xx_mac80211: Found Radio: Manuf 0x17F, Version 0x2050, Revision 2
ssb: Switching to ChipCommon core, index 0
ssb: Switching to IEEE 802.11 core, index 1
bcm43xx_mac80211: Radio turned on
bcm43xx_mac80211: Radio enabled by hardware
bcm43xx_mac80211: Chip initialized
bcm43xx_mac80211: 30-bit DMA initialized
bcm43xx_mac80211: TODO: Incomplete code in keymac_write() at drivers/net/wireless/mac80211/bcm43xx/bcm43xx_main.c:727
bcm43xx_mac80211: TODO: Incomplete code in keymac_write() at drivers/net/wireless/mac80211/bcm43xx/bcm43xx_main.c:727
bcm43xx_mac80211: TODO: Incomplete code in keymac_write() at drivers/net/wireless/mac80211/bcm43xx/bcm43xx_main.c:727
bcm43xx_mac80211: TODO: Incomplete code in keymac_write() at drivers/net/wireless/mac80211/bcm43xx/bcm43xx_main.c:727
bcm43xx_mac80211: TODO: Incomplete code in keymac_write() at drivers/net/wireless/mac80211/bcm43xx/bcm43xx_main.c:727
bcm43xx_mac80211: TODO: Incomplete code in keymac_write() at drivers/net/wireless/mac80211/bcm43xx/bcm43xx_main.c:727
bcm43xx_mac80211: TODO: Incomplete code in keymac_write() at drivers/net/wireless/mac80211/bcm43xx/bcm43xx_main.c:727
bcm43xx_mac80211: TODO: Incomplete code in keymac_write() at drivers/net/wireless/mac80211/bcm43xx/bcm43xx_main.c:727
bcm43xx_mac80211: TODO: Incomplete code in keymac_write() at drivers/net/wireless/mac80211/bcm43xx/bcm43xx_main.c:727
bcm43xx_mac80211: TODO: Incomplete code in keymac_write() at drivers/net/wireless/mac80211/bcm43xx/bcm43xx_main.c:727
bcm43xx_mac80211: TODO: Incomplete code in keymac_write() at drivers/net/wireless/mac80211/bcm43xx/bcm43xx_main.c:727
bcm43xx_mac80211: TODO: Incomplete code in keymac_write() at drivers/net/wireless/mac80211/bcm43xx/bcm43xx_main.c:727
bcm43xx_mac80211: TODO: Incomplete code in keymac_write() at drivers/net/wireless/mac80211/bcm43xx/bcm43xx_main.c:727
bcm43xx_mac80211: TODO: Incomplete code in keymac_write() at drivers/net/wireless/mac80211/bcm43xx/bcm43xx_main.c:727
bcm43xx_mac80211: TODO: Incomplete code in keymac_write() at drivers/net/wireless/mac80211/bcm43xx/bcm43xx_main.c:727
bcm43xx_mac80211: TODO: Incomplete code in keymac_write() at drivers/net/wireless/mac80211/bcm43xx/bcm43xx_main.c:727
bcm43xx_mac80211: FATAL ERROR: Fatal DMA error: 0x00001000, 0x00000000, 0x00000000, 0x00000000, 0x00000000, 0x00000000
bcm43xx_mac80211: Controller RESET (DMA error) ...
</PRE>

<!--endarticle-->
    <HR>
    <P><UL>
        <!--threads-->
	<LI>Previous message: <A HREF="000772.html">Assertion failed in bcm43xx_mac80211
</A></li>
	<LI>Next message: <A HREF="000802.html">Assertion failed in bcm43xx_mac80211
</A></li>
         <LI> <B>Messages sorted by:</B> 
              <a href="date.html#774">[ date ]</a>
              <a href="thread.html#774">[ thread ]</a>
              <a href="subject.html#774">[ subject ]</a>
              <a href="author.html#774">[ author ]</a>
         </LI>
       </UL>

<hr>
<a href="https://lists.berlios.de/mailman/listinfo/bcm43xx-dev">More information about the Bcm43xx-dev
mailing list</a><br>
</body></html>
