<!DOCTYPE HTML PUBLIC "-//W3C//DTD HTML 4.01 Transitional//EN">
<HTML>
 <HEAD>
   <TITLE> 4311 drops outgoing traffic
   </TITLE>
   <LINK REL="Index" HREF="http://lists.berlios.de/pipermail/bcm43xx-dev/2008-November/index.html" >
   <LINK REL="made" HREF="mailto:bcm43xx-dev%40lists.berlios.de?Subject=Re%3A%204311%20drops%20outgoing%20traffic&In-Reply-To=%3C200811301354.28679.mmazur%40kernel.pl%3E">
   <META NAME="robots" CONTENT="index,nofollow">
   <style type="text/css">
       pre {
           white-space: pre-wrap;       /* css-2.1, curent FF, Opera, Safari */
           }
   </style>
   <META http-equiv="Content-Type" content="text/html; charset=us-ascii">
   <LINK REL="Previous"  HREF="004919.html">
   
 </HEAD>
 <BODY BGCOLOR="#ffffff">
   <H1>4311 drops outgoing traffic</H1>
    <B>Mariusz Mazur</B> 
    <A HREF="mailto:bcm43xx-dev%40lists.berlios.de?Subject=Re%3A%204311%20drops%20outgoing%20traffic&In-Reply-To=%3C200811301354.28679.mmazur%40kernel.pl%3E"
       TITLE="4311 drops outgoing traffic">mmazur at kernel.pl
       </A><BR>
    <I>Sun Nov 30 13:54:28 CET 2008</I>
    <P><UL>
        <LI>Previous message: <A HREF="004919.html">Former problems with 4306 and disconnects
</A></li>
        
         <LI> <B>Messages sorted by:</B> 
              <a href="date.html#4920">[ date ]</a>
              <a href="thread.html#4920">[ thread ]</a>
              <a href="subject.html#4920">[ subject ]</a>
              <a href="author.html#4920">[ author ]</a>
         </LI>
       </UL>
    <HR>  
<!--beginarticle-->
<PRE>(Sent this a few days ago before getting subscribed to the list. Probably 
stuck at moderation.)

The b43 driver repeatedly (once very half-hour maybe) breaks the wifi 
connection. It doesn't drop the whole connection -- traffic is still being 
received correctly (tcpdump shows that eg. arp traffic from the router is 
visible), but any sent packets never reach their destination. Having 
network-manager reconnect fixes the problem without having to resort to any 
drastic measures (like reloading the driver). Curiously -- while poking 
around a hung connection (tcpdump, etc.), after about 15 minutes it started 
working again. Haven't noticed gnome-manager reconnecting and didn't think of 
checking dmesg, but it looked like it fixed itself somehow.

I'm unable to pinpoint any traffic patterns that can reproduce the problem. It 
just happens. Often enough as to render the laptop allmost useless. Never 
experienced similar problems under vista, will most likely check ndiswrapper 
soonish to see how that works.

The system is an hp pavilion dv6000 with a 4311 rev 02 running ubuntu intrepid 
ibex:
Linux lena 2.6.27-7-generic #1 SMP Tue Nov 4 19:33:20 UTC 2008 i686 GNU/Linux

It's connected to a wrt54gl running openwrt (&quot;drunken russian&quot; or something 
like that). The bug occurred both with wpa1 and wpa2 encryption.

Attached are dmesg and lspci dumps.

What I'd be really interested in is how such bugs can be debugged. Assuming I 
have a hung connection, what can I do with it to gather some useful debugging 
data?


-- 
Judge others by their intentions and yourself by your results.
                                                                 Guy Kawasaki
Education is an admirable thing, but it is well to remember from
time to time that nothing that is worth knowing can be taught.
                                                                  Oscar Wilde
-------------- next part --------------
00:01.3 0b40: 10de:0543 (rev a2)
	Subsystem: 103c:30cf
	Control: I/O- Mem+ BusMaster+ SpecCycle- MemWINV- VGASnoop- ParErr- Stepping- SERR- FastB2B- DisINTx-
	Status: Cap- 66MHz+ UDF- FastB2B+ ParErr- DEVSEL=fast &gt;TAbort- &lt;TAbort- &lt;MAbort- &gt;SERR- &lt;PERR- INTx-
	Latency: 0 (750ns min, 250ns max)
	Interrupt: pin B routed to IRQ 11
	Region 0: Memory at f6200000 (32-bit, non-prefetchable) [size=512K]

--
02:05.2 0880: 1180:0843 (rev 12)
	Subsystem: 103c:30cf
	Control: I/O- Mem+ BusMaster+ SpecCycle- MemWINV- VGASnoop- ParErr- Stepping- SERR+ FastB2B- DisINTx-
	Status: Cap+ 66MHz- UDF- FastB2B- ParErr- DEVSEL=medium &gt;TAbort- &lt;TAbort- &lt;MAbort- &gt;SERR- &lt;PERR- INTx-
	Latency: 64, Cache Line Size: 64 bytes
	Interrupt: pin B routed to IRQ 11
	Region 0: Memory at f6100c00 (32-bit, non-prefetchable) [size=256]
	Capabilities: [80] Power Management version 2
--
03:00.0 0280: 14e4:4311 (rev 02)
	Subsystem: 103c:1375
	Control: I/O- Mem+ BusMaster+ SpecCycle- MemWINV- VGASnoop- ParErr- Stepping- SERR+ FastB2B- DisINTx-
	Status: Cap+ 66MHz- UDF- FastB2B- ParErr- DEVSEL=fast &gt;TAbort- &lt;TAbort- &lt;MAbort- &gt;SERR- &lt;PERR- INTx-
	Latency: 0, Cache Line Size: 64 bytes
	Interrupt: pin A routed to IRQ 19
	Region 0: Memory at f6000000 (64-bit, non-prefetchable) [size=16K]
	Capabilities: [40] Power Management version 3
--
	Kernel driver in use: b43-pci-bridge
	Kernel modules: wl, ssb

-------------- next part --------------
[    0.000000] Initializing cgroup subsys cpuset
[    0.000000] Initializing cgroup subsys cpu
[    0.000000] Linux version 2.6.27-7-generic (<A HREF="https://lists.berlios.de/mailman/listinfo/bcm43xx-dev">buildd at palmer</A>) (gcc version 4.3.2 (Ubuntu 4.3.2-1ubuntu11) ) #1 SMP Tue Nov 4 19:33:20 UTC 2008 (Ubuntu 2.6.27-7.16-generic)
[    0.000000] BIOS-provided physical RAM map:
[    0.000000]  BIOS-e820: 0000000000000000 - 000000000009e000 (usable)
[    0.000000]  BIOS-e820: 000000000009e000 - 00000000000a0000 (reserved)
[    0.000000]  BIOS-e820: 00000000000d2000 - 0000000000100000 (reserved)
[    0.000000]  BIOS-e820: 0000000000100000 - 000000003bf50000 (usable)
[    0.000000]  BIOS-e820: 000000003bf50000 - 000000003bf65000 (ACPI data)
[    0.000000]  BIOS-e820: 000000003bf65000 - 000000003bf66000 (ACPI NVS)
[    0.000000]  BIOS-e820: 000000003bf66000 - 0000000040000000 (reserved)
[    0.000000]  BIOS-e820: 00000000e0000000 - 00000000f0000000 (reserved)
[    0.000000]  BIOS-e820: 00000000fec00000 - 00000000fec10000 (reserved)
[    0.000000]  BIOS-e820: 00000000fee00000 - 00000000fee01000 (reserved)
[    0.000000]  BIOS-e820: 00000000fff80000 - 0000000100000000 (reserved)
[    0.000000] last_pfn = 0x3bf50 max_arch_pfn = 0x100000
[    0.000000] kernel direct mapping tables up to 38000000 @ 7000-c000
[    0.000000] RAMDISK: 37823000 - 37feffd1
[    0.000000] DMI present.
[    0.000000] ACPI: RSDP 000F8250, 0024 (r2 PTLTD )
[    0.000000] ACPI: XSDT 3BF5C61E, 006C (r1 HPQOEM SLIC-MPC  6040000  LTP        0)
[    0.000000] ACPI: FACP 3BF649FC, 00F4 (r3 NVIDIA MCP67-M   6040000 PTL_    F4240)
[    0.000000] ACPI: DSDT 3BF5C68A, 82FE (r1 NVIDIA    MCP67  6040000 MSFT  3000000)
[    0.000000] ACPI: FACS 3BF65FC0, 0040
[    0.000000] ACPI: TCPA 3BF64AF0, 0032 (r1 Phoeni  x        6040000  TL         0)
[    0.000000] ACPI: SRAT 3BF64B22, 00A0 (r1 AMD    HAMMER    6040000 AMD         1)
[    0.000000] ACPI: SSDT 3BF64BC2, 01C4 (r1 PTLTD  POWERNOW  6040000  LTP        1)
[    0.000000] ACPI: MCFG 3BF64D86, 003C (r1 PTLTD    MCFG    6040000  LTP        0)
[    0.000000] ACPI: HPET 3BF64DC2, 0038 (r1 PTLTD  HPETTBL   6040000  LTP        1)
[    0.000000] ACPI: APIC 3BF64DFA, 0068 (r1 PTLTD  	 APIC    6040000  LTP        0)
[    0.000000] ACPI: BOOT 3BF64E62, 0028 (r1 PTLTD  $SBFTBL$  6040000  LTP        1)
[    0.000000] ACPI: SLIC 3BF64E8A, 0176 (r1 HPQOEM SLIC-MPC  6040000  LTP        1)
[    0.000000] ACPI: DMI detected: Hewlett-Packard
[    0.000000] 63MB HIGHMEM available.
[    0.000000] 896MB LOWMEM available.
[    0.000000]   mapped low ram: 0 - 38000000
[    0.000000]   low ram: 00000000 - 38000000
[    0.000000]   bootmap 00008000 - 0000f000
[    0.000000] (9 early reservations) ==&gt; bootmem [0000000000 - 0038000000]
[    0.000000]   #0 [0000000000 - 0000001000]   BIOS data page ==&gt; [0000000000 - 0000001000]
[    0.000000]   #1 [0000001000 - 0000002000]    EX TRAMPOLINE ==&gt; [0000001000 - 0000002000]
[    0.000000]   #2 [0000006000 - 0000007000]       TRAMPOLINE ==&gt; [0000006000 - 0000007000]
[    0.000000]   #3 [0000100000 - 00005c0a20]    TEXT DATA BSS ==&gt; [0000100000 - 00005c0a20]
[    0.000000]   #4 [0037823000 - 0037feffd1]          RAMDISK ==&gt; [0037823000 - 0037feffd1]
[    0.000000]   #5 [00005c1000 - 00005c4000]    INIT_PG_TABLE ==&gt; [00005c1000 - 00005c4000]
[    0.000000]   #6 [000009e000 - 0000100000]    BIOS reserved ==&gt; [000009e000 - 0000100000]
[    0.000000]   #7 [0000007000 - 0000008000]          PGTABLE ==&gt; [0000007000 - 0000008000]
[    0.000000]   #8 [0000008000 - 000000f000]          BOOTMAP ==&gt; [0000008000 - 000000f000]
[    0.000000] found SMP MP-table at [c00f8220] 000f8220
[    0.000000] Zone PFN ranges:
[    0.000000]   DMA      0x00000000 -&gt; 0x00001000
[    0.000000]   Normal   0x00001000 -&gt; 0x00038000
[    0.000000]   HighMem  0x00038000 -&gt; 0x0003bf50
[    0.000000] Movable zone start PFN for each node
[    0.000000] early_node_map[2] active PFN ranges
[    0.000000]     0: 0x00000000 -&gt; 0x0000009e
[    0.000000]     0: 0x00000100 -&gt; 0x0003bf50
[    0.000000] On node 0 totalpages: 245486
[    0.000000] free_area_init_node: node 0, pgdat c048a500, node_mem_map c1000000
[    0.000000]   DMA zone: 3962 pages, LIFO batch:0
[    0.000000]   Normal zone: 223300 pages, LIFO batch:31
[    0.000000]   HighMem zone: 16065 pages, LIFO batch:3
[    0.000000] Detected use of extended apic ids on hypertransport bus
[    0.000000] ACPI: PM-Timer IO Port: 0x1008
[    0.000000] ACPI: Local APIC address 0xfee00000
[    0.000000] ACPI: LAPIC (acpi_id[0x00] lapic_id[0x00] enabled)
[    0.000000] ACPI: LAPIC (acpi_id[0x01] lapic_id[0x01] enabled)
[    0.000000] ACPI: LAPIC_NMI (acpi_id[0x00] high edge lint[0x1])
[    0.000000] ACPI: LAPIC_NMI (acpi_id[0x01] high edge lint[0x1])
[    0.000000] ACPI: IOAPIC (id[0x02] address[0xfec00000] gsi_base[0])
[    0.000000] IOAPIC[0]: apic_id 2, version 17, address 0xfec00000, GSI 0-23
[    0.000000] ACPI: INT_SRC_OVR (bus 0 bus_irq 9 global_irq 9 low level)
[    0.000000] ACPI: INT_SRC_OVR (bus 0 bus_irq 0 global_irq 2 dfl dfl)
[    0.000000] ACPI: IRQ0 used by override.
[    0.000000] ACPI: IRQ2 used by override.
[    0.000000] ACPI: IRQ9 used by override.
[    0.000000] Enabling APIC mode:  Flat.  Using 1 I/O APICs
[    0.000000] ACPI: HPET id: 0x10de8201 base: 0xfed00000
[    0.000000] Using ACPI (MADT) for SMP configuration information
[    0.000000] SMP: Allowing 2 CPUs, 0 hotplug CPUs
[    0.000000] mapped APIC to ffffb000 (fee00000)
[    0.000000] mapped IOAPIC to ffffa000 (fec00000)
[    0.000000] PM: Registered nosave memory: 000000000009e000 - 00000000000a0000
[    0.000000] PM: Registered nosave memory: 00000000000a0000 - 00000000000d2000
[    0.000000] PM: Registered nosave memory: 00000000000d2000 - 0000000000100000
[    0.000000] Allocating PCI resources starting at 50000000 (gap: 40000000:a0000000)
[    0.000000] PERCPU: Allocating 41628 bytes of per cpu data
[    0.000000] NR_CPUS: 64, nr_cpu_ids: 2, nr_node_ids 1
[    0.000000] Built 1 zonelists in Zone order, mobility grouping on.  Total pages: 243327
[    0.000000] Kernel command line: resume=/dev/sda2 root=UUID=7d0a6fbb-504e-4fec-a351-bea2b1fd437c ro quiet splash 
[    0.000000] Enabling fast FPU save and restore... done.
[    0.000000] Enabling unmasked SIMD FPU exception support... done.
[    0.000000] Initializing CPU#0
[    0.000000] PID hash table entries: 4096 (order: 12, 16384 bytes)
[    0.000000] Extended CMOS year: 2000
[    0.000000] TSC: PIT calibration confirmed by PMTIMER.
[    0.000000] TSC: using PIT calibration value
[    0.000000] Detected 1700.118 MHz processor.
[    0.004000] spurious 8259A interrupt: IRQ7.
[    0.004000] Console: colour VGA+ 80x25
[    0.004000] console [tty0] enabled
[    0.004000] Dentry cache hash table entries: 131072 (order: 7, 524288 bytes)
[    0.004000] Inode-cache hash table entries: 65536 (order: 6, 262144 bytes)
[    0.004000] Memory: 959296k/982336k available (2572k kernel code, 22432k reserved, 1160k data, 424k init, 64832k highmem)
[    0.004000] virtual kernel memory layout:
[    0.004000]     fixmap  : 0xffc77000 - 0xfffff000   (3616 kB)
[    0.004000]     pkmap   : 0xff400000 - 0xff800000   (4096 kB)
[    0.004000]     vmalloc : 0xf8800000 - 0xff3fe000   ( 107 MB)
[    0.004000]     lowmem  : 0xc0000000 - 0xf8000000   ( 896 MB)
[    0.004000]       .init : 0xc04ab000 - 0xc0515000   ( 424 kB)
[    0.004000]       .data : 0xc03832aa - 0xc04a5680   (1160 kB)
[    0.004000]       .text : 0xc0100000 - 0xc03832aa   (2572 kB)
[    0.004000] Checking if this processor honours the WP bit even in supervisor mode...Ok.
[    0.004000] CPA: page pool initialized 1 of 1 pages preallocated
[    0.004000] SLUB: Genslabs=12, HWalign=64, Order=0-3, MinObjects=0, CPUs=2, Nodes=1
[    0.004000] hpet clockevent registered
[    0.004000] Calibrating delay loop (skipped), value calculated using timer frequency.. 3400.23 BogoMIPS (lpj=6800472)
[    0.004000] Security Framework initialized
[    0.004000] SELinux:  Disabled at boot.
[    0.004000] AppArmor: AppArmor initialized
[    0.004000] Mount-cache hash table entries: 512
[    0.004000] Initializing cgroup subsys ns
[    0.004000] Initializing cgroup subsys cpuacct
[    0.004000] Initializing cgroup subsys memory
[    0.004000] CPU: L1 I Cache: 64K (64 bytes/line), D cache 64K (64 bytes/line)
[    0.004000] CPU: L2 Cache: 256K (64 bytes/line)
[    0.004000] CPU 0(2) -&gt; Core 0
[    0.004000] using C1E aware idle routine
[    0.004000] Checking 'hlt' instruction... OK.
[    0.017755] ACPI: Core revision 20080609
[    0.020699] ACPI: Checking initramfs for custom DSDT
[    0.420326] ENABLING IO-APIC IRQs
[    0.420562] ..TIMER: vector=0x31 apic1=0 pin1=2 apic2=-1 pin2=-1
[    0.462918] CPU0: AMD Athlon(tm) 64 X2 Dual-Core Processor TK-53 stepping 01
[    0.464029] Booting processor 1/1 ip 6000
[    0.004000] Initializing CPU#1
[    0.004000] Calibrating delay using timer specific routine.. 3400.33 BogoMIPS (lpj=6800668)
[    0.004000] CPU: L1 I Cache: 64K (64 bytes/line), D cache 64K (64 bytes/line)
[    0.004000] CPU: L2 Cache: 256K (64 bytes/line)
[    0.004000] CPU 1(2) -&gt; Core 1
[    0.548211] CPU1: AMD Athlon(tm) 64 X2 Dual-Core Processor TK-53 stepping 01
[    0.548243] Brought up 2 CPUs
[    0.548246] Total of 2 processors activated (6800.57 BogoMIPS).
[    0.548058] System has AMD C1E enabled
[    0.548072] Switch to broadcast mode on CPU1
[    0.548292] CPU0 attaching sched-domain:
[    0.548296]  domain 0: span 0-1 level CPU
[    0.548300]   groups: 0 1
[    0.548307] CPU1 attaching sched-domain:
[    0.548310]  domain 0: span 0-1 level CPU
[    0.548313]   groups: 1 0
[    0.548398] Switch to broadcast mode on CPU0
[    0.548398] net_namespace: 840 bytes
[    0.548398] Booting paravirtualized kernel on bare hardware
[    0.548398] Time: 23:49:14  Date: 11/27/08
[    0.548398] NET: Registered protocol family 16
[    0.548398] EISA bus registered
[    0.548398] ACPI: bus type pci registered
[    0.548398] PCI: MCFG configuration 0: base e0000000 segment 0 buses 0 - 4
[    0.548398] PCI: MCFG area at e0000000 reserved in E820
[    0.548398] PCI: Using MMCONFIG for extended config space
[    0.548398] PCI: Using configuration type 1 for base access
[    0.548932] ACPI: EC: Look up EC in DSDT
[    0.554913] ACPI: BIOS _OSI(Linux) query ignored via DMI
[    0.555897] ACPI: Interpreter enabled
[    0.555901] ACPI: (supports S0 S3 S4 S5)
[    0.555920] ACPI: Using IOAPIC for interrupt routing
[    0.556241] ACPI: EC: non-query interrupt received, switching to interrupt mode
[    0.580216] ACPI: EC: GPE = 0x10, I/O: command/status = 0x66, data = 0x62
[    0.580216] ACPI: EC: driver started in interrupt mode
[    0.580216] ACPI: PCI Root Bridge [PCI0] (0000:00)
[    0.580216] PCI: 0000:00:01.1 reg 10 io port: [3080, 30bf]
[    0.580220] PCI: 0000:00:01.1 reg 20 io port: [3040, 307f]
[    0.580225] PCI: 0000:00:01.1 reg 24 io port: [3000, 303f]
[    0.580242] pci 0000:00:01.1: PME# supported from D3hot D3cold
[    0.580248] pci 0000:00:01.1: PME# disabled
[    0.580299] PCI: 0000:00:01.3 reg 10 32bit mmio: [f6200000, f627ffff]
[    0.580376] PCI: 0000:00:02.0 reg 10 32bit mmio: [f6486000, f6486fff]
[    0.580399] pci 0000:00:02.0: supports D1
[    0.580401] pci 0000:00:02.0: supports D2
[    0.580404] pci 0000:00:02.0: PME# supported from D0 D1 D2 D3hot D3cold
[    0.580408] pci 0000:00:02.0: PME# disabled
[    0.580429] PCI: 0000:00:02.1 reg 10 32bit mmio: [f6489000, f64890ff]
[    0.580455] pci 0000:00:02.1: supports D1
[    0.580457] pci 0000:00:02.1: supports D2
[    0.580460] pci 0000:00:02.1: PME# supported from D0 D1 D2 D3hot D3cold
[    0.580464] pci 0000:00:02.1: PME# disabled
[    0.580488] PCI: 0000:00:04.0 reg 10 32bit mmio: [f6487000, f6487fff]
[    0.580511] pci 0000:00:04.0: supports D1
[    0.580513] pci 0000:00:04.0: supports D2
[    0.580515] pci 0000:00:04.0: PME# supported from D0 D1 D2 D3hot D3cold
[    0.580519] pci 0000:00:04.0: PME# disabled
[    0.580541] PCI: 0000:00:04.1 reg 10 32bit mmio: [f6489400, f64894ff]
[    0.580567] pci 0000:00:04.1: supports D1
[    0.580569] pci 0000:00:04.1: supports D2
[    0.580572] pci 0000:00:04.1: PME# supported from D0 D1 D2 D3hot D3cold
[    0.580576] pci 0000:00:04.1: PME# disabled
[    0.580611] PCI: 0000:00:06.0 reg 20 io port: [30c0, 30cf]
[    0.580648] PCI: 0000:00:07.0 reg 10 32bit mmio: [f6480000, f6483fff]
[    0.580675] pci 0000:00:07.0: PME# supported from D3hot D3cold
[    0.580679] pci 0000:00:07.0: PME# disabled
[    0.580736] PCI: 0000:00:09.0 reg 10 io port: [30f0, 30f7]
[    0.580741] PCI: 0000:00:09.0 reg 14 io port: [30e4, 30e7]
[    0.580746] PCI: 0000:00:09.0 reg 18 io port: [30e8, 30ef]
[    0.580750] PCI: 0000:00:09.0 reg 1c io port: [30e0, 30e3]
[    0.580755] PCI: 0000:00:09.0 reg 20 io port: [30d0, 30df]
[    0.580760] PCI: 0000:00:09.0 reg 24 32bit mmio: [f6484000, f6485fff]
[    0.580804] PCI: 0000:00:0a.0 reg 10 32bit mmio: [f6488000, f6488fff]
[    0.580809] PCI: 0000:00:0a.0 reg 14 io port: [30f8, 30ff]
[    0.580813] PCI: 0000:00:0a.0 reg 18 32bit mmio: [f6489c00, f6489cff]
[    0.580818] PCI: 0000:00:0a.0 reg 1c 32bit mmio: [f6489800, f648980f]
[    0.580838] pci 0000:00:0a.0: supports D1
[    0.580840] pci 0000:00:0a.0: supports D2
[    0.580843] pci 0000:00:0a.0: PME# supported from D0 D1 D2 D3hot D3cold
[    0.580848] pci 0000:00:0a.0: PME# disabled
[    0.580881] pci 0000:00:0c.0: PME# supported from D0 D1 D2 D3hot D3cold
[    0.580884] pci 0000:00:0c.0: PME# disabled
[    0.580914] pci 0000:00:0d.0: PME# supported from D0 D1 D2 D3hot D3cold
[    0.580917] pci 0000:00:0d.0: PME# disabled
[    0.580937] PCI: 0000:00:12.0 reg 10 32bit mmio: [f5000000, f5ffffff]
[    0.580942] PCI: 0000:00:12.0 reg 14 32bit mmio: [d0000000, dfffffff]
[    0.580950] PCI: 0000:00:12.0 reg 1c 64bit mmio: [f4000000, f4ffffff]
[    0.580957] PCI: 0000:00:12.0 reg 30 32bit mmio: [0, 1ffff]
[    0.581003] PCI: 0000:02:05.0 reg 10 32bit mmio: [f6100000, f61007ff]
[    0.581003] pci 0000:02:05.0: supports D1
[    0.581003] pci 0000:02:05.0: supports D2
[    0.581003] pci 0000:02:05.0: PME# supported from D0 D1 D2 D3hot D3cold
[    0.581003] pci 0000:02:05.0: PME# disabled
[    0.581003] PCI: 0000:02:05.1 reg 10 32bit mmio: [f6100800, f61008ff]
[    0.581003] pci 0000:02:05.1: supports D1
[    0.581003] pci 0000:02:05.1: supports D2
[    0.581003] pci 0000:02:05.1: PME# supported from D0 D1 D2 D3hot D3cold
[    0.581003] pci 0000:02:05.1: PME# disabled
[    0.581003] PCI: 0000:02:05.2 reg 10 32bit mmio: [f6100c00, f6100cff]
[    0.581003] pci 0000:02:05.2: supports D1
[    0.581003] pci 0000:02:05.2: supports D2
[    0.581003] pci 0000:02:05.2: PME# supported from D0 D1 D2 D3hot D3cold
[    0.581003] pci 0000:02:05.2: PME# disabled
[    0.581003] PCI: 0000:02:05.3 reg 10 32bit mmio: [f6101000, f61010ff]
[    0.581003] pci 0000:02:05.3: supports D1
[    0.581003] pci 0000:02:05.3: supports D2
[    0.581003] pci 0000:02:05.3: PME# supported from D0 D1 D2 D3hot D3cold
[    0.581003] pci 0000:02:05.3: PME# disabled
[    0.581003] PCI: 0000:02:05.4 reg 10 32bit mmio: [f6101400, f61014ff]
[    0.581003] pci 0000:02:05.4: supports D1
[    0.581003] pci 0000:02:05.4: supports D2
[    0.581003] pci 0000:02:05.4: PME# supported from D0 D1 D2 D3hot D3cold
[    0.581003] pci 0000:02:05.4: PME# disabled
[    0.581003] pci 0000:00:08.0: transparent bridge
[    0.581003] PCI: bridge 0000:00:08.0 32bit mmio: [f6100000, f61fffff]
[    0.581003] PCI: bridge 0000:00:0c.0 io port: [4000, 4fff]
[    0.581003] PCI: bridge 0000:00:0c.0 32bit mmio: [f2000000, f3ffffff]
[    0.581003] PCI: bridge 0000:00:0c.0 64bit mmio pref: [f0000000, f1ffffff]
[    0.581003] PCI: 0000:03:00.0 reg 10 64bit mmio: [f6000000, f6003fff]
[    0.581003] pci 0000:03:00.0: supports D1
[    0.581003] pci 0000:03:00.0: supports D2
[    0.581003] PCI: bridge 0000:00:0d.0 32bit mmio: [f6000000, f60fffff]
[    0.581003] bus 00 -&gt; node 0
[    0.581003] ACPI: PCI Interrupt Routing Table [\_SB_.PCI0._PRT]
[    0.581003] ACPI: PCI Interrupt Routing Table [\_SB_.PCI0.P2P0._PRT]
[    0.581003] ACPI: PCI Interrupt Routing Table [\_SB_.PCI0.XVR1._PRT]
[    0.581003] ACPI: PCI Interrupt Routing Table [\_SB_.PCI0.XVR2._PRT]
[    0.632359] ACPI: PCI Interrupt Link [LNK1] (IRQs 5) *10
[    0.632673] ACPI: PCI Interrupt Link [LNK2] (IRQs 7) *11
[    0.632982] ACPI: PCI Interrupt Link [LNK3] (IRQs 10) *0, disabled.
[    0.633290] ACPI: PCI Interrupt Link [LNK4] (IRQs 11) *0, disabled.
[    0.633598] ACPI: PCI Interrupt Link [LK1E] (IRQs 16) *0, disabled.
[    0.633906] ACPI: PCI Interrupt Link [LK2E] (IRQs 17) *0, disabled.
[    0.634214] ACPI: PCI Interrupt Link [LK3E] (IRQs 18) *0, disabled.
[    0.634523] ACPI: PCI Interrupt Link [LK4E] (IRQs 19) *10
[    0.634830] ACPI: PCI Interrupt Link [LSMB] (IRQs *10)
[    0.635137] ACPI: PCI Interrupt Link [LUS0] (IRQs 18) *11
[    0.635445] ACPI: PCI Interrupt Link [LUS2] (IRQs 22) *7
[    0.635760] ACPI: PCI Interrupt Link [LMAC] (IRQs 20) *11
[    0.636009] ACPI: PCI Interrupt Link [LAZA] (IRQs 21) *10
[    0.636009] ACPI: PCI Interrupt Link [LGPU] (IRQs 16) *10
[    0.636009] ACPI: PCI Interrupt Link [LPID] (IRQs 22) *0, disabled.
[    0.636009] ACPI: PCI Interrupt Link [LSI0] (IRQs 23) *11
[    0.636009] ACPI: PCI Interrupt Link [Z015] (IRQs 18) *5
[    0.636009] ACPI: PCI Interrupt Link [Z016] (IRQs 22) *10
[    0.636009] ACPI: PCI Interrupt Link [LPMU] (IRQs *11)
[    0.636170] Linux Plug and Play Support v0.97 (c) Adam Belay
[    0.636197] pnp: PnP ACPI init
[    0.636197] ACPI: bus type pnp registered
[    0.641483] pnp: PnP ACPI: found 12 devices
[    0.641483] ACPI: ACPI bus type pnp unregistered
[    0.641483] PnPBIOS: Disabled by ACPI PNP
[    0.641483] PCI: Using ACPI for IRQ routing
[    0.644045] NET: Registered protocol family 8
[    0.644048] NET: Registered protocol family 20
[    0.648041] NetLabel: Initializing
[    0.648041] NetLabel:  domain hash size = 128
[    0.648042] NetLabel:  protocols = UNLABELED CIPSOv4
[    0.648057] NetLabel:  unlabeled traffic allowed by default
[    0.648067] hpet0: at MMIO 0xfed00000, IRQs 2, 8, 31
[    0.648073] hpet0: 3 32-bit timers, 25000000 Hz
[    0.649775] tracer: 772 pages allocated for 65536 entries of 48 bytes
[    0.649778]    actual entries 65620
[    0.649923] AppArmor: AppArmor Filesystem Enabled
[    0.649955] ACPI: RTC can wake from S4
[    0.652054] Switched to high resolution mode on CPU 0
[    0.652065] Switched to high resolution mode on CPU 1
[    0.652104] system 00:02: iomem range 0xe0000000-0xefffffff could not be reserved
[    0.652113] system 00:03: ioport range 0x1000-0x107f has been reserved
[    0.652117] system 00:03: ioport range 0x1080-0x10ff has been reserved
[    0.652121] system 00:03: ioport range 0x1400-0x147f has been reserved
[    0.652124] system 00:03: ioport range 0x1480-0x14ff has been reserved
[    0.652128] system 00:03: ioport range 0x1800-0x187f has been reserved
[    0.652132] system 00:03: ioport range 0x1880-0x18ff has been reserved
[    0.652140] system 00:04: ioport range 0x360-0x361 has been reserved
[    0.652144] system 00:04: ioport range 0x4d0-0x4d1 has been reserved
[    0.652158] system 00:0b: iomem range 0xffc00000-0xffffffff could not be reserved
[    0.652162] system 00:0b: iomem range 0xfec00000-0xfec00fff could not be reserved
[    0.652166] system 00:0b: iomem range 0xfee00000-0xfeefffff could not be reserved
[    0.652170] system 00:0b: iomem range 0xfed00000-0xfed00fff has been reserved
[    0.652174] system 00:0b: iomem range 0xfef00000-0xfef00fff has been reserved
[    0.687614] pci 0000:00:08.0: PCI bridge, secondary bus 0000:02
[    0.687617] pci 0000:00:08.0:   IO window: disabled
[    0.687623] pci 0000:00:08.0:   MEM window: 0xf6100000-0xf61fffff
[    0.687627] pci 0000:00:08.0:   PREFETCH window: disabled
[    0.687632] pci 0000:00:0c.0: PCI bridge, secondary bus 0000:04
[    0.687635] pci 0000:00:0c.0:   IO window: 0x4000-0x4fff
[    0.687639] pci 0000:00:0c.0:   MEM window: 0xf2000000-0xf3ffffff
[    0.687643] pci 0000:00:0c.0:   PREFETCH window: 0x000000f0000000-0x000000f1ffffff
[    0.687648] pci 0000:00:0d.0: PCI bridge, secondary bus 0000:03
[    0.687651] pci 0000:00:0d.0:   IO window: disabled
[    0.687655] pci 0000:00:0d.0:   MEM window: 0xf6000000-0xf60fffff
[    0.687658] pci 0000:00:0d.0:   PREFETCH window: disabled
[    0.687670] pci 0000:00:08.0: setting latency timer to 64
[    0.687676] pci 0000:00:0c.0: setting latency timer to 64
[    0.687682] pci 0000:00:0d.0: setting latency timer to 64
[    0.687686] bus: 00 index 0 io port: [0, ffff]
[    0.687689] bus: 00 index 1 mmio: [0, ffffffff]
[    0.687692] bus: 02 index 0 mmio: [0, 0]
[    0.687694] bus: 02 index 1 mmio: [f6100000, f61fffff]
[    0.687697] bus: 02 index 2 mmio: [0, 0]
[    0.687699] bus: 02 index 3 io port: [0, ffff]
[    0.687702] bus: 02 index 4 mmio: [0, ffffffff]
[    0.687705] bus: 04 index 0 io port: [4000, 4fff]
[    0.687708] bus: 04 index 1 mmio: [f2000000, f3ffffff]
[    0.687711] bus: 04 index 2 mmio: [f0000000, f1ffffff]
[    0.687714] bus: 04 index 3 mmio: [0, 0]
[    0.687716] bus: 03 index 0 mmio: [0, 0]
[    0.687719] bus: 03 index 1 mmio: [f6000000, f60fffff]
[    0.687721] bus: 03 index 2 mmio: [0, 0]
[    0.687724] bus: 03 index 3 mmio: [0, 0]
[    0.687738] NET: Registered protocol family 2
[    0.697084] IP route cache hash table entries: 32768 (order: 5, 131072 bytes)
[    0.697408] TCP established hash table entries: 131072 (order: 8, 1048576 bytes)
[    0.698001] TCP bind hash table entries: 65536 (order: 7, 524288 bytes)
[    0.698298] TCP: Hash tables configured (established 131072 bind 65536)
[    0.698302] TCP reno registered
[    0.701124] NET: Registered protocol family 1
[    0.701264] checking if image is initramfs... it is
[    1.521228] Freeing initrd memory: 7987k freed
[    1.521403] Simple Boot Flag at 0x36 set to 0x1
[    1.522836] audit: initializing netlink socket (disabled)
[    1.522851] type=2000 audit(1227829753.520:1): initialized
[    1.529941] highmem bounce pool size: 64 pages
[    1.529948] HugeTLB registered 4 MB page size, pre-allocated 0 pages
[    1.533239] VFS: Disk quotas dquot_6.5.1
[    1.533359] Dquot-cache hash table entries: 1024 (order 0, 4096 bytes)
[    1.533504] msgmni has been set to 1763
[    1.533662] io scheduler noop registered
[    1.533666] io scheduler anticipatory registered
[    1.533669] io scheduler deadline registered
[    1.533683] io scheduler cfq registered (default)
[    1.533719] pci 0000:00:00.0: Enabling HT MSI Mapping
[    1.533890] pci 0000:00:07.0: Enabling HT MSI Mapping
[    1.533906] pci 0000:00:08.0: Enabling HT MSI Mapping
[    1.533924] pci 0000:00:09.0: Enabling HT MSI Mapping
[    1.533942] pci 0000:00:0a.0: Enabling HT MSI Mapping
[    1.533959] pci 0000:00:0c.0: Enabling HT MSI Mapping
[    1.533977] pci 0000:00:0d.0: Enabling HT MSI Mapping
[    1.533993] pci 0000:00:12.0: Boot video device
[    1.534153] pcieport-driver 0000:00:0c.0: setting latency timer to 64
[    1.534184] pcieport-driver 0000:00:0c.0: found MSI capability
[    1.534210] pci_express 0000:00:0c.0:pcie00: allocate port service
[    1.534277] pci_express 0000:00:0c.0:pcie03: allocate port service
[    1.534377] pcieport-driver 0000:00:0d.0: setting latency timer to 64
[    1.534406] pcieport-driver 0000:00:0d.0: found MSI capability
[    1.534427] pci_express 0000:00:0d.0:pcie00: allocate port service
[    1.534490] pci_express 0000:00:0d.0:pcie03: allocate port service
[    1.534953] isapnp: Scanning for PnP cards...
[    1.887563] isapnp: No Plug &amp; Play device found
[    1.941567] hpet_resources: 0xfed00000 is busy
[    1.941692] Serial: 8250/16550 driver4 ports, IRQ sharing enabled
[    1.944940] brd: module loaded
[    1.945049] input: Macintosh mouse button emulation as /devices/virtual/input/input0
[    1.945223] PNP: PS/2 Controller [PNP0303:KBC0,PNP0f13:MSE0] at 0x60,0x64 irq 1,12
[    1.972586] serio: i8042 KBD port at 0x60,0x64 irq 1
[    1.972594] serio: i8042 AUX port at 0x60,0x64 irq 12
[    1.973065] mice: PS/2 mouse device common for all mice
[    1.973258] rtc_cmos 00:07: rtc core: registered rtc_cmos as rtc0
[    1.973297] rtc0: alarms up to one year, y3k, hpet irqs
[    1.973463] EISA: Probing bus 0 at eisa.0
[    1.973469] Cannot allocate resource for EISA slot 1
[    1.973475] Cannot allocate resource for EISA slot 3
[    1.973478] Cannot allocate resource for EISA slot 4
[    1.973492] EISA: Detected 0 cards.
[    1.973495] cpuidle: using governor ladder
[    1.973498] cpuidle: using governor menu
[    1.974074] TCP cubic registered
[    1.974106] Using IPI No-Shortcut mode
[    1.974425] PM: Resume from partition /dev/sda2
[    1.974428] PM: Checking hibernation image.
[    1.974446] PM: Error -6 checking image file
[    1.974448] PM: Resume from disk failed.
[    1.974464] registered taskstats version 1
[    1.974623]   Magic number: 0:290:859
[    1.974707] tty ptyse: hash matches
[    1.974800] rtc_cmos 00:07: setting system clock to 2008-11-27 23:49:15 UTC (1227829755)
[    1.974805] BIOS EDD facility v0.16 2004-Jun-25, 0 devices found
[    1.974807] EDD information not available.
[    1.975121] Freeing unused kernel memory: 424k freed
[    1.975198] Write protecting the kernel text: 2576k
[    1.975245] Write protecting the kernel read-only data: 936k
[    1.997057] input: AT Translated Set 2 keyboard as /devices/platform/i8042/serio0/input/input1
[    2.166491] fuse init (API version 7.9)
[    2.243920] ACPI: processor limited to max C-state 1
[    2.244141] ACPI: CPU0 (power states: C1[C1] C2[C2] C3[C3])
[    2.244224] processor ACPI0007:00: registered as cooling_device0
[    2.244229] ACPI: Processor [CPU0] (supports 8 throttling states)
[    2.244329] processor ACPI0007:01: registered as cooling_device1
[    2.247569] ACPI Exception (thermal-0377): AE_OK, No or invalid critical threshold [20080609]
[    2.783565] usbcore: registered new interface driver usbfs
[    2.783594] usbcore: registered new interface driver hub
[    2.791518] usbcore: registered new device driver usb
[    2.818448] ohci_hcd: 2006 August 04 USB 1.1 'Open' Host Controller (OHCI) Driver
[    2.818984] ACPI: PCI Interrupt Link [LUS0] enabled at IRQ 18
[    2.818997] ohci_hcd 0000:00:02.0: PCI INT A -&gt; Link[LUS0] -&gt; GSI 18 (level, low) -&gt; IRQ 18
[    2.819011] ohci_hcd 0000:00:02.0: setting latency timer to 64
[    2.819015] ohci_hcd 0000:00:02.0: OHCI Host Controller
[    2.819074] ohci_hcd 0000:00:02.0: new USB bus registered, assigned bus number 1
[    2.819109] ohci_hcd 0000:00:02.0: irq 18, io mem 0xf6486000
[    2.824544] No dock devices found.
[    2.841644] SCSI subsystem initialized
[    2.878191] usb usb1: configuration #1 chosen from 1 choice
[    2.878225] hub 1-0:1.0: USB hub found
[    2.878238] hub 1-0:1.0: 7 ports detected
[    2.883960] libata version 3.00 loaded.
[    2.984937] ACPI: PCI Interrupt Link [Z015] enabled at IRQ 18
[    2.984945] ohci_hcd 0000:00:04.0: PCI INT A -&gt; Link[Z015] -&gt; GSI 18 (level, low) -&gt; IRQ 18
[    2.984961] ohci_hcd 0000:00:04.0: setting latency timer to 64
[    2.984965] ohci_hcd 0000:00:04.0: OHCI Host Controller
[    2.984998] ohci_hcd 0000:00:04.0: new USB bus registered, assigned bus number 2
[    2.985015] ohci_hcd 0000:00:04.0: irq 18, io mem 0xf6487000
[    3.046221] usb usb2: configuration #1 chosen from 1 choice
[    3.046256] hub 2-0:1.0: USB hub found
[    3.046269] hub 2-0:1.0: 2 ports detected
[    3.257115] ACPI: PCI Interrupt Link [LUS2] enabled at IRQ 22
[    3.257130] ehci_hcd 0000:00:02.1: PCI INT B -&gt; Link[LUS2] -&gt; GSI 22 (level, low) -&gt; IRQ 22
[    3.257145] ehci_hcd 0000:00:02.1: setting latency timer to 64
[    3.257150] ehci_hcd 0000:00:02.1: EHCI Host Controller
[    3.257204] ehci_hcd 0000:00:02.1: new USB bus registered, assigned bus number 3
[    3.257237] ehci_hcd 0000:00:02.1: debug port 1
[    3.257242] ehci_hcd 0000:00:02.1: cache line size of 64 is not supported
[    3.257262] ehci_hcd 0000:00:02.1: irq 22, io mem 0xf6489000
[    3.432059] usb 2-2: new full speed USB device using ohci_hcd and address 2
[    3.441033] ehci_hcd 0000:00:02.1: USB 2.0 started, EHCI 1.00, driver 10 Dec 2004
[    3.441223] usb usb3: configuration #1 chosen from 1 choice
[    3.441256] hub 3-0:1.0: USB hub found
[    3.441267] hub 3-0:1.0: 7 ports detected
[    3.544862] ACPI: PCI Interrupt Link [Z016] enabled at IRQ 22
[    3.544870] ehci_hcd 0000:00:04.1: PCI INT B -&gt; Link[Z016] -&gt; GSI 22 (level, low) -&gt; IRQ 22
[    3.544885] ehci_hcd 0000:00:04.1: setting latency timer to 64
[    3.544889] ehci_hcd 0000:00:04.1: EHCI Host Controller
[    3.544925] ehci_hcd 0000:00:04.1: new USB bus registered, assigned bus number 4
[    3.544955] ehci_hcd 0000:00:04.1: debug port 1
[    3.544961] ehci_hcd 0000:00:04.1: cache line size of 64 is not supported
[    3.544970] ehci_hcd 0000:00:04.1: irq 22, io mem 0xf6489400
[    3.680026] ehci_hcd 0000:00:04.1: USB 2.0 started, EHCI 1.00, driver 10 Dec 2004
[    3.680203] usb usb4: configuration #1 chosen from 1 choice
[    3.680236] hub 4-0:1.0: USB hub found
[    3.680248] hub 4-0:1.0: 2 ports detected
[    3.889339] pata_amd 0000:00:06.0: version 0.3.10
[    3.889391] pata_amd 0000:00:06.0: setting latency timer to 64
[    3.889501] scsi0 : pata_amd
[    3.889626] scsi1 : pata_amd
[    3.890089] ata1: PATA max UDMA/133 cmd 0x1f0 ctl 0x3f6 bmdma 0x30c0 irq 14
[    3.890093] ata2: PATA max UDMA/133 cmd 0x170 ctl 0x376 bmdma 0x30c8 irq 15
[    4.080032] usb 2-2: device not accepting address 2, error -62
[    4.080451] ata1.00: ATAPI: MATSHITADVD-RAM UJ-851S, 1.50, max MWDMA2
[    4.080468] ata1: nv_mode_filter: 0x39f&amp;0x39f-&gt;0x39f, BIOS=0x0 (0xc600) ACPI=0x39f (120:600:0x12)
[    4.117391] ata1.00: configured for MWDMA2
[    4.117444] ata2: port disabled. ignoring.
[    4.119278] scsi 0:0:0:0: CD-ROM            MATSHITA DVD-RAM UJ-851S  1.50 PQ: 0 ANSI: 5
[    4.119518] ahci 0000:00:09.0: version 3.0
[    4.120009] ACPI: PCI Interrupt Link [LSI0] enabled at IRQ 23
[    4.120021] ahci 0000:00:09.0: PCI INT A -&gt; Link[LSI0] -&gt; GSI 23 (level, low) -&gt; IRQ 23
[    4.120131] ahci 0000:00:09.0: AHCI 0001.0100 32 slots 4 ports 3 Gbps 0xf impl IDE mode
[    4.120136] ahci 0000:00:09.0: flags: 64bit sntf led clo pmp pio slum part 
[    4.120141] ahci 0000:00:09.0: setting latency timer to 64
[    4.120562] scsi2 : ahci
[    4.120689] scsi3 : ahci
[    4.120788] scsi4 : ahci
[    4.120883] scsi5 : ahci
[    4.121044] ata3: SATA max UDMA/133 abar <A HREF="https://lists.berlios.de/mailman/listinfo/bcm43xx-dev">m8192 at 0xf6484000</A> port 0xf6484100 irq 221
[    4.121049] ata4: SATA max UDMA/133 abar <A HREF="https://lists.berlios.de/mailman/listinfo/bcm43xx-dev">m8192 at 0xf6484000</A> port 0xf6484180 irq 221
[    4.121053] ata5: SATA max UDMA/133 abar <A HREF="https://lists.berlios.de/mailman/listinfo/bcm43xx-dev">m8192 at 0xf6484000</A> port 0xf6484200 irq 221
[    4.121056] ata6: SATA max UDMA/133 abar <A HREF="https://lists.berlios.de/mailman/listinfo/bcm43xx-dev">m8192 at 0xf6484000</A> port 0xf6484280 irq 221
[    4.136048] hub 2-0:1.0: unable to enumerate USB device on port 2
[    4.376027] usb 4-2: new high speed USB device using ehci_hcd and address 2
[    4.522149] usb 4-2: configuration #1 chosen from 1 choice
[    4.670407] ata3: SATA link up 1.5 Gbps (SStatus 113 SControl 300)
[    4.670871] ata3.00: ATA-7: TOSHIBA MK8037GSX, DL232C, max UDMA/100
[    4.670875] ata3.00: 156301488 sectors, multi 16: LBA48 
[    4.671418] ata3.00: configured for UDMA/100
[    5.070398] ata4: SATA link down (SStatus 0 SControl 300)
[    5.470400] ata5: SATA link down (SStatus 0 SControl 300)
[    5.830399] ata6: SATA link down (SStatus 0 SControl 300)
[    5.830533] scsi 2:0:0:0: Direct-Access     ATA      TOSHIBA MK8037GS DL23 PQ: 0 ANSI: 5
[    5.830685] forcedeth: Reverse Engineered nForce ethernet driver. Version 0.61.
[    5.831180] ACPI: PCI Interrupt Link [LMAC] enabled at IRQ 20
[    5.831192] forcedeth 0000:00:0a.0: PCI INT A -&gt; Link[LMAC] -&gt; GSI 20 (level, low) -&gt; IRQ 20
[    5.831197] forcedeth 0000:00:0a.0: setting latency timer to 64
[    6.348821] forcedeth 0000:00:0a.0: ifname eth0, PHY OUI 0x732 @ 1, addr 00:1b:24:58:85:c9
[    6.348827] forcedeth 0000:00:0a.0: highdma pwrctl mgmt timirq lnktim msi desc-v3
[    6.350461] ACPI: PCI Interrupt Link [LNK1] enabled at IRQ 5
[    6.350477] ohci1394 0000:02:05.0: PCI INT A -&gt; Link[LNK1] -&gt; GSI 5 (level, low) -&gt; IRQ 5
[    6.402230] ohci1394: fw-host0: OHCI-1394 1.1 (PCI): IRQ=[5]  MMIO=[f6100000-f61007ff]  Max Packet=[2048]  IR/IT contexts=[4/4]
[    6.409355] ACPI: PCI Interrupt Link [LK4E] enabled at IRQ 19
[    6.409371] b43-pci-bridge 0000:03:00.0: PCI INT A -&gt; Link[LK4E] -&gt; GSI 19 (level, low) -&gt; IRQ 19
[    6.409381] b43-pci-bridge 0000:03:00.0: setting latency timer to 64
[    6.477113] ssb: Sonics Silicon Backplane found on PCI device 0000:03:00.0
[    6.489826] scsi 0:0:0:0: Attached scsi generic sg0 type 5
[    6.489875] scsi 2:0:0:0: Attached scsi generic sg1 type 0
[    6.517242] Driver 'sr' needs updating - please use bus_type methods
[    6.522439] sr0: scsi3-mmc drive: 24x/24x writer dvd-ram cd/rw xa/form2 cdda tray
[    6.522446] Uniform CD-ROM driver Revision: 3.20
[    6.522558] sr 0:0:0:0: Attached scsi CD-ROM sr0
[    6.539202] Driver 'sd' needs updating - please use bus_type methods
[    6.539353] sd 2:0:0:0: [sda] 156301488 512-byte hardware sectors (80026 MB)
[    6.539378] sd 2:0:0:0: [sda] Write Protect is off
[    6.539382] sd 2:0:0:0: [sda] Mode Sense: 00 3a 00 00
[    6.539420] sd 2:0:0:0: [sda] Write cache: enabled, read cache: enabled, doesn't support DPO or FUA
[    6.539510] sd 2:0:0:0: [sda] 156301488 512-byte hardware sectors (80026 MB)
[    6.539532] sd 2:0:0:0: [sda] Write Protect is off
[    6.539535] sd 2:0:0:0: [sda] Mode Sense: 00 3a 00 00
[    6.539573] sd 2:0:0:0: [sda] Write cache: enabled, read cache: enabled, doesn't support DPO or FUA
[    6.539579]  sda: sda1 sda2
[    6.622337] sd 2:0:0:0: [sda] Attached SCSI disk
[    6.894603] PM: Starting manual resume from disk
[    6.894609] PM: Resume from partition 8:2
[    6.894611] PM: Checking hibernation image.
[    6.894805] PM: Resume from disk failed.
[    6.959334] kjournald starting.  Commit interval 5 seconds
[    6.959359] EXT3-fs: mounted filesystem with ordered data mode.
[    7.693287] ieee1394: Host added: ID:BUS[0-00:1023]  GUID[00241b003e832b00]
[   13.498422] udevd version 124 started
[   14.223606] pci_hotplug: PCI Hot Plug PCI Core version: 0.5
[   14.274394] shpchp: Standard Hot Plug PCI Controller Driver version: 0.4
[   14.504759] ACPI: AC Adapter [ACAD] (on-line)
[   14.532500] input: Power Button (FF) as /devices/LNXSYSTM:00/LNXPWRBN:00/input/input2
[   14.553056] ACPI: Power Button (FF) [PWRF]
[   14.553169] input: Sleep Button (CM) as /devices/LNXSYSTM:00/device:00/PNP0C0E:00/input/input3
[   14.585024] ACPI: Sleep Button (CM) [SLPB]
[   14.585125] input: Lid Switch as /devices/LNXSYSTM:00/device:00/PNP0C0D:00/input/input4
[   14.585602] ACPI: Lid Switch [LID]
[   14.585714] input: Power Button (CM) as /devices/LNXSYSTM:00/device:00/PNP0C0C:00/input/input5
[   14.623543] ACPI: Power Button (CM) [PWRB]
[   14.742577] Linux agpgart interface v0.103
[   14.945643] ACPI: Battery Slot [BAT0] (battery present)
[   14.945961] ACPI: WMI: Mapper loaded
[   15.062284] nvidia: module license 'NVIDIA' taints kernel.
[   15.496829] ACPI: PCI Interrupt Link [LGPU] enabled at IRQ 16
[   15.496845] nvidia 0000:00:12.0: PCI INT A -&gt; Link[LGPU] -&gt; GSI 16 (level, low) -&gt; IRQ 16
[   15.496854] nvidia 0000:00:12.0: setting latency timer to 64
[   15.497222] NVRM: loading NVIDIA UNIX x86 Kernel Module  177.80  Wed Oct  1 14:38:10 PDT 2008
[   15.528295] acpi device:25: registered as cooling_device2
[   15.528600] input: Video Bus as /devices/LNXSYSTM:00/device:00/PNP0A08:00/device:23/input/input6
[   15.557044] ACPI: Video Device [UVGA] (multi-head: yes  rom: no  post: no)
[   15.626753] ricoh-mmc: Ricoh MMC Controller disabling driver
[   15.626757] ricoh-mmc: Copyright(c) Philip Langdale
[   15.629083] ricoh-mmc: Ricoh MMC controller found at 0000:02:05.2 [1180:0843] (rev 12)
[   15.629100] ricoh-mmc: Controller is now disabled.
[   15.686348] sdhci: Secure Digital Host Controller Interface driver
[   15.686353] sdhci: Copyright(c) Pierre Ossman
[   15.725457] sdhci-pci 0000:02:05.1: SDHCI controller found [1180:0822] (rev 22)
[   15.725949] ACPI: PCI Interrupt Link [LNK2] enabled at IRQ 7
[   15.725963] sdhci-pci 0000:02:05.1: PCI INT B -&gt; Link[LNK2] -&gt; GSI 7 (level, low) -&gt; IRQ 7
[   15.731593] mmc0: SDHCI controller on PCI [0000:02:05.1] using PIO
[   15.973127] Linux video capture interface: v2.00
[   16.027340] ieee80211_crypt: registered algorithm 'NULL'
[   16.073516] input: PC Speaker as /devices/platform/pcspkr/input/input7
[   16.448817] uvcvideo: Found UVC 1.00 device HP Webcam (04f2:b015)
[   16.451022] input: HP Webcam as /devices/pci0000:00/0000:00:04.1/usb4/4-2/4-2:1.0/input/input8
[   16.596096] ACPI: PCI Interrupt Link [LAZA] enabled at IRQ 21
[   16.596111] HDA Intel 0000:00:07.0: PCI INT A -&gt; Link[LAZA] -&gt; GSI 21 (level, low) -&gt; IRQ 21
[   16.596148] HDA Intel 0000:00:07.0: setting latency timer to 64
[   16.633056] usbcore: registered new interface driver uvcvideo
[   16.633062] USB Video Class driver (v0.1.0)
[   16.686712] b43-phy0: Broadcom 4311 WLAN found
[   16.755038] phy0: Selected rate control algorithm 'pid'
[   16.904372] Broadcom 43xx driver loaded [ Features: PLR, Firmware-ID: FW13 ]
[   17.034903] Synaptics Touchpad, model: 1, fw: 6.3, id: 0x1a0b1, caps: 0xa04713/0x200000
[   17.111424] input: SynPS/2 Synaptics TouchPad as /devices/platform/i8042/serio1/input/input9
[   18.541074] lp: driver loaded but no devices found
[   18.727715] Adding 1028152k swap on /dev/sda2.  Priority:-1 extents:1 across:1028152k
[   19.281315] EXT3 FS on sda1, internal journal
[   20.519023] type=1505 audit(1227829774.185:2): operation=&quot;profile_load&quot; name=&quot;/usr/share/gdm/guest-session/Xsession&quot; name2=&quot;default&quot; pid=4385
[   20.760102] type=1505 audit(1227829774.428:3): operation=&quot;profile_load&quot; name=&quot;/usr/lib/cups/backend/cups-pdf&quot; name2=&quot;default&quot; pid=4390
[   20.760374] type=1505 audit(1227829774.428:4): operation=&quot;profile_load&quot; name=&quot;/usr/sbin/cupsd&quot; name2=&quot;default&quot; pid=4390
[   20.947133] ip_tables: (C) 2000-2006 Netfilter Core Team
[   21.921984] powernow-k8: Found 1 AMD Athlon(tm) 64 X2 Dual-Core Processor TK-53 processors (2 cpu cores) (version 2.20.00)
[   21.922055] powernow-k8:    0 : fid 0x9 (1700 MHz), vid 0x13
[   21.922060] powernow-k8:    1 : fid 0x8 (1600 MHz), vid 0x14
[   21.922064] powernow-k8:    2 : fid 0x0 (800 MHz), vid 0x1a
[   22.719436] warning: `avahi-daemon' uses 32-bit capabilities (legacy support in use)
[   22.805289] apm: BIOS not found.
[   22.980393] ppdev: user-space parallel port driver
[   25.439058] Bluetooth: Core ver 2.13
[   25.440449] NET: Registered protocol family 31
[   25.440460] Bluetooth: HCI device and connection manager initialized
[   25.440471] Bluetooth: HCI socket layer initialized
[   25.492392] Bluetooth: L2CAP ver 2.11
[   25.492419] Bluetooth: L2CAP socket layer initialized
[   25.501047] Clocksource tsc unstable (delta = -238482515 ns)
[   25.558357] Bluetooth: BNEP (Ethernet Emulation) ver 1.3
[   25.558384] Bluetooth: BNEP filters: protocol multicast
[   25.615618] Bridge firewalling registered
[   25.616041] pan0: Dropping NETIF_F_UFO since no NETIF_F_HW_CSUM feature.
[   25.634853] Bluetooth: RFCOMM socket layer initialized
[   25.636497] Bluetooth: RFCOMM TTY layer initialized
[   25.636509] Bluetooth: RFCOMM ver 1.10
[   25.662497] Bluetooth: SCO (Voice Link) ver 0.6
[   25.662514] Bluetooth: SCO socket layer initialized
[   29.817028] eth0: no link during initialization.
[   30.160604] input: b43-phy0 as /devices/virtual/input/input10
[   30.277068] firmware: requesting b43/ucode13.fw
[   30.381214] firmware: requesting b43/b0g0initvals13.fw
[   30.552046] b43-phy0: Loading firmware version 410.2160 (2007-05-26 15:32:10)
[   30.736777] Registered led device: b43-phy0::tx
[   30.737352] Registered led device: b43-phy0::rx
[   30.737382] Registered led device: b43-phy0::radio
[   30.905398] NET: Registered protocol family 17
[   55.251864] NET: Registered protocol family 10
[   55.253199] lo: Disabled Privacy Extensions
[   55.255043] ADDRCONF(NETDEV_UP): eth0: link is not ready
[   55.256824] ADDRCONF(NETDEV_UP): wlan0: link is not ready
[   57.496418] wlan0: authenticate with AP 00:16:b6:da:36:6b
[   57.509855] wlan0: authenticated
[   57.509879] wlan0: associate with AP 00:16:b6:da:36:6b
[   57.512138] wlan0: RX AssocResp from 00:16:b6:da:36:6b (capab=0x411 status=0 aid=2)
[   57.512154] wlan0: associated
[   57.513036] ADDRCONF(NETDEV_CHANGE): wlan0: link becomes ready
[   57.824631] padlock: VIA PadLock not detected.
[   57.883489] CPU0 attaching NULL sched-domain.
[   57.883531] CPU1 attaching NULL sched-domain.
[   57.886306] CPU0 attaching sched-domain:
[   57.886319]  domain 0: span 0-1 level CPU
[   57.886327]   groups: 0 1
[   57.886342] CPU1 attaching sched-domain:
[   57.886347]  domain 0: span 0-1 level CPU
[   57.886353]   groups: 1 0
[   68.333023] wlan0: no IPv6 routers present
</PRE>

<!--endarticle-->
    <HR>
    <P><UL>
        <!--threads-->
	<LI>Previous message: <A HREF="004919.html">Former problems with 4306 and disconnects
</A></li>
	
         <LI> <B>Messages sorted by:</B> 
              <a href="date.html#4920">[ date ]</a>
              <a href="thread.html#4920">[ thread ]</a>
              <a href="subject.html#4920">[ subject ]</a>
              <a href="author.html#4920">[ author ]</a>
         </LI>
       </UL>

<hr>
<a href="https://lists.berlios.de/mailman/listinfo/bcm43xx-dev">More information about the Bcm43xx-dev
mailing list</a><br>
</body></html>
